2022-08-03 13:32:41.801 11749-11749/com.cpen321group.accountability V/ActivityScenario: Activity lifecycle changed event received but ignored because the intent does not match. startActivityIntent=Intent { act=android.intent.action.MAIN cat=[android.intent.category.LAUNCHER] cmp=com.cpen321group.accountability/.HomeScreenActivity }, activity.getIntent()=Intent { cmp=com.cpen321group.accountability/.mainscreen.dashboard.functionpack.SettingsActivity }, activity=com.cpen321group.accountability.mainscreen.dashboard.functionpack.SettingsActivity@4701f8c
2022-08-03 13:32:41.802 11749-11749/com.cpen321group.accountability D/LifecycleMonitor: Lifecycle status change: com.cpen321group.accountability.mainscreen.dashboard.functionpack.SettingsActivity@4701f8c in: RESUMED
2022-08-03 13:32:41.802 11749-11749/com.cpen321group.accountability V/ActivityScenario: Activity lifecycle changed event received but ignored because the intent does not match. startActivityIntent=Intent { act=android.intent.action.MAIN cat=[android.intent.category.LAUNCHER] cmp=com.cpen321group.accountability/.HomeScreenActivity }, activity.getIntent()=Intent { cmp=com.cpen321group.accountability/.mainscreen.dashboard.functionpack.SettingsActivity }, activity=com.cpen321group.accountability.mainscreen.dashboard.functionpack.SettingsActivity@4701f8c
2022-08-03 13:32:41.816 11749-11805/com.cpen321group.accountability D/EGL_emulation: eglMakeCurrent: 0xf7552840: ver 2 0 (tinfo 0xec391850)
2022-08-03 13:32:41.848 11749-11799/com.cpen321group.accountability I/TestRunner: finished: _f_settingTest(com.cpen321group.accountability.actionClickTest)
2022-08-03 13:32:41.850 11749-11749/com.cpen321group.accountability D/LifecycleMonitor: Lifecycle status change: androidx.test.core.app.InstrumentationActivityInvoker$EmptyActivity@838bf09 in: STOPPED
2022-08-03 13:32:41.856 11749-11749/com.cpen321group.accountability D/LifecycleMonitor: Lifecycle status change: androidx.test.core.app.InstrumentationActivityInvoker$EmptyActivity@838bf09 in: DESTROYED
2022-08-03 13:32:41.859 11749-11749/com.cpen321group.accountability D/LifecycleMonitor: Lifecycle status change: androidx.test.core.app.InstrumentationActivityInvoker$EmptyActivity@4fd8361 in: STOPPED
2022-08-03 13:32:41.859 11749-11749/com.cpen321group.accountability D/LifecycleMonitor: Lifecycle status change: androidx.test.core.app.InstrumentationActivityInvoker$EmptyActivity@4fd8361 in: DESTROYED
2022-08-03 13:32:41.861 11749-11749/com.cpen321group.accountability I/MonitoringInstr: Activities that are still in CREATED to STOPPED: 1
2022-08-03 13:32:41.861 11749-11749/com.cpen321group.accountability I/MonitoringInstr: Finishing activity: com.cpen321group.accountability.mainscreen.dashboard.functionpack.SettingsActivity@4701f8c
2022-08-03 13:32:41.866 11749-11799/com.cpen321group.accountability I/MonitoringInstr: Unstopped activity count: 1
2022-08-03 13:32:41.867 11749-11749/com.cpen321group.accountability D/LifecycleMonitor: Lifecycle status change: com.cpen321group.accountability.mainscreen.dashboard.functionpack.SettingsActivity@4701f8c in: PAUSED
2022-08-03 13:32:41.917 11749-11799/com.cpen321group.accountability I/MonitoringInstr: Unstopped activity count: 1
2022-08-03 13:32:41.953 11749-11805/com.cpen321group.accountability D/EGL_emulation: eglMakeCurrent: 0xf7552840: ver 2 0 (tinfo 0xec391850)
2022-08-03 13:32:41.970 11749-11799/com.cpen321group.accountability I/MonitoringInstr: Unstopped activity count: 1
2022-08-03 13:32:41.991 11749-11749/com.cpen321group.accountability D/LifecycleMonitor: Lifecycle status change: com.cpen321group.accountability.mainscreen.dashboard.functionpack.SettingsActivity@4701f8c in: STOPPED
2022-08-03 13:32:41.995 11749-11749/com.cpen321group.accountability D/LifecycleMonitor: Lifecycle status change: com.cpen321group.accountability.mainscreen.dashboard.functionpack.SettingsActivity@4701f8c in: DESTROYED
2022-08-03 13:32:42.022 11749-11799/com.cpen321group.accountability I/TestRunner: started: _g_sendMessageTest(com.cpen321group.accountability.actionClickTest)
2022-08-03 13:32:42.027 11749-11799/com.cpen321group.accountability W/Settings: Setting always_finish_activities has moved from android.provider.Settings.System to android.provider.Settings.Global, returning read-only value.
2022-08-03 13:32:42.039 11749-11749/com.cpen321group.accountability W/ActivityThread: handleWindowVisibility: no activity for token android.os.BinderProxy@eb94956
2022-08-03 13:32:42.049 11749-11749/com.cpen321group.accountability D/LifecycleMonitor: Lifecycle status change: androidx.test.core.app.InstrumentationActivityInvoker$BootstrapActivity@7c09dd7 in: PRE_ON_CREATE
2022-08-03 13:32:42.049 11749-11749/com.cpen321group.accountability V/ActivityScenario: Activity lifecycle changed event received but ignored because the intent does not match. startActivityIntent=Intent { act=android.intent.action.MAIN cat=[android.intent.category.LAUNCHER] cmp=com.cpen321group.accountability/.HomeScreenActivity }, activity.getIntent()=Intent { act=android.intent.action.MAIN cat=[android.intent.category.LAUNCHER] flg=0x10008000 cmp=com.cpen321group.accountability/androidx.test.core.app.InstrumentationActivityInvoker$BootstrapActivity (has extras) }, activity=androidx.test.core.app.InstrumentationActivityInvoker$BootstrapActivity@7c09dd7
2022-08-03 13:32:42.053 11749-11749/com.cpen321group.accountability D/LifecycleMonitor: Lifecycle status change: androidx.test.core.app.InstrumentationActivityInvoker$BootstrapActivity@7c09dd7 in: CREATED
2022-08-03 13:32:42.053 11749-11749/com.cpen321group.accountability V/ActivityScenario: Activity lifecycle changed event received but ignored because the intent does not match. startActivityIntent=Intent { act=android.intent.action.MAIN cat=[android.intent.category.LAUNCHER] cmp=com.cpen321group.accountability/.HomeScreenActivity }, activity.getIntent()=Intent { act=android.intent.action.MAIN cat=[android.intent.category.LAUNCHER] flg=0x10008000 cmp=com.cpen321group.accountability/androidx.test.core.app.InstrumentationActivityInvoker$BootstrapActivity (has extras) }, activity=androidx.test.core.app.InstrumentationActivityInvoker$BootstrapActivity@7c09dd7
2022-08-03 13:32:42.079 11749-11749/com.cpen321group.accountability D/LifecycleMonitor: Lifecycle status change: androidx.test.core.app.InstrumentationActivityInvoker$BootstrapActivity@7c09dd7 in: STARTED
2022-08-03 13:32:42.080 11749-11749/com.cpen321group.accountability V/ActivityScenario: Activity lifecycle changed event received but ignored because the intent does not match. startActivityIntent=Intent { act=android.intent.action.MAIN cat=[android.intent.category.LAUNCHER] cmp=com.cpen321group.accountability/.HomeScreenActivity }, activity.getIntent()=Intent { act=android.intent.action.MAIN cat=[android.intent.category.LAUNCHER] flg=0x10008000 cmp=com.cpen321group.accountability/androidx.test.core.app.InstrumentationActivityInvoker$BootstrapActivity (has extras) }, activity=androidx.test.core.app.InstrumentationActivityInvoker$BootstrapActivity@7c09dd7
2022-08-03 13:32:42.088 11749-11749/com.cpen321group.accountability D/LifecycleMonitor: Lifecycle status change: androidx.test.core.app.InstrumentationActivityInvoker$BootstrapActivity@7c09dd7 in: RESUMED
2022-08-03 13:32:42.089 11749-11749/com.cpen321group.accountability V/ActivityScenario: Activity lifecycle changed event received but ignored because the intent does not match. startActivityIntent=Intent { act=android.intent.action.MAIN cat=[android.intent.category.LAUNCHER] cmp=com.cpen321group.accountability/.HomeScreenActivity }, activity.getIntent()=Intent { act=android.intent.action.MAIN cat=[android.intent.category.LAUNCHER] flg=0x10008000 cmp=com.cpen321group.accountability/androidx.test.core.app.InstrumentationActivityInvoker$BootstrapActivity (has extras) }, activity=androidx.test.core.app.InstrumentationActivityInvoker$BootstrapActivity@7c09dd7
2022-08-03 13:32:42.090 11749-11749/com.cpen321group.accountability D/LifecycleMonitor: Lifecycle status change: androidx.test.core.app.InstrumentationActivityInvoker$BootstrapActivity@7c09dd7 in: PAUSED
2022-08-03 13:32:42.091 11749-11749/com.cpen321group.accountability V/ActivityScenario: Activity lifecycle changed event received but ignored because the intent does not match. startActivityIntent=Intent { act=android.intent.action.MAIN cat=[android.intent.category.LAUNCHER] cmp=com.cpen321group.accountability/.HomeScreenActivity }, activity.getIntent()=Intent { act=android.intent.action.MAIN cat=[android.intent.category.LAUNCHER] flg=0x10008000 cmp=com.cpen321group.accountability/androidx.test.core.app.InstrumentationActivityInvoker$BootstrapActivity (has extras) }, activity=androidx.test.core.app.InstrumentationActivityInvoker$BootstrapActivity@7c09dd7
2022-08-03 13:32:42.103 11749-11749/com.cpen321group.accountability W/ActivityThread: handleWindowVisibility: no activity for token android.os.BinderProxy@be0b3a9
2022-08-03 13:32:42.105 11749-11749/com.cpen321group.accountability D/LifecycleMonitor: Lifecycle status change: com.cpen321group.accountability.HomeScreenActivity@17a2ee1 in: PRE_ON_CREATE
2022-08-03 13:32:42.105 11749-11749/com.cpen321group.accountability V/ActivityScenario: Activity lifecycle changed event received but ignored because the reported transition was not ON_CREATE while the last known transition was PRE_ON_CREATE
2022-08-03 13:32:42.164 11749-11749/com.cpen321group.accountability D/LifecycleMonitor: Lifecycle status change: com.cpen321group.accountability.HomeScreenActivity@17a2ee1 in: CREATED
2022-08-03 13:32:42.164 11749-11749/com.cpen321group.accountability V/ActivityScenario: Update currentActivityStage to CREATED, currentActivity=com.cpen321group.accountability.HomeScreenActivity@17a2ee1
2022-08-03 13:32:42.168 11749-11749/com.cpen321group.accountability D/LifecycleMonitor: Lifecycle status change: com.cpen321group.accountability.HomeScreenActivity@17a2ee1 in: STARTED
2022-08-03 13:32:42.168 11749-11749/com.cpen321group.accountability V/ActivityScenario: Update currentActivityStage to STARTED, currentActivity=com.cpen321group.accountability.HomeScreenActivity@17a2ee1
2022-08-03 13:32:42.169 11749-11749/com.cpen321group.accountability D/LifecycleMonitor: Lifecycle status change: com.cpen321group.accountability.HomeScreenActivity@17a2ee1 in: RESUMED
2022-08-03 13:32:42.169 11749-11749/com.cpen321group.accountability V/ActivityScenario: Update currentActivityStage to RESUMED, currentActivity=com.cpen321group.accountability.HomeScreenActivity@17a2ee1
2022-08-03 13:32:42.203 11749-11805/com.cpen321group.accountability D/EGL_emulation: eglMakeCurrent: 0xf7552840: ver 2 0 (tinfo 0xec391850)
2022-08-03 13:32:42.241 11749-11749/com.cpen321group.accountability D/LifecycleMonitor: Lifecycle status change: androidx.test.core.app.InstrumentationActivityInvoker$BootstrapActivity@7c09dd7 in: STOPPED
2022-08-03 13:32:42.241 11749-11749/com.cpen321group.accountability V/ActivityScenario: Activity lifecycle changed event received but ignored because the intent does not match. startActivityIntent=Intent { act=android.intent.action.MAIN cat=[android.intent.category.LAUNCHER] cmp=com.cpen321group.accountability/.HomeScreenActivity }, activity.getIntent()=Intent { act=android.intent.action.MAIN cat=[android.intent.category.LAUNCHER] flg=0x10008000 cmp=com.cpen321group.accountability/androidx.test.core.app.InstrumentationActivityInvoker$BootstrapActivity (has extras) }, activity=androidx.test.core.app.InstrumentationActivityInvoker$BootstrapActivity@7c09dd7
2022-08-03 13:32:42.836 11749-11749/com.cpen321group.accountability D/User's all goals:: Response{protocol=http/1.1, code=200, message=OK, url=http://20.104.57.27:8000/transactions/100141214588378665776go}
2022-08-03 13:32:43.070 11749-11749/com.cpen321group.accountability D/User's all goals:: Response{protocol=http/1.1, code=200, message=OK, url=http://20.104.57.27:8000/goals/100141214588378665776go}
2022-08-03 13:32:43.070 11749-11749/com.cpen321group.accountability D/date: -12
2022-08-03 13:32:43.070 11749-11749/com.cpen321group.accountability D/date: -12
2022-08-03 13:32:43.071 11749-11749/com.cpen321group.accountability D/date: 57
2022-08-03 13:32:43.071 11749-11749/com.cpen321group.accountability D/date: 57
2022-08-03 13:32:44.047 11749-11749/com.cpen321group.accountability D/Account: {"_id":"62d7537d6ad3fbb4407dc5ba","accountId":"100141214588378665776go","profile":{"firstname":"Vicky","lastname":"Xie","email":"vickyxie2014@gmail.com","age":20,"profession":"student","_id":"62d7537d6ad3fbb4407dc5bb"},"isAccountant":false,"subscription":{"subscriptionDate":"2022-01-01T00:00:00.000Z","expiryDate":"2022-09-30T00:00:00.000Z","_id":"62d7537d6ad3fbb4407dc5b9"},"reviews":[],"__v":0}
2022-08-03 13:32:44.047 11749-11749/com.cpen321group.accountability D/Message: false
2022-08-03 13:32:44.174 11749-11799/com.cpen321group.accountability W/Settings: Setting always_finish_activities has moved from android.provider.Settings.System to android.provider.Settings.Global, returning read-only value.
2022-08-03 13:32:44.185 11749-11749/com.cpen321group.accountability D/LifecycleMonitor: Lifecycle status change: com.cpen321group.accountability.HomeScreenActivity@17a2ee1 in: PAUSED
2022-08-03 13:32:44.186 11749-11749/com.cpen321group.accountability V/ActivityScenario: Update currentActivityStage to PAUSED, currentActivity=com.cpen321group.accountability.HomeScreenActivity@17a2ee1
2022-08-03 13:32:44.186 11749-11749/com.cpen321group.accountability V/ActivityScenario: Activity lifecycle changed event received but ignored because the intent does not match. startActivityIntent=Intent { act=android.intent.action.MAIN cat=[android.intent.category.LAUNCHER] cmp=com.cpen321group.accountability/androidx.fragment.app.testing.FragmentScenario$EmptyFragmentActivity (has extras) }, activity.getIntent()=Intent { act=android.intent.action.MAIN cat=[android.intent.category.LAUNCHER] cmp=com.cpen321group.accountability/.HomeScreenActivity }, activity=com.cpen321group.accountability.HomeScreenActivity@17a2ee1
2022-08-03 13:32:44.195 11749-11749/com.cpen321group.accountability D/LifecycleMonitor: Lifecycle status change: androidx.test.core.app.InstrumentationActivityInvoker$BootstrapActivity@7c09dd7 in: DESTROYED
2022-08-03 13:32:44.195 11749-11749/com.cpen321group.accountability V/ActivityScenario: Activity lifecycle changed event received but ignored because the intent does not match. startActivityIntent=Intent { act=android.intent.action.MAIN cat=[android.intent.category.LAUNCHER] cmp=com.cpen321group.accountability/.HomeScreenActivity }, activity.getIntent()=Intent { act=android.intent.action.MAIN cat=[android.intent.category.LAUNCHER] flg=0x10008000 cmp=com.cpen321group.accountability/androidx.test.core.app.InstrumentationActivityInvoker$BootstrapActivity (has extras) }, activity=androidx.test.core.app.InstrumentationActivityInvoker$BootstrapActivity@7c09dd7
2022-08-03 13:32:44.195 11749-11749/com.cpen321group.accountability V/ActivityScenario: Activity lifecycle changed event received but ignored because the intent does not match. startActivityIntent=Intent { act=android.intent.action.MAIN cat=[android.intent.category.LAUNCHER] cmp=com.cpen321group.accountability/androidx.fragment.app.testing.FragmentScenario$EmptyFragmentActivity (has extras) }, activity.getIntent()=Intent { act=android.intent.action.MAIN cat=[android.intent.category.LAUNCHER] flg=0x10008000 cmp=com.cpen321group.accountability/androidx.test.core.app.InstrumentationActivityInvoker$BootstrapActivity (has extras) }, activity=androidx.test.core.app.InstrumentationActivityInvoker$BootstrapActivity@7c09dd7
2022-08-03 13:32:44.196 11749-11749/com.cpen321group.accountability W/ActivityThread: handleWindowVisibility: no activity for token android.os.BinderProxy@8ad82e
2022-08-03 13:32:44.200 11749-11749/com.cpen321group.accountability D/LifecycleMonitor: Lifecycle status change: androidx.test.core.app.InstrumentationActivityInvoker$BootstrapActivity@a903fcf in: PRE_ON_CREATE
2022-08-03 13:32:44.200 11749-11749/com.cpen321group.accountability V/ActivityScenario: Activity lifecycle changed event received but ignored because the intent does not match. startActivityIntent=Intent { act=android.intent.action.MAIN cat=[android.intent.category.LAUNCHER] cmp=com.cpen321group.accountability/.HomeScreenActivity }, activity.getIntent()=Intent { act=android.intent.action.MAIN cat=[android.intent.category.LAUNCHER] flg=0x10008000 cmp=com.cpen321group.accountability/androidx.test.core.app.InstrumentationActivityInvoker$BootstrapActivity (has extras) }, activity=androidx.test.core.app.InstrumentationActivityInvoker$BootstrapActivity@a903fcf
2022-08-03 13:32:44.200 11749-11749/com.cpen321group.accountability V/ActivityScenario: Activity lifecycle changed event received but ignored because the intent does not match. startActivityIntent=Intent { act=android.intent.action.MAIN cat=[android.intent.category.LAUNCHER] cmp=com.cpen321group.accountability/androidx.fragment.app.testing.FragmentScenario$EmptyFragmentActivity (has extras) }, activity.getIntent()=Intent { act=android.intent.action.MAIN cat=[android.intent.category.LAUNCHER] flg=0x10008000 cmp=com.cpen321group.accountability/androidx.test.core.app.InstrumentationActivityInvoker$BootstrapActivity (has extras) }, activity=androidx.test.core.app.InstrumentationActivityInvoker$BootstrapActivity@a903fcf
2022-08-03 13:32:44.202 11749-11749/com.cpen321group.accountability D/LifecycleMonitor: Lifecycle status change: androidx.test.core.app.InstrumentationActivityInvoker$BootstrapActivity@a903fcf in: CREATED
2022-08-03 13:32:44.202 11749-11749/com.cpen321group.accountability V/ActivityScenario: Activity lifecycle changed event received but ignored because the intent does not match. startActivityIntent=Intent { act=android.intent.action.MAIN cat=[android.intent.category.LAUNCHER] cmp=com.cpen321group.accountability/.HomeScreenActivity }, activity.getIntent()=Intent { act=android.intent.action.MAIN cat=[android.intent.category.LAUNCHER] flg=0x10008000 cmp=com.cpen321group.accountability/androidx.test.core.app.InstrumentationActivityInvoker$BootstrapActivity (has extras) }, activity=androidx.test.core.app.InstrumentationActivityInvoker$BootstrapActivity@a903fcf
2022-08-03 13:32:44.202 11749-11749/com.cpen321group.accountability V/ActivityScenario: Activity lifecycle changed event received but ignored because the intent does not match. startActivityIntent=Intent { act=android.intent.action.MAIN cat=[android.intent.category.LAUNCHER] cmp=com.cpen321group.accountability/androidx.fragment.app.testing.FragmentScenario$EmptyFragmentActivity (has extras) }, activity.getIntent()=Intent { act=android.intent.action.MAIN cat=[android.intent.category.LAUNCHER] flg=0x10008000 cmp=com.cpen321group.accountability/androidx.test.core.app.InstrumentationActivityInvoker$BootstrapActivity (has extras) }, activity=androidx.test.core.app.InstrumentationActivityInvoker$BootstrapActivity@a903fcf
2022-08-03 13:32:44.203 11749-11749/com.cpen321group.accountability D/LifecycleMonitor: Lifecycle status change: androidx.test.core.app.InstrumentationActivityInvoker$BootstrapActivity@a903fcf in: STARTED
2022-08-03 13:32:44.203 11749-11749/com.cpen321group.accountability V/ActivityScenario: Activity lifecycle changed event received but ignored because the intent does not match. startActivityIntent=Intent { act=android.intent.action.MAIN cat=[android.intent.category.LAUNCHER] cmp=com.cpen321group.accountability/.HomeScreenActivity }, activity.getIntent()=Intent { act=android.intent.action.MAIN cat=[android.intent.category.LAUNCHER] flg=0x10008000 cmp=com.cpen321group.accountability/androidx.test.core.app.InstrumentationActivityInvoker$BootstrapActivity (has extras) }, activity=androidx.test.core.app.InstrumentationActivityInvoker$BootstrapActivity@a903fcf
2022-08-03 13:32:44.203 11749-11749/com.cpen321group.accountability V/ActivityScenario: Activity lifecycle changed event received but ignored because the intent does not match. startActivityIntent=Intent { act=android.intent.action.MAIN cat=[android.intent.category.LAUNCHER] cmp=com.cpen321group.accountability/androidx.fragment.app.testing.FragmentScenario$EmptyFragmentActivity (has extras) }, activity.getIntent()=Intent { act=android.intent.action.MAIN cat=[android.intent.category.LAUNCHER] flg=0x10008000 cmp=com.cpen321group.accountability/androidx.test.core.app.InstrumentationActivityInvoker$BootstrapActivity (has extras) }, activity=androidx.test.core.app.InstrumentationActivityInvoker$BootstrapActivity@a903fcf
2022-08-03 13:32:44.209 11749-11749/com.cpen321group.accountability D/LifecycleMonitor: Lifecycle status change: androidx.test.core.app.InstrumentationActivityInvoker$BootstrapActivity@a903fcf in: RESUMED
2022-08-03 13:32:44.209 11749-11749/com.cpen321group.accountability V/ActivityScenario: Activity lifecycle changed event received but ignored because the intent does not match. startActivityIntent=Intent { act=android.intent.action.MAIN cat=[android.intent.category.LAUNCHER] cmp=com.cpen321group.accountability/.HomeScreenActivity }, activity.getIntent()=Intent { act=android.intent.action.MAIN cat=[android.intent.category.LAUNCHER] flg=0x10008000 cmp=com.cpen321group.accountability/androidx.test.core.app.InstrumentationActivityInvoker$BootstrapActivity (has extras) }, activity=androidx.test.core.app.InstrumentationActivityInvoker$BootstrapActivity@a903fcf
2022-08-03 13:32:44.209 11749-11749/com.cpen321group.accountability V/ActivityScenario: Activity lifecycle changed event received but ignored because the intent does not match. startActivityIntent=Intent { act=android.intent.action.MAIN cat=[android.intent.category.LAUNCHER] cmp=com.cpen321group.accountability/androidx.fragment.app.testing.FragmentScenario$EmptyFragmentActivity (has extras) }, activity.getIntent()=Intent { act=android.intent.action.MAIN cat=[android.intent.category.LAUNCHER] flg=0x10008000 cmp=com.cpen321group.accountability/androidx.test.core.app.InstrumentationActivityInvoker$BootstrapActivity (has extras) }, activity=androidx.test.core.app.InstrumentationActivityInvoker$BootstrapActivity@a903fcf
2022-08-03 13:32:44.213 11749-11749/com.cpen321group.accountability D/LifecycleMonitor: Lifecycle status change: androidx.test.core.app.InstrumentationActivityInvoker$BootstrapActivity@a903fcf in: PAUSED
2022-08-03 13:32:44.213 11749-11749/com.cpen321group.accountability V/ActivityScenario: Activity lifecycle changed event received but ignored because the intent does not match. startActivityIntent=Intent { act=android.intent.action.MAIN cat=[android.intent.category.LAUNCHER] cmp=com.cpen321group.accountability/.HomeScreenActivity }, activity.getIntent()=Intent { act=android.intent.action.MAIN cat=[android.intent.category.LAUNCHER] flg=0x10008000 cmp=com.cpen321group.accountability/androidx.test.core.app.InstrumentationActivityInvoker$BootstrapActivity (has extras) }, activity=androidx.test.core.app.InstrumentationActivityInvoker$BootstrapActivity@a903fcf
2022-08-03 13:32:44.213 11749-11749/com.cpen321group.accountability V/ActivityScenario: Activity lifecycle changed event received but ignored because the intent does not match. startActivityIntent=Intent { act=android.intent.action.MAIN cat=[android.intent.category.LAUNCHER] cmp=com.cpen321group.accountability/androidx.fragment.app.testing.FragmentScenario$EmptyFragmentActivity (has extras) }, activity.getIntent()=Intent { act=android.intent.action.MAIN cat=[android.intent.category.LAUNCHER] flg=0x10008000 cmp=com.cpen321group.accountability/androidx.test.core.app.InstrumentationActivityInvoker$BootstrapActivity (has extras) }, activity=androidx.test.core.app.InstrumentationActivityInvoker$BootstrapActivity@a903fcf
2022-08-03 13:32:44.217 11749-11749/com.cpen321group.accountability W/ActivityThread: handleWindowVisibility: no activity for token android.os.BinderProxy@10085e1
2022-08-03 13:32:44.227 11749-11749/com.cpen321group.accountability D/LifecycleMonitor: Lifecycle status change: androidx.fragment.app.testing.FragmentScenario$EmptyFragmentActivity@f3a8de in: PRE_ON_CREATE
2022-08-03 13:32:44.227 11749-11749/com.cpen321group.accountability V/ActivityScenario: Activity lifecycle changed event received but ignored because the intent does not match. startActivityIntent=Intent { act=android.intent.action.MAIN cat=[android.intent.category.LAUNCHER] cmp=com.cpen321group.accountability/.HomeScreenActivity }, activity.getIntent()=Intent { act=android.intent.action.MAIN cat=[android.intent.category.LAUNCHER] cmp=com.cpen321group.accountability/androidx.fragment.app.testing.FragmentScenario$EmptyFragmentActivity (has extras) }, activity=androidx.fragment.app.testing.FragmentScenario$EmptyFragmentActivity@f3a8de
2022-08-03 13:32:44.227 11749-11749/com.cpen321group.accountability V/ActivityScenario: Activity lifecycle changed event received but ignored because the reported transition was not ON_CREATE while the last known transition was PRE_ON_CREATE
2022-08-03 13:32:44.252 11749-11749/com.cpen321group.accountability D/LifecycleMonitor: Lifecycle status change: androidx.fragment.app.testing.FragmentScenario$EmptyFragmentActivity@f3a8de in: CREATED
2022-08-03 13:32:44.252 11749-11749/com.cpen321group.accountability V/ActivityScenario: Activity lifecycle changed event received but ignored because the intent does not match. startActivityIntent=Intent { act=android.intent.action.MAIN cat=[android.intent.category.LAUNCHER] cmp=com.cpen321group.accountability/.HomeScreenActivity }, activity.getIntent()=Intent { act=android.intent.action.MAIN cat=[android.intent.category.LAUNCHER] cmp=com.cpen321group.accountability/androidx.fragment.app.testing.FragmentScenario$EmptyFragmentActivity (has extras) }, activity=androidx.fragment.app.testing.FragmentScenario$EmptyFragmentActivity@f3a8de
2022-08-03 13:32:44.253 11749-11749/com.cpen321group.accountability V/ActivityScenario: Update currentActivityStage to CREATED, currentActivity=androidx.fragment.app.testing.FragmentScenario$EmptyFragmentActivity@f3a8de
2022-08-03 13:32:44.254 11749-11749/com.cpen321group.accountability D/LifecycleMonitor: Lifecycle status change: androidx.fragment.app.testing.FragmentScenario$EmptyFragmentActivity@f3a8de in: STARTED
2022-08-03 13:32:44.254 11749-11749/com.cpen321group.accountability V/ActivityScenario: Activity lifecycle changed event received but ignored because the intent does not match. startActivityIntent=Intent { act=android.intent.action.MAIN cat=[android.intent.category.LAUNCHER] cmp=com.cpen321group.accountability/.HomeScreenActivity }, activity.getIntent()=Intent { act=android.intent.action.MAIN cat=[android.intent.category.LAUNCHER] cmp=com.cpen321group.accountability/androidx.fragment.app.testing.FragmentScenario$EmptyFragmentActivity (has extras) }, activity=androidx.fragment.app.testing.FragmentScenario$EmptyFragmentActivity@f3a8de
2022-08-03 13:32:44.254 11749-11749/com.cpen321group.accountability V/ActivityScenario: Update currentActivityStage to STARTED, currentActivity=androidx.fragment.app.testing.FragmentScenario$EmptyFragmentActivity@f3a8de
2022-08-03 13:32:44.255 11749-11749/com.cpen321group.accountability D/LifecycleMonitor: Lifecycle status change: androidx.fragment.app.testing.FragmentScenario$EmptyFragmentActivity@f3a8de in: RESUMED
2022-08-03 13:32:44.255 11749-11749/com.cpen321group.accountability V/ActivityScenario: Activity lifecycle changed event received but ignored because the intent does not match. startActivityIntent=Intent { act=android.intent.action.MAIN cat=[android.intent.category.LAUNCHER] cmp=com.cpen321group.accountability/.HomeScreenActivity }, activity.getIntent()=Intent { act=android.intent.action.MAIN cat=[android.intent.category.LAUNCHER] cmp=com.cpen321group.accountability/androidx.fragment.app.testing.FragmentScenario$EmptyFragmentActivity (has extras) }, activity=androidx.fragment.app.testing.FragmentScenario$EmptyFragmentActivity@f3a8de
2022-08-03 13:32:44.255 11749-11749/com.cpen321group.accountability V/ActivityScenario: Update currentActivityStage to RESUMED, currentActivity=androidx.fragment.app.testing.FragmentScenario$EmptyFragmentActivity@f3a8de
2022-08-03 13:32:44.260 11749-11749/com.cpen321group.accountability D/LifecycleMonitor: Lifecycle status change: androidx.test.core.app.InstrumentationActivityInvoker$BootstrapActivity@a903fcf in: STOPPED
2022-08-03 13:32:44.260 11749-11749/com.cpen321group.accountability V/ActivityScenario: Activity lifecycle changed event received but ignored because the intent does not match. startActivityIntent=Intent { act=android.intent.action.MAIN cat=[android.intent.category.LAUNCHER] cmp=com.cpen321group.accountability/.HomeScreenActivity }, activity.getIntent()=Intent { act=android.intent.action.MAIN cat=[android.intent.category.LAUNCHER] flg=0x10008000 cmp=com.cpen321group.accountability/androidx.test.core.app.InstrumentationActivityInvoker$BootstrapActivity (has extras) }, activity=androidx.test.core.app.InstrumentationActivityInvoker$BootstrapActivity@a903fcf
2022-08-03 13:32:44.260 11749-11749/com.cpen321group.accountability V/ActivityScenario: Activity lifecycle changed event received but ignored because the intent does not match. startActivityIntent=Intent { act=android.intent.action.MAIN cat=[android.intent.category.LAUNCHER] cmp=com.cpen321group.accountability/androidx.fragment.app.testing.FragmentScenario$EmptyFragmentActivity (has extras) }, activity.getIntent()=Intent { act=android.intent.action.MAIN cat=[android.intent.category.LAUNCHER] flg=0x10008000 cmp=com.cpen321group.accountability/androidx.test.core.app.InstrumentationActivityInvoker$BootstrapActivity (has extras) }, activity=androidx.test.core.app.InstrumentationActivityInvoker$BootstrapActivity@a903fcf
2022-08-03 13:32:44.263 11749-11805/com.cpen321group.accountability D/EGL_emulation: eglMakeCurrent: 0xf7552840: ver 2 0 (tinfo 0xec391850)
2022-08-03 13:32:44.265 11749-11749/com.cpen321group.accountability D/LifecycleMonitor: Lifecycle status change: com.cpen321group.accountability.HomeScreenActivity@17a2ee1 in: STOPPED
2022-08-03 13:32:44.265 11749-11749/com.cpen321group.accountability V/ActivityScenario: Update currentActivityStage to STOPPED, currentActivity=com.cpen321group.accountability.HomeScreenActivity@17a2ee1
2022-08-03 13:32:44.265 11749-11749/com.cpen321group.accountability V/ActivityScenario: Activity lifecycle changed event received but ignored because the intent does not match. startActivityIntent=Intent { act=android.intent.action.MAIN cat=[android.intent.category.LAUNCHER] cmp=com.cpen321group.accountability/androidx.fragment.app.testing.FragmentScenario$EmptyFragmentActivity (has extras) }, activity.getIntent()=Intent { act=android.intent.action.MAIN cat=[android.intent.category.LAUNCHER] cmp=com.cpen321group.accountability/.HomeScreenActivity }, activity=com.cpen321group.accountability.HomeScreenActivity@17a2ee1
2022-08-03 13:32:44.267 11749-11749/com.cpen321group.accountability D/LifecycleMonitor: Lifecycle status change: com.cpen321group.accountability.HomeScreenActivity@17a2ee1 in: DESTROYED
2022-08-03 13:32:44.267 11749-11749/com.cpen321group.accountability V/ActivityScenario: Update currentActivityStage to DESTROYED, currentActivity=null
2022-08-03 13:32:44.267 11749-11749/com.cpen321group.accountability V/ActivityScenario: Activity lifecycle changed event received but ignored because the intent does not match. startActivityIntent=Intent { act=android.intent.action.MAIN cat=[android.intent.category.LAUNCHER] cmp=com.cpen321group.accountability/androidx.fragment.app.testing.FragmentScenario$EmptyFragmentActivity (has extras) }, activity.getIntent()=Intent { act=android.intent.action.MAIN cat=[android.intent.category.LAUNCHER] cmp=com.cpen321group.accountability/.HomeScreenActivity }, activity=com.cpen321group.accountability.HomeScreenActivity@17a2ee1
2022-08-03 13:32:44.283 11749-11805/com.cpen321group.accountability D/EGL_emulation: eglMakeCurrent: 0xf7552840: ver 2 0 (tinfo 0xec391850)
2022-08-03 13:32:44.344 11749-11749/com.cpen321group.accountability I/ViewInteraction: Performing 'wait for 5000milliseconds' action on view view.getRootView() to equal view
2022-08-03 13:32:46.907 11749-11749/com.cpen321group.accountability D/getAccountant: "455937552go"
2022-08-03 13:32:46.907 11749-11749/com.cpen321group.accountability D/getAccountant: "David"
2022-08-03 13:32:46.908 11749-11749/com.cpen321group.accountability D/getAccountant: "111791232409232840405go"
2022-08-03 13:32:46.908 11749-11749/com.cpen321group.accountability D/getAccountant: "Wilson"
2022-08-03 13:32:46.908 11749-11749/com.cpen321group.accountability D/getAccountant: "12345678007fb"
2022-08-03 13:32:46.908 11749-11749/com.cpen321group.accountability D/getAccountant: "Harry"
2022-08-03 13:32:46.908 11749-11749/com.cpen321group.accountability D/getAccountant: "972516927478726fb"
2022-08-03 13:32:46.908 11749-11749/com.cpen321group.accountability D/getAccountant: "Vicky"
2022-08-03 13:32:49.349 11749-11749/com.cpen321group.accountability I/ViewInteraction: Performing 'scroll RecyclerView to position: 0' action on view view.getId() is <2131296440/com.cpen321group.accountability:id/chat_recycler>
2022-08-03 13:32:49.373 11749-11749/com.cpen321group.accountability I/ViewInteraction: Performing 'actionOnItemAtPosition performing ViewAction: Click on a child view with specified id. on item at position: 0' action on view view.getId() is <2131296440/com.cpen321group.accountability:id/chat_recycler>
2022-08-03 13:32:50.113 11749-11749/com.cpen321group.accountability D/AccountantSetting: Response{protocol=http/1.1, code=400, message=Bad Request, url=http://20.104.57.27:8000/messaging/conversation?account1Id=100141214588378665776go&account2Id=455937552go}
2022-08-03 13:32:51.100 11749-11749/com.cpen321group.accountability D/getRoomId: "62d75d3a6ad3fbb4407dc666"
2022-08-03 13:32:52.408 11749-11749/com.cpen321group.accountability D/LifecycleMonitor: Lifecycle status change: androidx.fragment.app.testing.FragmentScenario$EmptyFragmentActivity@f3a8de in: PAUSED
2022-08-03 13:32:52.408 11749-11749/com.cpen321group.accountability V/ActivityScenario: Activity lifecycle changed event received but ignored because the intent does not match. startActivityIntent=Intent { act=android.intent.action.MAIN cat=[android.intent.category.LAUNCHER] cmp=com.cpen321group.accountability/.HomeScreenActivity }, activity.getIntent()=Intent { act=android.intent.action.MAIN cat=[android.intent.category.LAUNCHER] cmp=com.cpen321group.accountability/androidx.fragment.app.testing.FragmentScenario$EmptyFragmentActivity (has extras) }, activity=androidx.fragment.app.testing.FragmentScenario$EmptyFragmentActivity@f3a8de
2022-08-03 13:32:52.408 11749-11749/com.cpen321group.accountability V/ActivityScenario: Update currentActivityStage to PAUSED, currentActivity=androidx.fragment.app.testing.FragmentScenario$EmptyFragmentActivity@f3a8de
2022-08-03 13:32:52.413 11749-11749/com.cpen321group.accountability W/ActivityThread: handleWindowVisibility: no activity for token android.os.BinderProxy@c90ec64
2022-08-03 13:32:52.422 11749-11749/com.cpen321group.accountability D/LifecycleMonitor: Lifecycle status change: com.cpen321group.accountability.mainscreen.chat.ChattingActivity@6388a85 in: PRE_ON_CREATE
2022-08-03 13:32:52.423 11749-11749/com.cpen321group.accountability V/ActivityScenario: Activity lifecycle changed event received but ignored because the intent does not match. startActivityIntent=Intent { act=android.intent.action.MAIN cat=[android.intent.category.LAUNCHER] cmp=com.cpen321group.accountability/.HomeScreenActivity }, activity.getIntent()=Intent { cmp=com.cpen321group.accountability/.mainscreen.chat.ChattingActivity }, activity=com.cpen321group.accountability.mainscreen.chat.ChattingActivity@6388a85
2022-08-03 13:32:52.423 11749-11749/com.cpen321group.accountability V/ActivityScenario: Activity lifecycle changed event received but ignored because the intent does not match. startActivityIntent=Intent { act=android.intent.action.MAIN cat=[android.intent.category.LAUNCHER] cmp=com.cpen321group.accountability/androidx.fragment.app.testing.FragmentScenario$EmptyFragmentActivity (has extras) }, activity.getIntent()=Intent { cmp=com.cpen321group.accountability/.mainscreen.chat.ChattingActivity }, activity=com.cpen321group.accountability.mainscreen.chat.ChattingActivity@6388a85
2022-08-03 13:32:52.455 11749-11749/com.cpen321group.accountability D/LifecycleMonitor: Lifecycle status change: com.cpen321group.accountability.mainscreen.chat.ChattingActivity@6388a85 in: CREATED
2022-08-03 13:32:52.455 11749-11749/com.cpen321group.accountability V/ActivityScenario: Activity lifecycle changed event received but ignored because the intent does not match. startActivityIntent=Intent { act=android.intent.action.MAIN cat=[android.intent.category.LAUNCHER] cmp=com.cpen321group.accountability/.HomeScreenActivity }, activity.getIntent()=Intent { cmp=com.cpen321group.accountability/.mainscreen.chat.ChattingActivity }, activity=com.cpen321group.accountability.mainscreen.chat.ChattingActivity@6388a85
2022-08-03 13:32:52.455 11749-11749/com.cpen321group.accountability V/ActivityScenario: Activity lifecycle changed event received but ignored because the intent does not match. startActivityIntent=Intent { act=android.intent.action.MAIN cat=[android.intent.category.LAUNCHER] cmp=com.cpen321group.accountability/androidx.fragment.app.testing.FragmentScenario$EmptyFragmentActivity (has extras) }, activity.getIntent()=Intent { cmp=com.cpen321group.accountability/.mainscreen.chat.ChattingActivity }, activity=com.cpen321group.accountability.mainscreen.chat.ChattingActivity@6388a85
2022-08-03 13:32:52.456 11749-11749/com.cpen321group.accountability D/LifecycleMonitor: Lifecycle status change: com.cpen321group.accountability.mainscreen.chat.ChattingActivity@6388a85 in: STARTED
2022-08-03 13:32:52.456 11749-11749/com.cpen321group.accountability V/ActivityScenario: Activity lifecycle changed event received but ignored because the intent does not match. startActivityIntent=Intent { act=android.intent.action.MAIN cat=[android.intent.category.LAUNCHER] cmp=com.cpen321group.accountability/.HomeScreenActivity }, activity.getIntent()=Intent { cmp=com.cpen321group.accountability/.mainscreen.chat.ChattingActivity }, activity=com.cpen321group.accountability.mainscreen.chat.ChattingActivity@6388a85
2022-08-03 13:32:52.456 11749-11749/com.cpen321group.accountability V/ActivityScenario: Activity lifecycle changed event received but ignored because the intent does not match. startActivityIntent=Intent { act=android.intent.action.MAIN cat=[android.intent.category.LAUNCHER] cmp=com.cpen321group.accountability/androidx.fragment.app.testing.FragmentScenario$EmptyFragmentActivity (has extras) }, activity.getIntent()=Intent { cmp=com.cpen321group.accountability/.mainscreen.chat.ChattingActivity }, activity=com.cpen321group.accountability.mainscreen.chat.ChattingActivity@6388a85
2022-08-03 13:32:52.457 11749-11749/com.cpen321group.accountability D/LifecycleMonitor: Lifecycle status change: com.cpen321group.accountability.mainscreen.chat.ChattingActivity@6388a85 in: RESUMED
2022-08-03 13:32:52.457 11749-11749/com.cpen321group.accountability V/ActivityScenario: Activity lifecycle changed event received but ignored because the intent does not match. startActivityIntent=Intent { act=android.intent.action.MAIN cat=[android.intent.category.LAUNCHER] cmp=com.cpen321group.accountability/.HomeScreenActivity }, activity.getIntent()=Intent { cmp=com.cpen321group.accountability/.mainscreen.chat.ChattingActivity }, activity=com.cpen321group.accountability.mainscreen.chat.ChattingActivity@6388a85
2022-08-03 13:32:52.457 11749-11749/com.cpen321group.accountability V/ActivityScenario: Activity lifecycle changed event received but ignored because the intent does not match. startActivityIntent=Intent { act=android.intent.action.MAIN cat=[android.intent.category.LAUNCHER] cmp=com.cpen321group.accountability/androidx.fragment.app.testing.FragmentScenario$EmptyFragmentActivity (has extras) }, activity.getIntent()=Intent { cmp=com.cpen321group.accountability/.mainscreen.chat.ChattingActivity }, activity=com.cpen321group.accountability.mainscreen.chat.ChattingActivity@6388a85
2022-08-03 13:32:52.486 11749-11805/com.cpen321group.accountability D/EGL_emulation: eglMakeCurrent: 0xf7552840: ver 2 0 (tinfo 0xec391850)
2022-08-03 13:32:52.492 11749-11805/com.cpen321group.accountability I/chatty: uid=10136(com.cpen321group.accountability) RenderThread identical 1 line
2022-08-03 13:32:52.494 11749-11805/com.cpen321group.accountability D/EGL_emulation: eglMakeCurrent: 0xf7552840: ver 2 0 (tinfo 0xec391850)
2022-08-03 13:32:52.548 11749-11749/com.cpen321group.accountability D/LifecycleMonitor: Lifecycle status change: androidx.fragment.app.testing.FragmentScenario$EmptyFragmentActivity@f3a8de in: STOPPED
2022-08-03 13:32:52.550 11749-11749/com.cpen321group.accountability V/ActivityScenario: Activity lifecycle changed event received but ignored because the intent does not match. startActivityIntent=Intent { act=android.intent.action.MAIN cat=[android.intent.category.LAUNCHER] cmp=com.cpen321group.accountability/.HomeScreenActivity }, activity.getIntent()=Intent { act=android.intent.action.MAIN cat=[android.intent.category.LAUNCHER] cmp=com.cpen321group.accountability/androidx.fragment.app.testing.FragmentScenario$EmptyFragmentActivity (has extras) }, activity=androidx.fragment.app.testing.FragmentScenario$EmptyFragmentActivity@f3a8de
2022-08-03 13:32:52.550 11749-11749/com.cpen321group.accountability V/ActivityScenario: Update currentActivityStage to STOPPED, currentActivity=androidx.fragment.app.testing.FragmentScenario$EmptyFragmentActivity@f3a8de
2022-08-03 13:32:53.079 11749-11749/com.cpen321group.accountability D/updateFinish: java.lang.IllegalStateException: Expected a string but was BEGIN_OBJECT at line 1 column 2 path $
2022-08-03 13:32:53.127 11749-11749/com.cpen321group.accountability D/history: Response{protocol=http/1.1, code=200, message=OK, url=http://20.104.57.27:8000/messaging/message/62d75d3a6ad3fbb4407dc666}
2022-08-03 13:32:53.127 11749-11749/com.cpen321group.accountability D/history: "Hello"
2022-08-03 13:32:53.127 11749-11749/com.cpen321group.accountability D/hisId: "100141214588378665776go"
2022-08-03 13:32:53.127 11749-11749/com.cpen321group.accountability D/history: "Hi!"
2022-08-03 13:32:53.127 11749-11749/com.cpen321group.accountability D/hisId: "100141214588378665776go"
2022-08-03 13:32:53.127 11749-11749/com.cpen321group.accountability D/history: "Happy to talk to you!"
2022-08-03 13:32:53.127 11749-11749/com.cpen321group.accountability D/hisId: "100141214588378665776go"
2022-08-03 13:32:53.127 11749-11749/com.cpen321group.accountability D/history: "Hi!"
2022-08-03 13:32:53.127 11749-11749/com.cpen321group.accountability D/hisId: "100141214588378665776go"
2022-08-03 13:32:53.127 11749-11749/com.cpen321group.accountability D/history: "Hi!"
2022-08-03 13:32:53.127 11749-11749/com.cpen321group.accountability D/hisId: "100141214588378665776go"
2022-08-03 13:32:53.127 11749-11749/com.cpen321group.accountability D/history: "Hi!"
2022-08-03 13:32:53.127 11749-11749/com.cpen321group.accountability D/hisId: "100141214588378665776go"
2022-08-03 13:32:53.128 11749-11749/com.cpen321group.accountability D/history: "Hi!"
2022-08-03 13:32:53.128 11749-11749/com.cpen321group.accountability D/hisId: "100141214588378665776go"
2022-08-03 13:32:53.128 11749-11749/com.cpen321group.accountability D/history: "Hi!"
2022-08-03 13:32:53.128 11749-11749/com.cpen321group.accountability D/hisId: "100141214588378665776go"
2022-08-03 13:32:53.128 11749-11749/com.cpen321group.accountability D/history: "Hi!"
2022-08-03 13:32:53.128 11749-11749/com.cpen321group.accountability D/hisId: "100141214588378665776go"
2022-08-03 13:32:53.128 11749-11749/com.cpen321group.accountability D/history: "Hi!"
2022-08-03 13:32:53.128 11749-11749/com.cpen321group.accountability D/hisId: "100141214588378665776go"
2022-08-03 13:32:53.128 11749-11749/com.cpen321group.accountability D/history: "Hi!"
2022-08-03 13:32:53.128 11749-11749/com.cpen321group.accountability D/hisId: "455937552go"
2022-08-03 13:32:53.128 11749-11749/com.cpen321group.accountability D/history: "Hi!"
2022-08-03 13:32:53.128 11749-11749/com.cpen321group.accountability D/hisId: "455937552go"
2022-08-03 13:32:53.128 11749-11749/com.cpen321group.accountability D/history: "Hi!"
2022-08-03 13:32:53.128 11749-11749/com.cpen321group.accountability D/hisId: "100141214588378665776go"
2022-08-03 13:32:53.128 11749-11749/com.cpen321group.accountability D/history: "Hi!"
2022-08-03 13:32:53.128 11749-11749/com.cpen321group.accountability D/hisId: "100141214588378665776go"
2022-08-03 13:32:53.128 11749-11749/com.cpen321group.accountability D/history: "Hi!"
2022-08-03 13:32:53.128 11749-11749/com.cpen321group.accountability D/hisId: "100141214588378665776go"
2022-08-03 13:32:53.128 11749-11749/com.cpen321group.accountability D/history: "Hi!"
2022-08-03 13:32:53.128 11749-11749/com.cpen321group.accountability D/hisId: "455937552go"
2022-08-03 13:32:53.129 11749-11749/com.cpen321group.accountability D/history: "Hi!"
2022-08-03 13:32:53.129 11749-11749/com.cpen321group.accountability D/hisId: "455937552go"
2022-08-03 13:32:53.129 11749-11749/com.cpen321group.accountability D/history: "Hi!"
2022-08-03 13:32:53.129 11749-11749/com.cpen321group.accountability D/hisId: "100141214588378665776go"
2022-08-03 13:32:53.129 11749-11749/com.cpen321group.accountability D/history: "Hi!"
2022-08-03 13:32:53.129 11749-11749/com.cpen321group.accountability D/hisId: "455937552go"
2022-08-03 13:32:53.129 11749-11749/com.cpen321group.accountability D/history: "Hi!"
2022-08-03 13:32:53.129 11749-11749/com.cpen321group.accountability D/hisId: "100141214588378665776go"
2022-08-03 13:32:53.129 11749-11749/com.cpen321group.accountability D/history: "Hi!"
2022-08-03 13:32:53.129 11749-11749/com.cpen321group.accountability D/hisId: "455937552go"
2022-08-03 13:32:53.129 11749-11749/com.cpen321group.accountability D/history: "Hi!"
2022-08-03 13:32:53.129 11749-11749/com.cpen321group.accountability D/hisId: "100141214588378665776go"
2022-08-03 13:32:53.130 11749-11749/com.cpen321group.accountability D/history: "Hi!"
2022-08-03 13:32:53.130 11749-11749/com.cpen321group.accountability D/hisId: "455937552go"
2022-08-03 13:32:53.130 11749-11749/com.cpen321group.accountability D/history: "Hi!"
2022-08-03 13:32:53.130 11749-11749/com.cpen321group.accountability D/hisId: "100141214588378665776go"
2022-08-03 13:32:53.130 11749-11749/com.cpen321group.accountability D/history: "Hi!"
2022-08-03 13:32:53.130 11749-11749/com.cpen321group.accountability D/hisId: "455937552go"
2022-08-03 13:32:53.130 11749-11749/com.cpen321group.accountability D/history: "Hi!"
2022-08-03 13:32:53.130 11749-11749/com.cpen321group.accountability D/hisId: "455937552go"
2022-08-03 13:32:54.399 11749-11749/com.cpen321group.accountability I/ViewInteraction: Performing 'type text(Hi!)' action on view view.getId() is <2131297058/com.cpen321group.accountability:id/text_view>
2022-08-03 13:32:54.459 11749-11749/com.cpen321group.accountability I/AssistStructure: Flattened final assist data: 1652 bytes, containing 1 windows, 10 views
2022-08-03 13:32:54.693 11749-11749/com.cpen321group.accountability D/UiControllerImpl: Injecting string: "Hi!"
2022-08-03 13:32:54.833 11749-11749/com.cpen321group.accountability I/ViewInteraction: Performing 'close keyboard' action on view view.getId() is <2131297058/com.cpen321group.accountability:id/text_view>
2022-08-03 13:32:55.140 11749-11749/com.cpen321group.accountability I/ViewInteraction: Performing 'single click' action on view view.getId() is <2131296952/com.cpen321group.accountability:id/send_button>
2022-08-03 13:32:57.103 11749-11749/com.cpen321group.accountability D/postMessage: java.lang.IllegalStateException: Expected a string but was BEGIN_OBJECT at line 1 column 2 path $
2022-08-03 13:32:57.423 11749-11799/com.cpen321group.accountability I/TestRunner: finished: _g_sendMessageTest(com.cpen321group.accountability.actionClickTest)
2022-08-03 13:32:57.426 11749-11749/com.cpen321group.accountability I/MonitoringInstr: Activities that are still in CREATED to STOPPED: 3
2022-08-03 13:32:57.426 11749-11749/com.cpen321group.accountability I/MonitoringInstr: Finishing activity: com.cpen321group.accountability.mainscreen.chat.ChattingActivity@6388a85
2022-08-03 13:32:57.428 11749-11749/com.cpen321group.accountability I/MonitoringInstr: Finishing activity: androidx.test.core.app.InstrumentationActivityInvoker$BootstrapActivity@a903fcf
2022-08-03 13:32:57.430 11749-11749/com.cpen321group.accountability I/MonitoringInstr: Finishing activity: androidx.fragment.app.testing.FragmentScenario$EmptyFragmentActivity@f3a8de
2022-08-03 13:32:57.432 11749-11799/com.cpen321group.accountability I/MonitoringInstr: Unstopped activity count: 1
2022-08-03 13:32:57.435 11749-11749/com.cpen321group.accountability D/LifecycleMonitor: Lifecycle status change: com.cpen321group.accountability.mainscreen.chat.ChattingActivity@6388a85 in: PAUSED
2022-08-03 13:32:57.436 11749-11749/com.cpen321group.accountability V/ActivityScenario: Activity lifecycle changed event received but ignored because the intent does not match. startActivityIntent=Intent { act=android.intent.action.MAIN cat=[android.intent.category.LAUNCHER] cmp=com.cpen321group.accountability/androidx.fragment.app.testing.FragmentScenario$EmptyFragmentActivity (has extras) }, activity.getIntent()=Intent { cmp=com.cpen321group.accountability/.mainscreen.chat.ChattingActivity }, activity=com.cpen321group.accountability.mainscreen.chat.ChattingActivity@6388a85
