2022-08-03 13:33:27.885 11749-11749/com.cpen321group.accountability V/ActivityScenario: Activity lifecycle changed event received but ignored because the intent does not match. startActivityIntent=Intent { act=android.intent.action.MAIN cat=[android.intent.category.LAUNCHER] cmp=com.cpen321group.accountability/.HomeScreenActivity }, activity.getIntent()=Intent { cmp=com.cpen321group.accountability/.mainscreen.chat.AddReviewActivity }, activity=com.cpen321group.accountability.mainscreen.chat.AddReviewActivity@65d6359
2022-08-03 13:33:27.885 11749-11749/com.cpen321group.accountability V/ActivityScenario: Activity lifecycle changed event received but ignored because the intent does not match. startActivityIntent=Intent { act=android.intent.action.MAIN cat=[android.intent.category.LAUNCHER] cmp=com.cpen321group.accountability/androidx.fragment.app.testing.FragmentScenario$EmptyFragmentActivity (has extras) }, activity.getIntent()=Intent { cmp=com.cpen321group.accountability/.mainscreen.chat.AddReviewActivity }, activity=com.cpen321group.accountability.mainscreen.chat.AddReviewActivity@65d6359
2022-08-03 13:33:27.889 11749-11749/com.cpen321group.accountability W/ActivityThread: handleWindowVisibility: no activity for token android.os.BinderProxy@f197428
2022-08-03 13:33:27.892 11749-11749/com.cpen321group.accountability D/LifecycleMonitor: Lifecycle status change: com.cpen321group.accountability.mainscreen.chat.ReviewActivity@a1ca040 in: PRE_ON_CREATE
2022-08-03 13:33:27.893 11749-11749/com.cpen321group.accountability V/ActivityScenario: Activity lifecycle changed event received but ignored because the intent does not match. startActivityIntent=Intent { act=android.intent.action.MAIN cat=[android.intent.category.LAUNCHER] cmp=com.cpen321group.accountability/.HomeScreenActivity }, activity.getIntent()=Intent { cmp=com.cpen321group.accountability/.mainscreen.chat.ReviewActivity }, activity=com.cpen321group.accountability.mainscreen.chat.ReviewActivity@a1ca040
2022-08-03 13:33:27.893 11749-11749/com.cpen321group.accountability V/ActivityScenario: Activity lifecycle changed event received but ignored because the intent does not match. startActivityIntent=Intent { act=android.intent.action.MAIN cat=[android.intent.category.LAUNCHER] cmp=com.cpen321group.accountability/androidx.fragment.app.testing.FragmentScenario$EmptyFragmentActivity (has extras) }, activity.getIntent()=Intent { cmp=com.cpen321group.accountability/.mainscreen.chat.ReviewActivity }, activity=com.cpen321group.accountability.mainscreen.chat.ReviewActivity@a1ca040
2022-08-03 13:33:27.905 11749-11749/com.cpen321group.accountability D/LifecycleMonitor: Lifecycle status change: com.cpen321group.accountability.mainscreen.chat.ReviewActivity@a1ca040 in: CREATED
2022-08-03 13:33:27.906 11749-11749/com.cpen321group.accountability V/ActivityScenario: Activity lifecycle changed event received but ignored because the intent does not match. startActivityIntent=Intent { act=android.intent.action.MAIN cat=[android.intent.category.LAUNCHER] cmp=com.cpen321group.accountability/.HomeScreenActivity }, activity.getIntent()=Intent { cmp=com.cpen321group.accountability/.mainscreen.chat.ReviewActivity }, activity=com.cpen321group.accountability.mainscreen.chat.ReviewActivity@a1ca040
2022-08-03 13:33:27.909 11749-11749/com.cpen321group.accountability V/ActivityScenario: Activity lifecycle changed event received but ignored because the intent does not match. startActivityIntent=Intent { act=android.intent.action.MAIN cat=[android.intent.category.LAUNCHER] cmp=com.cpen321group.accountability/androidx.fragment.app.testing.FragmentScenario$EmptyFragmentActivity (has extras) }, activity.getIntent()=Intent { cmp=com.cpen321group.accountability/.mainscreen.chat.ReviewActivity }, activity=com.cpen321group.accountability.mainscreen.chat.ReviewActivity@a1ca040
2022-08-03 13:33:27.910 11749-11749/com.cpen321group.accountability D/LifecycleMonitor: Lifecycle status change: com.cpen321group.accountability.mainscreen.chat.ReviewActivity@a1ca040 in: STARTED
2022-08-03 13:33:27.911 11749-11749/com.cpen321group.accountability V/ActivityScenario: Activity lifecycle changed event received but ignored because the intent does not match. startActivityIntent=Intent { act=android.intent.action.MAIN cat=[android.intent.category.LAUNCHER] cmp=com.cpen321group.accountability/.HomeScreenActivity }, activity.getIntent()=Intent { cmp=com.cpen321group.accountability/.mainscreen.chat.ReviewActivity }, activity=com.cpen321group.accountability.mainscreen.chat.ReviewActivity@a1ca040
2022-08-03 13:33:27.912 11749-11749/com.cpen321group.accountability V/ActivityScenario: Activity lifecycle changed event received but ignored because the intent does not match. startActivityIntent=Intent { act=android.intent.action.MAIN cat=[android.intent.category.LAUNCHER] cmp=com.cpen321group.accountability/androidx.fragment.app.testing.FragmentScenario$EmptyFragmentActivity (has extras) }, activity.getIntent()=Intent { cmp=com.cpen321group.accountability/.mainscreen.chat.ReviewActivity }, activity=com.cpen321group.accountability.mainscreen.chat.ReviewActivity@a1ca040
2022-08-03 13:33:27.913 11749-11749/com.cpen321group.accountability D/LifecycleMonitor: Lifecycle status change: com.cpen321group.accountability.mainscreen.chat.ReviewActivity@a1ca040 in: RESUMED
2022-08-03 13:33:27.913 11749-11749/com.cpen321group.accountability V/ActivityScenario: Activity lifecycle changed event received but ignored because the intent does not match. startActivityIntent=Intent { act=android.intent.action.MAIN cat=[android.intent.category.LAUNCHER] cmp=com.cpen321group.accountability/.HomeScreenActivity }, activity.getIntent()=Intent { cmp=com.cpen321group.accountability/.mainscreen.chat.ReviewActivity }, activity=com.cpen321group.accountability.mainscreen.chat.ReviewActivity@a1ca040
2022-08-03 13:33:27.913 11749-11749/com.cpen321group.accountability V/ActivityScenario: Activity lifecycle changed event received but ignored because the intent does not match. startActivityIntent=Intent { act=android.intent.action.MAIN cat=[android.intent.category.LAUNCHER] cmp=com.cpen321group.accountability/androidx.fragment.app.testing.FragmentScenario$EmptyFragmentActivity (has extras) }, activity.getIntent()=Intent { cmp=com.cpen321group.accountability/.mainscreen.chat.ReviewActivity }, activity=com.cpen321group.accountability.mainscreen.chat.ReviewActivity@a1ca040
2022-08-03 13:33:28.004 11749-11805/com.cpen321group.accountability D/EGL_emulation: eglMakeCurrent: 0xf7552840: ver 2 0 (tinfo 0xec391850)
2022-08-03 13:33:28.011 11749-11805/com.cpen321group.accountability D/EGL_emulation: eglMakeCurrent: 0xf7552840: ver 2 0 (tinfo 0xec391850)
2022-08-03 13:33:28.022 11749-11805/com.cpen321group.accountability D/EGL_emulation: eglMakeCurrent: 0xf7552840: ver 2 0 (tinfo 0xec391850)
2022-08-03 13:33:28.060 11749-11749/com.cpen321group.accountability D/LifecycleMonitor: Lifecycle status change: com.cpen321group.accountability.mainscreen.chat.AddReviewActivity@65d6359 in: STOPPED
2022-08-03 13:33:28.060 11749-11749/com.cpen321group.accountability V/ActivityScenario: Activity lifecycle changed event received but ignored because the intent does not match. startActivityIntent=Intent { act=android.intent.action.MAIN cat=[android.intent.category.LAUNCHER] cmp=com.cpen321group.accountability/.HomeScreenActivity }, activity.getIntent()=Intent { cmp=com.cpen321group.accountability/.mainscreen.chat.AddReviewActivity }, activity=com.cpen321group.accountability.mainscreen.chat.AddReviewActivity@65d6359
2022-08-03 13:33:28.060 11749-11749/com.cpen321group.accountability V/ActivityScenario: Activity lifecycle changed event received but ignored because the intent does not match. startActivityIntent=Intent { act=android.intent.action.MAIN cat=[android.intent.category.LAUNCHER] cmp=com.cpen321group.accountability/androidx.fragment.app.testing.FragmentScenario$EmptyFragmentActivity (has extras) }, activity.getIntent()=Intent { cmp=com.cpen321group.accountability/.mainscreen.chat.AddReviewActivity }, activity=com.cpen321group.accountability.mainscreen.chat.AddReviewActivity@65d6359
2022-08-03 13:33:28.792 11749-11749/com.cpen321group.accountability D/review: Response{protocol=http/1.1, code=200, message=OK, url=http://20.104.57.27:8000/accounts/455937552go}
2022-08-03 13:33:28.792 11749-11749/com.cpen321group.accountability D/Review: Great
2022-08-03 13:33:28.792 11749-11749/com.cpen321group.accountability D/Review: Good
2022-08-03 13:33:28.792 11749-11749/com.cpen321group.accountability D/Review: 2022-07-20T02:13:12.000Z
2022-08-03 13:33:28.792 11749-11749/com.cpen321group.accountability D/Review: 4
2022-08-03 13:33:28.792 11749-11749/com.cpen321group.accountability D/Review: Great
2022-08-03 13:33:28.792 11749-11749/com.cpen321group.accountability D/Review: Good
2022-08-03 13:33:28.792 11749-11749/com.cpen321group.accountability D/Review: 2022-07-20T02:13:12.000Z
2022-08-03 13:33:28.792 11749-11749/com.cpen321group.accountability D/Review: 4
2022-08-03 13:33:28.792 11749-11749/com.cpen321group.accountability D/Review: testing from help!
2022-08-03 13:33:28.792 11749-11749/com.cpen321group.accountability D/Review: Test 1
2022-08-03 13:33:28.793 11749-11749/com.cpen321group.accountability D/Review: 2022-07-18T20:49:58.000Z
2022-08-03 13:33:28.793 11749-11749/com.cpen321group.accountability D/Review: 5
2022-08-03 13:33:28.793 11749-11749/com.cpen321group.accountability D/Review: 888
2022-08-03 13:33:28.793 11749-11749/com.cpen321group.accountability D/Review: test 2
2022-08-03 13:33:28.793 11749-11749/com.cpen321group.accountability D/Review: 2022-07-18T20:50:15.000Z
2022-08-03 13:33:28.793 11749-11749/com.cpen321group.accountability D/Review: 4
2022-08-03 13:33:28.793 11749-11749/com.cpen321group.accountability D/Review:  test 34
2022-08-03 13:33:28.793 11749-11749/com.cpen321group.accountability D/Review: test 3
2022-08-03 13:33:28.793 11749-11749/com.cpen321group.accountability D/Review: 2022-07-18T20:50:31.000Z
2022-08-03 13:33:28.793 11749-11749/com.cpen321group.accountability D/Review: 5
2022-08-03 13:33:28.793 11749-11749/com.cpen321group.accountability D/Review: test 4
2022-08-03 13:33:28.793 11749-11749/com.cpen321group.accountability D/Review: test 4
2022-08-03 13:33:28.793 11749-11749/com.cpen321group.accountability D/Review: 2022-07-18T20:50:59.000Z
2022-08-03 13:33:28.793 11749-11749/com.cpen321group.accountability D/Review: 5
2022-08-03 13:33:28.793 11749-11749/com.cpen321group.accountability D/Review: Happy with Accountant
2022-08-03 13:33:28.793 11749-11749/com.cpen321group.accountability D/Review: Happy with Accountant
2022-08-03 13:33:28.793 11749-11749/com.cpen321group.accountability D/Review: 2022-07-29T10:10:53.000Z
2022-08-03 13:33:28.793 11749-11749/com.cpen321group.accountability D/Review: 4
2022-08-03 13:33:28.793 11749-11749/com.cpen321group.accountability D/Review: Happy with Accountant
2022-08-03 13:33:28.793 11749-11749/com.cpen321group.accountability D/Review: Happy with Accountant
2022-08-03 13:33:28.793 11749-11749/com.cpen321group.accountability D/Review: 2022-07-29T10:13:18.000Z
2022-08-03 13:33:28.793 11749-11749/com.cpen321group.accountability D/Review: 4
2022-08-03 13:33:28.793 11749-11749/com.cpen321group.accountability D/Review: happy
2022-08-03 13:33:28.793 11749-11749/com.cpen321group.accountability D/Review: Very Good
2022-08-03 13:33:28.793 11749-11749/com.cpen321group.accountability D/Review: 2022-07-29T10:15:55.000Z
2022-08-03 13:33:28.793 11749-11749/com.cpen321group.accountability D/Review: 4
2022-08-03 13:33:28.793 11749-11749/com.cpen321group.accountability D/Review: Happy with Accountant
2022-08-03 13:33:28.793 11749-11749/com.cpen321group.accountability D/Review: Happy with Accountant
2022-08-03 13:33:28.793 11749-11749/com.cpen321group.accountability D/Review: 2022-07-29T10:22:48.000Z
2022-08-03 13:33:28.793 11749-11749/com.cpen321group.accountability D/Review: 4
2022-08-03 13:33:28.793 11749-11749/com.cpen321group.accountability D/Review: Happy!!!
2022-08-03 13:33:28.793 11749-11749/com.cpen321group.accountability D/Review: Great
2022-08-03 13:33:28.793 11749-11749/com.cpen321group.accountability D/Review: 2022-07-29T10:25:24.000Z
2022-08-03 13:33:28.793 11749-11749/com.cpen321group.accountability D/Review: 5
2022-08-03 13:33:28.793 11749-11749/com.cpen321group.accountability D/Review: Very Great
2022-08-03 13:33:28.793 11749-11749/com.cpen321group.accountability D/Review: Happy with Accountant
2022-08-03 13:33:28.793 11749-11749/com.cpen321group.accountability D/Review: 2022-07-29T10:30:16.000Z
2022-08-03 13:33:28.793 11749-11749/com.cpen321group.accountability D/Review: 4
2022-08-03 13:33:28.793 11749-11749/com.cpen321group.accountability D/Review: Very Great
2022-08-03 13:33:28.793 11749-11749/com.cpen321group.accountability D/Review: Happy with Accountant
2022-08-03 13:33:28.793 11749-11749/com.cpen321group.accountability D/Review: 2022-07-29T10:33:57.000Z
2022-08-03 13:33:28.793 11749-11749/com.cpen321group.accountability D/Review: 4
2022-08-03 13:33:28.793 11749-11749/com.cpen321group.accountability D/Review: Very Great
2022-08-03 13:33:28.793 11749-11749/com.cpen321group.accountability D/Review: Happy with Accountant
2022-08-03 13:33:28.793 11749-11749/com.cpen321group.accountability D/Review: 2022-07-29T10:36:11.000Z
2022-08-03 13:33:28.793 11749-11749/com.cpen321group.accountability D/Review: 4
2022-08-03 13:33:28.793 11749-11749/com.cpen321group.accountability D/Review: Very Great
2022-08-03 13:33:28.793 11749-11749/com.cpen321group.accountability D/Review: Happy with Accountant
2022-08-03 13:33:28.793 11749-11749/com.cpen321group.accountability D/Review: 2022-07-29T11:32:12.000Z
2022-08-03 13:33:28.793 11749-11749/com.cpen321group.accountability D/Review: 4
2022-08-03 13:33:28.793 11749-11749/com.cpen321group.accountability D/Review: She is very nice!
2022-08-03 13:33:28.794 11749-11749/com.cpen321group.accountability D/Review: Accountant
2022-08-03 13:33:28.794 11749-11749/com.cpen321group.accountability D/Review: 2022-07-29T11:36:00.000Z
2022-08-03 13:33:28.794 11749-11749/com.cpen321group.accountability D/Review: 5
2022-08-03 13:33:28.794 11749-11749/com.cpen321group.accountability D/Review: Very Great
2022-08-03 13:33:28.794 11749-11749/com.cpen321group.accountability D/Review: Happy with Accountant
2022-08-03 13:33:28.794 11749-11749/com.cpen321group.accountability D/Review: 2022-07-29T11:45:16.000Z
2022-08-03 13:33:28.794 11749-11749/com.cpen321group.accountability D/Review: 4
2022-08-03 13:33:28.794 11749-11749/com.cpen321group.accountability D/Review: Very nice accountant
2022-08-03 13:33:28.794 11749-11749/com.cpen321group.accountability D/Review: Happy with Accountant
2022-08-03 13:33:28.794 11749-11749/com.cpen321group.accountability D/Review: 2022-07-29T11:47:17.000Z
2022-08-03 13:33:28.794 11749-11749/com.cpen321group.accountability D/Review: 5
2022-08-03 13:33:28.794 11749-11749/com.cpen321group.accountability D/Review: Very nice accountant
2022-08-03 13:33:28.794 11749-11749/com.cpen321group.accountability D/Review: Happy with Accountant
2022-08-03 13:33:28.794 11749-11749/com.cpen321group.accountability D/Review: 2022-07-29T11:49:27.000Z
2022-08-03 13:33:28.794 11749-11749/com.cpen321group.accountability D/Review: 5
2022-08-03 13:33:28.794 11749-11749/com.cpen321group.accountability D/Review: Very nice accountant
2022-08-03 13:33:28.794 11749-11749/com.cpen321group.accountability D/Review: Happy with Accountant
2022-08-03 13:33:28.794 11749-11749/com.cpen321group.accountability D/Review: 2022-07-29T11:50:04.000Z
2022-08-03 13:33:28.794 11749-11749/com.cpen321group.accountability D/Review: 5
2022-08-03 13:33:28.794 11749-11749/com.cpen321group.accountability D/Review: Very nice accountant
2022-08-03 13:33:28.794 11749-11749/com.cpen321group.accountability D/Review: Happy with Accountant
2022-08-03 13:33:28.794 11749-11749/com.cpen321group.accountability D/Review: 2022-07-29T11:52:39.000Z
2022-08-03 13:33:28.794 11749-11749/com.cpen321group.accountability D/Review: 5
2022-08-03 13:33:28.794 11749-11749/com.cpen321group.accountability D/Review: Very nice accountant
2022-08-03 13:33:28.794 11749-11749/com.cpen321group.accountability D/Review: Happy with Accountant
2022-08-03 13:33:28.794 11749-11749/com.cpen321group.accountability D/Review: 2022-08-01T10:40:24.000Z
2022-08-03 13:33:28.794 11749-11749/com.cpen321group.accountability D/Review: 5
2022-08-03 13:33:28.794 11749-11749/com.cpen321group.accountability D/Review: Very nice accountant
2022-08-03 13:33:28.794 11749-11749/com.cpen321group.accountability D/Review: Happy with Accountant
2022-08-03 13:33:28.794 11749-11749/com.cpen321group.accountability D/Review: 2022-08-01T10:44:21.000Z
2022-08-03 13:33:28.794 11749-11749/com.cpen321group.accountability D/Review: 5
2022-08-03 13:33:28.794 11749-11749/com.cpen321group.accountability D/Review: Very nice accountant
2022-08-03 13:33:28.794 11749-11749/com.cpen321group.accountability D/Review: Test
2022-08-03 13:33:28.794 11749-11749/com.cpen321group.accountability D/Review: 2022-08-01T10:47:19.000Z
2022-08-03 13:33:28.794 11749-11749/com.cpen321group.accountability D/Review: 5
2022-08-03 13:33:28.794 11749-11749/com.cpen321group.accountability D/Review: Very nice accountant
2022-08-03 13:33:28.794 11749-11749/com.cpen321group.accountability D/Review: Test
2022-08-03 13:33:28.794 11749-11749/com.cpen321group.accountability D/Review: 2022-08-01T10:49:15.000Z
2022-08-03 13:33:28.794 11749-11749/com.cpen321group.accountability D/Review: 5
2022-08-03 13:33:28.794 11749-11749/com.cpen321group.accountability D/Review: Very nice accountant
2022-08-03 13:33:28.794 11749-11749/com.cpen321group.accountability D/Review: Test
2022-08-03 13:33:28.794 11749-11749/com.cpen321group.accountability D/Review: 2022-08-02T09:11:20.000Z
2022-08-03 13:33:28.794 11749-11749/com.cpen321group.accountability D/Review: 5
2022-08-03 13:33:28.794 11749-11749/com.cpen321group.accountability D/Review: Very nice accountant
2022-08-03 13:33:28.794 11749-11749/com.cpen321group.accountability D/Review: Test
2022-08-03 13:33:28.794 11749-11749/com.cpen321group.accountability D/Review: 2022-08-02T09:13:32.000Z
2022-08-03 13:33:28.794 11749-11749/com.cpen321group.accountability D/Review: 5
2022-08-03 13:33:28.794 11749-11749/com.cpen321group.accountability D/Review: Very nice accountant
2022-08-03 13:33:28.794 11749-11749/com.cpen321group.accountability D/Review: Test
2022-08-03 13:33:28.794 11749-11749/com.cpen321group.accountability D/Review: 2022-08-02T09:22:08.000Z
2022-08-03 13:33:28.794 11749-11749/com.cpen321group.accountability D/Review: 5
2022-08-03 13:33:28.795 11749-11749/com.cpen321group.accountability D/Review: Very nice accountant
2022-08-03 13:33:28.795 11749-11749/com.cpen321group.accountability D/Review: Test
2022-08-03 13:33:28.795 11749-11749/com.cpen321group.accountability D/Review: 2022-08-02T09:30:48.000Z
2022-08-03 13:33:28.795 11749-11749/com.cpen321group.accountability D/Review: 5
2022-08-03 13:33:28.795 11749-11749/com.cpen321group.accountability D/Review: Very nice accountant
2022-08-03 13:33:28.795 11749-11749/com.cpen321group.accountability D/Review: Test
2022-08-03 13:33:28.795 11749-11749/com.cpen321group.accountability D/Review: 2022-08-02T09:36:00.000Z
2022-08-03 13:33:28.795 11749-11749/com.cpen321group.accountability D/Review: 5
2022-08-03 13:33:28.795 11749-11749/com.cpen321group.accountability D/Review: Very nice accountant
2022-08-03 13:33:28.795 11749-11749/com.cpen321group.accountability D/Review: Test
2022-08-03 13:33:28.795 11749-11749/com.cpen321group.accountability D/Review: 2022-08-02T10:11:14.000Z
2022-08-03 13:33:28.795 11749-11749/com.cpen321group.accountability D/Review: 5
2022-08-03 13:33:28.795 11749-11749/com.cpen321group.accountability D/Review: Very nice accountant
2022-08-03 13:33:28.795 11749-11749/com.cpen321group.accountability D/Review: Test
2022-08-03 13:33:28.795 11749-11749/com.cpen321group.accountability D/Review: 2022-08-02T10:26:59.000Z
2022-08-03 13:33:28.795 11749-11749/com.cpen321group.accountability D/Review: 5
2022-08-03 13:33:28.795 11749-11749/com.cpen321group.accountability D/Review: Very nice accountant
2022-08-03 13:33:28.795 11749-11749/com.cpen321group.accountability D/Review: Test
2022-08-03 13:33:28.795 11749-11749/com.cpen321group.accountability D/Review: 2022-08-02T10:36:42.000Z
2022-08-03 13:33:28.795 11749-11749/com.cpen321group.accountability D/Review: 5
2022-08-03 13:33:28.795 11749-11749/com.cpen321group.accountability D/Review: Very nice accountant
2022-08-03 13:33:28.795 11749-11749/com.cpen321group.accountability D/Review: Test
2022-08-03 13:33:28.795 11749-11749/com.cpen321group.accountability D/Review: 2022-08-03T02:12:17.000Z
2022-08-03 13:33:28.795 11749-11749/com.cpen321group.accountability D/Review: 5
2022-08-03 13:33:28.795 11749-11749/com.cpen321group.accountability D/Review: Very nice accountant
2022-08-03 13:33:28.795 11749-11749/com.cpen321group.accountability D/Review: Test
2022-08-03 13:33:28.795 11749-11749/com.cpen321group.accountability D/Review: 2022-08-03T02:20:37.000Z
2022-08-03 13:33:28.795 11749-11749/com.cpen321group.accountability D/Review: 5
2022-08-03 13:33:28.795 11749-11749/com.cpen321group.accountability D/Review: Very nice accountant
2022-08-03 13:33:28.795 11749-11749/com.cpen321group.accountability D/Review: Test
2022-08-03 13:33:28.795 11749-11749/com.cpen321group.accountability D/Review: 2022-08-03T02:52:07.000Z
2022-08-03 13:33:28.795 11749-11749/com.cpen321group.accountability D/Review: 5
2022-08-03 13:33:28.795 11749-11749/com.cpen321group.accountability D/Review: Very nice accountant
2022-08-03 13:33:28.795 11749-11749/com.cpen321group.accountability D/Review: Test
2022-08-03 13:33:28.795 11749-11749/com.cpen321group.accountability D/Review: 2022-08-03T03:01:53.000Z
2022-08-03 13:33:28.795 11749-11749/com.cpen321group.accountability D/Review: 5
2022-08-03 13:33:28.795 11749-11749/com.cpen321group.accountability D/Review: Very nice accountant
2022-08-03 13:33:28.795 11749-11749/com.cpen321group.accountability D/Review: Test
2022-08-03 13:33:28.795 11749-11749/com.cpen321group.accountability D/Review: 2022-08-03T03:04:29.000Z
2022-08-03 13:33:28.795 11749-11749/com.cpen321group.accountability D/Review: 5
2022-08-03 13:33:28.795 11749-11749/com.cpen321group.accountability D/Review: Very nice accountant
2022-08-03 13:33:28.795 11749-11749/com.cpen321group.accountability D/Review: Test
2022-08-03 13:33:28.795 11749-11749/com.cpen321group.accountability D/Review: 2022-08-03T03:09:24.000Z
2022-08-03 13:33:28.795 11749-11749/com.cpen321group.accountability D/Review: 5
2022-08-03 13:33:28.795 11749-11749/com.cpen321group.accountability D/Review: Very nice accountant
2022-08-03 13:33:28.795 11749-11749/com.cpen321group.accountability D/Review: Test
2022-08-03 13:33:28.795 11749-11749/com.cpen321group.accountability D/Review: 2022-08-03T03:26:51.000Z
2022-08-03 13:33:28.795 11749-11749/com.cpen321group.accountability D/Review: 5
2022-08-03 13:33:28.795 11749-11749/com.cpen321group.accountability D/Review: Very nice accountant
2022-08-03 13:33:28.795 11749-11749/com.cpen321group.accountability D/Review: Test
2022-08-03 13:33:28.795 11749-11749/com.cpen321group.accountability D/Review: 2022-08-03T03:39:57.000Z
2022-08-03 13:33:28.795 11749-11749/com.cpen321group.accountability D/Review: 5
2022-08-03 13:33:28.796 11749-11749/com.cpen321group.accountability D/Review: Very nice accountant
2022-08-03 13:33:28.796 11749-11749/com.cpen321group.accountability D/Review: Test
2022-08-03 13:33:28.796 11749-11749/com.cpen321group.accountability D/Review: 2022-08-03T03:45:45.000Z
2022-08-03 13:33:28.796 11749-11749/com.cpen321group.accountability D/Review: 5
2022-08-03 13:33:28.796 11749-11749/com.cpen321group.accountability D/Review: Very nice accountant
2022-08-03 13:33:28.796 11749-11749/com.cpen321group.accountability D/Review: Test
2022-08-03 13:33:28.796 11749-11749/com.cpen321group.accountability D/Review: 2022-08-03T03:49:27.000Z
2022-08-03 13:33:28.796 11749-11749/com.cpen321group.accountability D/Review: 5
2022-08-03 13:33:28.796 11749-11749/com.cpen321group.accountability D/Review: Very nice accountant
2022-08-03 13:33:28.796 11749-11749/com.cpen321group.accountability D/Review: Test
2022-08-03 13:33:28.796 11749-11749/com.cpen321group.accountability D/Review: 2022-08-03T04:42:23.000Z
2022-08-03 13:33:28.796 11749-11749/com.cpen321group.accountability D/Review: 5
2022-08-03 13:33:28.796 11749-11749/com.cpen321group.accountability D/Review: Very nice accountant
2022-08-03 13:33:28.796 11749-11749/com.cpen321group.accountability D/Review: Test
2022-08-03 13:33:28.796 11749-11749/com.cpen321group.accountability D/Review: 2022-08-03T04:50:52.000Z
2022-08-03 13:33:28.796 11749-11749/com.cpen321group.accountability D/Review: 5
2022-08-03 13:33:28.796 11749-11749/com.cpen321group.accountability D/Review: Very nice accountant
2022-08-03 13:33:28.796 11749-11749/com.cpen321group.accountability D/Review: Test
2022-08-03 13:33:28.796 11749-11749/com.cpen321group.accountability D/Review: 2022-08-03T04:53:24.000Z
2022-08-03 13:33:28.796 11749-11749/com.cpen321group.accountability D/Review: 5
2022-08-03 13:33:28.796 11749-11749/com.cpen321group.accountability D/Review: Very nice accountant
2022-08-03 13:33:28.796 11749-11749/com.cpen321group.accountability D/Review: Test
2022-08-03 13:33:28.796 11749-11749/com.cpen321group.accountability D/Review: 2022-08-03T04:58:09.000Z
2022-08-03 13:33:28.796 11749-11749/com.cpen321group.accountability D/Review: 5
2022-08-03 13:33:28.796 11749-11749/com.cpen321group.accountability D/Review: Very nice accountant
2022-08-03 13:33:28.796 11749-11749/com.cpen321group.accountability D/Review: Test
2022-08-03 13:33:28.796 11749-11749/com.cpen321group.accountability D/Review: 2022-08-03T05:05:09.000Z
2022-08-03 13:33:28.796 11749-11749/com.cpen321group.accountability D/Review: 5
2022-08-03 13:33:28.796 11749-11749/com.cpen321group.accountability D/Review: Very nice accountant
2022-08-03 13:33:28.796 11749-11749/com.cpen321group.accountability D/Review: Test
2022-08-03 13:33:28.796 11749-11749/com.cpen321group.accountability D/Review: 2022-08-03T05:17:41.000Z
2022-08-03 13:33:28.796 11749-11749/com.cpen321group.accountability D/Review: 5
2022-08-03 13:33:28.796 11749-11749/com.cpen321group.accountability D/Review: Very nice accountant
2022-08-03 13:33:28.796 11749-11749/com.cpen321group.accountability D/Review: Test
2022-08-03 13:33:28.796 11749-11749/com.cpen321group.accountability D/Review: 2022-08-03T05:29:55.000Z
2022-08-03 13:33:28.797 11749-11749/com.cpen321group.accountability D/Review: 5
2022-08-03 13:33:28.797 11749-11749/com.cpen321group.accountability D/Review: Very nice accountant
2022-08-03 13:33:28.797 11749-11749/com.cpen321group.accountability D/Review: Test
2022-08-03 13:33:28.797 11749-11749/com.cpen321group.accountability D/Review: 2022-08-03T05:33:23.000Z
2022-08-03 13:33:28.797 11749-11749/com.cpen321group.accountability D/Review: 5
2022-08-03 13:33:29.109 11749-11799/com.cpen321group.accountability I/TestRunner: finished: _i_addReviewTest(com.cpen321group.accountability.actionClickTest)
2022-08-03 13:33:29.111 11749-11749/com.cpen321group.accountability I/MonitoringInstr: Activities that are still in CREATED to STOPPED: 5
2022-08-03 13:33:29.111 11749-11749/com.cpen321group.accountability I/MonitoringInstr: Finishing activity: com.cpen321group.accountability.mainscreen.chat.ReviewActivity@a1ca040
2022-08-03 13:33:29.114 11749-11749/com.cpen321group.accountability I/MonitoringInstr: Finishing activity: androidx.test.core.app.InstrumentationActivityInvoker$BootstrapActivity@7ffb0d6
2022-08-03 13:33:29.116 11749-11749/com.cpen321group.accountability I/MonitoringInstr: Finishing activity: androidx.fragment.app.testing.FragmentScenario$EmptyFragmentActivity@483e461
2022-08-03 13:33:29.117 11749-11749/com.cpen321group.accountability I/MonitoringInstr: Finishing activity: com.cpen321group.accountability.mainscreen.chat.ReviewActivity@a1b61a7
2022-08-03 13:33:29.118 11749-11749/com.cpen321group.accountability I/MonitoringInstr: Finishing activity: com.cpen321group.accountability.mainscreen.chat.AddReviewActivity@65d6359
2022-08-03 13:33:29.119 11749-11799/com.cpen321group.accountability I/MonitoringInstr: Unstopped activity count: 1
2022-08-03 13:33:29.120 11749-11749/com.cpen321group.accountability D/LifecycleMonitor: Lifecycle status change: com.cpen321group.accountability.mainscreen.chat.ReviewActivity@a1ca040 in: PAUSED
2022-08-03 13:33:29.121 11749-11749/com.cpen321group.accountability V/ActivityScenario: Activity lifecycle changed event received but ignored because the intent does not match. startActivityIntent=Intent { act=android.intent.action.MAIN cat=[android.intent.category.LAUNCHER] cmp=com.cpen321group.accountability/androidx.fragment.app.testing.FragmentScenario$EmptyFragmentActivity (has extras) }, activity.getIntent()=Intent { cmp=com.cpen321group.accountability/.mainscreen.chat.ReviewActivity }, activity=com.cpen321group.accountability.mainscreen.chat.ReviewActivity@a1ca040
2022-08-03 13:33:29.127 11749-11749/com.cpen321group.accountability D/LifecycleMonitor: Lifecycle status change: androidx.test.core.app.InstrumentationActivityInvoker$BootstrapActivity@7ffb0d6 in: DESTROYED
2022-08-03 13:33:29.128 11749-11749/com.cpen321group.accountability V/ActivityScenario: Activity lifecycle changed event received but ignored because the intent does not match. startActivityIntent=Intent { act=android.intent.action.MAIN cat=[android.intent.category.LAUNCHER] cmp=com.cpen321group.accountability/androidx.fragment.app.testing.FragmentScenario$EmptyFragmentActivity (has extras) }, activity.getIntent()=Intent { act=android.intent.action.MAIN cat=[android.intent.category.LAUNCHER] flg=0x10008000 cmp=com.cpen321group.accountability/androidx.test.core.app.InstrumentationActivityInvoker$BootstrapActivity (has extras) }, activity=androidx.test.core.app.InstrumentationActivityInvoker$BootstrapActivity@7ffb0d6
2022-08-03 13:33:29.130 11749-11749/com.cpen321group.accountability D/LifecycleMonitor: Lifecycle status change: androidx.fragment.app.testing.FragmentScenario$EmptyFragmentActivity@483e461 in: DESTROYED
2022-08-03 13:33:29.130 11749-11749/com.cpen321group.accountability V/ActivityScenario: Update currentActivityStage to DESTROYED, currentActivity=null
2022-08-03 13:33:29.136 11749-11749/com.cpen321group.accountability D/LifecycleMonitor: Lifecycle status change: com.cpen321group.accountability.mainscreen.chat.ReviewActivity@a1b61a7 in: DESTROYED
2022-08-03 13:33:29.136 11749-11749/com.cpen321group.accountability V/ActivityScenario: Activity lifecycle changed event received but ignored because the intent does not match. startActivityIntent=Intent { act=android.intent.action.MAIN cat=[android.intent.category.LAUNCHER] cmp=com.cpen321group.accountability/androidx.fragment.app.testing.FragmentScenario$EmptyFragmentActivity (has extras) }, activity.getIntent()=Intent { cmp=com.cpen321group.accountability/.mainscreen.chat.ReviewActivity }, activity=com.cpen321group.accountability.mainscreen.chat.ReviewActivity@a1b61a7
2022-08-03 13:33:29.145 11749-11749/com.cpen321group.accountability D/LifecycleMonitor: Lifecycle status change: com.cpen321group.accountability.mainscreen.chat.AddReviewActivity@65d6359 in: DESTROYED
2022-08-03 13:33:29.145 11749-11749/com.cpen321group.accountability V/ActivityScenario: Activity lifecycle changed event received but ignored because the intent does not match. startActivityIntent=Intent { act=android.intent.action.MAIN cat=[android.intent.category.LAUNCHER] cmp=com.cpen321group.accountability/androidx.fragment.app.testing.FragmentScenario$EmptyFragmentActivity (has extras) }, activity.getIntent()=Intent { cmp=com.cpen321group.accountability/.mainscreen.chat.AddReviewActivity }, activity=com.cpen321group.accountability.mainscreen.chat.AddReviewActivity@65d6359
2022-08-03 13:33:29.171 11749-11799/com.cpen321group.accountability I/MonitoringInstr: Unstopped activity count: 1
2022-08-03 13:33:29.218 11749-11805/com.cpen321group.accountability D/EGL_emulation: eglMakeCurrent: 0xf7552840: ver 2 0 (tinfo 0xec391850)
2022-08-03 13:33:29.223 11749-11799/com.cpen321group.accountability I/MonitoringInstr: Unstopped activity count: 1
2022-08-03 13:33:29.231 11749-11749/com.cpen321group.accountability D/LifecycleMonitor: Lifecycle status change: com.cpen321group.accountability.mainscreen.chat.ReviewActivity@a1ca040 in: STOPPED
2022-08-03 13:33:29.232 11749-11749/com.cpen321group.accountability V/ActivityScenario: Activity lifecycle changed event received but ignored because the intent does not match. startActivityIntent=Intent { act=android.intent.action.MAIN cat=[android.intent.category.LAUNCHER] cmp=com.cpen321group.accountability/androidx.fragment.app.testing.FragmentScenario$EmptyFragmentActivity (has extras) }, activity.getIntent()=Intent { cmp=com.cpen321group.accountability/.mainscreen.chat.ReviewActivity }, activity=com.cpen321group.accountability.mainscreen.chat.ReviewActivity@a1ca040
2022-08-03 13:33:29.232 11749-11749/com.cpen321group.accountability D/LifecycleMonitor: Lifecycle status change: com.cpen321group.accountability.mainscreen.chat.ReviewActivity@a1ca040 in: DESTROYED
2022-08-03 13:33:29.232 11749-11749/com.cpen321group.accountability V/ActivityScenario: Activity lifecycle changed event received but ignored because the intent does not match. startActivityIntent=Intent { act=android.intent.action.MAIN cat=[android.intent.category.LAUNCHER] cmp=com.cpen321group.accountability/androidx.fragment.app.testing.FragmentScenario$EmptyFragmentActivity (has extras) }, activity.getIntent()=Intent { cmp=com.cpen321group.accountability/.mainscreen.chat.ReviewActivity }, activity=com.cpen321group.accountability.mainscreen.chat.ReviewActivity@a1ca040
2022-08-03 13:33:29.274 11749-11799/com.cpen321group.accountability I/TestRunner: started: _j_addReportTest(com.cpen321group.accountability.actionClickTest)
2022-08-03 13:33:29.278 11749-11799/com.cpen321group.accountability W/Settings: Setting always_finish_activities has moved from android.provider.Settings.System to android.provider.Settings.Global, returning read-only value.
2022-08-03 13:33:29.298 11749-11749/com.cpen321group.accountability W/ActivityThread: handleWindowVisibility: no activity for token android.os.BinderProxy@1064711
2022-08-03 13:33:29.304 11749-11749/com.cpen321group.accountability D/LifecycleMonitor: Lifecycle status change: androidx.test.core.app.InstrumentationActivityInvoker$BootstrapActivity@179a076 in: PRE_ON_CREATE
2022-08-03 13:33:29.304 11749-11749/com.cpen321group.accountability V/ActivityScenario: Activity lifecycle changed event received but ignored because the intent does not match. startActivityIntent=Intent { act=android.intent.action.MAIN cat=[android.intent.category.LAUNCHER] cmp=com.cpen321group.accountability/androidx.fragment.app.testing.FragmentScenario$EmptyFragmentActivity (has extras) }, activity.getIntent()=Intent { act=android.intent.action.MAIN cat=[android.intent.category.LAUNCHER] flg=0x10008000 cmp=com.cpen321group.accountability/androidx.test.core.app.InstrumentationActivityInvoker$BootstrapActivity (has extras) }, activity=androidx.test.core.app.InstrumentationActivityInvoker$BootstrapActivity@179a076
2022-08-03 13:33:29.305 11749-11749/com.cpen321group.accountability V/ActivityScenario: Activity lifecycle changed event received but ignored because the intent does not match. startActivityIntent=Intent { act=android.intent.action.MAIN cat=[android.intent.category.LAUNCHER] cmp=com.cpen321group.accountability/.HomeScreenActivity }, activity.getIntent()=Intent { act=android.intent.action.MAIN cat=[android.intent.category.LAUNCHER] flg=0x10008000 cmp=com.cpen321group.accountability/androidx.test.core.app.InstrumentationActivityInvoker$BootstrapActivity (has extras) }, activity=androidx.test.core.app.InstrumentationActivityInvoker$BootstrapActivity@179a076
2022-08-03 13:33:29.321 11749-11749/com.cpen321group.accountability D/LifecycleMonitor: Lifecycle status change: androidx.test.core.app.InstrumentationActivityInvoker$BootstrapActivity@179a076 in: CREATED
2022-08-03 13:33:29.321 11749-11749/com.cpen321group.accountability V/ActivityScenario: Activity lifecycle changed event received but ignored because the intent does not match. startActivityIntent=Intent { act=android.intent.action.MAIN cat=[android.intent.category.LAUNCHER] cmp=com.cpen321group.accountability/androidx.fragment.app.testing.FragmentScenario$EmptyFragmentActivity (has extras) }, activity.getIntent()=Intent { act=android.intent.action.MAIN cat=[android.intent.category.LAUNCHER] flg=0x10008000 cmp=com.cpen321group.accountability/androidx.test.core.app.InstrumentationActivityInvoker$BootstrapActivity (has extras) }, activity=androidx.test.core.app.InstrumentationActivityInvoker$BootstrapActivity@179a076
2022-08-03 13:33:29.321 11749-11749/com.cpen321group.accountability V/ActivityScenario: Activity lifecycle changed event received but ignored because the intent does not match. startActivityIntent=Intent { act=android.intent.action.MAIN cat=[android.intent.category.LAUNCHER] cmp=com.cpen321group.accountability/.HomeScreenActivity }, activity.getIntent()=Intent { act=android.intent.action.MAIN cat=[android.intent.category.LAUNCHER] flg=0x10008000 cmp=com.cpen321group.accountability/androidx.test.core.app.InstrumentationActivityInvoker$BootstrapActivity (has extras) }, activity=androidx.test.core.app.InstrumentationActivityInvoker$BootstrapActivity@179a076
2022-08-03 13:33:29.322 11749-11749/com.cpen321group.accountability D/LifecycleMonitor: Lifecycle status change: androidx.test.core.app.InstrumentationActivityInvoker$BootstrapActivity@179a076 in: STARTED
2022-08-03 13:33:29.322 11749-11749/com.cpen321group.accountability V/ActivityScenario: Activity lifecycle changed event received but ignored because the intent does not match. startActivityIntent=Intent { act=android.intent.action.MAIN cat=[android.intent.category.LAUNCHER] cmp=com.cpen321group.accountability/androidx.fragment.app.testing.FragmentScenario$EmptyFragmentActivity (has extras) }, activity.getIntent()=Intent { act=android.intent.action.MAIN cat=[android.intent.category.LAUNCHER] flg=0x10008000 cmp=com.cpen321group.accountability/androidx.test.core.app.InstrumentationActivityInvoker$BootstrapActivity (has extras) }, activity=androidx.test.core.app.InstrumentationActivityInvoker$BootstrapActivity@179a076
2022-08-03 13:33:29.322 11749-11749/com.cpen321group.accountability V/ActivityScenario: Activity lifecycle changed event received but ignored because the intent does not match. startActivityIntent=Intent { act=android.intent.action.MAIN cat=[android.intent.category.LAUNCHER] cmp=com.cpen321group.accountability/.HomeScreenActivity }, activity.getIntent()=Intent { act=android.intent.action.MAIN cat=[android.intent.category.LAUNCHER] flg=0x10008000 cmp=com.cpen321group.accountability/androidx.test.core.app.InstrumentationActivityInvoker$BootstrapActivity (has extras) }, activity=androidx.test.core.app.InstrumentationActivityInvoker$BootstrapActivity@179a076
2022-08-03 13:33:29.328 11749-11749/com.cpen321group.accountability D/LifecycleMonitor: Lifecycle status change: androidx.test.core.app.InstrumentationActivityInvoker$BootstrapActivity@179a076 in: RESUMED
2022-08-03 13:33:29.328 11749-11749/com.cpen321group.accountability V/ActivityScenario: Activity lifecycle changed event received but ignored because the intent does not match. startActivityIntent=Intent { act=android.intent.action.MAIN cat=[android.intent.category.LAUNCHER] cmp=com.cpen321group.accountability/androidx.fragment.app.testing.FragmentScenario$EmptyFragmentActivity (has extras) }, activity.getIntent()=Intent { act=android.intent.action.MAIN cat=[android.intent.category.LAUNCHER] flg=0x10008000 cmp=com.cpen321group.accountability/androidx.test.core.app.InstrumentationActivityInvoker$BootstrapActivity (has extras) }, activity=androidx.test.core.app.InstrumentationActivityInvoker$BootstrapActivity@179a076
2022-08-03 13:33:29.328 11749-11749/com.cpen321group.accountability V/ActivityScenario: Activity lifecycle changed event received but ignored because the intent does not match. startActivityIntent=Intent { act=android.intent.action.MAIN cat=[android.intent.category.LAUNCHER] cmp=com.cpen321group.accountability/.HomeScreenActivity }, activity.getIntent()=Intent { act=android.intent.action.MAIN cat=[android.intent.category.LAUNCHER] flg=0x10008000 cmp=com.cpen321group.accountability/androidx.test.core.app.InstrumentationActivityInvoker$BootstrapActivity (has extras) }, activity=androidx.test.core.app.InstrumentationActivityInvoker$BootstrapActivity@179a076
2022-08-03 13:33:29.329 11749-11749/com.cpen321group.accountability D/LifecycleMonitor: Lifecycle status change: androidx.test.core.app.InstrumentationActivityInvoker$BootstrapActivity@179a076 in: PAUSED
2022-08-03 13:33:29.329 11749-11749/com.cpen321group.accountability V/ActivityScenario: Activity lifecycle changed event received but ignored because the intent does not match. startActivityIntent=Intent { act=android.intent.action.MAIN cat=[android.intent.category.LAUNCHER] cmp=com.cpen321group.accountability/androidx.fragment.app.testing.FragmentScenario$EmptyFragmentActivity (has extras) }, activity.getIntent()=Intent { act=android.intent.action.MAIN cat=[android.intent.category.LAUNCHER] flg=0x10008000 cmp=com.cpen321group.accountability/androidx.test.core.app.InstrumentationActivityInvoker$BootstrapActivity (has extras) }, activity=androidx.test.core.app.InstrumentationActivityInvoker$BootstrapActivity@179a076
2022-08-03 13:33:29.329 11749-11749/com.cpen321group.accountability V/ActivityScenario: Activity lifecycle changed event received but ignored because the intent does not match. startActivityIntent=Intent { act=android.intent.action.MAIN cat=[android.intent.category.LAUNCHER] cmp=com.cpen321group.accountability/.HomeScreenActivity }, activity.getIntent()=Intent { act=android.intent.action.MAIN cat=[android.intent.category.LAUNCHER] flg=0x10008000 cmp=com.cpen321group.accountability/androidx.test.core.app.InstrumentationActivityInvoker$BootstrapActivity (has extras) }, activity=androidx.test.core.app.InstrumentationActivityInvoker$BootstrapActivity@179a076
2022-08-03 13:33:29.336 11749-11749/com.cpen321group.accountability W/ActivityThread: handleWindowVisibility: no activity for token android.os.BinderProxy@2abd6f
2022-08-03 13:33:29.346 11749-11749/com.cpen321group.accountability D/LifecycleMonitor: Lifecycle status change: com.cpen321group.accountability.HomeScreenActivity@776eb67 in: PRE_ON_CREATE
2022-08-03 13:33:29.346 11749-11749/com.cpen321group.accountability V/ActivityScenario: Activity lifecycle changed event received but ignored because the intent does not match. startActivityIntent=Intent { act=android.intent.action.MAIN cat=[android.intent.category.LAUNCHER] cmp=com.cpen321group.accountability/androidx.fragment.app.testing.FragmentScenario$EmptyFragmentActivity (has extras) }, activity.getIntent()=Intent { act=android.intent.action.MAIN cat=[android.intent.category.LAUNCHER] cmp=com.cpen321group.accountability/.HomeScreenActivity }, activity=com.cpen321group.accountability.HomeScreenActivity@776eb67
2022-08-03 13:33:29.346 11749-11749/com.cpen321group.accountability V/ActivityScenario: Activity lifecycle changed event received but ignored because the reported transition was not ON_CREATE while the last known transition was PRE_ON_CREATE
2022-08-03 13:33:29.398 11749-11749/com.cpen321group.accountability D/LifecycleMonitor: Lifecycle status change: com.cpen321group.accountability.HomeScreenActivity@776eb67 in: CREATED
2022-08-03 13:33:29.399 11749-11749/com.cpen321group.accountability V/ActivityScenario: Activity lifecycle changed event received but ignored because the intent does not match. startActivityIntent=Intent { act=android.intent.action.MAIN cat=[android.intent.category.LAUNCHER] cmp=com.cpen321group.accountability/androidx.fragment.app.testing.FragmentScenario$EmptyFragmentActivity (has extras) }, activity.getIntent()=Intent { act=android.intent.action.MAIN cat=[android.intent.category.LAUNCHER] cmp=com.cpen321group.accountability/.HomeScreenActivity }, activity=com.cpen321group.accountability.HomeScreenActivity@776eb67
2022-08-03 13:33:29.399 11749-11749/com.cpen321group.accountability V/ActivityScenario: Update currentActivityStage to CREATED, currentActivity=com.cpen321group.accountability.HomeScreenActivity@776eb67
2022-08-03 13:33:29.403 11749-11749/com.cpen321group.accountability D/LifecycleMonitor: Lifecycle status change: com.cpen321group.accountability.HomeScreenActivity@776eb67 in: STARTED
2022-08-03 13:33:29.406 11749-11749/com.cpen321group.accountability V/ActivityScenario: Activity lifecycle changed event received but ignored because the intent does not match. startActivityIntent=Intent { act=android.intent.action.MAIN cat=[android.intent.category.LAUNCHER] cmp=com.cpen321group.accountability/androidx.fragment.app.testing.FragmentScenario$EmptyFragmentActivity (has extras) }, activity.getIntent()=Intent { act=android.intent.action.MAIN cat=[android.intent.category.LAUNCHER] cmp=com.cpen321group.accountability/.HomeScreenActivity }, activity=com.cpen321group.accountability.HomeScreenActivity@776eb67
2022-08-03 13:33:29.406 11749-11749/com.cpen321group.accountability V/ActivityScenario: Update currentActivityStage to STARTED, currentActivity=com.cpen321group.accountability.HomeScreenActivity@776eb67
2022-08-03 13:33:29.411 11749-11749/com.cpen321group.accountability D/LifecycleMonitor: Lifecycle status change: com.cpen321group.accountability.HomeScreenActivity@776eb67 in: RESUMED
2022-08-03 13:33:29.413 11749-11749/com.cpen321group.accountability V/ActivityScenario: Activity lifecycle changed event received but ignored because the intent does not match. startActivityIntent=Intent { act=android.intent.action.MAIN cat=[android.intent.category.LAUNCHER] cmp=com.cpen321group.accountability/androidx.fragment.app.testing.FragmentScenario$EmptyFragmentActivity (has extras) }, activity.getIntent()=Intent { act=android.intent.action.MAIN cat=[android.intent.category.LAUNCHER] cmp=com.cpen321group.accountability/.HomeScreenActivity }, activity=com.cpen321group.accountability.HomeScreenActivity@776eb67
2022-08-03 13:33:29.413 11749-11749/com.cpen321group.accountability V/ActivityScenario: Update currentActivityStage to RESUMED, currentActivity=com.cpen321group.accountability.HomeScreenActivity@776eb67
2022-08-03 13:33:29.418 11749-11749/com.cpen321group.accountability D/LifecycleMonitor: Lifecycle status change: androidx.test.core.app.InstrumentationActivityInvoker$BootstrapActivity@179a076 in: STOPPED
2022-08-03 13:33:29.418 11749-11749/com.cpen321group.accountability V/ActivityScenario: Activity lifecycle changed event received but ignored because the intent does not match. startActivityIntent=Intent { act=android.intent.action.MAIN cat=[android.intent.category.LAUNCHER] cmp=com.cpen321group.accountability/androidx.fragment.app.testing.FragmentScenario$EmptyFragmentActivity (has extras) }, activity.getIntent()=Intent { act=android.intent.action.MAIN cat=[android.intent.category.LAUNCHER] flg=0x10008000 cmp=com.cpen321group.accountability/androidx.test.core.app.InstrumentationActivityInvoker$BootstrapActivity (has extras) }, activity=androidx.test.core.app.InstrumentationActivityInvoker$BootstrapActivity@179a076
2022-08-03 13:33:29.418 11749-11749/com.cpen321group.accountability V/ActivityScenario: Activity lifecycle changed event received but ignored because the intent does not match. startActivityIntent=Intent { act=android.intent.action.MAIN cat=[android.intent.category.LAUNCHER] cmp=com.cpen321group.accountability/.HomeScreenActivity }, activity.getIntent()=Intent { act=android.intent.action.MAIN cat=[android.intent.category.LAUNCHER] flg=0x10008000 cmp=com.cpen321group.accountability/androidx.test.core.app.InstrumentationActivityInvoker$BootstrapActivity (has extras) }, activity=androidx.test.core.app.InstrumentationActivityInvoker$BootstrapActivity@179a076
2022-08-03 13:33:29.447 11749-11805/com.cpen321group.accountability D/EGL_emulation: eglMakeCurrent: 0xf7552840: ver 2 0 (tinfo 0xec391850)
2022-08-03 13:33:30.277 11749-11749/com.cpen321group.accountability D/User's all goals:: Response{protocol=http/1.1, code=200, message=OK, url=http://20.104.57.27:8000/goals/100141214588378665776go}
2022-08-03 13:33:30.278 11749-11749/com.cpen321group.accountability D/date: -12
2022-08-03 13:33:30.278 11749-11749/com.cpen321group.accountability D/date: -12
2022-08-03 13:33:30.278 11749-11749/com.cpen321group.accountability D/date: 57
2022-08-03 13:33:30.279 11749-11749/com.cpen321group.accountability D/date: 57
2022-08-03 13:33:30.290 11749-11749/com.cpen321group.accountability D/User's all goals:: Response{protocol=http/1.1, code=200, message=OK, url=http://20.104.57.27:8000/transactions/100141214588378665776go}
2022-08-03 13:33:31.273 11749-11749/com.cpen321group.accountability D/Account: {"_id":"62d7537d6ad3fbb4407dc5ba","accountId":"100141214588378665776go","profile":{"firstname":"Vicky","lastname":"Xie","email":"vickyxie2014@gmail.com","age":20,"profession":"student","_id":"62d7537d6ad3fbb4407dc5bb"},"isAccountant":false,"subscription":{"subscriptionDate":"2022-01-01T00:00:00.000Z","expiryDate":"2022-09-30T00:00:00.000Z","_id":"62d7537d6ad3fbb4407dc5b9"},"reviews":[],"__v":0}
2022-08-03 13:33:31.273 11749-11749/com.cpen321group.accountability D/Message: false
2022-08-03 13:33:32.415 11749-11749/com.cpen321group.accountability I/ViewInteraction: Performing 'single click' action on view view.getId() is <2131296895/com.cpen321group.accountability:id/report_gen_button>
