2022-08-03 13:32:30.391 11749-11749/com.cpen321group.accountability V/ActivityScenario: Activity lifecycle changed event received but ignored because the intent does not match. startActivityIntent=Intent { act=android.intent.action.MAIN cat=[android.intent.category.LAUNCHER] cmp=com.cpen321group.accountability/.HomeScreenActivity }, activity.getIntent()=Intent { cmp=com.cpen321group.accountability/.mainscreen.dashboard.functionpack.TransactionSetActivity }, activity=com.cpen321group.accountability.mainscreen.dashboard.functionpack.TransactionSetActivity@4eb3e2
2022-08-03 13:32:30.393 11749-11749/com.cpen321group.accountability D/LifecycleMonitor: Lifecycle status change: com.cpen321group.accountability.mainscreen.dashboard.functionpack.TransactionSetActivity@4eb3e2 in: RESUMED
2022-08-03 13:32:30.393 11749-11749/com.cpen321group.accountability V/ActivityScenario: Activity lifecycle changed event received but ignored because the intent does not match. startActivityIntent=Intent { act=android.intent.action.MAIN cat=[android.intent.category.LAUNCHER] cmp=com.cpen321group.accountability/.HomeScreenActivity }, activity.getIntent()=Intent { cmp=com.cpen321group.accountability/.mainscreen.dashboard.functionpack.TransactionSetActivity }, activity=com.cpen321group.accountability.mainscreen.dashboard.functionpack.TransactionSetActivity@4eb3e2
2022-08-03 13:32:30.405 11749-11749/com.cpen321group.accountability W/RecyclerView: No adapter attached; skipping layout
2022-08-03 13:32:30.410 11749-11805/com.cpen321group.accountability D/EGL_emulation: eglMakeCurrent: 0xf7552840: ver 2 0 (tinfo 0xec391850)
2022-08-03 13:32:30.414 11749-11805/com.cpen321group.accountability D/EGL_emulation: eglMakeCurrent: 0xf7552840: ver 2 0 (tinfo 0xec391850)
2022-08-03 13:32:30.424 11749-11805/com.cpen321group.accountability D/EGL_emulation: eglMakeCurrent: 0xf7552840: ver 2 0 (tinfo 0xec391850)
2022-08-03 13:32:30.455 11749-11749/com.cpen321group.accountability D/LifecycleMonitor: Lifecycle status change: com.cpen321group.accountability.HomeScreenActivity@d4a30fb in: STOPPED
2022-08-03 13:32:30.455 11749-11749/com.cpen321group.accountability V/ActivityScenario: Update currentActivityStage to STOPPED, currentActivity=com.cpen321group.accountability.HomeScreenActivity@d4a30fb
2022-08-03 13:32:31.259 11749-11749/com.cpen321group.accountability D/User's all goals:: Response{protocol=http/1.1, code=200, message=OK, url=http://20.104.57.27:8000/transactions/100141214588378665776go}
2022-08-03 13:32:32.561 11749-11749/com.cpen321group.accountability D/Transaction history:: java.net.SocketException: Connection reset
2022-08-03 13:32:34.662 11749-11749/com.cpen321group.accountability I/ViewInteraction: Performing 'scroll RecyclerView to position: 0' action on view view.getId() is <2131297105/com.cpen321group.accountability:id/transactionRV>
2022-08-03 13:32:34.678 11749-11749/com.cpen321group.accountability I/ViewInteraction: Performing 'actionOnItemAtPosition performing ViewAction: Click on a child view with specified id. on item at position: 0' action on view view.getId() is <2131297105/com.cpen321group.accountability:id/transactionRV>
2022-08-03 13:32:34.695 11749-11749/com.cpen321group.accountability D/UserId + TransactionId: 100141214588378665776go 62ea011db999ca9e498b5717
2022-08-03 13:32:35.394 11749-11749/com.cpen321group.accountability D/Delete: success
2022-08-03 13:32:35.416 11749-11805/com.cpen321group.accountability D/EGL_emulation: eglMakeCurrent: 0xf7552840: ver 2 0 (tinfo 0xec391850)
2022-08-03 13:32:35.423 11749-11805/com.cpen321group.accountability D/EGL_emulation: eglMakeCurrent: 0xf7552840: ver 2 0 (tinfo 0xec391850)
2022-08-03 13:32:36.704 11749-11749/com.cpen321group.accountability I/ViewInteraction: Checking 'com.cpen321group.accountability.actionClickTest$1@15d4ac3' assertion on view view.getRootView() to equal view
2022-08-03 13:32:36.705 11749-11749/com.cpen321group.accountability I/ViewInteraction: Checking 'MatchesViewAssertion{viewMatcher=(view has effective visibility <VISIBLE> and view.getGlobalVisibleRect() to return non-empty rectangle)}' assertion on view an instance of android.widget.TextView and view.getText() with or without transformation to match: is "You have successfully deleted your selected transaction"
2022-08-03 13:32:36.712 11749-11749/com.cpen321group.accountability D/LifecycleMonitor: Lifecycle status change: com.cpen321group.accountability.mainscreen.dashboard.functionpack.TransactionSetActivity@4eb3e2 in: PAUSED
2022-08-03 13:32:36.712 11749-11749/com.cpen321group.accountability V/ActivityScenario: Activity lifecycle changed event received but ignored because the intent does not match. startActivityIntent=Intent { act=android.intent.action.MAIN cat=[android.intent.category.LAUNCHER] cmp=com.cpen321group.accountability/.HomeScreenActivity }, activity.getIntent()=Intent { cmp=com.cpen321group.accountability/.mainscreen.dashboard.functionpack.TransactionSetActivity }, activity=com.cpen321group.accountability.mainscreen.dashboard.functionpack.TransactionSetActivity@4eb3e2
2022-08-03 13:32:36.716 11749-11749/com.cpen321group.accountability W/ActivityThread: handleWindowVisibility: no activity for token android.os.BinderProxy@38f3f6c
2022-08-03 13:32:36.718 11749-11749/com.cpen321group.accountability D/LifecycleMonitor: Lifecycle status change: androidx.test.core.app.InstrumentationActivityInvoker$EmptyActivity@2d91935 in: PRE_ON_CREATE
2022-08-03 13:32:36.718 11749-11749/com.cpen321group.accountability V/ActivityScenario: Activity lifecycle changed event received but ignored because the intent does not match. startActivityIntent=Intent { act=android.intent.action.MAIN cat=[android.intent.category.LAUNCHER] cmp=com.cpen321group.accountability/.HomeScreenActivity }, activity.getIntent()=Intent { act=android.intent.action.MAIN cat=[android.intent.category.LAUNCHER] flg=0x10000000 cmp=com.cpen321group.accountability/androidx.test.core.app.InstrumentationActivityInvoker$EmptyActivity }, activity=androidx.test.core.app.InstrumentationActivityInvoker$EmptyActivity@2d91935
2022-08-03 13:32:36.722 11749-11749/com.cpen321group.accountability D/LifecycleMonitor: Lifecycle status change: androidx.test.core.app.InstrumentationActivityInvoker$EmptyActivity@2d91935 in: CREATED
2022-08-03 13:32:36.722 11749-11749/com.cpen321group.accountability V/ActivityScenario: Activity lifecycle changed event received but ignored because the intent does not match. startActivityIntent=Intent { act=android.intent.action.MAIN cat=[android.intent.category.LAUNCHER] cmp=com.cpen321group.accountability/.HomeScreenActivity }, activity.getIntent()=Intent { act=android.intent.action.MAIN cat=[android.intent.category.LAUNCHER] flg=0x10000000 cmp=com.cpen321group.accountability/androidx.test.core.app.InstrumentationActivityInvoker$EmptyActivity }, activity=androidx.test.core.app.InstrumentationActivityInvoker$EmptyActivity@2d91935
2022-08-03 13:32:36.723 11749-11749/com.cpen321group.accountability D/LifecycleMonitor: Lifecycle status change: androidx.test.core.app.InstrumentationActivityInvoker$EmptyActivity@2d91935 in: STARTED
2022-08-03 13:32:36.723 11749-11749/com.cpen321group.accountability V/ActivityScenario: Activity lifecycle changed event received but ignored because the intent does not match. startActivityIntent=Intent { act=android.intent.action.MAIN cat=[android.intent.category.LAUNCHER] cmp=com.cpen321group.accountability/.HomeScreenActivity }, activity.getIntent()=Intent { act=android.intent.action.MAIN cat=[android.intent.category.LAUNCHER] flg=0x10000000 cmp=com.cpen321group.accountability/androidx.test.core.app.InstrumentationActivityInvoker$EmptyActivity }, activity=androidx.test.core.app.InstrumentationActivityInvoker$EmptyActivity@2d91935
2022-08-03 13:32:36.724 11749-11749/com.cpen321group.accountability D/LifecycleMonitor: Lifecycle status change: androidx.test.core.app.InstrumentationActivityInvoker$EmptyActivity@2d91935 in: RESUMED
2022-08-03 13:32:36.724 11749-11749/com.cpen321group.accountability V/ActivityScenario: Activity lifecycle changed event received but ignored because the intent does not match. startActivityIntent=Intent { act=android.intent.action.MAIN cat=[android.intent.category.LAUNCHER] cmp=com.cpen321group.accountability/.HomeScreenActivity }, activity.getIntent()=Intent { act=android.intent.action.MAIN cat=[android.intent.category.LAUNCHER] flg=0x10000000 cmp=com.cpen321group.accountability/androidx.test.core.app.InstrumentationActivityInvoker$EmptyActivity }, activity=androidx.test.core.app.InstrumentationActivityInvoker$EmptyActivity@2d91935
2022-08-03 13:32:36.740 11749-11805/com.cpen321group.accountability D/EGL_emulation: eglMakeCurrent: 0xf7552840: ver 2 0 (tinfo 0xec391850)
2022-08-03 13:32:36.745 11749-11805/com.cpen321group.accountability D/EGL_emulation: eglMakeCurrent: 0xf7552840: ver 2 0 (tinfo 0xec391850)
2022-08-03 13:32:36.758 11749-11749/com.cpen321group.accountability D/LifecycleMonitor: Lifecycle status change: com.cpen321group.accountability.HomeScreenActivity@d4a30fb in: DESTROYED
2022-08-03 13:32:36.758 11749-11749/com.cpen321group.accountability V/ActivityScenario: Update currentActivityStage to DESTROYED, currentActivity=null
2022-08-03 13:32:36.767 11749-11805/com.cpen321group.accountability D/EGL_emulation: eglMakeCurrent: 0xf7552840: ver 2 0 (tinfo 0xec391850)
2022-08-03 13:32:36.775 11749-11805/com.cpen321group.accountability D/EGL_emulation: eglMakeCurrent: 0xf7552840: ver 2 0 (tinfo 0xec391850)
2022-08-03 13:32:36.776 11749-11749/com.cpen321group.accountability D/LifecycleMonitor: Lifecycle status change: androidx.test.core.app.InstrumentationActivityInvoker$EmptyActivity@2d91935 in: PAUSED
2022-08-03 13:32:36.776 11749-11749/com.cpen321group.accountability V/ActivityScenario: Activity lifecycle changed event received but ignored because the intent does not match. startActivityIntent=Intent { act=android.intent.action.MAIN cat=[android.intent.category.LAUNCHER] cmp=com.cpen321group.accountability/.HomeScreenActivity }, activity.getIntent()=Intent { act=android.intent.action.MAIN cat=[android.intent.category.LAUNCHER] flg=0x10000000 cmp=com.cpen321group.accountability/androidx.test.core.app.InstrumentationActivityInvoker$EmptyActivity }, activity=androidx.test.core.app.InstrumentationActivityInvoker$EmptyActivity@2d91935
2022-08-03 13:32:36.781 11749-11749/com.cpen321group.accountability D/LifecycleMonitor: Lifecycle status change: androidx.test.core.app.InstrumentationActivityInvoker$BootstrapActivity@abf4001 in: DESTROYED
2022-08-03 13:32:36.781 11749-11749/com.cpen321group.accountability V/ActivityScenario: Activity lifecycle changed event received but ignored because the intent does not match. startActivityIntent=Intent { act=android.intent.action.MAIN cat=[android.intent.category.LAUNCHER] cmp=com.cpen321group.accountability/.HomeScreenActivity }, activity.getIntent()=Intent { act=android.intent.action.MAIN cat=[android.intent.category.LAUNCHER] flg=0x10008000 cmp=com.cpen321group.accountability/androidx.test.core.app.InstrumentationActivityInvoker$BootstrapActivity (has extras) }, activity=androidx.test.core.app.InstrumentationActivityInvoker$BootstrapActivity@abf4001
2022-08-03 13:32:36.781 11749-11749/com.cpen321group.accountability W/ActivityThread: handleWindowVisibility: no activity for token android.os.BinderProxy@6a1c107
2022-08-03 13:32:36.787 11749-11749/com.cpen321group.accountability D/LifecycleMonitor: Lifecycle status change: androidx.test.core.app.InstrumentationActivityInvoker$EmptyActivity@e198234 in: PRE_ON_CREATE
2022-08-03 13:32:36.787 11749-11749/com.cpen321group.accountability V/ActivityScenario: Activity lifecycle changed event received but ignored because the intent does not match. startActivityIntent=Intent { act=android.intent.action.MAIN cat=[android.intent.category.LAUNCHER] cmp=com.cpen321group.accountability/.HomeScreenActivity }, activity.getIntent()=Intent { act=android.intent.action.MAIN cat=[android.intent.category.LAUNCHER] flg=0x10000000 cmp=com.cpen321group.accountability/androidx.test.core.app.InstrumentationActivityInvoker$EmptyActivity }, activity=androidx.test.core.app.InstrumentationActivityInvoker$EmptyActivity@e198234
2022-08-03 13:32:36.791 11749-11749/com.cpen321group.accountability D/LifecycleMonitor: Lifecycle status change: androidx.test.core.app.InstrumentationActivityInvoker$EmptyActivity@e198234 in: CREATED
2022-08-03 13:32:36.791 11749-11749/com.cpen321group.accountability V/ActivityScenario: Activity lifecycle changed event received but ignored because the intent does not match. startActivityIntent=Intent { act=android.intent.action.MAIN cat=[android.intent.category.LAUNCHER] cmp=com.cpen321group.accountability/.HomeScreenActivity }, activity.getIntent()=Intent { act=android.intent.action.MAIN cat=[android.intent.category.LAUNCHER] flg=0x10000000 cmp=com.cpen321group.accountability/androidx.test.core.app.InstrumentationActivityInvoker$EmptyActivity }, activity=androidx.test.core.app.InstrumentationActivityInvoker$EmptyActivity@e198234
2022-08-03 13:32:36.792 11749-11749/com.cpen321group.accountability D/LifecycleMonitor: Lifecycle status change: androidx.test.core.app.InstrumentationActivityInvoker$EmptyActivity@e198234 in: STARTED
2022-08-03 13:32:36.792 11749-11749/com.cpen321group.accountability V/ActivityScenario: Activity lifecycle changed event received but ignored because the intent does not match. startActivityIntent=Intent { act=android.intent.action.MAIN cat=[android.intent.category.LAUNCHER] cmp=com.cpen321group.accountability/.HomeScreenActivity }, activity.getIntent()=Intent { act=android.intent.action.MAIN cat=[android.intent.category.LAUNCHER] flg=0x10000000 cmp=com.cpen321group.accountability/androidx.test.core.app.InstrumentationActivityInvoker$EmptyActivity }, activity=androidx.test.core.app.InstrumentationActivityInvoker$EmptyActivity@e198234
2022-08-03 13:32:36.793 11749-11749/com.cpen321group.accountability D/LifecycleMonitor: Lifecycle status change: androidx.test.core.app.InstrumentationActivityInvoker$EmptyActivity@e198234 in: RESUMED
2022-08-03 13:32:36.793 11749-11749/com.cpen321group.accountability V/ActivityScenario: Activity lifecycle changed event received but ignored because the intent does not match. startActivityIntent=Intent { act=android.intent.action.MAIN cat=[android.intent.category.LAUNCHER] cmp=com.cpen321group.accountability/.HomeScreenActivity }, activity.getIntent()=Intent { act=android.intent.action.MAIN cat=[android.intent.category.LAUNCHER] flg=0x10000000 cmp=com.cpen321group.accountability/androidx.test.core.app.InstrumentationActivityInvoker$EmptyActivity }, activity=androidx.test.core.app.InstrumentationActivityInvoker$EmptyActivity@e198234
2022-08-03 13:32:36.797 11749-11749/com.cpen321group.accountability D/LifecycleMonitor: Lifecycle status change: com.cpen321group.accountability.mainscreen.dashboard.functionpack.TransactionSetActivity@4eb3e2 in: STOPPED
2022-08-03 13:32:36.797 11749-11749/com.cpen321group.accountability V/ActivityScenario: Activity lifecycle changed event received but ignored because the intent does not match. startActivityIntent=Intent { act=android.intent.action.MAIN cat=[android.intent.category.LAUNCHER] cmp=com.cpen321group.accountability/.HomeScreenActivity }, activity.getIntent()=Intent { cmp=com.cpen321group.accountability/.mainscreen.dashboard.functionpack.TransactionSetActivity }, activity=com.cpen321group.accountability.mainscreen.dashboard.functionpack.TransactionSetActivity@4eb3e2
2022-08-03 13:32:36.811 11749-11805/com.cpen321group.accountability D/EGL_emulation: eglMakeCurrent: 0xf7552840: ver 2 0 (tinfo 0xec391850)
2022-08-03 13:32:36.847 11749-11749/com.cpen321group.accountability D/LifecycleMonitor: Lifecycle status change: androidx.test.core.app.InstrumentationActivityInvoker$EmptyActivity@2d91935 in: STOPPED
2022-08-03 13:32:36.847 11749-11749/com.cpen321group.accountability V/ActivityScenario: Activity lifecycle changed event received but ignored because the intent does not match. startActivityIntent=Intent { act=android.intent.action.MAIN cat=[android.intent.category.LAUNCHER] cmp=com.cpen321group.accountability/.HomeScreenActivity }, activity.getIntent()=Intent { act=android.intent.action.MAIN cat=[android.intent.category.LAUNCHER] flg=0x10000000 cmp=com.cpen321group.accountability/androidx.test.core.app.InstrumentationActivityInvoker$EmptyActivity }, activity=androidx.test.core.app.InstrumentationActivityInvoker$EmptyActivity@2d91935
2022-08-03 13:32:36.848 11749-11749/com.cpen321group.accountability D/LifecycleMonitor: Lifecycle status change: androidx.test.core.app.InstrumentationActivityInvoker$EmptyActivity@2d91935 in: DESTROYED
2022-08-03 13:32:36.848 11749-11749/com.cpen321group.accountability V/ActivityScenario: Activity lifecycle changed event received but ignored because the intent does not match. startActivityIntent=Intent { act=android.intent.action.MAIN cat=[android.intent.category.LAUNCHER] cmp=com.cpen321group.accountability/.HomeScreenActivity }, activity.getIntent()=Intent { act=android.intent.action.MAIN cat=[android.intent.category.LAUNCHER] flg=0x10000000 cmp=com.cpen321group.accountability/androidx.test.core.app.InstrumentationActivityInvoker$EmptyActivity }, activity=androidx.test.core.app.InstrumentationActivityInvoker$EmptyActivity@2d91935
2022-08-03 13:32:36.851 11749-11749/com.cpen321group.accountability D/LifecycleMonitor: Lifecycle status change: androidx.test.core.app.InstrumentationActivityInvoker$EmptyActivity@e198234 in: PAUSED
2022-08-03 13:32:36.851 11749-11749/com.cpen321group.accountability V/ActivityScenario: Activity lifecycle changed event received but ignored because the intent does not match. startActivityIntent=Intent { act=android.intent.action.MAIN cat=[android.intent.category.LAUNCHER] cmp=com.cpen321group.accountability/.HomeScreenActivity }, activity.getIntent()=Intent { act=android.intent.action.MAIN cat=[android.intent.category.LAUNCHER] flg=0x10000000 cmp=com.cpen321group.accountability/androidx.test.core.app.InstrumentationActivityInvoker$EmptyActivity }, activity=androidx.test.core.app.InstrumentationActivityInvoker$EmptyActivity@e198234
2022-08-03 13:32:36.858 11749-11749/com.cpen321group.accountability D/LifecycleMonitor: Lifecycle status change: com.cpen321group.accountability.mainscreen.dashboard.functionpack.TransactionSetActivity@4eb3e2 in: RESTARTED
2022-08-03 13:32:36.858 11749-11749/com.cpen321group.accountability V/ActivityScenario: Activity lifecycle changed event received but ignored because the intent does not match. startActivityIntent=Intent { act=android.intent.action.MAIN cat=[android.intent.category.LAUNCHER] cmp=com.cpen321group.accountability/.HomeScreenActivity }, activity.getIntent()=Intent { cmp=com.cpen321group.accountability/.mainscreen.dashboard.functionpack.TransactionSetActivity }, activity=com.cpen321group.accountability.mainscreen.dashboard.functionpack.TransactionSetActivity@4eb3e2
2022-08-03 13:32:36.859 11749-11749/com.cpen321group.accountability D/LifecycleMonitor: Lifecycle status change: com.cpen321group.accountability.mainscreen.dashboard.functionpack.TransactionSetActivity@4eb3e2 in: STARTED
2022-08-03 13:32:36.859 11749-11749/com.cpen321group.accountability V/ActivityScenario: Activity lifecycle changed event received but ignored because the intent does not match. startActivityIntent=Intent { act=android.intent.action.MAIN cat=[android.intent.category.LAUNCHER] cmp=com.cpen321group.accountability/.HomeScreenActivity }, activity.getIntent()=Intent { cmp=com.cpen321group.accountability/.mainscreen.dashboard.functionpack.TransactionSetActivity }, activity=com.cpen321group.accountability.mainscreen.dashboard.functionpack.TransactionSetActivity@4eb3e2
2022-08-03 13:32:36.860 11749-11749/com.cpen321group.accountability D/LifecycleMonitor: Lifecycle status change: com.cpen321group.accountability.mainscreen.dashboard.functionpack.TransactionSetActivity@4eb3e2 in: RESUMED
2022-08-03 13:32:36.860 11749-11749/com.cpen321group.accountability V/ActivityScenario: Activity lifecycle changed event received but ignored because the intent does not match. startActivityIntent=Intent { act=android.intent.action.MAIN cat=[android.intent.category.LAUNCHER] cmp=com.cpen321group.accountability/.HomeScreenActivity }, activity.getIntent()=Intent { cmp=com.cpen321group.accountability/.mainscreen.dashboard.functionpack.TransactionSetActivity }, activity=com.cpen321group.accountability.mainscreen.dashboard.functionpack.TransactionSetActivity@4eb3e2
2022-08-03 13:32:36.884 11749-11805/com.cpen321group.accountability D/EGL_emulation: eglMakeCurrent: 0xf7552840: ver 2 0 (tinfo 0xec391850)
2022-08-03 13:32:36.913 11749-11799/com.cpen321group.accountability I/TestRunner: finished: _e_deleteTransactionTest(com.cpen321group.accountability.actionClickTest)
2022-08-03 13:32:36.914 11749-11749/com.cpen321group.accountability D/LifecycleMonitor: Lifecycle status change: androidx.test.core.app.InstrumentationActivityInvoker$EmptyActivity@e198234 in: STOPPED
2022-08-03 13:32:36.917 11749-11749/com.cpen321group.accountability D/LifecycleMonitor: Lifecycle status change: androidx.test.core.app.InstrumentationActivityInvoker$EmptyActivity@e198234 in: DESTROYED
2022-08-03 13:32:36.920 11749-11749/com.cpen321group.accountability I/MonitoringInstr: Activities that are still in CREATED to STOPPED: 1
2022-08-03 13:32:36.920 11749-11749/com.cpen321group.accountability I/MonitoringInstr: Finishing activity: com.cpen321group.accountability.mainscreen.dashboard.functionpack.TransactionSetActivity@4eb3e2
2022-08-03 13:32:36.923 11749-11799/com.cpen321group.accountability I/MonitoringInstr: Unstopped activity count: 1
2022-08-03 13:32:36.927 11749-11749/com.cpen321group.accountability D/LifecycleMonitor: Lifecycle status change: com.cpen321group.accountability.mainscreen.dashboard.functionpack.TransactionSetActivity@4eb3e2 in: PAUSED
2022-08-03 13:32:36.974 11749-11799/com.cpen321group.accountability I/MonitoringInstr: Unstopped activity count: 1
2022-08-03 13:32:37.015 11749-11805/com.cpen321group.accountability D/EGL_emulation: eglMakeCurrent: 0xf7552840: ver 2 0 (tinfo 0xec391850)
2022-08-03 13:32:37.024 11749-11799/com.cpen321group.accountability I/MonitoringInstr: Unstopped activity count: 1
2022-08-03 13:32:37.025 11749-11749/com.cpen321group.accountability D/LifecycleMonitor: Lifecycle status change: com.cpen321group.accountability.mainscreen.dashboard.functionpack.TransactionSetActivity@4eb3e2 in: STOPPED
2022-08-03 13:32:37.027 11749-11749/com.cpen321group.accountability D/LifecycleMonitor: Lifecycle status change: com.cpen321group.accountability.mainscreen.dashboard.functionpack.TransactionSetActivity@4eb3e2 in: DESTROYED
2022-08-03 13:32:37.075 11749-11799/com.cpen321group.accountability I/TestRunner: started: _f_settingTest(com.cpen321group.accountability.actionClickTest)
2022-08-03 13:32:37.082 11749-11799/com.cpen321group.accountability W/Settings: Setting always_finish_activities has moved from android.provider.Settings.System to android.provider.Settings.Global, returning read-only value.
2022-08-03 13:32:37.096 11749-11749/com.cpen321group.accountability W/ActivityThread: handleWindowVisibility: no activity for token android.os.BinderProxy@e5b3c8c
2022-08-03 13:32:37.111 11749-11749/com.cpen321group.accountability D/LifecycleMonitor: Lifecycle status change: androidx.test.core.app.InstrumentationActivityInvoker$BootstrapActivity@9939fd5 in: PRE_ON_CREATE
2022-08-03 13:32:37.112 11749-11749/com.cpen321group.accountability V/ActivityScenario: Activity lifecycle changed event received but ignored because the intent does not match. startActivityIntent=Intent { act=android.intent.action.MAIN cat=[android.intent.category.LAUNCHER] cmp=com.cpen321group.accountability/.HomeScreenActivity }, activity.getIntent()=Intent { act=android.intent.action.MAIN cat=[android.intent.category.LAUNCHER] flg=0x10008000 cmp=com.cpen321group.accountability/androidx.test.core.app.InstrumentationActivityInvoker$BootstrapActivity (has extras) }, activity=androidx.test.core.app.InstrumentationActivityInvoker$BootstrapActivity@9939fd5
2022-08-03 13:32:37.115 11749-11749/com.cpen321group.accountability D/LifecycleMonitor: Lifecycle status change: androidx.test.core.app.InstrumentationActivityInvoker$BootstrapActivity@9939fd5 in: CREATED
2022-08-03 13:32:37.116 11749-11749/com.cpen321group.accountability V/ActivityScenario: Activity lifecycle changed event received but ignored because the intent does not match. startActivityIntent=Intent { act=android.intent.action.MAIN cat=[android.intent.category.LAUNCHER] cmp=com.cpen321group.accountability/.HomeScreenActivity }, activity.getIntent()=Intent { act=android.intent.action.MAIN cat=[android.intent.category.LAUNCHER] flg=0x10008000 cmp=com.cpen321group.accountability/androidx.test.core.app.InstrumentationActivityInvoker$BootstrapActivity (has extras) }, activity=androidx.test.core.app.InstrumentationActivityInvoker$BootstrapActivity@9939fd5
2022-08-03 13:32:37.116 11749-11749/com.cpen321group.accountability D/LifecycleMonitor: Lifecycle status change: androidx.test.core.app.InstrumentationActivityInvoker$BootstrapActivity@9939fd5 in: STARTED
2022-08-03 13:32:37.117 11749-11749/com.cpen321group.accountability V/ActivityScenario: Activity lifecycle changed event received but ignored because the intent does not match. startActivityIntent=Intent { act=android.intent.action.MAIN cat=[android.intent.category.LAUNCHER] cmp=com.cpen321group.accountability/.HomeScreenActivity }, activity.getIntent()=Intent { act=android.intent.action.MAIN cat=[android.intent.category.LAUNCHER] flg=0x10008000 cmp=com.cpen321group.accountability/androidx.test.core.app.InstrumentationActivityInvoker$BootstrapActivity (has extras) }, activity=androidx.test.core.app.InstrumentationActivityInvoker$BootstrapActivity@9939fd5
2022-08-03 13:32:37.120 11749-11749/com.cpen321group.accountability D/LifecycleMonitor: Lifecycle status change: androidx.test.core.app.InstrumentationActivityInvoker$BootstrapActivity@9939fd5 in: RESUMED
2022-08-03 13:32:37.120 11749-11749/com.cpen321group.accountability V/ActivityScenario: Activity lifecycle changed event received but ignored because the intent does not match. startActivityIntent=Intent { act=android.intent.action.MAIN cat=[android.intent.category.LAUNCHER] cmp=com.cpen321group.accountability/.HomeScreenActivity }, activity.getIntent()=Intent { act=android.intent.action.MAIN cat=[android.intent.category.LAUNCHER] flg=0x10008000 cmp=com.cpen321group.accountability/androidx.test.core.app.InstrumentationActivityInvoker$BootstrapActivity (has extras) }, activity=androidx.test.core.app.InstrumentationActivityInvoker$BootstrapActivity@9939fd5
2022-08-03 13:32:37.122 11749-11749/com.cpen321group.accountability D/LifecycleMonitor: Lifecycle status change: androidx.test.core.app.InstrumentationActivityInvoker$BootstrapActivity@9939fd5 in: PAUSED
2022-08-03 13:32:37.122 11749-11749/com.cpen321group.accountability V/ActivityScenario: Activity lifecycle changed event received but ignored because the intent does not match. startActivityIntent=Intent { act=android.intent.action.MAIN cat=[android.intent.category.LAUNCHER] cmp=com.cpen321group.accountability/.HomeScreenActivity }, activity.getIntent()=Intent { act=android.intent.action.MAIN cat=[android.intent.category.LAUNCHER] flg=0x10008000 cmp=com.cpen321group.accountability/androidx.test.core.app.InstrumentationActivityInvoker$BootstrapActivity (has extras) }, activity=androidx.test.core.app.InstrumentationActivityInvoker$BootstrapActivity@9939fd5
2022-08-03 13:32:37.128 11749-11749/com.cpen321group.accountability W/ActivityThread: handleWindowVisibility: no activity for token android.os.BinderProxy@812f5b7
2022-08-03 13:32:37.131 11749-11749/com.cpen321group.accountability D/LifecycleMonitor: Lifecycle status change: com.cpen321group.accountability.HomeScreenActivity@394e4af in: PRE_ON_CREATE
2022-08-03 13:32:37.131 11749-11749/com.cpen321group.accountability V/ActivityScenario: Activity lifecycle changed event received but ignored because the reported transition was not ON_CREATE while the last known transition was PRE_ON_CREATE
2022-08-03 13:32:37.188 11749-11749/com.cpen321group.accountability D/LifecycleMonitor: Lifecycle status change: com.cpen321group.accountability.HomeScreenActivity@394e4af in: CREATED
2022-08-03 13:32:37.188 11749-11749/com.cpen321group.accountability V/ActivityScenario: Update currentActivityStage to CREATED, currentActivity=com.cpen321group.accountability.HomeScreenActivity@394e4af
2022-08-03 13:32:37.192 11749-11749/com.cpen321group.accountability D/LifecycleMonitor: Lifecycle status change: com.cpen321group.accountability.HomeScreenActivity@394e4af in: STARTED
2022-08-03 13:32:37.192 11749-11749/com.cpen321group.accountability V/ActivityScenario: Update currentActivityStage to STARTED, currentActivity=com.cpen321group.accountability.HomeScreenActivity@394e4af
2022-08-03 13:32:37.193 11749-11749/com.cpen321group.accountability D/LifecycleMonitor: Lifecycle status change: com.cpen321group.accountability.HomeScreenActivity@394e4af in: RESUMED
2022-08-03 13:32:37.193 11749-11749/com.cpen321group.accountability V/ActivityScenario: Update currentActivityStage to RESUMED, currentActivity=com.cpen321group.accountability.HomeScreenActivity@394e4af
2022-08-03 13:32:37.233 11749-11805/com.cpen321group.accountability D/EGL_emulation: eglMakeCurrent: 0xf7552840: ver 2 0 (tinfo 0xec391850)
2022-08-03 13:32:37.250 11749-11749/com.cpen321group.accountability D/LifecycleMonitor: Lifecycle status change: androidx.test.core.app.InstrumentationActivityInvoker$BootstrapActivity@9939fd5 in: STOPPED
2022-08-03 13:32:37.255 11749-11749/com.cpen321group.accountability V/ActivityScenario: Activity lifecycle changed event received but ignored because the intent does not match. startActivityIntent=Intent { act=android.intent.action.MAIN cat=[android.intent.category.LAUNCHER] cmp=com.cpen321group.accountability/.HomeScreenActivity }, activity.getIntent()=Intent { act=android.intent.action.MAIN cat=[android.intent.category.LAUNCHER] flg=0x10008000 cmp=com.cpen321group.accountability/androidx.test.core.app.InstrumentationActivityInvoker$BootstrapActivity (has extras) }, activity=androidx.test.core.app.InstrumentationActivityInvoker$BootstrapActivity@9939fd5
2022-08-03 13:32:38.123 11749-11749/com.cpen321group.accountability D/User's all goals:: Response{protocol=http/1.1, code=200, message=OK, url=http://20.104.57.27:8000/goals/100141214588378665776go}
2022-08-03 13:32:38.123 11749-11749/com.cpen321group.accountability D/date: -12
2022-08-03 13:32:38.124 11749-11749/com.cpen321group.accountability D/date: -12
2022-08-03 13:32:38.124 11749-11749/com.cpen321group.accountability D/date: 57
2022-08-03 13:32:38.124 11749-11749/com.cpen321group.accountability D/date: 57
2022-08-03 13:32:38.129 11749-11749/com.cpen321group.accountability D/User's all goals:: Response{protocol=http/1.1, code=200, message=OK, url=http://20.104.57.27:8000/transactions/100141214588378665776go}
2022-08-03 13:32:39.069 11749-11749/com.cpen321group.accountability D/Account: {"_id":"62d7537d6ad3fbb4407dc5ba","accountId":"100141214588378665776go","profile":{"firstname":"Vicky","lastname":"Xie","email":"vickyxie2014@gmail.com","age":20,"profession":"student","_id":"62d7537d6ad3fbb4407dc5bb"},"isAccountant":false,"subscription":{"subscriptionDate":"2022-01-01T00:00:00.000Z","expiryDate":"2022-09-30T00:00:00.000Z","_id":"62d7537d6ad3fbb4407dc5b9"},"reviews":[],"__v":0}
2022-08-03 13:32:39.069 11749-11749/com.cpen321group.accountability D/Message: false
2022-08-03 13:32:39.197 11749-11749/com.cpen321group.accountability I/ViewInteraction: Performing 'single click' action on view view.getId() is <2131296668/com.cpen321group.accountability:id/home_settings>
2022-08-03 13:32:39.246 11749-11749/com.cpen321group.accountability D/LifecycleMonitor: Lifecycle status change: com.cpen321group.accountability.HomeScreenActivity@394e4af in: PAUSED
2022-08-03 13:32:39.246 11749-11749/com.cpen321group.accountability V/ActivityScenario: Update currentActivityStage to PAUSED, currentActivity=com.cpen321group.accountability.HomeScreenActivity@394e4af
2022-08-03 13:32:39.254 11749-11749/com.cpen321group.accountability W/ActivityThread: handleWindowVisibility: no activity for token android.os.BinderProxy@1aba906
2022-08-03 13:32:39.259 11749-11749/com.cpen321group.accountability D/LifecycleMonitor: Lifecycle status change: com.cpen321group.accountability.mainscreen.dashboard.functionpack.SettingsActivity@4701f8c in: PRE_ON_CREATE
2022-08-03 13:32:39.259 11749-11749/com.cpen321group.accountability V/ActivityScenario: Activity lifecycle changed event received but ignored because the intent does not match. startActivityIntent=Intent { act=android.intent.action.MAIN cat=[android.intent.category.LAUNCHER] cmp=com.cpen321group.accountability/.HomeScreenActivity }, activity.getIntent()=Intent { cmp=com.cpen321group.accountability/.mainscreen.dashboard.functionpack.SettingsActivity }, activity=com.cpen321group.accountability.mainscreen.dashboard.functionpack.SettingsActivity@4701f8c
2022-08-03 13:32:39.271 11749-11749/com.cpen321group.accountability D/LifecycleMonitor: Lifecycle status change: com.cpen321group.accountability.mainscreen.dashboard.functionpack.SettingsActivity@4701f8c in: CREATED
2022-08-03 13:32:39.271 11749-11749/com.cpen321group.accountability V/ActivityScenario: Activity lifecycle changed event received but ignored because the intent does not match. startActivityIntent=Intent { act=android.intent.action.MAIN cat=[android.intent.category.LAUNCHER] cmp=com.cpen321group.accountability/.HomeScreenActivity }, activity.getIntent()=Intent { cmp=com.cpen321group.accountability/.mainscreen.dashboard.functionpack.SettingsActivity }, activity=com.cpen321group.accountability.mainscreen.dashboard.functionpack.SettingsActivity@4701f8c
2022-08-03 13:32:39.287 11749-11749/com.cpen321group.accountability D/LifecycleMonitor: Lifecycle status change: com.cpen321group.accountability.mainscreen.dashboard.functionpack.SettingsActivity@4701f8c in: STARTED
2022-08-03 13:32:39.288 11749-11749/com.cpen321group.accountability V/ActivityScenario: Activity lifecycle changed event received but ignored because the intent does not match. startActivityIntent=Intent { act=android.intent.action.MAIN cat=[android.intent.category.LAUNCHER] cmp=com.cpen321group.accountability/.HomeScreenActivity }, activity.getIntent()=Intent { cmp=com.cpen321group.accountability/.mainscreen.dashboard.functionpack.SettingsActivity }, activity=com.cpen321group.accountability.mainscreen.dashboard.functionpack.SettingsActivity@4701f8c
2022-08-03 13:32:39.288 11749-11749/com.cpen321group.accountability D/LifecycleMonitor: Lifecycle status change: com.cpen321group.accountability.mainscreen.dashboard.functionpack.SettingsActivity@4701f8c in: RESUMED
2022-08-03 13:32:39.288 11749-11749/com.cpen321group.accountability V/ActivityScenario: Activity lifecycle changed event received but ignored because the intent does not match. startActivityIntent=Intent { act=android.intent.action.MAIN cat=[android.intent.category.LAUNCHER] cmp=com.cpen321group.accountability/.HomeScreenActivity }, activity.getIntent()=Intent { cmp=com.cpen321group.accountability/.mainscreen.dashboard.functionpack.SettingsActivity }, activity=com.cpen321group.accountability.mainscreen.dashboard.functionpack.SettingsActivity@4701f8c
2022-08-03 13:32:39.343 11749-11805/com.cpen321group.accountability D/EGL_emulation: eglMakeCurrent: 0xf7552840: ver 2 0 (tinfo 0xec391850)
2022-08-03 13:32:39.351 11749-11805/com.cpen321group.accountability I/chatty: uid=10136(com.cpen321group.accountability) RenderThread identical 1 line
2022-08-03 13:32:39.353 11749-11805/com.cpen321group.accountability D/EGL_emulation: eglMakeCurrent: 0xf7552840: ver 2 0 (tinfo 0xec391850)
2022-08-03 13:32:39.399 11749-11749/com.cpen321group.accountability D/LifecycleMonitor: Lifecycle status change: com.cpen321group.accountability.HomeScreenActivity@394e4af in: STOPPED
2022-08-03 13:32:39.399 11749-11749/com.cpen321group.accountability V/ActivityScenario: Update currentActivityStage to STOPPED, currentActivity=com.cpen321group.accountability.HomeScreenActivity@394e4af
2022-08-03 13:32:41.626 11749-11749/com.cpen321group.accountability D/LifecycleMonitor: Lifecycle status change: com.cpen321group.accountability.mainscreen.dashboard.functionpack.SettingsActivity@4701f8c in: PAUSED
2022-08-03 13:32:41.626 11749-11749/com.cpen321group.accountability V/ActivityScenario: Activity lifecycle changed event received but ignored because the intent does not match. startActivityIntent=Intent { act=android.intent.action.MAIN cat=[android.intent.category.LAUNCHER] cmp=com.cpen321group.accountability/.HomeScreenActivity }, activity.getIntent()=Intent { cmp=com.cpen321group.accountability/.mainscreen.dashboard.functionpack.SettingsActivity }, activity=com.cpen321group.accountability.mainscreen.dashboard.functionpack.SettingsActivity@4701f8c
2022-08-03 13:32:41.629 11749-11749/com.cpen321group.accountability W/ActivityThread: handleWindowVisibility: no activity for token android.os.BinderProxy@b2f86c8
2022-08-03 13:32:41.632 11749-11749/com.cpen321group.accountability D/LifecycleMonitor: Lifecycle status change: androidx.test.core.app.InstrumentationActivityInvoker$EmptyActivity@4fd8361 in: PRE_ON_CREATE
2022-08-03 13:32:41.632 11749-11749/com.cpen321group.accountability V/ActivityScenario: Activity lifecycle changed event received but ignored because the intent does not match. startActivityIntent=Intent { act=android.intent.action.MAIN cat=[android.intent.category.LAUNCHER] cmp=com.cpen321group.accountability/.HomeScreenActivity }, activity.getIntent()=Intent { act=android.intent.action.MAIN cat=[android.intent.category.LAUNCHER] flg=0x10000000 cmp=com.cpen321group.accountability/androidx.test.core.app.InstrumentationActivityInvoker$EmptyActivity }, activity=androidx.test.core.app.InstrumentationActivityInvoker$EmptyActivity@4fd8361
2022-08-03 13:32:41.636 11749-11749/com.cpen321group.accountability D/LifecycleMonitor: Lifecycle status change: androidx.test.core.app.InstrumentationActivityInvoker$EmptyActivity@4fd8361 in: CREATED
2022-08-03 13:32:41.636 11749-11749/com.cpen321group.accountability V/ActivityScenario: Activity lifecycle changed event received but ignored because the intent does not match. startActivityIntent=Intent { act=android.intent.action.MAIN cat=[android.intent.category.LAUNCHER] cmp=com.cpen321group.accountability/.HomeScreenActivity }, activity.getIntent()=Intent { act=android.intent.action.MAIN cat=[android.intent.category.LAUNCHER] flg=0x10000000 cmp=com.cpen321group.accountability/androidx.test.core.app.InstrumentationActivityInvoker$EmptyActivity }, activity=androidx.test.core.app.InstrumentationActivityInvoker$EmptyActivity@4fd8361
2022-08-03 13:32:41.637 11749-11749/com.cpen321group.accountability D/LifecycleMonitor: Lifecycle status change: androidx.test.core.app.InstrumentationActivityInvoker$EmptyActivity@4fd8361 in: STARTED
2022-08-03 13:32:41.637 11749-11749/com.cpen321group.accountability V/ActivityScenario: Activity lifecycle changed event received but ignored because the intent does not match. startActivityIntent=Intent { act=android.intent.action.MAIN cat=[android.intent.category.LAUNCHER] cmp=com.cpen321group.accountability/.HomeScreenActivity }, activity.getIntent()=Intent { act=android.intent.action.MAIN cat=[android.intent.category.LAUNCHER] flg=0x10000000 cmp=com.cpen321group.accountability/androidx.test.core.app.InstrumentationActivityInvoker$EmptyActivity }, activity=androidx.test.core.app.InstrumentationActivityInvoker$EmptyActivity@4fd8361
2022-08-03 13:32:41.638 11749-11749/com.cpen321group.accountability D/LifecycleMonitor: Lifecycle status change: androidx.test.core.app.InstrumentationActivityInvoker$EmptyActivity@4fd8361 in: RESUMED
2022-08-03 13:32:41.638 11749-11749/com.cpen321group.accountability V/ActivityScenario: Activity lifecycle changed event received but ignored because the intent does not match. startActivityIntent=Intent { act=android.intent.action.MAIN cat=[android.intent.category.LAUNCHER] cmp=com.cpen321group.accountability/.HomeScreenActivity }, activity.getIntent()=Intent { act=android.intent.action.MAIN cat=[android.intent.category.LAUNCHER] flg=0x10000000 cmp=com.cpen321group.accountability/androidx.test.core.app.InstrumentationActivityInvoker$EmptyActivity }, activity=androidx.test.core.app.InstrumentationActivityInvoker$EmptyActivity@4fd8361
2022-08-03 13:32:41.687 11749-11805/com.cpen321group.accountability D/EGL_emulation: eglMakeCurrent: 0xf7552840: ver 2 0 (tinfo 0xec391850)
2022-08-03 13:32:41.694 11749-11805/com.cpen321group.accountability D/EGL_emulation: eglMakeCurrent: 0xf7552840: ver 2 0 (tinfo 0xec391850)
2022-08-03 13:32:41.713 11749-11749/com.cpen321group.accountability D/LifecycleMonitor: Lifecycle status change: com.cpen321group.accountability.HomeScreenActivity@394e4af in: DESTROYED
2022-08-03 13:32:41.713 11749-11749/com.cpen321group.accountability V/ActivityScenario: Update currentActivityStage to DESTROYED, currentActivity=null
2022-08-03 13:32:41.726 11749-11805/com.cpen321group.accountability D/EGL_emulation: eglMakeCurrent: 0xf7552840: ver 2 0 (tinfo 0xec391850)
2022-08-03 13:32:41.731 11749-11805/com.cpen321group.accountability D/EGL_emulation: eglMakeCurrent: 0xf7552840: ver 2 0 (tinfo 0xec391850)
2022-08-03 13:32:41.733 11749-11749/com.cpen321group.accountability D/LifecycleMonitor: Lifecycle status change: androidx.test.core.app.InstrumentationActivityInvoker$EmptyActivity@4fd8361 in: PAUSED
2022-08-03 13:32:41.734 11749-11749/com.cpen321group.accountability V/ActivityScenario: Activity lifecycle changed event received but ignored because the intent does not match. startActivityIntent=Intent { act=android.intent.action.MAIN cat=[android.intent.category.LAUNCHER] cmp=com.cpen321group.accountability/.HomeScreenActivity }, activity.getIntent()=Intent { act=android.intent.action.MAIN cat=[android.intent.category.LAUNCHER] flg=0x10000000 cmp=com.cpen321group.accountability/androidx.test.core.app.InstrumentationActivityInvoker$EmptyActivity }, activity=androidx.test.core.app.InstrumentationActivityInvoker$EmptyActivity@4fd8361
2022-08-03 13:32:41.739 11749-11749/com.cpen321group.accountability D/LifecycleMonitor: Lifecycle status change: androidx.test.core.app.InstrumentationActivityInvoker$BootstrapActivity@9939fd5 in: DESTROYED
2022-08-03 13:32:41.739 11749-11749/com.cpen321group.accountability V/ActivityScenario: Activity lifecycle changed event received but ignored because the intent does not match. startActivityIntent=Intent { act=android.intent.action.MAIN cat=[android.intent.category.LAUNCHER] cmp=com.cpen321group.accountability/.HomeScreenActivity }, activity.getIntent()=Intent { act=android.intent.action.MAIN cat=[android.intent.category.LAUNCHER] flg=0x10008000 cmp=com.cpen321group.accountability/androidx.test.core.app.InstrumentationActivityInvoker$BootstrapActivity (has extras) }, activity=androidx.test.core.app.InstrumentationActivityInvoker$BootstrapActivity@9939fd5
2022-08-03 13:32:41.739 11749-11749/com.cpen321group.accountability W/ActivityThread: handleWindowVisibility: no activity for token android.os.BinderProxy@db94810
2022-08-03 13:32:41.742 11749-11749/com.cpen321group.accountability D/LifecycleMonitor: Lifecycle status change: androidx.test.core.app.InstrumentationActivityInvoker$EmptyActivity@838bf09 in: PRE_ON_CREATE
2022-08-03 13:32:41.742 11749-11749/com.cpen321group.accountability V/ActivityScenario: Activity lifecycle changed event received but ignored because the intent does not match. startActivityIntent=Intent { act=android.intent.action.MAIN cat=[android.intent.category.LAUNCHER] cmp=com.cpen321group.accountability/.HomeScreenActivity }, activity.getIntent()=Intent { act=android.intent.action.MAIN cat=[android.intent.category.LAUNCHER] flg=0x10000000 cmp=com.cpen321group.accountability/androidx.test.core.app.InstrumentationActivityInvoker$EmptyActivity }, activity=androidx.test.core.app.InstrumentationActivityInvoker$EmptyActivity@838bf09
2022-08-03 13:32:41.745 11749-11749/com.cpen321group.accountability D/LifecycleMonitor: Lifecycle status change: androidx.test.core.app.InstrumentationActivityInvoker$EmptyActivity@838bf09 in: CREATED
2022-08-03 13:32:41.745 11749-11749/com.cpen321group.accountability V/ActivityScenario: Activity lifecycle changed event received but ignored because the intent does not match. startActivityIntent=Intent { act=android.intent.action.MAIN cat=[android.intent.category.LAUNCHER] cmp=com.cpen321group.accountability/.HomeScreenActivity }, activity.getIntent()=Intent { act=android.intent.action.MAIN cat=[android.intent.category.LAUNCHER] flg=0x10000000 cmp=com.cpen321group.accountability/androidx.test.core.app.InstrumentationActivityInvoker$EmptyActivity }, activity=androidx.test.core.app.InstrumentationActivityInvoker$EmptyActivity@838bf09
2022-08-03 13:32:41.746 11749-11749/com.cpen321group.accountability D/LifecycleMonitor: Lifecycle status change: androidx.test.core.app.InstrumentationActivityInvoker$EmptyActivity@838bf09 in: STARTED
2022-08-03 13:32:41.747 11749-11749/com.cpen321group.accountability V/ActivityScenario: Activity lifecycle changed event received but ignored because the intent does not match. startActivityIntent=Intent { act=android.intent.action.MAIN cat=[android.intent.category.LAUNCHER] cmp=com.cpen321group.accountability/.HomeScreenActivity }, activity.getIntent()=Intent { act=android.intent.action.MAIN cat=[android.intent.category.LAUNCHER] flg=0x10000000 cmp=com.cpen321group.accountability/androidx.test.core.app.InstrumentationActivityInvoker$EmptyActivity }, activity=androidx.test.core.app.InstrumentationActivityInvoker$EmptyActivity@838bf09
2022-08-03 13:32:41.748 11749-11749/com.cpen321group.accountability D/LifecycleMonitor: Lifecycle status change: androidx.test.core.app.InstrumentationActivityInvoker$EmptyActivity@838bf09 in: RESUMED
2022-08-03 13:32:41.748 11749-11749/com.cpen321group.accountability V/ActivityScenario: Activity lifecycle changed event received but ignored because the intent does not match. startActivityIntent=Intent { act=android.intent.action.MAIN cat=[android.intent.category.LAUNCHER] cmp=com.cpen321group.accountability/.HomeScreenActivity }, activity.getIntent()=Intent { act=android.intent.action.MAIN cat=[android.intent.category.LAUNCHER] flg=0x10000000 cmp=com.cpen321group.accountability/androidx.test.core.app.InstrumentationActivityInvoker$EmptyActivity }, activity=androidx.test.core.app.InstrumentationActivityInvoker$EmptyActivity@838bf09
2022-08-03 13:32:41.752 11749-11749/com.cpen321group.accountability D/LifecycleMonitor: Lifecycle status change: com.cpen321group.accountability.mainscreen.dashboard.functionpack.SettingsActivity@4701f8c in: STOPPED
2022-08-03 13:32:41.752 11749-11749/com.cpen321group.accountability V/ActivityScenario: Activity lifecycle changed event received but ignored because the intent does not match. startActivityIntent=Intent { act=android.intent.action.MAIN cat=[android.intent.category.LAUNCHER] cmp=com.cpen321group.accountability/.HomeScreenActivity }, activity.getIntent()=Intent { cmp=com.cpen321group.accountability/.mainscreen.dashboard.functionpack.SettingsActivity }, activity=com.cpen321group.accountability.mainscreen.dashboard.functionpack.SettingsActivity@4701f8c
2022-08-03 13:32:41.766 11749-11805/com.cpen321group.accountability D/EGL_emulation: eglMakeCurrent: 0xf7552840: ver 2 0 (tinfo 0xec391850)
2022-08-03 13:32:41.796 11749-11749/com.cpen321group.accountability D/LifecycleMonitor: Lifecycle status change: androidx.test.core.app.InstrumentationActivityInvoker$EmptyActivity@838bf09 in: PAUSED
2022-08-03 13:32:41.796 11749-11749/com.cpen321group.accountability V/ActivityScenario: Activity lifecycle changed event received but ignored because the intent does not match. startActivityIntent=Intent { act=android.intent.action.MAIN cat=[android.intent.category.LAUNCHER] cmp=com.cpen321group.accountability/.HomeScreenActivity }, activity.getIntent()=Intent { act=android.intent.action.MAIN cat=[android.intent.category.LAUNCHER] flg=0x10000000 cmp=com.cpen321group.accountability/androidx.test.core.app.InstrumentationActivityInvoker$EmptyActivity }, activity=androidx.test.core.app.InstrumentationActivityInvoker$EmptyActivity@838bf09
2022-08-03 13:32:41.800 11749-11749/com.cpen321group.accountability D/LifecycleMonitor: Lifecycle status change: com.cpen321group.accountability.mainscreen.dashboard.functionpack.SettingsActivity@4701f8c in: RESTARTED
2022-08-03 13:32:41.800 11749-11749/com.cpen321group.accountability V/ActivityScenario: Activity lifecycle changed event received but ignored because the intent does not match. startActivityIntent=Intent { act=android.intent.action.MAIN cat=[android.intent.category.LAUNCHER] cmp=com.cpen321group.accountability/.HomeScreenActivity }, activity.getIntent()=Intent { cmp=com.cpen321group.accountability/.mainscreen.dashboard.functionpack.SettingsActivity }, activity=com.cpen321group.accountability.mainscreen.dashboard.functionpack.SettingsActivity@4701f8c
2022-08-03 13:32:41.801 11749-11749/com.cpen321group.accountability D/LifecycleMonitor: Lifecycle status change: com.cpen321group.accountability.mainscreen.dashboard.functionpack.SettingsActivity@4701f8c in: STARTED
