2022-08-03 13:32:14.341 11749-11749/com.cpen321group.accountability V/ActivityScenario: Activity lifecycle changed event received but ignored because the intent does not match. startActivityIntent=Intent { act=android.intent.action.MAIN cat=[android.intent.category.LAUNCHER] cmp=com.cpen321group.accountability/.HomeScreenActivity }, activity.getIntent()=Intent { cmp=com.cpen321group.accountability/.mainscreen.dashboard.functionpack.TransactionSetActivity }, activity=com.cpen321group.accountability.mainscreen.dashboard.functionpack.TransactionSetActivity@94242bf
2022-08-03 13:32:14.344 11749-11749/com.cpen321group.accountability D/LifecycleMonitor: Lifecycle status change: com.cpen321group.accountability.mainscreen.dashboard.functionpack.TransactionSetActivity@94242bf in: STARTED
2022-08-03 13:32:14.344 11749-11749/com.cpen321group.accountability V/ActivityScenario: Activity lifecycle changed event received but ignored because the intent does not match. startActivityIntent=Intent { act=android.intent.action.MAIN cat=[android.intent.category.LAUNCHER] cmp=com.cpen321group.accountability/.HomeScreenActivity }, activity.getIntent()=Intent { cmp=com.cpen321group.accountability/.mainscreen.dashboard.functionpack.TransactionSetActivity }, activity=com.cpen321group.accountability.mainscreen.dashboard.functionpack.TransactionSetActivity@94242bf
2022-08-03 13:32:14.345 11749-11749/com.cpen321group.accountability D/LifecycleMonitor: Lifecycle status change: com.cpen321group.accountability.mainscreen.dashboard.functionpack.TransactionSetActivity@94242bf in: RESUMED
2022-08-03 13:32:14.345 11749-11749/com.cpen321group.accountability V/ActivityScenario: Activity lifecycle changed event received but ignored because the intent does not match. startActivityIntent=Intent { act=android.intent.action.MAIN cat=[android.intent.category.LAUNCHER] cmp=com.cpen321group.accountability/.HomeScreenActivity }, activity.getIntent()=Intent { cmp=com.cpen321group.accountability/.mainscreen.dashboard.functionpack.TransactionSetActivity }, activity=com.cpen321group.accountability.mainscreen.dashboard.functionpack.TransactionSetActivity@94242bf
2022-08-03 13:32:14.370 11749-11749/com.cpen321group.accountability W/RecyclerView: No adapter attached; skipping layout
2022-08-03 13:32:14.373 11749-11805/com.cpen321group.accountability D/EGL_emulation: eglMakeCurrent: 0xf7552840: ver 2 0 (tinfo 0xec391850)
2022-08-03 13:32:14.380 11749-11805/com.cpen321group.accountability D/EGL_emulation: eglMakeCurrent: 0xf7552840: ver 2 0 (tinfo 0xec391850)
2022-08-03 13:32:14.389 11749-11805/com.cpen321group.accountability D/EGL_emulation: eglMakeCurrent: 0xf7552840: ver 2 0 (tinfo 0xec391850)
2022-08-03 13:32:14.420 11749-11749/com.cpen321group.accountability D/LifecycleMonitor: Lifecycle status change: com.cpen321group.accountability.HomeScreenActivity@38f2119 in: STOPPED
2022-08-03 13:32:14.420 11749-11749/com.cpen321group.accountability V/ActivityScenario: Update currentActivityStage to STOPPED, currentActivity=com.cpen321group.accountability.HomeScreenActivity@38f2119
2022-08-03 13:32:15.021 11749-11749/com.cpen321group.accountability D/User's all goals:: Response{protocol=http/1.1, code=200, message=OK, url=http://20.104.57.27:8000/transactions/100141214588378665776go}
2022-08-03 13:32:17.638 11749-11749/com.cpen321group.accountability I/ViewInteraction: Performing 'single click' action on view view.getId() is <2131296616/com.cpen321group.accountability:id/floating_action_button_transaction>
2022-08-03 13:32:17.704 11749-11749/com.cpen321group.accountability D/LifecycleMonitor: Lifecycle status change: com.cpen321group.accountability.mainscreen.dashboard.functionpack.TransactionSetActivity@94242bf in: PAUSED
2022-08-03 13:32:17.704 11749-11749/com.cpen321group.accountability V/ActivityScenario: Activity lifecycle changed event received but ignored because the intent does not match. startActivityIntent=Intent { act=android.intent.action.MAIN cat=[android.intent.category.LAUNCHER] cmp=com.cpen321group.accountability/.HomeScreenActivity }, activity.getIntent()=Intent { cmp=com.cpen321group.accountability/.mainscreen.dashboard.functionpack.TransactionSetActivity }, activity=com.cpen321group.accountability.mainscreen.dashboard.functionpack.TransactionSetActivity@94242bf
2022-08-03 13:32:17.708 11749-11749/com.cpen321group.accountability W/ActivityThread: handleWindowVisibility: no activity for token android.os.BinderProxy@ef10404
2022-08-03 13:32:17.711 11749-11749/com.cpen321group.accountability D/LifecycleMonitor: Lifecycle status change: com.cpen321group.accountability.mainscreen.dashboard.functionpack.TransactionCreateActivity@bbf157a in: PRE_ON_CREATE
2022-08-03 13:32:17.711 11749-11749/com.cpen321group.accountability V/ActivityScenario: Activity lifecycle changed event received but ignored because the intent does not match. startActivityIntent=Intent { act=android.intent.action.MAIN cat=[android.intent.category.LAUNCHER] cmp=com.cpen321group.accountability/.HomeScreenActivity }, activity.getIntent()=Intent { cmp=com.cpen321group.accountability/.mainscreen.dashboard.functionpack.TransactionCreateActivity }, activity=com.cpen321group.accountability.mainscreen.dashboard.functionpack.TransactionCreateActivity@bbf157a
2022-08-03 13:32:17.762 11749-11749/com.cpen321group.accountability D/LifecycleMonitor: Lifecycle status change: com.cpen321group.accountability.mainscreen.dashboard.functionpack.TransactionCreateActivity@bbf157a in: CREATED
2022-08-03 13:32:17.762 11749-11749/com.cpen321group.accountability V/ActivityScenario: Activity lifecycle changed event received but ignored because the intent does not match. startActivityIntent=Intent { act=android.intent.action.MAIN cat=[android.intent.category.LAUNCHER] cmp=com.cpen321group.accountability/.HomeScreenActivity }, activity.getIntent()=Intent { cmp=com.cpen321group.accountability/.mainscreen.dashboard.functionpack.TransactionCreateActivity }, activity=com.cpen321group.accountability.mainscreen.dashboard.functionpack.TransactionCreateActivity@bbf157a
2022-08-03 13:32:17.763 11749-11749/com.cpen321group.accountability D/LifecycleMonitor: Lifecycle status change: com.cpen321group.accountability.mainscreen.dashboard.functionpack.TransactionCreateActivity@bbf157a in: STARTED
2022-08-03 13:32:17.763 11749-11749/com.cpen321group.accountability V/ActivityScenario: Activity lifecycle changed event received but ignored because the intent does not match. startActivityIntent=Intent { act=android.intent.action.MAIN cat=[android.intent.category.LAUNCHER] cmp=com.cpen321group.accountability/.HomeScreenActivity }, activity.getIntent()=Intent { cmp=com.cpen321group.accountability/.mainscreen.dashboard.functionpack.TransactionCreateActivity }, activity=com.cpen321group.accountability.mainscreen.dashboard.functionpack.TransactionCreateActivity@bbf157a
2022-08-03 13:32:17.764 11749-11749/com.cpen321group.accountability D/LifecycleMonitor: Lifecycle status change: com.cpen321group.accountability.mainscreen.dashboard.functionpack.TransactionCreateActivity@bbf157a in: RESUMED
2022-08-03 13:32:17.764 11749-11749/com.cpen321group.accountability V/ActivityScenario: Activity lifecycle changed event received but ignored because the intent does not match. startActivityIntent=Intent { act=android.intent.action.MAIN cat=[android.intent.category.LAUNCHER] cmp=com.cpen321group.accountability/.HomeScreenActivity }, activity.getIntent()=Intent { cmp=com.cpen321group.accountability/.mainscreen.dashboard.functionpack.TransactionCreateActivity }, activity=com.cpen321group.accountability.mainscreen.dashboard.functionpack.TransactionCreateActivity@bbf157a
2022-08-03 13:32:17.815 11749-11805/com.cpen321group.accountability D/EGL_emulation: eglMakeCurrent: 0xf7552840: ver 2 0 (tinfo 0xec391850)
2022-08-03 13:32:17.823 11749-11805/com.cpen321group.accountability D/EGL_emulation: eglMakeCurrent: 0xf7552840: ver 2 0 (tinfo 0xec391850)
2022-08-03 13:32:17.841 11749-11805/com.cpen321group.accountability D/EGL_emulation: eglMakeCurrent: 0xf7552840: ver 2 0 (tinfo 0xec391850)
2022-08-03 13:32:17.864 11749-11749/com.cpen321group.accountability D/LifecycleMonitor: Lifecycle status change: com.cpen321group.accountability.mainscreen.dashboard.functionpack.TransactionSetActivity@94242bf in: STOPPED
2022-08-03 13:32:17.864 11749-11749/com.cpen321group.accountability V/ActivityScenario: Activity lifecycle changed event received but ignored because the intent does not match. startActivityIntent=Intent { act=android.intent.action.MAIN cat=[android.intent.category.LAUNCHER] cmp=com.cpen321group.accountability/.HomeScreenActivity }, activity.getIntent()=Intent { cmp=com.cpen321group.accountability/.mainscreen.dashboard.functionpack.TransactionSetActivity }, activity=com.cpen321group.accountability.mainscreen.dashboard.functionpack.TransactionSetActivity@94242bf
2022-08-03 13:32:19.082 11749-11749/com.cpen321group.accountability I/ViewInteraction: Performing 'type text(TEST Transaction)' action on view view.getId() is <2131297104/com.cpen321group.accountability:id/transactionNameInput>
2022-08-03 13:32:19.140 11749-11749/com.cpen321group.accountability I/AssistStructure: Flattened final assist data: 3492 bytes, containing 1 windows, 23 views
2022-08-03 13:32:19.655 11749-11749/com.cpen321group.accountability D/UiControllerImpl: Injecting string: "TEST Transaction"
2022-08-03 13:32:20.115 11749-11749/com.cpen321group.accountability I/ViewInteraction: Performing 'type text(20000.05)' action on view view.getId() is <2131297094/com.cpen321group.accountability:id/transactionAmountPriceInput>
2022-08-03 13:32:20.452 11749-11749/com.cpen321group.accountability D/UiControllerImpl: Injecting string: "20000.05"
2022-08-03 13:32:20.625 11749-11749/com.cpen321group.accountability I/ViewInteraction: Performing 'close keyboard' action on view view.getId() is <2131297094/com.cpen321group.accountability:id/transactionAmountPriceInput>
2022-08-03 13:32:20.934 11749-11749/com.cpen321group.accountability I/ViewInteraction: Performing 'single click' action on view view.getId() is <2131297097/com.cpen321group.accountability:id/transactionCategoryText>
2022-08-03 13:32:21.010 11749-11805/com.cpen321group.accountability D/EGL_emulation: eglMakeCurrent: 0xf7552840: ver 2 0 (tinfo 0xec391850)
2022-08-03 13:32:21.024 11749-11805/com.cpen321group.accountability D/EGL_emulation: eglMakeCurrent: 0xf7552840: ver 2 0 (tinfo 0xec391850)
2022-08-03 13:32:21.026 11749-11805/com.cpen321group.accountability D/EGL_emulation: eglMakeCurrent: 0xf7552840: ver 2 0 (tinfo 0xec391850)
2022-08-03 13:32:21.243 11749-11749/com.cpen321group.accountability I/ViewInteraction: Performing 'single click' action on view an instance of android.widget.TextView and view.getText() with or without transformation to match: is "daily necessities"
2022-08-03 13:32:21.356 11749-11805/com.cpen321group.accountability D/EGL_emulation: eglMakeCurrent: 0xf7552840: ver 2 0 (tinfo 0xec391850)
2022-08-03 13:32:21.375 11749-11805/com.cpen321group.accountability D/EGL_emulation: eglMakeCurrent: 0xf7552840: ver 2 0 (tinfo 0xec391850)
2022-08-03 13:32:21.522 11749-11749/com.cpen321group.accountability I/ViewInteraction: Performing 'single click' action on view view.getId() is <2131296519/com.cpen321group.accountability:id/datePickerButton>
2022-08-03 13:32:21.621 11749-11805/com.cpen321group.accountability D/EGL_emulation: eglMakeCurrent: 0xf7552840: ver 2 0 (tinfo 0xec391850)
2022-08-03 13:32:21.679 11749-11805/com.cpen321group.accountability I/chatty: uid=10136(com.cpen321group.accountability) RenderThread identical 1 line
2022-08-03 13:32:21.682 11749-11805/com.cpen321group.accountability D/EGL_emulation: eglMakeCurrent: 0xf7552840: ver 2 0 (tinfo 0xec391850)
2022-08-03 13:32:24.112 11749-11749/com.cpen321group.accountability I/ViewInteraction: Performing 'set date' action on view is assignable from class <class android.widget.DatePicker>
2022-08-03 13:32:24.155 11749-11749/com.cpen321group.accountability I/ViewInteraction: Performing 'single click' action on view an instance of android.widget.TextView and view.getText() with or without transformation to match: is "OK"
2022-08-03 13:32:24.214 11749-11805/com.cpen321group.accountability D/EGL_emulation: eglMakeCurrent: 0xf7552840: ver 2 0 (tinfo 0xec391850)
2022-08-03 13:32:24.232 11749-11805/com.cpen321group.accountability D/EGL_emulation: eglMakeCurrent: 0xf7552840: ver 2 0 (tinfo 0xec391850)
2022-08-03 13:32:25.455 11749-11749/com.cpen321group.accountability I/ViewInteraction: Performing 'single click' action on view view.getId() is <2131297098/com.cpen321group.accountability:id/transactionCreateButton>
2022-08-03 13:32:25.499 11749-11749/com.cpen321group.accountability D/Date:: 2022/7/30
2022-08-03 13:32:25.501 11749-11749/com.cpen321group.accountability D/API url:: http://20.104.57.27:8000/transactions/100141214588378665776go/
2022-08-03 13:32:26.484 11749-11749/com.cpen321group.accountability D/Message: Response{protocol=http/1.1, code=200, message=OK, url=http://20.104.57.27:8000/transactions/100141214588378665776go?title=TEST%20Transaction&category=daily%20necessities&date=2022%2F7%2F30&amount=2000005&isIncome=false&receipt=null}
2022-08-03 13:32:26.504 11749-11805/com.cpen321group.accountability D/EGL_emulation: eglMakeCurrent: 0xf7552840: ver 2 0 (tinfo 0xec391850)
2022-08-03 13:32:27.514 11749-11749/com.cpen321group.accountability D/LifecycleMonitor: Lifecycle status change: com.cpen321group.accountability.mainscreen.dashboard.functionpack.TransactionCreateActivity@bbf157a in: PAUSED
2022-08-03 13:32:27.514 11749-11749/com.cpen321group.accountability V/ActivityScenario: Activity lifecycle changed event received but ignored because the intent does not match. startActivityIntent=Intent { act=android.intent.action.MAIN cat=[android.intent.category.LAUNCHER] cmp=com.cpen321group.accountability/.HomeScreenActivity }, activity.getIntent()=Intent { cmp=com.cpen321group.accountability/.mainscreen.dashboard.functionpack.TransactionCreateActivity }, activity=com.cpen321group.accountability.mainscreen.dashboard.functionpack.TransactionCreateActivity@bbf157a
2022-08-03 13:32:27.518 11749-11749/com.cpen321group.accountability W/ActivityThread: handleWindowVisibility: no activity for token android.os.BinderProxy@f7f7d06
2022-08-03 13:32:27.522 11749-11749/com.cpen321group.accountability D/LifecycleMonitor: Lifecycle status change: com.cpen321group.accountability.mainscreen.dashboard.functionpack.TransactionSetActivity@2a326de in: PRE_ON_CREATE
2022-08-03 13:32:27.522 11749-11749/com.cpen321group.accountability V/ActivityScenario: Activity lifecycle changed event received but ignored because the intent does not match. startActivityIntent=Intent { act=android.intent.action.MAIN cat=[android.intent.category.LAUNCHER] cmp=com.cpen321group.accountability/.HomeScreenActivity }, activity.getIntent()=Intent { cmp=com.cpen321group.accountability/.mainscreen.dashboard.functionpack.TransactionSetActivity }, activity=com.cpen321group.accountability.mainscreen.dashboard.functionpack.TransactionSetActivity@2a326de
2022-08-03 13:32:27.540 11749-11749/com.cpen321group.accountability D/LifecycleMonitor: Lifecycle status change: com.cpen321group.accountability.mainscreen.dashboard.functionpack.TransactionSetActivity@2a326de in: CREATED
2022-08-03 13:32:27.540 11749-11749/com.cpen321group.accountability V/ActivityScenario: Activity lifecycle changed event received but ignored because the intent does not match. startActivityIntent=Intent { act=android.intent.action.MAIN cat=[android.intent.category.LAUNCHER] cmp=com.cpen321group.accountability/.HomeScreenActivity }, activity.getIntent()=Intent { cmp=com.cpen321group.accountability/.mainscreen.dashboard.functionpack.TransactionSetActivity }, activity=com.cpen321group.accountability.mainscreen.dashboard.functionpack.TransactionSetActivity@2a326de
2022-08-03 13:32:27.550 11749-11749/com.cpen321group.accountability D/LifecycleMonitor: Lifecycle status change: com.cpen321group.accountability.mainscreen.dashboard.functionpack.TransactionSetActivity@2a326de in: STARTED
2022-08-03 13:32:27.566 11749-11749/com.cpen321group.accountability V/ActivityScenario: Activity lifecycle changed event received but ignored because the intent does not match. startActivityIntent=Intent { act=android.intent.action.MAIN cat=[android.intent.category.LAUNCHER] cmp=com.cpen321group.accountability/.HomeScreenActivity }, activity.getIntent()=Intent { cmp=com.cpen321group.accountability/.mainscreen.dashboard.functionpack.TransactionSetActivity }, activity=com.cpen321group.accountability.mainscreen.dashboard.functionpack.TransactionSetActivity@2a326de
2022-08-03 13:32:27.601 11749-11749/com.cpen321group.accountability W/RecyclerView: No adapter attached; skipping layout
2022-08-03 13:32:27.609 11749-11805/com.cpen321group.accountability D/EGL_emulation: eglMakeCurrent: 0xf7552840: ver 2 0 (tinfo 0xec391850)
2022-08-03 13:32:27.614 11749-11805/com.cpen321group.accountability D/EGL_emulation: eglMakeCurrent: 0xf7552840: ver 2 0 (tinfo 0xec391850)
2022-08-03 13:32:27.626 11749-11805/com.cpen321group.accountability D/EGL_emulation: eglMakeCurrent: 0xf7552840: ver 2 0 (tinfo 0xec391850)
2022-08-03 13:32:27.662 11749-11749/com.cpen321group.accountability D/LifecycleMonitor: Lifecycle status change: com.cpen321group.accountability.mainscreen.dashboard.functionpack.TransactionCreateActivity@bbf157a in: STOPPED
2022-08-03 13:32:27.662 11749-11749/com.cpen321group.accountability V/ActivityScenario: Activity lifecycle changed event received but ignored because the intent does not match. startActivityIntent=Intent { act=android.intent.action.MAIN cat=[android.intent.category.LAUNCHER] cmp=com.cpen321group.accountability/.HomeScreenActivity }, activity.getIntent()=Intent { cmp=com.cpen321group.accountability/.mainscreen.dashboard.functionpack.TransactionCreateActivity }, activity=com.cpen321group.accountability.mainscreen.dashboard.functionpack.TransactionCreateActivity@bbf157a
2022-08-03 13:32:27.740 11749-11749/com.cpen321group.accountability I/ViewInteraction: Checking 'com.cpen321group.accountability.actionClickTest$1@c060a2d' assertion on view view.getRootView() to equal view
2022-08-03 13:32:27.741 11749-11749/com.cpen321group.accountability I/ViewInteraction: Checking 'MatchesViewAssertion{viewMatcher=(view has effective visibility <VISIBLE> and view.getGlobalVisibleRect() to return non-empty rectangle)}' assertion on view an instance of android.widget.TextView and view.getText() with or without transformation to match: is "You have successfully added your new transaction"
2022-08-03 13:32:27.748 11749-11749/com.cpen321group.accountability D/LifecycleMonitor: Lifecycle status change: com.cpen321group.accountability.mainscreen.dashboard.functionpack.TransactionSetActivity@2a326de in: PAUSED
2022-08-03 13:32:27.748 11749-11749/com.cpen321group.accountability V/ActivityScenario: Activity lifecycle changed event received but ignored because the intent does not match. startActivityIntent=Intent { act=android.intent.action.MAIN cat=[android.intent.category.LAUNCHER] cmp=com.cpen321group.accountability/.HomeScreenActivity }, activity.getIntent()=Intent { cmp=com.cpen321group.accountability/.mainscreen.dashboard.functionpack.TransactionSetActivity }, activity=com.cpen321group.accountability.mainscreen.dashboard.functionpack.TransactionSetActivity@2a326de
2022-08-03 13:32:27.751 11749-11749/com.cpen321group.accountability W/ActivityThread: handleWindowVisibility: no activity for token android.os.BinderProxy@344abae
2022-08-03 13:32:27.754 11749-11749/com.cpen321group.accountability D/LifecycleMonitor: Lifecycle status change: androidx.test.core.app.InstrumentationActivityInvoker$EmptyActivity@7204d4f in: PRE_ON_CREATE
2022-08-03 13:32:27.754 11749-11749/com.cpen321group.accountability V/ActivityScenario: Activity lifecycle changed event received but ignored because the intent does not match. startActivityIntent=Intent { act=android.intent.action.MAIN cat=[android.intent.category.LAUNCHER] cmp=com.cpen321group.accountability/.HomeScreenActivity }, activity.getIntent()=Intent { act=android.intent.action.MAIN cat=[android.intent.category.LAUNCHER] flg=0x10000000 cmp=com.cpen321group.accountability/androidx.test.core.app.InstrumentationActivityInvoker$EmptyActivity }, activity=androidx.test.core.app.InstrumentationActivityInvoker$EmptyActivity@7204d4f
2022-08-03 13:32:27.757 11749-11749/com.cpen321group.accountability D/LifecycleMonitor: Lifecycle status change: androidx.test.core.app.InstrumentationActivityInvoker$EmptyActivity@7204d4f in: CREATED
2022-08-03 13:32:27.757 11749-11749/com.cpen321group.accountability V/ActivityScenario: Activity lifecycle changed event received but ignored because the intent does not match. startActivityIntent=Intent { act=android.intent.action.MAIN cat=[android.intent.category.LAUNCHER] cmp=com.cpen321group.accountability/.HomeScreenActivity }, activity.getIntent()=Intent { act=android.intent.action.MAIN cat=[android.intent.category.LAUNCHER] flg=0x10000000 cmp=com.cpen321group.accountability/androidx.test.core.app.InstrumentationActivityInvoker$EmptyActivity }, activity=androidx.test.core.app.InstrumentationActivityInvoker$EmptyActivity@7204d4f
2022-08-03 13:32:27.759 11749-11749/com.cpen321group.accountability D/LifecycleMonitor: Lifecycle status change: androidx.test.core.app.InstrumentationActivityInvoker$EmptyActivity@7204d4f in: STARTED
2022-08-03 13:32:27.759 11749-11749/com.cpen321group.accountability V/ActivityScenario: Activity lifecycle changed event received but ignored because the intent does not match. startActivityIntent=Intent { act=android.intent.action.MAIN cat=[android.intent.category.LAUNCHER] cmp=com.cpen321group.accountability/.HomeScreenActivity }, activity.getIntent()=Intent { act=android.intent.action.MAIN cat=[android.intent.category.LAUNCHER] flg=0x10000000 cmp=com.cpen321group.accountability/androidx.test.core.app.InstrumentationActivityInvoker$EmptyActivity }, activity=androidx.test.core.app.InstrumentationActivityInvoker$EmptyActivity@7204d4f
2022-08-03 13:32:27.760 11749-11749/com.cpen321group.accountability D/LifecycleMonitor: Lifecycle status change: androidx.test.core.app.InstrumentationActivityInvoker$EmptyActivity@7204d4f in: RESUMED
2022-08-03 13:32:27.760 11749-11749/com.cpen321group.accountability V/ActivityScenario: Activity lifecycle changed event received but ignored because the intent does not match. startActivityIntent=Intent { act=android.intent.action.MAIN cat=[android.intent.category.LAUNCHER] cmp=com.cpen321group.accountability/.HomeScreenActivity }, activity.getIntent()=Intent { act=android.intent.action.MAIN cat=[android.intent.category.LAUNCHER] flg=0x10000000 cmp=com.cpen321group.accountability/androidx.test.core.app.InstrumentationActivityInvoker$EmptyActivity }, activity=androidx.test.core.app.InstrumentationActivityInvoker$EmptyActivity@7204d4f
2022-08-03 13:32:27.788 11749-11805/com.cpen321group.accountability D/EGL_emulation: eglMakeCurrent: 0xf7552840: ver 2 0 (tinfo 0xec391850)
2022-08-03 13:32:27.791 11749-11805/com.cpen321group.accountability D/EGL_emulation: eglMakeCurrent: 0xf7552840: ver 2 0 (tinfo 0xec391850)
2022-08-03 13:32:27.814 11749-11805/com.cpen321group.accountability D/EGL_emulation: eglMakeCurrent: 0xf7552840: ver 2 0 (tinfo 0xec391850)
2022-08-03 13:32:27.820 11749-11805/com.cpen321group.accountability D/EGL_emulation: eglMakeCurrent: 0xf7552840: ver 2 0 (tinfo 0xec391850)
2022-08-03 13:32:27.824 11749-11749/com.cpen321group.accountability D/LifecycleMonitor: Lifecycle status change: com.cpen321group.accountability.HomeScreenActivity@38f2119 in: DESTROYED
2022-08-03 13:32:27.824 11749-11749/com.cpen321group.accountability V/ActivityScenario: Update currentActivityStage to DESTROYED, currentActivity=null
2022-08-03 13:32:27.829 11749-11749/com.cpen321group.accountability D/LifecycleMonitor: Lifecycle status change: androidx.test.core.app.InstrumentationActivityInvoker$EmptyActivity@7204d4f in: PAUSED
2022-08-03 13:32:27.829 11749-11749/com.cpen321group.accountability V/ActivityScenario: Activity lifecycle changed event received but ignored because the intent does not match. startActivityIntent=Intent { act=android.intent.action.MAIN cat=[android.intent.category.LAUNCHER] cmp=com.cpen321group.accountability/.HomeScreenActivity }, activity.getIntent()=Intent { act=android.intent.action.MAIN cat=[android.intent.category.LAUNCHER] flg=0x10000000 cmp=com.cpen321group.accountability/androidx.test.core.app.InstrumentationActivityInvoker$EmptyActivity }, activity=androidx.test.core.app.InstrumentationActivityInvoker$EmptyActivity@7204d4f
2022-08-03 13:32:27.834 11749-11749/com.cpen321group.accountability D/LifecycleMonitor: Lifecycle status change: androidx.test.core.app.InstrumentationActivityInvoker$BootstrapActivity@7d4f8cf in: DESTROYED
2022-08-03 13:32:27.834 11749-11749/com.cpen321group.accountability V/ActivityScenario: Activity lifecycle changed event received but ignored because the intent does not match. startActivityIntent=Intent { act=android.intent.action.MAIN cat=[android.intent.category.LAUNCHER] cmp=com.cpen321group.accountability/.HomeScreenActivity }, activity.getIntent()=Intent { act=android.intent.action.MAIN cat=[android.intent.category.LAUNCHER] flg=0x10008000 cmp=com.cpen321group.accountability/androidx.test.core.app.InstrumentationActivityInvoker$BootstrapActivity (has extras) }, activity=androidx.test.core.app.InstrumentationActivityInvoker$BootstrapActivity@7d4f8cf
2022-08-03 13:32:27.834 11749-11749/com.cpen321group.accountability W/ActivityThread: handleWindowVisibility: no activity for token android.os.BinderProxy@cc4aad1
2022-08-03 13:32:27.836 11749-11749/com.cpen321group.accountability D/LifecycleMonitor: Lifecycle status change: androidx.test.core.app.InstrumentationActivityInvoker$EmptyActivity@a6e9936 in: PRE_ON_CREATE
2022-08-03 13:32:27.836 11749-11749/com.cpen321group.accountability V/ActivityScenario: Activity lifecycle changed event received but ignored because the intent does not match. startActivityIntent=Intent { act=android.intent.action.MAIN cat=[android.intent.category.LAUNCHER] cmp=com.cpen321group.accountability/.HomeScreenActivity }, activity.getIntent()=Intent { act=android.intent.action.MAIN cat=[android.intent.category.LAUNCHER] flg=0x10000000 cmp=com.cpen321group.accountability/androidx.test.core.app.InstrumentationActivityInvoker$EmptyActivity }, activity=androidx.test.core.app.InstrumentationActivityInvoker$EmptyActivity@a6e9936
2022-08-03 13:32:27.839 11749-11749/com.cpen321group.accountability D/LifecycleMonitor: Lifecycle status change: androidx.test.core.app.InstrumentationActivityInvoker$EmptyActivity@a6e9936 in: CREATED
2022-08-03 13:32:27.839 11749-11749/com.cpen321group.accountability V/ActivityScenario: Activity lifecycle changed event received but ignored because the intent does not match. startActivityIntent=Intent { act=android.intent.action.MAIN cat=[android.intent.category.LAUNCHER] cmp=com.cpen321group.accountability/.HomeScreenActivity }, activity.getIntent()=Intent { act=android.intent.action.MAIN cat=[android.intent.category.LAUNCHER] flg=0x10000000 cmp=com.cpen321group.accountability/androidx.test.core.app.InstrumentationActivityInvoker$EmptyActivity }, activity=androidx.test.core.app.InstrumentationActivityInvoker$EmptyActivity@a6e9936
2022-08-03 13:32:27.841 11749-11749/com.cpen321group.accountability D/LifecycleMonitor: Lifecycle status change: androidx.test.core.app.InstrumentationActivityInvoker$EmptyActivity@a6e9936 in: STARTED
2022-08-03 13:32:27.841 11749-11749/com.cpen321group.accountability V/ActivityScenario: Activity lifecycle changed event received but ignored because the intent does not match. startActivityIntent=Intent { act=android.intent.action.MAIN cat=[android.intent.category.LAUNCHER] cmp=com.cpen321group.accountability/.HomeScreenActivity }, activity.getIntent()=Intent { act=android.intent.action.MAIN cat=[android.intent.category.LAUNCHER] flg=0x10000000 cmp=com.cpen321group.accountability/androidx.test.core.app.InstrumentationActivityInvoker$EmptyActivity }, activity=androidx.test.core.app.InstrumentationActivityInvoker$EmptyActivity@a6e9936
2022-08-03 13:32:27.842 11749-11749/com.cpen321group.accountability D/LifecycleMonitor: Lifecycle status change: androidx.test.core.app.InstrumentationActivityInvoker$EmptyActivity@a6e9936 in: RESUMED
2022-08-03 13:32:27.842 11749-11749/com.cpen321group.accountability V/ActivityScenario: Activity lifecycle changed event received but ignored because the intent does not match. startActivityIntent=Intent { act=android.intent.action.MAIN cat=[android.intent.category.LAUNCHER] cmp=com.cpen321group.accountability/.HomeScreenActivity }, activity.getIntent()=Intent { act=android.intent.action.MAIN cat=[android.intent.category.LAUNCHER] flg=0x10000000 cmp=com.cpen321group.accountability/androidx.test.core.app.InstrumentationActivityInvoker$EmptyActivity }, activity=androidx.test.core.app.InstrumentationActivityInvoker$EmptyActivity@a6e9936
2022-08-03 13:32:27.846 11749-11749/com.cpen321group.accountability D/LifecycleMonitor: Lifecycle status change: com.cpen321group.accountability.mainscreen.dashboard.functionpack.TransactionSetActivity@2a326de in: STOPPED
2022-08-03 13:32:27.846 11749-11749/com.cpen321group.accountability V/ActivityScenario: Activity lifecycle changed event received but ignored because the intent does not match. startActivityIntent=Intent { act=android.intent.action.MAIN cat=[android.intent.category.LAUNCHER] cmp=com.cpen321group.accountability/.HomeScreenActivity }, activity.getIntent()=Intent { cmp=com.cpen321group.accountability/.mainscreen.dashboard.functionpack.TransactionSetActivity }, activity=com.cpen321group.accountability.mainscreen.dashboard.functionpack.TransactionSetActivity@2a326de
2022-08-03 13:32:27.864 11749-11805/com.cpen321group.accountability D/EGL_emulation: eglMakeCurrent: 0xf7552840: ver 2 0 (tinfo 0xec391850)
2022-08-03 13:32:27.898 11749-11749/com.cpen321group.accountability D/LifecycleMonitor: Lifecycle status change: androidx.test.core.app.InstrumentationActivityInvoker$EmptyActivity@7204d4f in: STOPPED
2022-08-03 13:32:27.898 11749-11749/com.cpen321group.accountability V/ActivityScenario: Activity lifecycle changed event received but ignored because the intent does not match. startActivityIntent=Intent { act=android.intent.action.MAIN cat=[android.intent.category.LAUNCHER] cmp=com.cpen321group.accountability/.HomeScreenActivity }, activity.getIntent()=Intent { act=android.intent.action.MAIN cat=[android.intent.category.LAUNCHER] flg=0x10000000 cmp=com.cpen321group.accountability/androidx.test.core.app.InstrumentationActivityInvoker$EmptyActivity }, activity=androidx.test.core.app.InstrumentationActivityInvoker$EmptyActivity@7204d4f
2022-08-03 13:32:27.899 11749-11749/com.cpen321group.accountability D/LifecycleMonitor: Lifecycle status change: androidx.test.core.app.InstrumentationActivityInvoker$EmptyActivity@7204d4f in: DESTROYED
2022-08-03 13:32:27.899 11749-11749/com.cpen321group.accountability V/ActivityScenario: Activity lifecycle changed event received but ignored because the intent does not match. startActivityIntent=Intent { act=android.intent.action.MAIN cat=[android.intent.category.LAUNCHER] cmp=com.cpen321group.accountability/.HomeScreenActivity }, activity.getIntent()=Intent { act=android.intent.action.MAIN cat=[android.intent.category.LAUNCHER] flg=0x10000000 cmp=com.cpen321group.accountability/androidx.test.core.app.InstrumentationActivityInvoker$EmptyActivity }, activity=androidx.test.core.app.InstrumentationActivityInvoker$EmptyActivity@7204d4f
2022-08-03 13:32:27.906 11749-11749/com.cpen321group.accountability D/LifecycleMonitor: Lifecycle status change: androidx.test.core.app.InstrumentationActivityInvoker$EmptyActivity@a6e9936 in: PAUSED
2022-08-03 13:32:27.907 11749-11749/com.cpen321group.accountability V/ActivityScenario: Activity lifecycle changed event received but ignored because the intent does not match. startActivityIntent=Intent { act=android.intent.action.MAIN cat=[android.intent.category.LAUNCHER] cmp=com.cpen321group.accountability/.HomeScreenActivity }, activity.getIntent()=Intent { act=android.intent.action.MAIN cat=[android.intent.category.LAUNCHER] flg=0x10000000 cmp=com.cpen321group.accountability/androidx.test.core.app.InstrumentationActivityInvoker$EmptyActivity }, activity=androidx.test.core.app.InstrumentationActivityInvoker$EmptyActivity@a6e9936
2022-08-03 13:32:27.911 11749-11749/com.cpen321group.accountability D/LifecycleMonitor: Lifecycle status change: com.cpen321group.accountability.mainscreen.dashboard.functionpack.TransactionSetActivity@2a326de in: RESTARTED
2022-08-03 13:32:27.912 11749-11749/com.cpen321group.accountability V/ActivityScenario: Activity lifecycle changed event received but ignored because the intent does not match. startActivityIntent=Intent { act=android.intent.action.MAIN cat=[android.intent.category.LAUNCHER] cmp=com.cpen321group.accountability/.HomeScreenActivity }, activity.getIntent()=Intent { cmp=com.cpen321group.accountability/.mainscreen.dashboard.functionpack.TransactionSetActivity }, activity=com.cpen321group.accountability.mainscreen.dashboard.functionpack.TransactionSetActivity@2a326de
2022-08-03 13:32:27.912 11749-11749/com.cpen321group.accountability D/LifecycleMonitor: Lifecycle status change: com.cpen321group.accountability.mainscreen.dashboard.functionpack.TransactionSetActivity@2a326de in: STARTED
2022-08-03 13:32:27.912 11749-11749/com.cpen321group.accountability V/ActivityScenario: Activity lifecycle changed event received but ignored because the intent does not match. startActivityIntent=Intent { act=android.intent.action.MAIN cat=[android.intent.category.LAUNCHER] cmp=com.cpen321group.accountability/.HomeScreenActivity }, activity.getIntent()=Intent { cmp=com.cpen321group.accountability/.mainscreen.dashboard.functionpack.TransactionSetActivity }, activity=com.cpen321group.accountability.mainscreen.dashboard.functionpack.TransactionSetActivity@2a326de
2022-08-03 13:32:27.913 11749-11749/com.cpen321group.accountability D/LifecycleMonitor: Lifecycle status change: com.cpen321group.accountability.mainscreen.dashboard.functionpack.TransactionSetActivity@2a326de in: RESUMED
2022-08-03 13:32:27.914 11749-11749/com.cpen321group.accountability V/ActivityScenario: Activity lifecycle changed event received but ignored because the intent does not match. startActivityIntent=Intent { act=android.intent.action.MAIN cat=[android.intent.category.LAUNCHER] cmp=com.cpen321group.accountability/.HomeScreenActivity }, activity.getIntent()=Intent { cmp=com.cpen321group.accountability/.mainscreen.dashboard.functionpack.TransactionSetActivity }, activity=com.cpen321group.accountability.mainscreen.dashboard.functionpack.TransactionSetActivity@2a326de
2022-08-03 13:32:27.931 11749-11805/com.cpen321group.accountability D/EGL_emulation: eglMakeCurrent: 0xf7552840: ver 2 0 (tinfo 0xec391850)
2022-08-03 13:32:27.976 11749-11799/com.cpen321group.accountability I/TestRunner: finished: _d_addTransactionTest(com.cpen321group.accountability.actionClickTest)
2022-08-03 13:32:27.977 11749-11749/com.cpen321group.accountability D/LifecycleMonitor: Lifecycle status change: androidx.test.core.app.InstrumentationActivityInvoker$EmptyActivity@a6e9936 in: STOPPED
2022-08-03 13:32:27.981 11749-11749/com.cpen321group.accountability D/LifecycleMonitor: Lifecycle status change: androidx.test.core.app.InstrumentationActivityInvoker$EmptyActivity@a6e9936 in: DESTROYED
2022-08-03 13:32:27.984 11749-11749/com.cpen321group.accountability I/MonitoringInstr: Activities that are still in CREATED to STOPPED: 3
2022-08-03 13:32:27.984 11749-11749/com.cpen321group.accountability I/MonitoringInstr: Finishing activity: com.cpen321group.accountability.mainscreen.dashboard.functionpack.TransactionSetActivity@2a326de
2022-08-03 13:32:27.985 11749-11749/com.cpen321group.accountability I/MonitoringInstr: Finishing activity: com.cpen321group.accountability.mainscreen.dashboard.functionpack.TransactionSetActivity@94242bf
2022-08-03 13:32:27.986 11749-11749/com.cpen321group.accountability I/MonitoringInstr: Finishing activity: com.cpen321group.accountability.mainscreen.dashboard.functionpack.TransactionCreateActivity@bbf157a
2022-08-03 13:32:27.988 11749-11799/com.cpen321group.accountability I/MonitoringInstr: Unstopped activity count: 1
2022-08-03 13:32:27.989 11749-11749/com.cpen321group.accountability D/LifecycleMonitor: Lifecycle status change: com.cpen321group.accountability.mainscreen.dashboard.functionpack.TransactionSetActivity@2a326de in: PAUSED
2022-08-03 13:32:27.993 11749-11749/com.cpen321group.accountability D/LifecycleMonitor: Lifecycle status change: com.cpen321group.accountability.mainscreen.dashboard.functionpack.TransactionSetActivity@94242bf in: DESTROYED
2022-08-03 13:32:27.998 11749-11749/com.cpen321group.accountability D/LifecycleMonitor: Lifecycle status change: com.cpen321group.accountability.mainscreen.dashboard.functionpack.TransactionCreateActivity@bbf157a in: DESTROYED
2022-08-03 13:32:28.038 11749-11799/com.cpen321group.accountability I/MonitoringInstr: Unstopped activity count: 1
2022-08-03 13:32:28.077 11749-11805/com.cpen321group.accountability D/EGL_emulation: eglMakeCurrent: 0xf7552840: ver 2 0 (tinfo 0xec391850)
2022-08-03 13:32:28.090 11749-11799/com.cpen321group.accountability I/MonitoringInstr: Unstopped activity count: 1
2022-08-03 13:32:28.096 11749-11749/com.cpen321group.accountability D/LifecycleMonitor: Lifecycle status change: com.cpen321group.accountability.mainscreen.dashboard.functionpack.TransactionSetActivity@2a326de in: STOPPED
2022-08-03 13:32:28.099 11749-11749/com.cpen321group.accountability D/LifecycleMonitor: Lifecycle status change: com.cpen321group.accountability.mainscreen.dashboard.functionpack.TransactionSetActivity@2a326de in: DESTROYED
2022-08-03 13:32:28.141 11749-11799/com.cpen321group.accountability I/TestRunner: started: _e_deleteTransactionTest(com.cpen321group.accountability.actionClickTest)
2022-08-03 13:32:28.146 11749-11799/com.cpen321group.accountability W/Settings: Setting always_finish_activities has moved from android.provider.Settings.System to android.provider.Settings.Global, returning read-only value.
2022-08-03 13:32:28.161 11749-11749/com.cpen321group.accountability W/ActivityThread: handleWindowVisibility: no activity for token android.os.BinderProxy@865d1e8
2022-08-03 13:32:28.166 11749-11749/com.cpen321group.accountability D/LifecycleMonitor: Lifecycle status change: androidx.test.core.app.InstrumentationActivityInvoker$BootstrapActivity@abf4001 in: PRE_ON_CREATE
2022-08-03 13:32:28.166 11749-11749/com.cpen321group.accountability V/ActivityScenario: Activity lifecycle changed event received but ignored because the intent does not match. startActivityIntent=Intent { act=android.intent.action.MAIN cat=[android.intent.category.LAUNCHER] cmp=com.cpen321group.accountability/.HomeScreenActivity }, activity.getIntent()=Intent { act=android.intent.action.MAIN cat=[android.intent.category.LAUNCHER] flg=0x10008000 cmp=com.cpen321group.accountability/androidx.test.core.app.InstrumentationActivityInvoker$BootstrapActivity (has extras) }, activity=androidx.test.core.app.InstrumentationActivityInvoker$BootstrapActivity@abf4001
2022-08-03 13:32:28.194 11749-11749/com.cpen321group.accountability D/LifecycleMonitor: Lifecycle status change: androidx.test.core.app.InstrumentationActivityInvoker$BootstrapActivity@abf4001 in: CREATED
2022-08-03 13:32:28.194 11749-11749/com.cpen321group.accountability V/ActivityScenario: Activity lifecycle changed event received but ignored because the intent does not match. startActivityIntent=Intent { act=android.intent.action.MAIN cat=[android.intent.category.LAUNCHER] cmp=com.cpen321group.accountability/.HomeScreenActivity }, activity.getIntent()=Intent { act=android.intent.action.MAIN cat=[android.intent.category.LAUNCHER] flg=0x10008000 cmp=com.cpen321group.accountability/androidx.test.core.app.InstrumentationActivityInvoker$BootstrapActivity (has extras) }, activity=androidx.test.core.app.InstrumentationActivityInvoker$BootstrapActivity@abf4001
2022-08-03 13:32:28.195 11749-11749/com.cpen321group.accountability D/LifecycleMonitor: Lifecycle status change: androidx.test.core.app.InstrumentationActivityInvoker$BootstrapActivity@abf4001 in: STARTED
2022-08-03 13:32:28.195 11749-11749/com.cpen321group.accountability V/ActivityScenario: Activity lifecycle changed event received but ignored because the intent does not match. startActivityIntent=Intent { act=android.intent.action.MAIN cat=[android.intent.category.LAUNCHER] cmp=com.cpen321group.accountability/.HomeScreenActivity }, activity.getIntent()=Intent { act=android.intent.action.MAIN cat=[android.intent.category.LAUNCHER] flg=0x10008000 cmp=com.cpen321group.accountability/androidx.test.core.app.InstrumentationActivityInvoker$BootstrapActivity (has extras) }, activity=androidx.test.core.app.InstrumentationActivityInvoker$BootstrapActivity@abf4001
2022-08-03 13:32:28.203 11749-11749/com.cpen321group.accountability D/LifecycleMonitor: Lifecycle status change: androidx.test.core.app.InstrumentationActivityInvoker$BootstrapActivity@abf4001 in: RESUMED
2022-08-03 13:32:28.203 11749-11749/com.cpen321group.accountability V/ActivityScenario: Activity lifecycle changed event received but ignored because the intent does not match. startActivityIntent=Intent { act=android.intent.action.MAIN cat=[android.intent.category.LAUNCHER] cmp=com.cpen321group.accountability/.HomeScreenActivity }, activity.getIntent()=Intent { act=android.intent.action.MAIN cat=[android.intent.category.LAUNCHER] flg=0x10008000 cmp=com.cpen321group.accountability/androidx.test.core.app.InstrumentationActivityInvoker$BootstrapActivity (has extras) }, activity=androidx.test.core.app.InstrumentationActivityInvoker$BootstrapActivity@abf4001
2022-08-03 13:32:28.207 11749-11749/com.cpen321group.accountability D/LifecycleMonitor: Lifecycle status change: androidx.test.core.app.InstrumentationActivityInvoker$BootstrapActivity@abf4001 in: PAUSED
2022-08-03 13:32:28.207 11749-11749/com.cpen321group.accountability V/ActivityScenario: Activity lifecycle changed event received but ignored because the intent does not match. startActivityIntent=Intent { act=android.intent.action.MAIN cat=[android.intent.category.LAUNCHER] cmp=com.cpen321group.accountability/.HomeScreenActivity }, activity.getIntent()=Intent { act=android.intent.action.MAIN cat=[android.intent.category.LAUNCHER] flg=0x10008000 cmp=com.cpen321group.accountability/androidx.test.core.app.InstrumentationActivityInvoker$BootstrapActivity (has extras) }, activity=androidx.test.core.app.InstrumentationActivityInvoker$BootstrapActivity@abf4001
2022-08-03 13:32:28.214 11749-11749/com.cpen321group.accountability W/ActivityThread: handleWindowVisibility: no activity for token android.os.BinderProxy@8c0b483
2022-08-03 13:32:28.227 11749-11749/com.cpen321group.accountability D/LifecycleMonitor: Lifecycle status change: com.cpen321group.accountability.HomeScreenActivity@d4a30fb in: PRE_ON_CREATE
2022-08-03 13:32:28.227 11749-11749/com.cpen321group.accountability V/ActivityScenario: Activity lifecycle changed event received but ignored because the reported transition was not ON_CREATE while the last known transition was PRE_ON_CREATE
2022-08-03 13:32:28.296 11749-11749/com.cpen321group.accountability D/LifecycleMonitor: Lifecycle status change: com.cpen321group.accountability.HomeScreenActivity@d4a30fb in: CREATED
2022-08-03 13:32:28.296 11749-11749/com.cpen321group.accountability V/ActivityScenario: Update currentActivityStage to CREATED, currentActivity=com.cpen321group.accountability.HomeScreenActivity@d4a30fb
2022-08-03 13:32:28.299 11749-11749/com.cpen321group.accountability D/LifecycleMonitor: Lifecycle status change: com.cpen321group.accountability.HomeScreenActivity@d4a30fb in: STARTED
2022-08-03 13:32:28.299 11749-11749/com.cpen321group.accountability V/ActivityScenario: Update currentActivityStage to STARTED, currentActivity=com.cpen321group.accountability.HomeScreenActivity@d4a30fb
2022-08-03 13:32:28.301 11749-11749/com.cpen321group.accountability D/LifecycleMonitor: Lifecycle status change: com.cpen321group.accountability.HomeScreenActivity@d4a30fb in: RESUMED
2022-08-03 13:32:28.301 11749-11749/com.cpen321group.accountability V/ActivityScenario: Update currentActivityStage to RESUMED, currentActivity=com.cpen321group.accountability.HomeScreenActivity@d4a30fb
2022-08-03 13:32:28.328 11749-11805/com.cpen321group.accountability D/EGL_emulation: eglMakeCurrent: 0xf7552840: ver 2 0 (tinfo 0xec391850)
2022-08-03 13:32:28.364 11749-11749/com.cpen321group.accountability D/LifecycleMonitor: Lifecycle status change: androidx.test.core.app.InstrumentationActivityInvoker$BootstrapActivity@abf4001 in: STOPPED
2022-08-03 13:32:28.365 11749-11749/com.cpen321group.accountability V/ActivityScenario: Activity lifecycle changed event received but ignored because the intent does not match. startActivityIntent=Intent { act=android.intent.action.MAIN cat=[android.intent.category.LAUNCHER] cmp=com.cpen321group.accountability/.HomeScreenActivity }, activity.getIntent()=Intent { act=android.intent.action.MAIN cat=[android.intent.category.LAUNCHER] flg=0x10008000 cmp=com.cpen321group.accountability/androidx.test.core.app.InstrumentationActivityInvoker$BootstrapActivity (has extras) }, activity=androidx.test.core.app.InstrumentationActivityInvoker$BootstrapActivity@abf4001
2022-08-03 13:32:29.253 11749-11749/com.cpen321group.accountability D/User's all goals:: Response{protocol=http/1.1, code=200, message=OK, url=http://20.104.57.27:8000/transactions/100141214588378665776go}
2022-08-03 13:32:29.973 11749-11749/com.cpen321group.accountability D/Account: {"_id":"62d7537d6ad3fbb4407dc5ba","accountId":"100141214588378665776go","profile":{"firstname":"Vicky","lastname":"Xie","email":"vickyxie2014@gmail.com","age":20,"profession":"student","_id":"62d7537d6ad3fbb4407dc5bb"},"isAccountant":false,"subscription":{"subscriptionDate":"2022-01-01T00:00:00.000Z","expiryDate":"2022-09-30T00:00:00.000Z","_id":"62d7537d6ad3fbb4407dc5b9"},"reviews":[],"__v":0}
2022-08-03 13:32:29.973 11749-11749/com.cpen321group.accountability D/Message: false
2022-08-03 13:32:30.255 11749-11749/com.cpen321group.accountability D/User's all goals:: Response{protocol=http/1.1, code=200, message=OK, url=http://20.104.57.27:8000/goals/100141214588378665776go}
2022-08-03 13:32:30.255 11749-11749/com.cpen321group.accountability D/date: -12
2022-08-03 13:32:30.255 11749-11749/com.cpen321group.accountability D/date: -12
2022-08-03 13:32:30.256 11749-11749/com.cpen321group.accountability D/date: 57
2022-08-03 13:32:30.256 11749-11749/com.cpen321group.accountability D/date: 57
2022-08-03 13:32:30.304 11749-11749/com.cpen321group.accountability I/ViewInteraction: Performing 'single click' action on view view.getId() is <2131297107/com.cpen321group.accountability:id/transaction_secondary_button>
2022-08-03 13:32:30.354 11749-11749/com.cpen321group.accountability D/LifecycleMonitor: Lifecycle status change: com.cpen321group.accountability.HomeScreenActivity@d4a30fb in: PAUSED
2022-08-03 13:32:30.354 11749-11749/com.cpen321group.accountability V/ActivityScenario: Update currentActivityStage to PAUSED, currentActivity=com.cpen321group.accountability.HomeScreenActivity@d4a30fb
2022-08-03 13:32:30.367 11749-11749/com.cpen321group.accountability W/ActivityThread: handleWindowVisibility: no activity for token android.os.BinderProxy@df25bf5
2022-08-03 13:32:30.371 11749-11749/com.cpen321group.accountability D/LifecycleMonitor: Lifecycle status change: com.cpen321group.accountability.mainscreen.dashboard.functionpack.TransactionSetActivity@4eb3e2 in: PRE_ON_CREATE
2022-08-03 13:32:30.371 11749-11749/com.cpen321group.accountability V/ActivityScenario: Activity lifecycle changed event received but ignored because the intent does not match. startActivityIntent=Intent { act=android.intent.action.MAIN cat=[android.intent.category.LAUNCHER] cmp=com.cpen321group.accountability/.HomeScreenActivity }, activity.getIntent()=Intent { cmp=com.cpen321group.accountability/.mainscreen.dashboard.functionpack.TransactionSetActivity }, activity=com.cpen321group.accountability.mainscreen.dashboard.functionpack.TransactionSetActivity@4eb3e2
2022-08-03 13:32:30.388 11749-11749/com.cpen321group.accountability D/LifecycleMonitor: Lifecycle status change: com.cpen321group.accountability.mainscreen.dashboard.functionpack.TransactionSetActivity@4eb3e2 in: CREATED
2022-08-03 13:32:30.389 11749-11749/com.cpen321group.accountability V/ActivityScenario: Activity lifecycle changed event received but ignored because the intent does not match. startActivityIntent=Intent { act=android.intent.action.MAIN cat=[android.intent.category.LAUNCHER] cmp=com.cpen321group.accountability/.HomeScreenActivity }, activity.getIntent()=Intent { cmp=com.cpen321group.accountability/.mainscreen.dashboard.functionpack.TransactionSetActivity }, activity=com.cpen321group.accountability.mainscreen.dashboard.functionpack.TransactionSetActivity@4eb3e2
2022-08-03 13:32:30.391 11749-11749/com.cpen321group.accountability D/LifecycleMonitor: Lifecycle status change: com.cpen321group.accountability.mainscreen.dashboard.functionpack.TransactionSetActivity@4eb3e2 in: STARTED
