2022-08-03 12:56:45.709 5143-5143/com.cpen321group.accountability V/ActivityScenario: Activity lifecycle changed event received but ignored because the intent does not match. startActivityIntent=Intent { act=android.intent.action.MAIN cat=[android.intent.category.LAUNCHER] cmp=com.cpen321group.accountability/androidx.fragment.app.testing.FragmentScenario$EmptyFragmentActivity (has extras) }, activity.getIntent()=Intent { act=android.intent.action.MAIN cat=[android.intent.category.LAUNCHER] flg=0x10008000 cmp=com.cpen321group.accountability/androidx.test.core.app.InstrumentationActivityInvoker$BootstrapActivity (has extras) }, activity=androidx.test.core.app.InstrumentationActivityInvoker$BootstrapActivity@984b537
2022-08-03 12:56:45.709 5143-5143/com.cpen321group.accountability V/ActivityScenario: Activity lifecycle changed event received but ignored because the intent does not match. startActivityIntent=Intent { act=android.intent.action.MAIN cat=[android.intent.category.LAUNCHER] cmp=com.cpen321group.accountability/androidx.fragment.app.testing.FragmentScenario$EmptyFragmentActivity (has extras) }, activity.getIntent()=Intent { act=android.intent.action.MAIN cat=[android.intent.category.LAUNCHER] flg=0x10008000 cmp=com.cpen321group.accountability/androidx.test.core.app.InstrumentationActivityInvoker$BootstrapActivity (has extras) }, activity=androidx.test.core.app.InstrumentationActivityInvoker$BootstrapActivity@984b537
2022-08-03 12:56:45.711 5143-5143/com.cpen321group.accountability D/LifecycleMonitor: Lifecycle status change: androidx.test.core.app.InstrumentationActivityInvoker$BootstrapActivity@984b537 in: PAUSED
2022-08-03 12:56:45.711 5143-5143/com.cpen321group.accountability V/ActivityScenario: Activity lifecycle changed event received but ignored because the intent does not match. startActivityIntent=Intent { act=android.intent.action.MAIN cat=[android.intent.category.LAUNCHER] cmp=com.cpen321group.accountability/androidx.fragment.app.testing.FragmentScenario$EmptyFragmentActivity (has extras) }, activity.getIntent()=Intent { act=android.intent.action.MAIN cat=[android.intent.category.LAUNCHER] flg=0x10008000 cmp=com.cpen321group.accountability/androidx.test.core.app.InstrumentationActivityInvoker$BootstrapActivity (has extras) }, activity=androidx.test.core.app.InstrumentationActivityInvoker$BootstrapActivity@984b537
2022-08-03 12:56:45.711 5143-5143/com.cpen321group.accountability V/ActivityScenario: Activity lifecycle changed event received but ignored because the intent does not match. startActivityIntent=Intent { act=android.intent.action.MAIN cat=[android.intent.category.LAUNCHER] cmp=com.cpen321group.accountability/androidx.fragment.app.testing.FragmentScenario$EmptyFragmentActivity (has extras) }, activity.getIntent()=Intent { act=android.intent.action.MAIN cat=[android.intent.category.LAUNCHER] flg=0x10008000 cmp=com.cpen321group.accountability/androidx.test.core.app.InstrumentationActivityInvoker$BootstrapActivity (has extras) }, activity=androidx.test.core.app.InstrumentationActivityInvoker$BootstrapActivity@984b537
2022-08-03 12:56:45.727 5143-5143/com.cpen321group.accountability W/ActivityThread: handleWindowVisibility: no activity for token android.os.BinderProxy@26c1a3c
2022-08-03 12:56:45.729 5143-5143/com.cpen321group.accountability D/LifecycleMonitor: Lifecycle status change: androidx.fragment.app.testing.FragmentScenario$EmptyFragmentActivity@1b374d4 in: PRE_ON_CREATE
2022-08-03 12:56:45.729 5143-5143/com.cpen321group.accountability V/ActivityScenario: Activity lifecycle changed event received but ignored because the reported transition was not ON_CREATE while the last known transition was DESTROYED
2022-08-03 12:56:45.729 5143-5143/com.cpen321group.accountability V/ActivityScenario: Activity lifecycle changed event received but ignored because the reported transition was not ON_CREATE while the last known transition was PRE_ON_CREATE
2022-08-03 12:56:45.735 5143-5143/com.cpen321group.accountability D/LifecycleMonitor: Lifecycle status change: androidx.fragment.app.testing.FragmentScenario$EmptyFragmentActivity@1b374d4 in: CREATED
2022-08-03 12:56:45.735 5143-5143/com.cpen321group.accountability V/ActivityScenario: Update currentActivityStage to CREATED, currentActivity=androidx.fragment.app.testing.FragmentScenario$EmptyFragmentActivity@1b374d4
2022-08-03 12:56:45.735 5143-5143/com.cpen321group.accountability V/ActivityScenario: Update currentActivityStage to CREATED, currentActivity=androidx.fragment.app.testing.FragmentScenario$EmptyFragmentActivity@1b374d4
2022-08-03 12:56:45.737 5143-5143/com.cpen321group.accountability D/LifecycleMonitor: Lifecycle status change: androidx.fragment.app.testing.FragmentScenario$EmptyFragmentActivity@1b374d4 in: STARTED
2022-08-03 12:56:45.737 5143-5143/com.cpen321group.accountability V/ActivityScenario: Update currentActivityStage to STARTED, currentActivity=androidx.fragment.app.testing.FragmentScenario$EmptyFragmentActivity@1b374d4
2022-08-03 12:56:45.737 5143-5143/com.cpen321group.accountability V/ActivityScenario: Update currentActivityStage to STARTED, currentActivity=androidx.fragment.app.testing.FragmentScenario$EmptyFragmentActivity@1b374d4
2022-08-03 12:56:45.739 5143-5143/com.cpen321group.accountability D/LifecycleMonitor: Lifecycle status change: androidx.fragment.app.testing.FragmentScenario$EmptyFragmentActivity@1b374d4 in: RESUMED
2022-08-03 12:56:45.739 5143-5143/com.cpen321group.accountability V/ActivityScenario: Update currentActivityStage to RESUMED, currentActivity=androidx.fragment.app.testing.FragmentScenario$EmptyFragmentActivity@1b374d4
2022-08-03 12:56:45.739 5143-5143/com.cpen321group.accountability V/ActivityScenario: Update currentActivityStage to RESUMED, currentActivity=androidx.fragment.app.testing.FragmentScenario$EmptyFragmentActivity@1b374d4
2022-08-03 12:56:45.757 5143-5143/com.cpen321group.accountability D/LifecycleMonitor: Lifecycle status change: androidx.test.core.app.InstrumentationActivityInvoker$BootstrapActivity@984b537 in: STOPPED
2022-08-03 12:56:45.757 5143-5143/com.cpen321group.accountability V/ActivityScenario: Activity lifecycle changed event received but ignored because the intent does not match. startActivityIntent=Intent { act=android.intent.action.MAIN cat=[android.intent.category.LAUNCHER] cmp=com.cpen321group.accountability/androidx.fragment.app.testing.FragmentScenario$EmptyFragmentActivity (has extras) }, activity.getIntent()=Intent { act=android.intent.action.MAIN cat=[android.intent.category.LAUNCHER] flg=0x10008000 cmp=com.cpen321group.accountability/androidx.test.core.app.InstrumentationActivityInvoker$BootstrapActivity (has extras) }, activity=androidx.test.core.app.InstrumentationActivityInvoker$BootstrapActivity@984b537
2022-08-03 12:56:45.757 5143-5143/com.cpen321group.accountability V/ActivityScenario: Activity lifecycle changed event received but ignored because the intent does not match. startActivityIntent=Intent { act=android.intent.action.MAIN cat=[android.intent.category.LAUNCHER] cmp=com.cpen321group.accountability/androidx.fragment.app.testing.FragmentScenario$EmptyFragmentActivity (has extras) }, activity.getIntent()=Intent { act=android.intent.action.MAIN cat=[android.intent.category.LAUNCHER] flg=0x10008000 cmp=com.cpen321group.accountability/androidx.test.core.app.InstrumentationActivityInvoker$BootstrapActivity (has extras) }, activity=androidx.test.core.app.InstrumentationActivityInvoker$BootstrapActivity@984b537
2022-08-03 12:56:45.761 5143-5201/com.cpen321group.accountability D/EGL_emulation: eglMakeCurrent: 0xe421aba0: ver 2 0 (tinfo 0xe420f920)
2022-08-03 12:56:45.762 5143-5143/com.cpen321group.accountability D/LifecycleMonitor: Lifecycle status change: androidx.fragment.app.testing.FragmentScenario$EmptyFragmentActivity@479dc98 in: STOPPED
2022-08-03 12:56:45.762 5143-5143/com.cpen321group.accountability V/ActivityScenario: Activity lifecycle changed event received but ignored because the intent does not match. startActivityIntent=Intent { act=android.intent.action.MAIN cat=[android.intent.category.LAUNCHER] cmp=com.cpen321group.accountability/androidx.fragment.app.testing.FragmentScenario$EmptyFragmentActivity (has extras) }, activity.getIntent()=Intent { act=android.intent.action.MAIN flg=0x10000000 cmp=com.cpen321group.accountability/androidx.fragment.app.testing.FragmentScenario$EmptyFragmentActivity }, activity=androidx.fragment.app.testing.FragmentScenario$EmptyFragmentActivity@479dc98
2022-08-03 12:56:45.762 5143-5143/com.cpen321group.accountability V/ActivityScenario: Activity lifecycle changed event received but ignored because the intent does not match. startActivityIntent=Intent { act=android.intent.action.MAIN cat=[android.intent.category.LAUNCHER] cmp=com.cpen321group.accountability/androidx.fragment.app.testing.FragmentScenario$EmptyFragmentActivity (has extras) }, activity.getIntent()=Intent { act=android.intent.action.MAIN flg=0x10000000 cmp=com.cpen321group.accountability/androidx.fragment.app.testing.FragmentScenario$EmptyFragmentActivity }, activity=androidx.fragment.app.testing.FragmentScenario$EmptyFragmentActivity@479dc98
2022-08-03 12:56:45.784 5143-5201/com.cpen321group.accountability D/EGL_emulation: eglMakeCurrent: 0xe421aba0: ver 2 0 (tinfo 0xe420f920)
2022-08-03 12:56:45.852 5143-5143/com.cpen321group.accountability I/ViewInteraction: Performing 'wait for 5000milliseconds' action on view view.getRootView() to equal view
2022-08-03 12:56:47.552 5143-5143/com.cpen321group.accountability D/getAccountant: "455937552go"
2022-08-03 12:56:47.552 5143-5143/com.cpen321group.accountability D/getAccountant: "David"
2022-08-03 12:56:47.553 5143-5143/com.cpen321group.accountability D/getAccountant: "111791232409232840405go"
2022-08-03 12:56:47.553 5143-5143/com.cpen321group.accountability D/getAccountant: "Wilson"
2022-08-03 12:56:47.553 5143-5143/com.cpen321group.accountability D/getAccountant: "12345678007fb"
2022-08-03 12:56:47.553 5143-5143/com.cpen321group.accountability D/getAccountant: "Harry"
2022-08-03 12:56:47.553 5143-5143/com.cpen321group.accountability D/getAccountant: "972516927478726fb"
2022-08-03 12:56:47.553 5143-5143/com.cpen321group.accountability D/getAccountant: "Vicky"
2022-08-03 12:56:50.857 5143-5143/com.cpen321group.accountability I/ViewInteraction: Performing 'scroll RecyclerView to position: 2' action on view view.getId() is <2131296440/com.cpen321group.accountability:id/chat_recycler>
2022-08-03 12:56:50.883 5143-5143/com.cpen321group.accountability I/ViewInteraction: Performing 'actionOnItemAtPosition performing ViewAction: Click on a child view with specified id. on item at position: 2' action on view view.getId() is <2131296440/com.cpen321group.accountability:id/chat_recycler>
2022-08-03 12:56:50.903 5143-5143/com.cpen321group.accountability D/LifecycleMonitor: Lifecycle status change: androidx.fragment.app.testing.FragmentScenario$EmptyFragmentActivity@1b374d4 in: PAUSED
2022-08-03 12:56:50.903 5143-5143/com.cpen321group.accountability V/ActivityScenario: Update currentActivityStage to PAUSED, currentActivity=androidx.fragment.app.testing.FragmentScenario$EmptyFragmentActivity@1b374d4
2022-08-03 12:56:50.903 5143-5143/com.cpen321group.accountability V/ActivityScenario: Update currentActivityStage to PAUSED, currentActivity=androidx.fragment.app.testing.FragmentScenario$EmptyFragmentActivity@1b374d4
2022-08-03 12:56:50.907 5143-5143/com.cpen321group.accountability W/ActivityThread: handleWindowVisibility: no activity for token android.os.BinderProxy@261fa08
2022-08-03 12:56:50.913 5143-5143/com.cpen321group.accountability D/LifecycleMonitor: Lifecycle status change: com.cpen321group.accountability.mainscreen.chat.ReviewActivity@5740220 in: PRE_ON_CREATE
2022-08-03 12:56:50.913 5143-5143/com.cpen321group.accountability V/ActivityScenario: Activity lifecycle changed event received but ignored because the intent does not match. startActivityIntent=Intent { act=android.intent.action.MAIN cat=[android.intent.category.LAUNCHER] cmp=com.cpen321group.accountability/androidx.fragment.app.testing.FragmentScenario$EmptyFragmentActivity (has extras) }, activity.getIntent()=Intent { cmp=com.cpen321group.accountability/.mainscreen.chat.ReviewActivity }, activity=com.cpen321group.accountability.mainscreen.chat.ReviewActivity@5740220
2022-08-03 12:56:50.913 5143-5143/com.cpen321group.accountability V/ActivityScenario: Activity lifecycle changed event received but ignored because the intent does not match. startActivityIntent=Intent { act=android.intent.action.MAIN cat=[android.intent.category.LAUNCHER] cmp=com.cpen321group.accountability/androidx.fragment.app.testing.FragmentScenario$EmptyFragmentActivity (has extras) }, activity.getIntent()=Intent { cmp=com.cpen321group.accountability/.mainscreen.chat.ReviewActivity }, activity=com.cpen321group.accountability.mainscreen.chat.ReviewActivity@5740220
2022-08-03 12:56:50.931 5143-5143/com.cpen321group.accountability D/LifecycleMonitor: Lifecycle status change: com.cpen321group.accountability.mainscreen.chat.ReviewActivity@5740220 in: CREATED
2022-08-03 12:56:50.931 5143-5143/com.cpen321group.accountability V/ActivityScenario: Activity lifecycle changed event received but ignored because the intent does not match. startActivityIntent=Intent { act=android.intent.action.MAIN cat=[android.intent.category.LAUNCHER] cmp=com.cpen321group.accountability/androidx.fragment.app.testing.FragmentScenario$EmptyFragmentActivity (has extras) }, activity.getIntent()=Intent { cmp=com.cpen321group.accountability/.mainscreen.chat.ReviewActivity }, activity=com.cpen321group.accountability.mainscreen.chat.ReviewActivity@5740220
2022-08-03 12:56:50.931 5143-5143/com.cpen321group.accountability V/ActivityScenario: Activity lifecycle changed event received but ignored because the intent does not match. startActivityIntent=Intent { act=android.intent.action.MAIN cat=[android.intent.category.LAUNCHER] cmp=com.cpen321group.accountability/androidx.fragment.app.testing.FragmentScenario$EmptyFragmentActivity (has extras) }, activity.getIntent()=Intent { cmp=com.cpen321group.accountability/.mainscreen.chat.ReviewActivity }, activity=com.cpen321group.accountability.mainscreen.chat.ReviewActivity@5740220
2022-08-03 12:56:50.933 5143-5143/com.cpen321group.accountability D/LifecycleMonitor: Lifecycle status change: com.cpen321group.accountability.mainscreen.chat.ReviewActivity@5740220 in: STARTED
2022-08-03 12:56:50.934 5143-5143/com.cpen321group.accountability V/ActivityScenario: Activity lifecycle changed event received but ignored because the intent does not match. startActivityIntent=Intent { act=android.intent.action.MAIN cat=[android.intent.category.LAUNCHER] cmp=com.cpen321group.accountability/androidx.fragment.app.testing.FragmentScenario$EmptyFragmentActivity (has extras) }, activity.getIntent()=Intent { cmp=com.cpen321group.accountability/.mainscreen.chat.ReviewActivity }, activity=com.cpen321group.accountability.mainscreen.chat.ReviewActivity@5740220
2022-08-03 12:56:50.934 5143-5143/com.cpen321group.accountability V/ActivityScenario: Activity lifecycle changed event received but ignored because the intent does not match. startActivityIntent=Intent { act=android.intent.action.MAIN cat=[android.intent.category.LAUNCHER] cmp=com.cpen321group.accountability/androidx.fragment.app.testing.FragmentScenario$EmptyFragmentActivity (has extras) }, activity.getIntent()=Intent { cmp=com.cpen321group.accountability/.mainscreen.chat.ReviewActivity }, activity=com.cpen321group.accountability.mainscreen.chat.ReviewActivity@5740220
2022-08-03 12:56:50.935 5143-5143/com.cpen321group.accountability D/LifecycleMonitor: Lifecycle status change: com.cpen321group.accountability.mainscreen.chat.ReviewActivity@5740220 in: RESUMED
2022-08-03 12:56:50.935 5143-5143/com.cpen321group.accountability V/ActivityScenario: Activity lifecycle changed event received but ignored because the intent does not match. startActivityIntent=Intent { act=android.intent.action.MAIN cat=[android.intent.category.LAUNCHER] cmp=com.cpen321group.accountability/androidx.fragment.app.testing.FragmentScenario$EmptyFragmentActivity (has extras) }, activity.getIntent()=Intent { cmp=com.cpen321group.accountability/.mainscreen.chat.ReviewActivity }, activity=com.cpen321group.accountability.mainscreen.chat.ReviewActivity@5740220
2022-08-03 12:56:50.935 5143-5143/com.cpen321group.accountability V/ActivityScenario: Activity lifecycle changed event received but ignored because the intent does not match. startActivityIntent=Intent { act=android.intent.action.MAIN cat=[android.intent.category.LAUNCHER] cmp=com.cpen321group.accountability/androidx.fragment.app.testing.FragmentScenario$EmptyFragmentActivity (has extras) }, activity.getIntent()=Intent { cmp=com.cpen321group.accountability/.mainscreen.chat.ReviewActivity }, activity=com.cpen321group.accountability.mainscreen.chat.ReviewActivity@5740220
2022-08-03 12:56:50.962 5143-5201/com.cpen321group.accountability D/EGL_emulation: eglMakeCurrent: 0xe421aba0: ver 2 0 (tinfo 0xe420f920)
2022-08-03 12:56:50.968 5143-5201/com.cpen321group.accountability D/EGL_emulation: eglMakeCurrent: 0xe421aba0: ver 2 0 (tinfo 0xe420f920)
2022-08-03 12:56:50.972 5143-5201/com.cpen321group.accountability D/EGL_emulation: eglMakeCurrent: 0xe421aba0: ver 2 0 (tinfo 0xe420f920)
2022-08-03 12:56:51.024 5143-5143/com.cpen321group.accountability D/LifecycleMonitor: Lifecycle status change: androidx.fragment.app.testing.FragmentScenario$EmptyFragmentActivity@1b374d4 in: STOPPED
2022-08-03 12:56:51.024 5143-5143/com.cpen321group.accountability V/ActivityScenario: Update currentActivityStage to STOPPED, currentActivity=androidx.fragment.app.testing.FragmentScenario$EmptyFragmentActivity@1b374d4
2022-08-03 12:56:51.024 5143-5143/com.cpen321group.accountability V/ActivityScenario: Update currentActivityStage to STOPPED, currentActivity=androidx.fragment.app.testing.FragmentScenario$EmptyFragmentActivity@1b374d4
2022-08-03 12:56:52.085 5143-5143/com.cpen321group.accountability D/review: Response{protocol=http/1.1, code=200, message=OK, url=http://20.104.57.27:8000/accounts/12345678007fb}
2022-08-03 12:56:53.905 5143-5143/com.cpen321group.accountability I/ViewInteraction: Checking 'androidx.test.espresso.intent.Intents$2@ee8f946' assertion on view view.getRootView() to equal view
2022-08-03 12:56:56.907 5143-5143/com.cpen321group.accountability I/ViewInteraction: Checking 'MatchesViewAssertion{viewMatcher=an instance of android.widget.TextView and view.getText() with or without transformation to match: is "NaN"}' assertion on view view.getId() is <2131297049/com.cpen321group.accountability:id/textView4>
2022-08-03 12:56:56.912 5143-5143/com.cpen321group.accountability D/LifecycleMonitor: Lifecycle status change: androidx.fragment.app.testing.FragmentScenario$EmptyFragmentActivity@1b374d4 in: DESTROYED
2022-08-03 12:56:56.912 5143-5143/com.cpen321group.accountability V/ActivityScenario: Update currentActivityStage to DESTROYED, currentActivity=null
2022-08-03 12:56:56.912 5143-5143/com.cpen321group.accountability V/ActivityScenario: Update currentActivityStage to DESTROYED, currentActivity=null
2022-08-03 12:56:56.920 5143-5195/com.cpen321group.accountability I/TestRunner: finished: _g_noReviewTest(com.cpen321group.accountability.FindAccountantTest)
2022-08-03 12:56:56.922 5143-5143/com.cpen321group.accountability I/MonitoringInstr: Activities that are still in CREATED to STOPPED: 3
2022-08-03 12:56:56.922 5143-5143/com.cpen321group.accountability I/MonitoringInstr: Finishing activity: com.cpen321group.accountability.mainscreen.chat.ReviewActivity@5740220
2022-08-03 12:56:56.925 5143-5143/com.cpen321group.accountability I/MonitoringInstr: Finishing activity: androidx.fragment.app.testing.FragmentScenario$EmptyFragmentActivity@479dc98
2022-08-03 12:56:56.926 5143-5143/com.cpen321group.accountability I/MonitoringInstr: Finishing activity: androidx.test.core.app.InstrumentationActivityInvoker$BootstrapActivity@984b537
2022-08-03 12:56:56.929 5143-5195/com.cpen321group.accountability I/MonitoringInstr: Unstopped activity count: 1
2022-08-03 12:56:56.929 5143-5143/com.cpen321group.accountability D/LifecycleMonitor: Lifecycle status change: com.cpen321group.accountability.mainscreen.chat.ReviewActivity@5740220 in: PAUSED
2022-08-03 12:56:56.929 5143-5143/com.cpen321group.accountability V/ActivityScenario: Activity lifecycle changed event received but ignored because the intent does not match. startActivityIntent=Intent { act=android.intent.action.MAIN cat=[android.intent.category.LAUNCHER] cmp=com.cpen321group.accountability/androidx.fragment.app.testing.FragmentScenario$EmptyFragmentActivity (has extras) }, activity.getIntent()=Intent { cmp=com.cpen321group.accountability/.mainscreen.chat.ReviewActivity }, activity=com.cpen321group.accountability.mainscreen.chat.ReviewActivity@5740220
2022-08-03 12:56:56.929 5143-5143/com.cpen321group.accountability V/ActivityScenario: Activity lifecycle changed event received but ignored because the intent does not match. startActivityIntent=Intent { act=android.intent.action.MAIN cat=[android.intent.category.LAUNCHER] cmp=com.cpen321group.accountability/androidx.fragment.app.testing.FragmentScenario$EmptyFragmentActivity (has extras) }, activity.getIntent()=Intent { cmp=com.cpen321group.accountability/.mainscreen.chat.ReviewActivity }, activity=com.cpen321group.accountability.mainscreen.chat.ReviewActivity@5740220
2022-08-03 12:56:56.932 5143-5143/com.cpen321group.accountability D/LifecycleMonitor: Lifecycle status change: androidx.fragment.app.testing.FragmentScenario$EmptyFragmentActivity@479dc98 in: DESTROYED
2022-08-03 12:56:56.933 5143-5143/com.cpen321group.accountability V/ActivityScenario: Activity lifecycle changed event received but ignored because the intent does not match. startActivityIntent=Intent { act=android.intent.action.MAIN cat=[android.intent.category.LAUNCHER] cmp=com.cpen321group.accountability/androidx.fragment.app.testing.FragmentScenario$EmptyFragmentActivity (has extras) }, activity.getIntent()=Intent { act=android.intent.action.MAIN flg=0x10000000 cmp=com.cpen321group.accountability/androidx.fragment.app.testing.FragmentScenario$EmptyFragmentActivity }, activity=androidx.fragment.app.testing.FragmentScenario$EmptyFragmentActivity@479dc98
2022-08-03 12:56:56.933 5143-5143/com.cpen321group.accountability V/ActivityScenario: Activity lifecycle changed event received but ignored because the intent does not match. startActivityIntent=Intent { act=android.intent.action.MAIN cat=[android.intent.category.LAUNCHER] cmp=com.cpen321group.accountability/androidx.fragment.app.testing.FragmentScenario$EmptyFragmentActivity (has extras) }, activity.getIntent()=Intent { act=android.intent.action.MAIN flg=0x10000000 cmp=com.cpen321group.accountability/androidx.fragment.app.testing.FragmentScenario$EmptyFragmentActivity }, activity=androidx.fragment.app.testing.FragmentScenario$EmptyFragmentActivity@479dc98
2022-08-03 12:56:56.939 5143-5143/com.cpen321group.accountability D/LifecycleMonitor: Lifecycle status change: androidx.test.core.app.InstrumentationActivityInvoker$BootstrapActivity@984b537 in: DESTROYED
2022-08-03 12:56:56.939 5143-5143/com.cpen321group.accountability V/ActivityScenario: Activity lifecycle changed event received but ignored because the intent does not match. startActivityIntent=Intent { act=android.intent.action.MAIN cat=[android.intent.category.LAUNCHER] cmp=com.cpen321group.accountability/androidx.fragment.app.testing.FragmentScenario$EmptyFragmentActivity (has extras) }, activity.getIntent()=Intent { act=android.intent.action.MAIN cat=[android.intent.category.LAUNCHER] flg=0x10008000 cmp=com.cpen321group.accountability/androidx.test.core.app.InstrumentationActivityInvoker$BootstrapActivity (has extras) }, activity=androidx.test.core.app.InstrumentationActivityInvoker$BootstrapActivity@984b537
2022-08-03 12:56:56.947 5143-5143/com.cpen321group.accountability V/ActivityScenario: Activity lifecycle changed event received but ignored because the intent does not match. startActivityIntent=Intent { act=android.intent.action.MAIN cat=[android.intent.category.LAUNCHER] cmp=com.cpen321group.accountability/androidx.fragment.app.testing.FragmentScenario$EmptyFragmentActivity (has extras) }, activity.getIntent()=Intent { act=android.intent.action.MAIN cat=[android.intent.category.LAUNCHER] flg=0x10008000 cmp=com.cpen321group.accountability/androidx.test.core.app.InstrumentationActivityInvoker$BootstrapActivity (has extras) }, activity=androidx.test.core.app.InstrumentationActivityInvoker$BootstrapActivity@984b537
2022-08-03 12:56:56.979 5143-5195/com.cpen321group.accountability I/MonitoringInstr: Unstopped activity count: 1
2022-08-03 12:56:56.997 5143-5201/com.cpen321group.accountability D/EGL_emulation: eglMakeCurrent: 0xe421aba0: ver 2 0 (tinfo 0xe420f920)
2022-08-03 12:56:57.011 5143-5143/com.cpen321group.accountability D/LifecycleMonitor: Lifecycle status change: com.cpen321group.accountability.mainscreen.chat.ReviewActivity@5740220 in: STOPPED
2022-08-03 12:56:57.011 5143-5143/com.cpen321group.accountability V/ActivityScenario: Activity lifecycle changed event received but ignored because the intent does not match. startActivityIntent=Intent { act=android.intent.action.MAIN cat=[android.intent.category.LAUNCHER] cmp=com.cpen321group.accountability/androidx.fragment.app.testing.FragmentScenario$EmptyFragmentActivity (has extras) }, activity.getIntent()=Intent { cmp=com.cpen321group.accountability/.mainscreen.chat.ReviewActivity }, activity=com.cpen321group.accountability.mainscreen.chat.ReviewActivity@5740220
2022-08-03 12:56:57.011 5143-5143/com.cpen321group.accountability V/ActivityScenario: Activity lifecycle changed event received but ignored because the intent does not match. startActivityIntent=Intent { act=android.intent.action.MAIN cat=[android.intent.category.LAUNCHER] cmp=com.cpen321group.accountability/androidx.fragment.app.testing.FragmentScenario$EmptyFragmentActivity (has extras) }, activity.getIntent()=Intent { cmp=com.cpen321group.accountability/.mainscreen.chat.ReviewActivity }, activity=com.cpen321group.accountability.mainscreen.chat.ReviewActivity@5740220
2022-08-03 12:56:57.017 5143-5143/com.cpen321group.accountability D/LifecycleMonitor: Lifecycle status change: com.cpen321group.accountability.mainscreen.chat.ReviewActivity@5740220 in: DESTROYED
2022-08-03 12:56:57.017 5143-5143/com.cpen321group.accountability V/ActivityScenario: Activity lifecycle changed event received but ignored because the intent does not match. startActivityIntent=Intent { act=android.intent.action.MAIN cat=[android.intent.category.LAUNCHER] cmp=com.cpen321group.accountability/androidx.fragment.app.testing.FragmentScenario$EmptyFragmentActivity (has extras) }, activity.getIntent()=Intent { cmp=com.cpen321group.accountability/.mainscreen.chat.ReviewActivity }, activity=com.cpen321group.accountability.mainscreen.chat.ReviewActivity@5740220
2022-08-03 12:56:57.017 5143-5143/com.cpen321group.accountability V/ActivityScenario: Activity lifecycle changed event received but ignored because the intent does not match. startActivityIntent=Intent { act=android.intent.action.MAIN cat=[android.intent.category.LAUNCHER] cmp=com.cpen321group.accountability/androidx.fragment.app.testing.FragmentScenario$EmptyFragmentActivity (has extras) }, activity.getIntent()=Intent { cmp=com.cpen321group.accountability/.mainscreen.chat.ReviewActivity }, activity=com.cpen321group.accountability.mainscreen.chat.ReviewActivity@5740220
2022-08-03 12:56:57.030 5143-5195/com.cpen321group.accountability I/TestRunner: started: _h_addReviewTest(com.cpen321group.accountability.FindAccountantTest)
2022-08-03 12:56:57.033 5143-5195/com.cpen321group.accountability W/ActivityTestRule: getActivityIntent() returned null using default: Intent(Intent.ACTION_MAIN)
2022-08-03 12:56:57.047 5143-5143/com.cpen321group.accountability W/ActivityThread: handleWindowVisibility: no activity for token android.os.BinderProxy@79e92a6
2022-08-03 12:56:57.052 5143-5143/com.cpen321group.accountability D/LifecycleMonitor: Lifecycle status change: androidx.fragment.app.testing.FragmentScenario$EmptyFragmentActivity@d9b507e in: PRE_ON_CREATE
2022-08-03 12:56:57.053 5143-5143/com.cpen321group.accountability V/ActivityScenario: Activity lifecycle changed event received but ignored because the intent does not match. startActivityIntent=Intent { act=android.intent.action.MAIN cat=[android.intent.category.LAUNCHER] cmp=com.cpen321group.accountability/androidx.fragment.app.testing.FragmentScenario$EmptyFragmentActivity (has extras) }, activity.getIntent()=Intent { act=android.intent.action.MAIN flg=0x10000000 cmp=com.cpen321group.accountability/androidx.fragment.app.testing.FragmentScenario$EmptyFragmentActivity }, activity=androidx.fragment.app.testing.FragmentScenario$EmptyFragmentActivity@d9b507e
2022-08-03 12:56:57.053 5143-5143/com.cpen321group.accountability V/ActivityScenario: Activity lifecycle changed event received but ignored because the intent does not match. startActivityIntent=Intent { act=android.intent.action.MAIN cat=[android.intent.category.LAUNCHER] cmp=com.cpen321group.accountability/androidx.fragment.app.testing.FragmentScenario$EmptyFragmentActivity (has extras) }, activity.getIntent()=Intent { act=android.intent.action.MAIN flg=0x10000000 cmp=com.cpen321group.accountability/androidx.fragment.app.testing.FragmentScenario$EmptyFragmentActivity }, activity=androidx.fragment.app.testing.FragmentScenario$EmptyFragmentActivity@d9b507e
2022-08-03 12:56:57.057 5143-5143/com.cpen321group.accountability D/LifecycleMonitor: Lifecycle status change: androidx.fragment.app.testing.FragmentScenario$EmptyFragmentActivity@d9b507e in: CREATED
2022-08-03 12:56:57.057 5143-5143/com.cpen321group.accountability V/ActivityScenario: Activity lifecycle changed event received but ignored because the intent does not match. startActivityIntent=Intent { act=android.intent.action.MAIN cat=[android.intent.category.LAUNCHER] cmp=com.cpen321group.accountability/androidx.fragment.app.testing.FragmentScenario$EmptyFragmentActivity (has extras) }, activity.getIntent()=Intent { act=android.intent.action.MAIN flg=0x10000000 cmp=com.cpen321group.accountability/androidx.fragment.app.testing.FragmentScenario$EmptyFragmentActivity }, activity=androidx.fragment.app.testing.FragmentScenario$EmptyFragmentActivity@d9b507e
2022-08-03 12:56:57.057 5143-5143/com.cpen321group.accountability V/ActivityScenario: Activity lifecycle changed event received but ignored because the intent does not match. startActivityIntent=Intent { act=android.intent.action.MAIN cat=[android.intent.category.LAUNCHER] cmp=com.cpen321group.accountability/androidx.fragment.app.testing.FragmentScenario$EmptyFragmentActivity (has extras) }, activity.getIntent()=Intent { act=android.intent.action.MAIN flg=0x10000000 cmp=com.cpen321group.accountability/androidx.fragment.app.testing.FragmentScenario$EmptyFragmentActivity }, activity=androidx.fragment.app.testing.FragmentScenario$EmptyFragmentActivity@d9b507e
2022-08-03 12:56:57.059 5143-5143/com.cpen321group.accountability D/LifecycleMonitor: Lifecycle status change: androidx.fragment.app.testing.FragmentScenario$EmptyFragmentActivity@d9b507e in: STARTED
2022-08-03 12:56:57.059 5143-5143/com.cpen321group.accountability V/ActivityScenario: Activity lifecycle changed event received but ignored because the intent does not match. startActivityIntent=Intent { act=android.intent.action.MAIN cat=[android.intent.category.LAUNCHER] cmp=com.cpen321group.accountability/androidx.fragment.app.testing.FragmentScenario$EmptyFragmentActivity (has extras) }, activity.getIntent()=Intent { act=android.intent.action.MAIN flg=0x10000000 cmp=com.cpen321group.accountability/androidx.fragment.app.testing.FragmentScenario$EmptyFragmentActivity }, activity=androidx.fragment.app.testing.FragmentScenario$EmptyFragmentActivity@d9b507e
2022-08-03 12:56:57.059 5143-5143/com.cpen321group.accountability V/ActivityScenario: Activity lifecycle changed event received but ignored because the intent does not match. startActivityIntent=Intent { act=android.intent.action.MAIN cat=[android.intent.category.LAUNCHER] cmp=com.cpen321group.accountability/androidx.fragment.app.testing.FragmentScenario$EmptyFragmentActivity (has extras) }, activity.getIntent()=Intent { act=android.intent.action.MAIN flg=0x10000000 cmp=com.cpen321group.accountability/androidx.fragment.app.testing.FragmentScenario$EmptyFragmentActivity }, activity=androidx.fragment.app.testing.FragmentScenario$EmptyFragmentActivity@d9b507e
2022-08-03 12:56:57.060 5143-5143/com.cpen321group.accountability D/LifecycleMonitor: Lifecycle status change: androidx.fragment.app.testing.FragmentScenario$EmptyFragmentActivity@d9b507e in: RESUMED
2022-08-03 12:56:57.060 5143-5143/com.cpen321group.accountability V/ActivityScenario: Activity lifecycle changed event received but ignored because the intent does not match. startActivityIntent=Intent { act=android.intent.action.MAIN cat=[android.intent.category.LAUNCHER] cmp=com.cpen321group.accountability/androidx.fragment.app.testing.FragmentScenario$EmptyFragmentActivity (has extras) }, activity.getIntent()=Intent { act=android.intent.action.MAIN flg=0x10000000 cmp=com.cpen321group.accountability/androidx.fragment.app.testing.FragmentScenario$EmptyFragmentActivity }, activity=androidx.fragment.app.testing.FragmentScenario$EmptyFragmentActivity@d9b507e
2022-08-03 12:56:57.060 5143-5143/com.cpen321group.accountability V/ActivityScenario: Activity lifecycle changed event received but ignored because the intent does not match. startActivityIntent=Intent { act=android.intent.action.MAIN cat=[android.intent.category.LAUNCHER] cmp=com.cpen321group.accountability/androidx.fragment.app.testing.FragmentScenario$EmptyFragmentActivity (has extras) }, activity.getIntent()=Intent { act=android.intent.action.MAIN flg=0x10000000 cmp=com.cpen321group.accountability/androidx.fragment.app.testing.FragmentScenario$EmptyFragmentActivity }, activity=androidx.fragment.app.testing.FragmentScenario$EmptyFragmentActivity@d9b507e
2022-08-03 12:56:57.098 5143-5201/com.cpen321group.accountability D/EGL_emulation: eglMakeCurrent: 0xe421aba0: ver 2 0 (tinfo 0xe420f920)
2022-08-03 12:56:57.163 5143-5195/com.cpen321group.accountability W/Settings: Setting always_finish_activities has moved from android.provider.Settings.System to android.provider.Settings.Global, returning read-only value.
2022-08-03 12:56:57.193 5143-5143/com.cpen321group.accountability D/LifecycleMonitor: Lifecycle status change: androidx.fragment.app.testing.FragmentScenario$EmptyFragmentActivity@d9b507e in: PAUSED
2022-08-03 12:56:57.193 5143-5143/com.cpen321group.accountability V/ActivityScenario: Activity lifecycle changed event received but ignored because the intent does not match. startActivityIntent=Intent { act=android.intent.action.MAIN cat=[android.intent.category.LAUNCHER] cmp=com.cpen321group.accountability/androidx.fragment.app.testing.FragmentScenario$EmptyFragmentActivity (has extras) }, activity.getIntent()=Intent { act=android.intent.action.MAIN flg=0x10000000 cmp=com.cpen321group.accountability/androidx.fragment.app.testing.FragmentScenario$EmptyFragmentActivity }, activity=androidx.fragment.app.testing.FragmentScenario$EmptyFragmentActivity@d9b507e
2022-08-03 12:56:57.193 5143-5143/com.cpen321group.accountability I/chatty: uid=10136(com.cpen321group.accountability) identical 1 line
2022-08-03 12:56:57.193 5143-5143/com.cpen321group.accountability V/ActivityScenario: Activity lifecycle changed event received but ignored because the intent does not match. startActivityIntent=Intent { act=android.intent.action.MAIN cat=[android.intent.category.LAUNCHER] cmp=com.cpen321group.accountability/androidx.fragment.app.testing.FragmentScenario$EmptyFragmentActivity (has extras) }, activity.getIntent()=Intent { act=android.intent.action.MAIN flg=0x10000000 cmp=com.cpen321group.accountability/androidx.fragment.app.testing.FragmentScenario$EmptyFragmentActivity }, activity=androidx.fragment.app.testing.FragmentScenario$EmptyFragmentActivity@d9b507e
2022-08-03 12:56:57.196 5143-5143/com.cpen321group.accountability W/ActivityThread: handleWindowVisibility: no activity for token android.os.BinderProxy@132c7
2022-08-03 12:56:57.198 5143-5143/com.cpen321group.accountability D/LifecycleMonitor: Lifecycle status change: androidx.test.core.app.InstrumentationActivityInvoker$BootstrapActivity@ae570f4 in: PRE_ON_CREATE
2022-08-03 12:56:57.198 5143-5143/com.cpen321group.accountability V/ActivityScenario: Activity lifecycle changed event received but ignored because the intent does not match. startActivityIntent=Intent { act=android.intent.action.MAIN cat=[android.intent.category.LAUNCHER] cmp=com.cpen321group.accountability/androidx.fragment.app.testing.FragmentScenario$EmptyFragmentActivity (has extras) }, activity.getIntent()=Intent { act=android.intent.action.MAIN cat=[android.intent.category.LAUNCHER] flg=0x10008000 cmp=com.cpen321group.accountability/androidx.test.core.app.InstrumentationActivityInvoker$BootstrapActivity (has extras) }, activity=androidx.test.core.app.InstrumentationActivityInvoker$BootstrapActivity@ae570f4
2022-08-03 12:56:57.198 5143-5143/com.cpen321group.accountability I/chatty: uid=10136(com.cpen321group.accountability) identical 1 line
2022-08-03 12:56:57.198 5143-5143/com.cpen321group.accountability V/ActivityScenario: Activity lifecycle changed event received but ignored because the intent does not match. startActivityIntent=Intent { act=android.intent.action.MAIN cat=[android.intent.category.LAUNCHER] cmp=com.cpen321group.accountability/androidx.fragment.app.testing.FragmentScenario$EmptyFragmentActivity (has extras) }, activity.getIntent()=Intent { act=android.intent.action.MAIN cat=[android.intent.category.LAUNCHER] flg=0x10008000 cmp=com.cpen321group.accountability/androidx.test.core.app.InstrumentationActivityInvoker$BootstrapActivity (has extras) }, activity=androidx.test.core.app.InstrumentationActivityInvoker$BootstrapActivity@ae570f4
2022-08-03 12:56:57.205 5143-5143/com.cpen321group.accountability D/LifecycleMonitor: Lifecycle status change: androidx.test.core.app.InstrumentationActivityInvoker$BootstrapActivity@ae570f4 in: CREATED
2022-08-03 12:56:57.205 5143-5143/com.cpen321group.accountability V/ActivityScenario: Activity lifecycle changed event received but ignored because the intent does not match. startActivityIntent=Intent { act=android.intent.action.MAIN cat=[android.intent.category.LAUNCHER] cmp=com.cpen321group.accountability/androidx.fragment.app.testing.FragmentScenario$EmptyFragmentActivity (has extras) }, activity.getIntent()=Intent { act=android.intent.action.MAIN cat=[android.intent.category.LAUNCHER] flg=0x10008000 cmp=com.cpen321group.accountability/androidx.test.core.app.InstrumentationActivityInvoker$BootstrapActivity (has extras) }, activity=androidx.test.core.app.InstrumentationActivityInvoker$BootstrapActivity@ae570f4
2022-08-03 12:56:57.205 5143-5143/com.cpen321group.accountability I/chatty: uid=10136(com.cpen321group.accountability) identical 1 line
2022-08-03 12:56:57.205 5143-5143/com.cpen321group.accountability V/ActivityScenario: Activity lifecycle changed event received but ignored because the intent does not match. startActivityIntent=Intent { act=android.intent.action.MAIN cat=[android.intent.category.LAUNCHER] cmp=com.cpen321group.accountability/androidx.fragment.app.testing.FragmentScenario$EmptyFragmentActivity (has extras) }, activity.getIntent()=Intent { act=android.intent.action.MAIN cat=[android.intent.category.LAUNCHER] flg=0x10008000 cmp=com.cpen321group.accountability/androidx.test.core.app.InstrumentationActivityInvoker$BootstrapActivity (has extras) }, activity=androidx.test.core.app.InstrumentationActivityInvoker$BootstrapActivity@ae570f4
2022-08-03 12:56:57.212 5143-5143/com.cpen321group.accountability D/LifecycleMonitor: Lifecycle status change: androidx.test.core.app.InstrumentationActivityInvoker$BootstrapActivity@ae570f4 in: STARTED
2022-08-03 12:56:57.212 5143-5143/com.cpen321group.accountability V/ActivityScenario: Activity lifecycle changed event received but ignored because the intent does not match. startActivityIntent=Intent { act=android.intent.action.MAIN cat=[android.intent.category.LAUNCHER] cmp=com.cpen321group.accountability/androidx.fragment.app.testing.FragmentScenario$EmptyFragmentActivity (has extras) }, activity.getIntent()=Intent { act=android.intent.action.MAIN cat=[android.intent.category.LAUNCHER] flg=0x10008000 cmp=com.cpen321group.accountability/androidx.test.core.app.InstrumentationActivityInvoker$BootstrapActivity (has extras) }, activity=androidx.test.core.app.InstrumentationActivityInvoker$BootstrapActivity@ae570f4
2022-08-03 12:56:57.212 5143-5143/com.cpen321group.accountability I/chatty: uid=10136(com.cpen321group.accountability) identical 1 line
2022-08-03 12:56:57.212 5143-5143/com.cpen321group.accountability V/ActivityScenario: Activity lifecycle changed event received but ignored because the intent does not match. startActivityIntent=Intent { act=android.intent.action.MAIN cat=[android.intent.category.LAUNCHER] cmp=com.cpen321group.accountability/androidx.fragment.app.testing.FragmentScenario$EmptyFragmentActivity (has extras) }, activity.getIntent()=Intent { act=android.intent.action.MAIN cat=[android.intent.category.LAUNCHER] flg=0x10008000 cmp=com.cpen321group.accountability/androidx.test.core.app.InstrumentationActivityInvoker$BootstrapActivity (has extras) }, activity=androidx.test.core.app.InstrumentationActivityInvoker$BootstrapActivity@ae570f4
2022-08-03 12:56:57.216 5143-5143/com.cpen321group.accountability D/LifecycleMonitor: Lifecycle status change: androidx.test.core.app.InstrumentationActivityInvoker$BootstrapActivity@ae570f4 in: RESUMED
2022-08-03 12:56:57.216 5143-5143/com.cpen321group.accountability V/ActivityScenario: Activity lifecycle changed event received but ignored because the intent does not match. startActivityIntent=Intent { act=android.intent.action.MAIN cat=[android.intent.category.LAUNCHER] cmp=com.cpen321group.accountability/androidx.fragment.app.testing.FragmentScenario$EmptyFragmentActivity (has extras) }, activity.getIntent()=Intent { act=android.intent.action.MAIN cat=[android.intent.category.LAUNCHER] flg=0x10008000 cmp=com.cpen321group.accountability/androidx.test.core.app.InstrumentationActivityInvoker$BootstrapActivity (has extras) }, activity=androidx.test.core.app.InstrumentationActivityInvoker$BootstrapActivity@ae570f4
2022-08-03 12:56:57.216 5143-5143/com.cpen321group.accountability I/chatty: uid=10136(com.cpen321group.accountability) identical 1 line
2022-08-03 12:56:57.216 5143-5143/com.cpen321group.accountability V/ActivityScenario: Activity lifecycle changed event received but ignored because the intent does not match. startActivityIntent=Intent { act=android.intent.action.MAIN cat=[android.intent.category.LAUNCHER] cmp=com.cpen321group.accountability/androidx.fragment.app.testing.FragmentScenario$EmptyFragmentActivity (has extras) }, activity.getIntent()=Intent { act=android.intent.action.MAIN cat=[android.intent.category.LAUNCHER] flg=0x10008000 cmp=com.cpen321group.accountability/androidx.test.core.app.InstrumentationActivityInvoker$BootstrapActivity (has extras) }, activity=androidx.test.core.app.InstrumentationActivityInvoker$BootstrapActivity@ae570f4
2022-08-03 12:56:57.218 5143-5143/com.cpen321group.accountability D/LifecycleMonitor: Lifecycle status change: androidx.test.core.app.InstrumentationActivityInvoker$BootstrapActivity@ae570f4 in: PAUSED
2022-08-03 12:56:57.218 5143-5143/com.cpen321group.accountability V/ActivityScenario: Activity lifecycle changed event received but ignored because the intent does not match. startActivityIntent=Intent { act=android.intent.action.MAIN cat=[android.intent.category.LAUNCHER] cmp=com.cpen321group.accountability/androidx.fragment.app.testing.FragmentScenario$EmptyFragmentActivity (has extras) }, activity.getIntent()=Intent { act=android.intent.action.MAIN cat=[android.intent.category.LAUNCHER] flg=0x10008000 cmp=com.cpen321group.accountability/androidx.test.core.app.InstrumentationActivityInvoker$BootstrapActivity (has extras) }, activity=androidx.test.core.app.InstrumentationActivityInvoker$BootstrapActivity@ae570f4
2022-08-03 12:56:57.218 5143-5143/com.cpen321group.accountability I/chatty: uid=10136(com.cpen321group.accountability) identical 1 line
2022-08-03 12:56:57.218 5143-5143/com.cpen321group.accountability V/ActivityScenario: Activity lifecycle changed event received but ignored because the intent does not match. startActivityIntent=Intent { act=android.intent.action.MAIN cat=[android.intent.category.LAUNCHER] cmp=com.cpen321group.accountability/androidx.fragment.app.testing.FragmentScenario$EmptyFragmentActivity (has extras) }, activity.getIntent()=Intent { act=android.intent.action.MAIN cat=[android.intent.category.LAUNCHER] flg=0x10008000 cmp=com.cpen321group.accountability/androidx.test.core.app.InstrumentationActivityInvoker$BootstrapActivity (has extras) }, activity=androidx.test.core.app.InstrumentationActivityInvoker$BootstrapActivity@ae570f4
2022-08-03 12:56:57.231 5143-5143/com.cpen321group.accountability W/ActivityThread: handleWindowVisibility: no activity for token android.os.BinderProxy@8e7b5d5
2022-08-03 12:56:57.243 5143-5143/com.cpen321group.accountability D/LifecycleMonitor: Lifecycle status change: androidx.fragment.app.testing.FragmentScenario$EmptyFragmentActivity@e41ca8d in: PRE_ON_CREATE
2022-08-03 12:56:57.243 5143-5143/com.cpen321group.accountability V/ActivityScenario: Activity lifecycle changed event received but ignored because the reported transition was not ON_CREATE while the last known transition was DESTROYED
2022-08-03 12:56:57.243 5143-5143/com.cpen321group.accountability V/ActivityScenario: Activity lifecycle changed event received but ignored because the reported transition was not ON_CREATE while the last known transition was DESTROYED
2022-08-03 12:56:57.243 5143-5143/com.cpen321group.accountability V/ActivityScenario: Activity lifecycle changed event received but ignored because the reported transition was not ON_CREATE while the last known transition was PRE_ON_CREATE
2022-08-03 12:56:57.249 5143-5143/com.cpen321group.accountability D/LifecycleMonitor: Lifecycle status change: androidx.fragment.app.testing.FragmentScenario$EmptyFragmentActivity@e41ca8d in: CREATED
2022-08-03 12:56:57.249 5143-5143/com.cpen321group.accountability V/ActivityScenario: Update currentActivityStage to CREATED, currentActivity=androidx.fragment.app.testing.FragmentScenario$EmptyFragmentActivity@e41ca8d
2022-08-03 12:56:57.249 5143-5143/com.cpen321group.accountability I/chatty: uid=10136(com.cpen321group.accountability) identical 1 line
2022-08-03 12:56:57.249 5143-5143/com.cpen321group.accountability V/ActivityScenario: Update currentActivityStage to CREATED, currentActivity=androidx.fragment.app.testing.FragmentScenario$EmptyFragmentActivity@e41ca8d
2022-08-03 12:56:57.251 5143-5143/com.cpen321group.accountability D/LifecycleMonitor: Lifecycle status change: androidx.fragment.app.testing.FragmentScenario$EmptyFragmentActivity@e41ca8d in: STARTED
2022-08-03 12:56:57.251 5143-5143/com.cpen321group.accountability V/ActivityScenario: Update currentActivityStage to STARTED, currentActivity=androidx.fragment.app.testing.FragmentScenario$EmptyFragmentActivity@e41ca8d
2022-08-03 12:56:57.251 5143-5143/com.cpen321group.accountability I/chatty: uid=10136(com.cpen321group.accountability) identical 1 line
2022-08-03 12:56:57.251 5143-5143/com.cpen321group.accountability V/ActivityScenario: Update currentActivityStage to STARTED, currentActivity=androidx.fragment.app.testing.FragmentScenario$EmptyFragmentActivity@e41ca8d
2022-08-03 12:56:57.253 5143-5143/com.cpen321group.accountability D/LifecycleMonitor: Lifecycle status change: androidx.fragment.app.testing.FragmentScenario$EmptyFragmentActivity@e41ca8d in: RESUMED
2022-08-03 12:56:57.253 5143-5143/com.cpen321group.accountability V/ActivityScenario: Update currentActivityStage to RESUMED, currentActivity=androidx.fragment.app.testing.FragmentScenario$EmptyFragmentActivity@e41ca8d
2022-08-03 12:56:57.253 5143-5143/com.cpen321group.accountability I/chatty: uid=10136(com.cpen321group.accountability) identical 1 line
2022-08-03 12:56:57.253 5143-5143/com.cpen321group.accountability V/ActivityScenario: Update currentActivityStage to RESUMED, currentActivity=androidx.fragment.app.testing.FragmentScenario$EmptyFragmentActivity@e41ca8d
2022-08-03 12:56:57.271 5143-5201/com.cpen321group.accountability D/EGL_emulation: eglMakeCurrent: 0xe421aba0: ver 2 0 (tinfo 0xe420f920)
2022-08-03 12:56:57.322 5143-5143/com.cpen321group.accountability D/LifecycleMonitor: Lifecycle status change: androidx.test.core.app.InstrumentationActivityInvoker$BootstrapActivity@ae570f4 in: STOPPED
2022-08-03 12:56:57.322 5143-5143/com.cpen321group.accountability V/ActivityScenario: Activity lifecycle changed event received but ignored because the intent does not match. startActivityIntent=Intent { act=android.intent.action.MAIN cat=[android.intent.category.LAUNCHER] cmp=com.cpen321group.accountability/androidx.fragment.app.testing.FragmentScenario$EmptyFragmentActivity (has extras) }, activity.getIntent()=Intent { act=android.intent.action.MAIN cat=[android.intent.category.LAUNCHER] flg=0x10008000 cmp=com.cpen321group.accountability/androidx.test.core.app.InstrumentationActivityInvoker$BootstrapActivity (has extras) }, activity=androidx.test.core.app.InstrumentationActivityInvoker$BootstrapActivity@ae570f4
2022-08-03 12:56:57.323 5143-5143/com.cpen321group.accountability I/chatty: uid=10136(com.cpen321group.accountability) identical 1 line
