2022-08-03 12:56:18.553 5143-5143/com.cpen321group.accountability D/LifecycleMonitor: Lifecycle status change: androidx.test.core.app.InstrumentationActivityInvoker$BootstrapActivity@15513f6 in: RESUMED
2022-08-03 12:56:18.555 5143-5143/com.cpen321group.accountability V/ActivityScenario: Activity lifecycle changed event received but ignored because the intent does not match. startActivityIntent=Intent { act=android.intent.action.MAIN cat=[android.intent.category.LAUNCHER] cmp=com.cpen321group.accountability/androidx.fragment.app.testing.FragmentScenario$EmptyFragmentActivity (has extras) }, activity.getIntent()=Intent { act=android.intent.action.MAIN cat=[android.intent.category.LAUNCHER] flg=0x10008000 cmp=com.cpen321group.accountability/androidx.test.core.app.InstrumentationActivityInvoker$BootstrapActivity (has extras) }, activity=androidx.test.core.app.InstrumentationActivityInvoker$BootstrapActivity@15513f6
2022-08-03 12:56:18.555 5143-5143/com.cpen321group.accountability I/chatty: uid=10136(com.cpen321group.accountability) identical 1 line
2022-08-03 12:56:18.555 5143-5143/com.cpen321group.accountability V/ActivityScenario: Activity lifecycle changed event received but ignored because the intent does not match. startActivityIntent=Intent { act=android.intent.action.MAIN cat=[android.intent.category.LAUNCHER] cmp=com.cpen321group.accountability/androidx.fragment.app.testing.FragmentScenario$EmptyFragmentActivity (has extras) }, activity.getIntent()=Intent { act=android.intent.action.MAIN cat=[android.intent.category.LAUNCHER] flg=0x10008000 cmp=com.cpen321group.accountability/androidx.test.core.app.InstrumentationActivityInvoker$BootstrapActivity (has extras) }, activity=androidx.test.core.app.InstrumentationActivityInvoker$BootstrapActivity@15513f6
2022-08-03 12:56:18.558 5143-5143/com.cpen321group.accountability D/LifecycleMonitor: Lifecycle status change: androidx.test.core.app.InstrumentationActivityInvoker$BootstrapActivity@15513f6 in: PAUSED
2022-08-03 12:56:18.558 5143-5143/com.cpen321group.accountability V/ActivityScenario: Activity lifecycle changed event received but ignored because the intent does not match. startActivityIntent=Intent { act=android.intent.action.MAIN cat=[android.intent.category.LAUNCHER] cmp=com.cpen321group.accountability/androidx.fragment.app.testing.FragmentScenario$EmptyFragmentActivity (has extras) }, activity.getIntent()=Intent { act=android.intent.action.MAIN cat=[android.intent.category.LAUNCHER] flg=0x10008000 cmp=com.cpen321group.accountability/androidx.test.core.app.InstrumentationActivityInvoker$BootstrapActivity (has extras) }, activity=androidx.test.core.app.InstrumentationActivityInvoker$BootstrapActivity@15513f6
2022-08-03 12:56:18.558 5143-5143/com.cpen321group.accountability I/chatty: uid=10136(com.cpen321group.accountability) identical 1 line
2022-08-03 12:56:18.558 5143-5143/com.cpen321group.accountability V/ActivityScenario: Activity lifecycle changed event received but ignored because the intent does not match. startActivityIntent=Intent { act=android.intent.action.MAIN cat=[android.intent.category.LAUNCHER] cmp=com.cpen321group.accountability/androidx.fragment.app.testing.FragmentScenario$EmptyFragmentActivity (has extras) }, activity.getIntent()=Intent { act=android.intent.action.MAIN cat=[android.intent.category.LAUNCHER] flg=0x10008000 cmp=com.cpen321group.accountability/androidx.test.core.app.InstrumentationActivityInvoker$BootstrapActivity (has extras) }, activity=androidx.test.core.app.InstrumentationActivityInvoker$BootstrapActivity@15513f6
2022-08-03 12:56:18.571 5143-5143/com.cpen321group.accountability W/ActivityThread: handleWindowVisibility: no activity for token android.os.BinderProxy@5141aef
2022-08-03 12:56:18.576 5143-5143/com.cpen321group.accountability D/LifecycleMonitor: Lifecycle status change: androidx.fragment.app.testing.FragmentScenario$EmptyFragmentActivity@97e78e7 in: PRE_ON_CREATE
2022-08-03 12:56:18.576 5143-5143/com.cpen321group.accountability V/ActivityScenario: Activity lifecycle changed event received but ignored because the reported transition was not ON_CREATE while the last known transition was DESTROYED
2022-08-03 12:56:18.577 5143-5143/com.cpen321group.accountability V/ActivityScenario: Activity lifecycle changed event received but ignored because the reported transition was not ON_CREATE while the last known transition was DESTROYED
2022-08-03 12:56:18.577 5143-5143/com.cpen321group.accountability V/ActivityScenario: Activity lifecycle changed event received but ignored because the reported transition was not ON_CREATE while the last known transition was PRE_ON_CREATE
2022-08-03 12:56:18.590 5143-5143/com.cpen321group.accountability D/LifecycleMonitor: Lifecycle status change: androidx.fragment.app.testing.FragmentScenario$EmptyFragmentActivity@97e78e7 in: CREATED
2022-08-03 12:56:18.590 5143-5143/com.cpen321group.accountability V/ActivityScenario: Update currentActivityStage to CREATED, currentActivity=androidx.fragment.app.testing.FragmentScenario$EmptyFragmentActivity@97e78e7
2022-08-03 12:56:18.590 5143-5143/com.cpen321group.accountability I/chatty: uid=10136(com.cpen321group.accountability) identical 1 line
2022-08-03 12:56:18.590 5143-5143/com.cpen321group.accountability V/ActivityScenario: Update currentActivityStage to CREATED, currentActivity=androidx.fragment.app.testing.FragmentScenario$EmptyFragmentActivity@97e78e7
2022-08-03 12:56:18.593 5143-5143/com.cpen321group.accountability D/LifecycleMonitor: Lifecycle status change: androidx.fragment.app.testing.FragmentScenario$EmptyFragmentActivity@97e78e7 in: STARTED
2022-08-03 12:56:18.593 5143-5143/com.cpen321group.accountability V/ActivityScenario: Update currentActivityStage to STARTED, currentActivity=androidx.fragment.app.testing.FragmentScenario$EmptyFragmentActivity@97e78e7
2022-08-03 12:56:18.593 5143-5143/com.cpen321group.accountability I/chatty: uid=10136(com.cpen321group.accountability) identical 1 line
2022-08-03 12:56:18.593 5143-5143/com.cpen321group.accountability V/ActivityScenario: Update currentActivityStage to STARTED, currentActivity=androidx.fragment.app.testing.FragmentScenario$EmptyFragmentActivity@97e78e7
2022-08-03 12:56:18.594 5143-5143/com.cpen321group.accountability D/LifecycleMonitor: Lifecycle status change: androidx.fragment.app.testing.FragmentScenario$EmptyFragmentActivity@97e78e7 in: RESUMED
2022-08-03 12:56:18.594 5143-5143/com.cpen321group.accountability V/ActivityScenario: Update currentActivityStage to RESUMED, currentActivity=androidx.fragment.app.testing.FragmentScenario$EmptyFragmentActivity@97e78e7
2022-08-03 12:56:18.594 5143-5143/com.cpen321group.accountability I/chatty: uid=10136(com.cpen321group.accountability) identical 1 line
2022-08-03 12:56:18.594 5143-5143/com.cpen321group.accountability V/ActivityScenario: Update currentActivityStage to RESUMED, currentActivity=androidx.fragment.app.testing.FragmentScenario$EmptyFragmentActivity@97e78e7
2022-08-03 12:56:18.620 5143-5201/com.cpen321group.accountability D/EGL_emulation: eglMakeCurrent: 0xe421aba0: ver 2 0 (tinfo 0xe420f920)
2022-08-03 12:56:18.674 5143-5143/com.cpen321group.accountability D/LifecycleMonitor: Lifecycle status change: androidx.test.core.app.InstrumentationActivityInvoker$BootstrapActivity@15513f6 in: STOPPED
2022-08-03 12:56:18.674 5143-5143/com.cpen321group.accountability V/ActivityScenario: Activity lifecycle changed event received but ignored because the intent does not match. startActivityIntent=Intent { act=android.intent.action.MAIN cat=[android.intent.category.LAUNCHER] cmp=com.cpen321group.accountability/androidx.fragment.app.testing.FragmentScenario$EmptyFragmentActivity (has extras) }, activity.getIntent()=Intent { act=android.intent.action.MAIN cat=[android.intent.category.LAUNCHER] flg=0x10008000 cmp=com.cpen321group.accountability/androidx.test.core.app.InstrumentationActivityInvoker$BootstrapActivity (has extras) }, activity=androidx.test.core.app.InstrumentationActivityInvoker$BootstrapActivity@15513f6
2022-08-03 12:56:18.674 5143-5143/com.cpen321group.accountability I/chatty: uid=10136(com.cpen321group.accountability) identical 1 line
2022-08-03 12:56:18.674 5143-5143/com.cpen321group.accountability V/ActivityScenario: Activity lifecycle changed event received but ignored because the intent does not match. startActivityIntent=Intent { act=android.intent.action.MAIN cat=[android.intent.category.LAUNCHER] cmp=com.cpen321group.accountability/androidx.fragment.app.testing.FragmentScenario$EmptyFragmentActivity (has extras) }, activity.getIntent()=Intent { act=android.intent.action.MAIN cat=[android.intent.category.LAUNCHER] flg=0x10008000 cmp=com.cpen321group.accountability/androidx.test.core.app.InstrumentationActivityInvoker$BootstrapActivity (has extras) }, activity=androidx.test.core.app.InstrumentationActivityInvoker$BootstrapActivity@15513f6
2022-08-03 12:56:18.675 5143-5143/com.cpen321group.accountability D/LifecycleMonitor: Lifecycle status change: androidx.fragment.app.testing.FragmentScenario$EmptyFragmentActivity@81eaa70 in: STOPPED
2022-08-03 12:56:18.675 5143-5143/com.cpen321group.accountability V/ActivityScenario: Activity lifecycle changed event received but ignored because the intent does not match. startActivityIntent=Intent { act=android.intent.action.MAIN cat=[android.intent.category.LAUNCHER] cmp=com.cpen321group.accountability/androidx.fragment.app.testing.FragmentScenario$EmptyFragmentActivity (has extras) }, activity.getIntent()=Intent { act=android.intent.action.MAIN flg=0x10000000 cmp=com.cpen321group.accountability/androidx.fragment.app.testing.FragmentScenario$EmptyFragmentActivity }, activity=androidx.fragment.app.testing.FragmentScenario$EmptyFragmentActivity@81eaa70
2022-08-03 12:56:18.675 5143-5143/com.cpen321group.accountability I/chatty: uid=10136(com.cpen321group.accountability) identical 1 line
2022-08-03 12:56:18.675 5143-5143/com.cpen321group.accountability V/ActivityScenario: Activity lifecycle changed event received but ignored because the intent does not match. startActivityIntent=Intent { act=android.intent.action.MAIN cat=[android.intent.category.LAUNCHER] cmp=com.cpen321group.accountability/androidx.fragment.app.testing.FragmentScenario$EmptyFragmentActivity (has extras) }, activity.getIntent()=Intent { act=android.intent.action.MAIN flg=0x10000000 cmp=com.cpen321group.accountability/androidx.fragment.app.testing.FragmentScenario$EmptyFragmentActivity }, activity=androidx.fragment.app.testing.FragmentScenario$EmptyFragmentActivity@81eaa70
2022-08-03 12:56:18.693 5143-5143/com.cpen321group.accountability I/ViewInteraction: Performing 'wait for 5000milliseconds' action on view view.getRootView() to equal view
2022-08-03 12:56:19.511 5143-5143/com.cpen321group.accountability D/history: Response{protocol=http/1.1, code=200, message=OK, url=http://20.104.57.27:8000/messaging/message/62d75d3a6ad3fbb4407dc666}
2022-08-03 12:56:19.511 5143-5143/com.cpen321group.accountability D/history: "Hello"
2022-08-03 12:56:19.511 5143-5143/com.cpen321group.accountability D/hisId: "100141214588378665776go"
2022-08-03 12:56:19.511 5143-5143/com.cpen321group.accountability D/history: "Hi!"
2022-08-03 12:56:19.511 5143-5143/com.cpen321group.accountability D/hisId: "100141214588378665776go"
2022-08-03 12:56:19.511 5143-5143/com.cpen321group.accountability D/history: "Happy to talk to you!"
2022-08-03 12:56:19.511 5143-5143/com.cpen321group.accountability D/hisId: "100141214588378665776go"
2022-08-03 12:56:19.511 5143-5143/com.cpen321group.accountability D/history: "Hi!"
2022-08-03 12:56:19.511 5143-5143/com.cpen321group.accountability D/hisId: "100141214588378665776go"
2022-08-03 12:56:19.511 5143-5143/com.cpen321group.accountability D/history: "Hi!"
2022-08-03 12:56:19.511 5143-5143/com.cpen321group.accountability D/hisId: "100141214588378665776go"
2022-08-03 12:56:19.511 5143-5143/com.cpen321group.accountability D/history: "Hi!"
2022-08-03 12:56:19.511 5143-5143/com.cpen321group.accountability D/hisId: "100141214588378665776go"
2022-08-03 12:56:19.511 5143-5143/com.cpen321group.accountability D/history: "Hi!"
2022-08-03 12:56:19.511 5143-5143/com.cpen321group.accountability D/hisId: "100141214588378665776go"
2022-08-03 12:56:19.511 5143-5143/com.cpen321group.accountability D/history: "Hi!"
2022-08-03 12:56:19.511 5143-5143/com.cpen321group.accountability D/hisId: "100141214588378665776go"
2022-08-03 12:56:19.511 5143-5143/com.cpen321group.accountability D/history: "Hi!"
2022-08-03 12:56:19.511 5143-5143/com.cpen321group.accountability D/hisId: "100141214588378665776go"
2022-08-03 12:56:19.511 5143-5143/com.cpen321group.accountability D/history: "Hi!"
2022-08-03 12:56:19.511 5143-5143/com.cpen321group.accountability D/hisId: "100141214588378665776go"
2022-08-03 12:56:19.511 5143-5143/com.cpen321group.accountability D/history: "Hi!"
2022-08-03 12:56:19.511 5143-5143/com.cpen321group.accountability D/hisId: "455937552go"
2022-08-03 12:56:19.511 5143-5143/com.cpen321group.accountability D/history: "Hi!"
2022-08-03 12:56:19.511 5143-5143/com.cpen321group.accountability D/hisId: "455937552go"
2022-08-03 12:56:19.511 5143-5143/com.cpen321group.accountability D/history: "Hi!"
2022-08-03 12:56:19.512 5143-5143/com.cpen321group.accountability D/hisId: "100141214588378665776go"
2022-08-03 12:56:19.512 5143-5143/com.cpen321group.accountability D/history: "Hi!"
2022-08-03 12:56:19.512 5143-5143/com.cpen321group.accountability D/hisId: "100141214588378665776go"
2022-08-03 12:56:19.512 5143-5143/com.cpen321group.accountability D/history: "Hi!"
2022-08-03 12:56:19.512 5143-5143/com.cpen321group.accountability D/hisId: "100141214588378665776go"
2022-08-03 12:56:19.512 5143-5143/com.cpen321group.accountability D/history: "Hi!"
2022-08-03 12:56:19.513 5143-5143/com.cpen321group.accountability D/hisId: "455937552go"
2022-08-03 12:56:19.514 5143-5143/com.cpen321group.accountability D/history: "Hi!"
2022-08-03 12:56:19.514 5143-5143/com.cpen321group.accountability D/hisId: "455937552go"
2022-08-03 12:56:19.514 5143-5143/com.cpen321group.accountability D/history: "Hi!"
2022-08-03 12:56:19.514 5143-5143/com.cpen321group.accountability D/hisId: "100141214588378665776go"
2022-08-03 12:56:19.514 5143-5143/com.cpen321group.accountability D/history: "Hi!"
2022-08-03 12:56:19.514 5143-5143/com.cpen321group.accountability D/hisId: "455937552go"
2022-08-03 12:56:20.782 5143-5143/com.cpen321group.accountability D/getAccountant: "455937552go"
2022-08-03 12:56:20.782 5143-5143/com.cpen321group.accountability D/getAccountant: "David"
2022-08-03 12:56:20.782 5143-5143/com.cpen321group.accountability D/getAccountant: "111791232409232840405go"
2022-08-03 12:56:20.783 5143-5143/com.cpen321group.accountability D/getAccountant: "Wilson"
2022-08-03 12:56:20.783 5143-5143/com.cpen321group.accountability D/getAccountant: "12345678007fb"
2022-08-03 12:56:20.783 5143-5143/com.cpen321group.accountability D/getAccountant: "Harry"
2022-08-03 12:56:20.783 5143-5143/com.cpen321group.accountability D/getAccountant: "972516927478726fb"
2022-08-03 12:56:20.783 5143-5143/com.cpen321group.accountability D/getAccountant: "Vicky"
2022-08-03 12:56:23.698 5143-5143/com.cpen321group.accountability I/ViewInteraction: Performing 'scroll RecyclerView to position: 2' action on view view.getId() is <2131296440/com.cpen321group.accountability:id/chat_recycler>
2022-08-03 12:56:23.731 5143-5143/com.cpen321group.accountability I/ViewInteraction: Performing 'actionOnItemAtPosition performing ViewAction: Click on a child view with specified id. on item at position: 2' action on view view.getId() is <2131296440/com.cpen321group.accountability:id/chat_recycler>
2022-08-03 12:56:26.758 5143-5143/com.cpen321group.accountability D/LifecycleMonitor: Lifecycle status change: androidx.fragment.app.testing.FragmentScenario$EmptyFragmentActivity@97e78e7 in: PAUSED
2022-08-03 12:56:26.758 5143-5143/com.cpen321group.accountability V/ActivityScenario: Update currentActivityStage to PAUSED, currentActivity=androidx.fragment.app.testing.FragmentScenario$EmptyFragmentActivity@97e78e7
2022-08-03 12:56:26.758 5143-5143/com.cpen321group.accountability I/chatty: uid=10136(com.cpen321group.accountability) identical 1 line
2022-08-03 12:56:26.758 5143-5143/com.cpen321group.accountability V/ActivityScenario: Update currentActivityStage to PAUSED, currentActivity=androidx.fragment.app.testing.FragmentScenario$EmptyFragmentActivity@97e78e7
2022-08-03 12:56:26.763 5143-5143/com.cpen321group.accountability W/ActivityThread: handleWindowVisibility: no activity for token android.os.BinderProxy@ddf500c
2022-08-03 12:56:26.770 5143-5143/com.cpen321group.accountability D/LifecycleMonitor: Lifecycle status change: com.cpen321group.accountability.mainscreen.chat.HistoryActivity@bfd94a4 in: PRE_ON_CREATE
2022-08-03 12:56:26.770 5143-5143/com.cpen321group.accountability V/ActivityScenario: Activity lifecycle changed event received but ignored because the intent does not match. startActivityIntent=Intent { act=android.intent.action.MAIN cat=[android.intent.category.LAUNCHER] cmp=com.cpen321group.accountability/androidx.fragment.app.testing.FragmentScenario$EmptyFragmentActivity (has extras) }, activity.getIntent()=Intent { cmp=com.cpen321group.accountability/.mainscreen.chat.HistoryActivity }, activity=com.cpen321group.accountability.mainscreen.chat.HistoryActivity@bfd94a4
2022-08-03 12:56:26.770 5143-5143/com.cpen321group.accountability I/chatty: uid=10136(com.cpen321group.accountability) identical 1 line
2022-08-03 12:56:26.770 5143-5143/com.cpen321group.accountability V/ActivityScenario: Activity lifecycle changed event received but ignored because the intent does not match. startActivityIntent=Intent { act=android.intent.action.MAIN cat=[android.intent.category.LAUNCHER] cmp=com.cpen321group.accountability/androidx.fragment.app.testing.FragmentScenario$EmptyFragmentActivity (has extras) }, activity.getIntent()=Intent { cmp=com.cpen321group.accountability/.mainscreen.chat.HistoryActivity }, activity=com.cpen321group.accountability.mainscreen.chat.HistoryActivity@bfd94a4
2022-08-03 12:56:26.782 5143-5143/com.cpen321group.accountability D/LifecycleMonitor: Lifecycle status change: com.cpen321group.accountability.mainscreen.chat.HistoryActivity@bfd94a4 in: CREATED
2022-08-03 12:56:26.782 5143-5143/com.cpen321group.accountability V/ActivityScenario: Activity lifecycle changed event received but ignored because the intent does not match. startActivityIntent=Intent { act=android.intent.action.MAIN cat=[android.intent.category.LAUNCHER] cmp=com.cpen321group.accountability/androidx.fragment.app.testing.FragmentScenario$EmptyFragmentActivity (has extras) }, activity.getIntent()=Intent { cmp=com.cpen321group.accountability/.mainscreen.chat.HistoryActivity }, activity=com.cpen321group.accountability.mainscreen.chat.HistoryActivity@bfd94a4
2022-08-03 12:56:26.782 5143-5143/com.cpen321group.accountability I/chatty: uid=10136(com.cpen321group.accountability) identical 1 line
2022-08-03 12:56:26.782 5143-5143/com.cpen321group.accountability V/ActivityScenario: Activity lifecycle changed event received but ignored because the intent does not match. startActivityIntent=Intent { act=android.intent.action.MAIN cat=[android.intent.category.LAUNCHER] cmp=com.cpen321group.accountability/androidx.fragment.app.testing.FragmentScenario$EmptyFragmentActivity (has extras) }, activity.getIntent()=Intent { cmp=com.cpen321group.accountability/.mainscreen.chat.HistoryActivity }, activity=com.cpen321group.accountability.mainscreen.chat.HistoryActivity@bfd94a4
2022-08-03 12:56:26.783 5143-5143/com.cpen321group.accountability D/LifecycleMonitor: Lifecycle status change: com.cpen321group.accountability.mainscreen.chat.HistoryActivity@bfd94a4 in: STARTED
2022-08-03 12:56:26.784 5143-5143/com.cpen321group.accountability V/ActivityScenario: Activity lifecycle changed event received but ignored because the intent does not match. startActivityIntent=Intent { act=android.intent.action.MAIN cat=[android.intent.category.LAUNCHER] cmp=com.cpen321group.accountability/androidx.fragment.app.testing.FragmentScenario$EmptyFragmentActivity (has extras) }, activity.getIntent()=Intent { cmp=com.cpen321group.accountability/.mainscreen.chat.HistoryActivity }, activity=com.cpen321group.accountability.mainscreen.chat.HistoryActivity@bfd94a4
2022-08-03 12:56:26.784 5143-5143/com.cpen321group.accountability I/chatty: uid=10136(com.cpen321group.accountability) identical 1 line
2022-08-03 12:56:26.784 5143-5143/com.cpen321group.accountability V/ActivityScenario: Activity lifecycle changed event received but ignored because the intent does not match. startActivityIntent=Intent { act=android.intent.action.MAIN cat=[android.intent.category.LAUNCHER] cmp=com.cpen321group.accountability/androidx.fragment.app.testing.FragmentScenario$EmptyFragmentActivity (has extras) }, activity.getIntent()=Intent { cmp=com.cpen321group.accountability/.mainscreen.chat.HistoryActivity }, activity=com.cpen321group.accountability.mainscreen.chat.HistoryActivity@bfd94a4
2022-08-03 12:56:26.784 5143-5143/com.cpen321group.accountability D/LifecycleMonitor: Lifecycle status change: com.cpen321group.accountability.mainscreen.chat.HistoryActivity@bfd94a4 in: RESUMED
2022-08-03 12:56:26.784 5143-5143/com.cpen321group.accountability V/ActivityScenario: Activity lifecycle changed event received but ignored because the intent does not match. startActivityIntent=Intent { act=android.intent.action.MAIN cat=[android.intent.category.LAUNCHER] cmp=com.cpen321group.accountability/androidx.fragment.app.testing.FragmentScenario$EmptyFragmentActivity (has extras) }, activity.getIntent()=Intent { cmp=com.cpen321group.accountability/.mainscreen.chat.HistoryActivity }, activity=com.cpen321group.accountability.mainscreen.chat.HistoryActivity@bfd94a4
2022-08-03 12:56:26.784 5143-5143/com.cpen321group.accountability I/chatty: uid=10136(com.cpen321group.accountability) identical 1 line
2022-08-03 12:56:26.784 5143-5143/com.cpen321group.accountability V/ActivityScenario: Activity lifecycle changed event received but ignored because the intent does not match. startActivityIntent=Intent { act=android.intent.action.MAIN cat=[android.intent.category.LAUNCHER] cmp=com.cpen321group.accountability/androidx.fragment.app.testing.FragmentScenario$EmptyFragmentActivity (has extras) }, activity.getIntent()=Intent { cmp=com.cpen321group.accountability/.mainscreen.chat.HistoryActivity }, activity=com.cpen321group.accountability.mainscreen.chat.HistoryActivity@bfd94a4
2022-08-03 12:56:26.816 5143-5201/com.cpen321group.accountability D/EGL_emulation: eglMakeCurrent: 0xe421aba0: ver 2 0 (tinfo 0xe420f920)
2022-08-03 12:56:26.823 5143-5201/com.cpen321group.accountability D/EGL_emulation: eglMakeCurrent: 0xe421aba0: ver 2 0 (tinfo 0xe420f920)
2022-08-03 12:56:26.830 5143-5201/com.cpen321group.accountability D/EGL_emulation: eglMakeCurrent: 0xe421aba0: ver 2 0 (tinfo 0xe420f920)
2022-08-03 12:56:26.891 5143-5143/com.cpen321group.accountability D/LifecycleMonitor: Lifecycle status change: androidx.fragment.app.testing.FragmentScenario$EmptyFragmentActivity@97e78e7 in: STOPPED
2022-08-03 12:56:26.892 5143-5143/com.cpen321group.accountability V/ActivityScenario: Update currentActivityStage to STOPPED, currentActivity=androidx.fragment.app.testing.FragmentScenario$EmptyFragmentActivity@97e78e7
2022-08-03 12:56:26.892 5143-5143/com.cpen321group.accountability I/chatty: uid=10136(com.cpen321group.accountability) identical 1 line
2022-08-03 12:56:26.892 5143-5143/com.cpen321group.accountability V/ActivityScenario: Update currentActivityStage to STOPPED, currentActivity=androidx.fragment.app.testing.FragmentScenario$EmptyFragmentActivity@97e78e7
2022-08-03 12:56:28.748 5143-5143/com.cpen321group.accountability I/ViewInteraction: Checking 'androidx.test.espresso.intent.Intents$2@ff04e59' assertion on view view.getRootView() to equal view
2022-08-03 12:56:33.752 5143-5143/com.cpen321group.accountability I/ViewInteraction: Performing 'scroll RecyclerView to position: 0' action on view view.getId() is <2131296662/com.cpen321group.accountability:id/historyView>
2022-08-03 12:56:33.773 5143-5143/com.cpen321group.accountability I/ViewInteraction: Checking 'MatchesViewAssertion{viewMatcher=(view has effective visibility <VISIBLE> and view.getGlobalVisibleRect() to return non-empty rectangle)}' assertion on view an instance of android.widget.TextView and view.getText() with or without transformation to match: is "Hello"
2022-08-03 12:56:33.778 5143-5143/com.cpen321group.accountability D/LifecycleMonitor: Lifecycle status change: androidx.fragment.app.testing.FragmentScenario$EmptyFragmentActivity@97e78e7 in: DESTROYED
2022-08-03 12:56:33.778 5143-5143/com.cpen321group.accountability V/ActivityScenario: Update currentActivityStage to DESTROYED, currentActivity=null
2022-08-03 12:56:33.778 5143-5143/com.cpen321group.accountability I/chatty: uid=10136(com.cpen321group.accountability) identical 1 line
2022-08-03 12:56:33.778 5143-5143/com.cpen321group.accountability V/ActivityScenario: Update currentActivityStage to DESTROYED, currentActivity=null
2022-08-03 12:56:33.784 5143-5195/com.cpen321group.accountability I/TestRunner: finished: _e_noHistoryTest(com.cpen321group.accountability.FindAccountantTest)
2022-08-03 12:56:33.785 5143-5143/com.cpen321group.accountability I/MonitoringInstr: Activities that are still in CREATED to STOPPED: 3
2022-08-03 12:56:33.785 5143-5143/com.cpen321group.accountability I/MonitoringInstr: Finishing activity: com.cpen321group.accountability.mainscreen.chat.HistoryActivity@bfd94a4
2022-08-03 12:56:33.788 5143-5143/com.cpen321group.accountability I/MonitoringInstr: Finishing activity: androidx.fragment.app.testing.FragmentScenario$EmptyFragmentActivity@81eaa70
2022-08-03 12:56:33.790 5143-5143/com.cpen321group.accountability I/MonitoringInstr: Finishing activity: androidx.test.core.app.InstrumentationActivityInvoker$BootstrapActivity@15513f6
2022-08-03 12:56:33.792 5143-5143/com.cpen321group.accountability D/LifecycleMonitor: Lifecycle status change: com.cpen321group.accountability.mainscreen.chat.HistoryActivity@bfd94a4 in: PAUSED
2022-08-03 12:56:33.792 5143-5143/com.cpen321group.accountability V/ActivityScenario: Activity lifecycle changed event received but ignored because the intent does not match. startActivityIntent=Intent { act=android.intent.action.MAIN cat=[android.intent.category.LAUNCHER] cmp=com.cpen321group.accountability/androidx.fragment.app.testing.FragmentScenario$EmptyFragmentActivity (has extras) }, activity.getIntent()=Intent { cmp=com.cpen321group.accountability/.mainscreen.chat.HistoryActivity }, activity=com.cpen321group.accountability.mainscreen.chat.HistoryActivity@bfd94a4
2022-08-03 12:56:33.792 5143-5143/com.cpen321group.accountability I/chatty: uid=10136(com.cpen321group.accountability) identical 1 line
2022-08-03 12:56:33.792 5143-5143/com.cpen321group.accountability V/ActivityScenario: Activity lifecycle changed event received but ignored because the intent does not match. startActivityIntent=Intent { act=android.intent.action.MAIN cat=[android.intent.category.LAUNCHER] cmp=com.cpen321group.accountability/androidx.fragment.app.testing.FragmentScenario$EmptyFragmentActivity (has extras) }, activity.getIntent()=Intent { cmp=com.cpen321group.accountability/.mainscreen.chat.HistoryActivity }, activity=com.cpen321group.accountability.mainscreen.chat.HistoryActivity@bfd94a4
2022-08-03 12:56:33.793 5143-5195/com.cpen321group.accountability I/MonitoringInstr: Unstopped activity count: 1
2022-08-03 12:56:33.796 5143-5143/com.cpen321group.accountability D/LifecycleMonitor: Lifecycle status change: androidx.fragment.app.testing.FragmentScenario$EmptyFragmentActivity@81eaa70 in: DESTROYED
2022-08-03 12:56:33.797 5143-5143/com.cpen321group.accountability V/ActivityScenario: Activity lifecycle changed event received but ignored because the intent does not match. startActivityIntent=Intent { act=android.intent.action.MAIN cat=[android.intent.category.LAUNCHER] cmp=com.cpen321group.accountability/androidx.fragment.app.testing.FragmentScenario$EmptyFragmentActivity (has extras) }, activity.getIntent()=Intent { act=android.intent.action.MAIN flg=0x10000000 cmp=com.cpen321group.accountability/androidx.fragment.app.testing.FragmentScenario$EmptyFragmentActivity }, activity=androidx.fragment.app.testing.FragmentScenario$EmptyFragmentActivity@81eaa70
2022-08-03 12:56:33.797 5143-5143/com.cpen321group.accountability I/chatty: uid=10136(com.cpen321group.accountability) identical 1 line
2022-08-03 12:56:33.797 5143-5143/com.cpen321group.accountability V/ActivityScenario: Activity lifecycle changed event received but ignored because the intent does not match. startActivityIntent=Intent { act=android.intent.action.MAIN cat=[android.intent.category.LAUNCHER] cmp=com.cpen321group.accountability/androidx.fragment.app.testing.FragmentScenario$EmptyFragmentActivity (has extras) }, activity.getIntent()=Intent { act=android.intent.action.MAIN flg=0x10000000 cmp=com.cpen321group.accountability/androidx.fragment.app.testing.FragmentScenario$EmptyFragmentActivity }, activity=androidx.fragment.app.testing.FragmentScenario$EmptyFragmentActivity@81eaa70
2022-08-03 12:56:33.806 5143-5143/com.cpen321group.accountability D/LifecycleMonitor: Lifecycle status change: androidx.test.core.app.InstrumentationActivityInvoker$BootstrapActivity@15513f6 in: DESTROYED
2022-08-03 12:56:33.806 5143-5143/com.cpen321group.accountability V/ActivityScenario: Activity lifecycle changed event received but ignored because the intent does not match. startActivityIntent=Intent { act=android.intent.action.MAIN cat=[android.intent.category.LAUNCHER] cmp=com.cpen321group.accountability/androidx.fragment.app.testing.FragmentScenario$EmptyFragmentActivity (has extras) }, activity.getIntent()=Intent { act=android.intent.action.MAIN cat=[android.intent.category.LAUNCHER] flg=0x10008000 cmp=com.cpen321group.accountability/androidx.test.core.app.InstrumentationActivityInvoker$BootstrapActivity (has extras) }, activity=androidx.test.core.app.InstrumentationActivityInvoker$BootstrapActivity@15513f6
2022-08-03 12:56:33.806 5143-5143/com.cpen321group.accountability I/chatty: uid=10136(com.cpen321group.accountability) identical 1 line
2022-08-03 12:56:33.806 5143-5143/com.cpen321group.accountability V/ActivityScenario: Activity lifecycle changed event received but ignored because the intent does not match. startActivityIntent=Intent { act=android.intent.action.MAIN cat=[android.intent.category.LAUNCHER] cmp=com.cpen321group.accountability/androidx.fragment.app.testing.FragmentScenario$EmptyFragmentActivity (has extras) }, activity.getIntent()=Intent { act=android.intent.action.MAIN cat=[android.intent.category.LAUNCHER] flg=0x10008000 cmp=com.cpen321group.accountability/androidx.test.core.app.InstrumentationActivityInvoker$BootstrapActivity (has extras) }, activity=androidx.test.core.app.InstrumentationActivityInvoker$BootstrapActivity@15513f6
2022-08-03 12:56:33.844 5143-5195/com.cpen321group.accountability I/MonitoringInstr: Unstopped activity count: 1
2022-08-03 12:56:33.869 5143-5201/com.cpen321group.accountability D/EGL_emulation: eglMakeCurrent: 0xe421aba0: ver 2 0 (tinfo 0xe420f920)
2022-08-03 12:56:33.878 5143-5143/com.cpen321group.accountability D/LifecycleMonitor: Lifecycle status change: com.cpen321group.accountability.mainscreen.chat.HistoryActivity@bfd94a4 in: STOPPED
2022-08-03 12:56:33.878 5143-5143/com.cpen321group.accountability V/ActivityScenario: Activity lifecycle changed event received but ignored because the intent does not match. startActivityIntent=Intent { act=android.intent.action.MAIN cat=[android.intent.category.LAUNCHER] cmp=com.cpen321group.accountability/androidx.fragment.app.testing.FragmentScenario$EmptyFragmentActivity (has extras) }, activity.getIntent()=Intent { cmp=com.cpen321group.accountability/.mainscreen.chat.HistoryActivity }, activity=com.cpen321group.accountability.mainscreen.chat.HistoryActivity@bfd94a4
2022-08-03 12:56:33.878 5143-5143/com.cpen321group.accountability I/chatty: uid=10136(com.cpen321group.accountability) identical 1 line
2022-08-03 12:56:33.878 5143-5143/com.cpen321group.accountability V/ActivityScenario: Activity lifecycle changed event received but ignored because the intent does not match. startActivityIntent=Intent { act=android.intent.action.MAIN cat=[android.intent.category.LAUNCHER] cmp=com.cpen321group.accountability/androidx.fragment.app.testing.FragmentScenario$EmptyFragmentActivity (has extras) }, activity.getIntent()=Intent { cmp=com.cpen321group.accountability/.mainscreen.chat.HistoryActivity }, activity=com.cpen321group.accountability.mainscreen.chat.HistoryActivity@bfd94a4
2022-08-03 12:56:33.885 5143-5143/com.cpen321group.accountability D/LifecycleMonitor: Lifecycle status change: com.cpen321group.accountability.mainscreen.chat.HistoryActivity@bfd94a4 in: DESTROYED
2022-08-03 12:56:33.885 5143-5143/com.cpen321group.accountability V/ActivityScenario: Activity lifecycle changed event received but ignored because the intent does not match. startActivityIntent=Intent { act=android.intent.action.MAIN cat=[android.intent.category.LAUNCHER] cmp=com.cpen321group.accountability/androidx.fragment.app.testing.FragmentScenario$EmptyFragmentActivity (has extras) }, activity.getIntent()=Intent { cmp=com.cpen321group.accountability/.mainscreen.chat.HistoryActivity }, activity=com.cpen321group.accountability.mainscreen.chat.HistoryActivity@bfd94a4
2022-08-03 12:56:33.885 5143-5143/com.cpen321group.accountability I/chatty: uid=10136(com.cpen321group.accountability) identical 1 line
2022-08-03 12:56:33.885 5143-5143/com.cpen321group.accountability V/ActivityScenario: Activity lifecycle changed event received but ignored because the intent does not match. startActivityIntent=Intent { act=android.intent.action.MAIN cat=[android.intent.category.LAUNCHER] cmp=com.cpen321group.accountability/androidx.fragment.app.testing.FragmentScenario$EmptyFragmentActivity (has extras) }, activity.getIntent()=Intent { cmp=com.cpen321group.accountability/.mainscreen.chat.HistoryActivity }, activity=com.cpen321group.accountability.mainscreen.chat.HistoryActivity@bfd94a4
2022-08-03 12:56:33.896 5143-5195/com.cpen321group.accountability I/TestRunner: started: _f_reviewTest(com.cpen321group.accountability.FindAccountantTest)
2022-08-03 12:56:33.900 5143-5195/com.cpen321group.accountability W/ActivityTestRule: getActivityIntent() returned null using default: Intent(Intent.ACTION_MAIN)
2022-08-03 12:56:33.910 5143-5143/com.cpen321group.accountability W/ActivityThread: handleWindowVisibility: no activity for token android.os.BinderProxy@faacdf
2022-08-03 12:56:33.919 5143-5143/com.cpen321group.accountability D/LifecycleMonitor: Lifecycle status change: androidx.fragment.app.testing.FragmentScenario$EmptyFragmentActivity@78758d7 in: PRE_ON_CREATE
2022-08-03 12:56:33.919 5143-5143/com.cpen321group.accountability V/ActivityScenario: Activity lifecycle changed event received but ignored because the intent does not match. startActivityIntent=Intent { act=android.intent.action.MAIN cat=[android.intent.category.LAUNCHER] cmp=com.cpen321group.accountability/androidx.fragment.app.testing.FragmentScenario$EmptyFragmentActivity (has extras) }, activity.getIntent()=Intent { act=android.intent.action.MAIN flg=0x10000000 cmp=com.cpen321group.accountability/androidx.fragment.app.testing.FragmentScenario$EmptyFragmentActivity }, activity=androidx.fragment.app.testing.FragmentScenario$EmptyFragmentActivity@78758d7
2022-08-03 12:56:33.919 5143-5143/com.cpen321group.accountability I/chatty: uid=10136(com.cpen321group.accountability) identical 1 line
2022-08-03 12:56:33.919 5143-5143/com.cpen321group.accountability V/ActivityScenario: Activity lifecycle changed event received but ignored because the intent does not match. startActivityIntent=Intent { act=android.intent.action.MAIN cat=[android.intent.category.LAUNCHER] cmp=com.cpen321group.accountability/androidx.fragment.app.testing.FragmentScenario$EmptyFragmentActivity (has extras) }, activity.getIntent()=Intent { act=android.intent.action.MAIN flg=0x10000000 cmp=com.cpen321group.accountability/androidx.fragment.app.testing.FragmentScenario$EmptyFragmentActivity }, activity=androidx.fragment.app.testing.FragmentScenario$EmptyFragmentActivity@78758d7
2022-08-03 12:56:33.934 5143-5143/com.cpen321group.accountability D/LifecycleMonitor: Lifecycle status change: androidx.fragment.app.testing.FragmentScenario$EmptyFragmentActivity@78758d7 in: CREATED
2022-08-03 12:56:33.934 5143-5143/com.cpen321group.accountability V/ActivityScenario: Activity lifecycle changed event received but ignored because the intent does not match. startActivityIntent=Intent { act=android.intent.action.MAIN cat=[android.intent.category.LAUNCHER] cmp=com.cpen321group.accountability/androidx.fragment.app.testing.FragmentScenario$EmptyFragmentActivity (has extras) }, activity.getIntent()=Intent { act=android.intent.action.MAIN flg=0x10000000 cmp=com.cpen321group.accountability/androidx.fragment.app.testing.FragmentScenario$EmptyFragmentActivity }, activity=androidx.fragment.app.testing.FragmentScenario$EmptyFragmentActivity@78758d7
2022-08-03 12:56:33.934 5143-5143/com.cpen321group.accountability I/chatty: uid=10136(com.cpen321group.accountability) identical 1 line
2022-08-03 12:56:33.934 5143-5143/com.cpen321group.accountability V/ActivityScenario: Activity lifecycle changed event received but ignored because the intent does not match. startActivityIntent=Intent { act=android.intent.action.MAIN cat=[android.intent.category.LAUNCHER] cmp=com.cpen321group.accountability/androidx.fragment.app.testing.FragmentScenario$EmptyFragmentActivity (has extras) }, activity.getIntent()=Intent { act=android.intent.action.MAIN flg=0x10000000 cmp=com.cpen321group.accountability/androidx.fragment.app.testing.FragmentScenario$EmptyFragmentActivity }, activity=androidx.fragment.app.testing.FragmentScenario$EmptyFragmentActivity@78758d7
2022-08-03 12:56:33.934 5143-5143/com.cpen321group.accountability D/LifecycleMonitor: Lifecycle status change: androidx.fragment.app.testing.FragmentScenario$EmptyFragmentActivity@78758d7 in: STARTED
2022-08-03 12:56:33.934 5143-5143/com.cpen321group.accountability V/ActivityScenario: Activity lifecycle changed event received but ignored because the intent does not match. startActivityIntent=Intent { act=android.intent.action.MAIN cat=[android.intent.category.LAUNCHER] cmp=com.cpen321group.accountability/androidx.fragment.app.testing.FragmentScenario$EmptyFragmentActivity (has extras) }, activity.getIntent()=Intent { act=android.intent.action.MAIN flg=0x10000000 cmp=com.cpen321group.accountability/androidx.fragment.app.testing.FragmentScenario$EmptyFragmentActivity }, activity=androidx.fragment.app.testing.FragmentScenario$EmptyFragmentActivity@78758d7
2022-08-03 12:56:33.934 5143-5143/com.cpen321group.accountability I/chatty: uid=10136(com.cpen321group.accountability) identical 1 line
2022-08-03 12:56:33.934 5143-5143/com.cpen321group.accountability V/ActivityScenario: Activity lifecycle changed event received but ignored because the intent does not match. startActivityIntent=Intent { act=android.intent.action.MAIN cat=[android.intent.category.LAUNCHER] cmp=com.cpen321group.accountability/androidx.fragment.app.testing.FragmentScenario$EmptyFragmentActivity (has extras) }, activity.getIntent()=Intent { act=android.intent.action.MAIN flg=0x10000000 cmp=com.cpen321group.accountability/androidx.fragment.app.testing.FragmentScenario$EmptyFragmentActivity }, activity=androidx.fragment.app.testing.FragmentScenario$EmptyFragmentActivity@78758d7
2022-08-03 12:56:33.935 5143-5143/com.cpen321group.accountability D/LifecycleMonitor: Lifecycle status change: androidx.fragment.app.testing.FragmentScenario$EmptyFragmentActivity@78758d7 in: RESUMED
2022-08-03 12:56:33.935 5143-5143/com.cpen321group.accountability V/ActivityScenario: Activity lifecycle changed event received but ignored because the intent does not match. startActivityIntent=Intent { act=android.intent.action.MAIN cat=[android.intent.category.LAUNCHER] cmp=com.cpen321group.accountability/androidx.fragment.app.testing.FragmentScenario$EmptyFragmentActivity (has extras) }, activity.getIntent()=Intent { act=android.intent.action.MAIN flg=0x10000000 cmp=com.cpen321group.accountability/androidx.fragment.app.testing.FragmentScenario$EmptyFragmentActivity }, activity=androidx.fragment.app.testing.FragmentScenario$EmptyFragmentActivity@78758d7
2022-08-03 12:56:33.935 5143-5143/com.cpen321group.accountability I/chatty: uid=10136(com.cpen321group.accountability) identical 1 line
2022-08-03 12:56:33.935 5143-5143/com.cpen321group.accountability V/ActivityScenario: Activity lifecycle changed event received but ignored because the intent does not match. startActivityIntent=Intent { act=android.intent.action.MAIN cat=[android.intent.category.LAUNCHER] cmp=com.cpen321group.accountability/androidx.fragment.app.testing.FragmentScenario$EmptyFragmentActivity (has extras) }, activity.getIntent()=Intent { act=android.intent.action.MAIN flg=0x10000000 cmp=com.cpen321group.accountability/androidx.fragment.app.testing.FragmentScenario$EmptyFragmentActivity }, activity=androidx.fragment.app.testing.FragmentScenario$EmptyFragmentActivity@78758d7
2022-08-03 12:56:33.989 5143-5201/com.cpen321group.accountability D/EGL_emulation: eglMakeCurrent: 0xe421aba0: ver 2 0 (tinfo 0xe420f920)
2022-08-03 12:56:34.052 5143-5195/com.cpen321group.accountability W/Settings: Setting always_finish_activities has moved from android.provider.Settings.System to android.provider.Settings.Global, returning read-only value.
2022-08-03 12:56:34.067 5143-5143/com.cpen321group.accountability D/LifecycleMonitor: Lifecycle status change: androidx.fragment.app.testing.FragmentScenario$EmptyFragmentActivity@78758d7 in: PAUSED
2022-08-03 12:56:34.067 5143-5143/com.cpen321group.accountability V/ActivityScenario: Activity lifecycle changed event received but ignored because the intent does not match. startActivityIntent=Intent { act=android.intent.action.MAIN cat=[android.intent.category.LAUNCHER] cmp=com.cpen321group.accountability/androidx.fragment.app.testing.FragmentScenario$EmptyFragmentActivity (has extras) }, activity.getIntent()=Intent { act=android.intent.action.MAIN flg=0x10000000 cmp=com.cpen321group.accountability/androidx.fragment.app.testing.FragmentScenario$EmptyFragmentActivity }, activity=androidx.fragment.app.testing.FragmentScenario$EmptyFragmentActivity@78758d7
2022-08-03 12:56:34.067 5143-5143/com.cpen321group.accountability I/chatty: uid=10136(com.cpen321group.accountability) identical 2 lines
2022-08-03 12:56:34.067 5143-5143/com.cpen321group.accountability V/ActivityScenario: Activity lifecycle changed event received but ignored because the intent does not match. startActivityIntent=Intent { act=android.intent.action.MAIN cat=[android.intent.category.LAUNCHER] cmp=com.cpen321group.accountability/androidx.fragment.app.testing.FragmentScenario$EmptyFragmentActivity (has extras) }, activity.getIntent()=Intent { act=android.intent.action.MAIN flg=0x10000000 cmp=com.cpen321group.accountability/androidx.fragment.app.testing.FragmentScenario$EmptyFragmentActivity }, activity=androidx.fragment.app.testing.FragmentScenario$EmptyFragmentActivity@78758d7
2022-08-03 12:56:34.075 5143-5143/com.cpen321group.accountability W/ActivityThread: handleWindowVisibility: no activity for token android.os.BinderProxy@89b418c
2022-08-03 12:56:34.077 5143-5143/com.cpen321group.accountability D/LifecycleMonitor: Lifecycle status change: androidx.test.core.app.InstrumentationActivityInvoker$BootstrapActivity@65bc0d5 in: PRE_ON_CREATE
2022-08-03 12:56:34.077 5143-5143/com.cpen321group.accountability V/ActivityScenario: Activity lifecycle changed event received but ignored because the intent does not match. startActivityIntent=Intent { act=android.intent.action.MAIN cat=[android.intent.category.LAUNCHER] cmp=com.cpen321group.accountability/androidx.fragment.app.testing.FragmentScenario$EmptyFragmentActivity (has extras) }, activity.getIntent()=Intent { act=android.intent.action.MAIN cat=[android.intent.category.LAUNCHER] flg=0x10008000 cmp=com.cpen321group.accountability/androidx.test.core.app.InstrumentationActivityInvoker$BootstrapActivity (has extras) }, activity=androidx.test.core.app.InstrumentationActivityInvoker$BootstrapActivity@65bc0d5
2022-08-03 12:56:34.077 5143-5143/com.cpen321group.accountability I/chatty: uid=10136(com.cpen321group.accountability) identical 2 lines
2022-08-03 12:56:34.078 5143-5143/com.cpen321group.accountability V/ActivityScenario: Activity lifecycle changed event received but ignored because the intent does not match. startActivityIntent=Intent { act=android.intent.action.MAIN cat=[android.intent.category.LAUNCHER] cmp=com.cpen321group.accountability/androidx.fragment.app.testing.FragmentScenario$EmptyFragmentActivity (has extras) }, activity.getIntent()=Intent { act=android.intent.action.MAIN cat=[android.intent.category.LAUNCHER] flg=0x10008000 cmp=com.cpen321group.accountability/androidx.test.core.app.InstrumentationActivityInvoker$BootstrapActivity (has extras) }, activity=androidx.test.core.app.InstrumentationActivityInvoker$BootstrapActivity@65bc0d5
2022-08-03 12:56:34.083 5143-5143/com.cpen321group.accountability D/LifecycleMonitor: Lifecycle status change: androidx.test.core.app.InstrumentationActivityInvoker$BootstrapActivity@65bc0d5 in: CREATED
2022-08-03 12:56:34.083 5143-5143/com.cpen321group.accountability V/ActivityScenario: Activity lifecycle changed event received but ignored because the intent does not match. startActivityIntent=Intent { act=android.intent.action.MAIN cat=[android.intent.category.LAUNCHER] cmp=com.cpen321group.accountability/androidx.fragment.app.testing.FragmentScenario$EmptyFragmentActivity (has extras) }, activity.getIntent()=Intent { act=android.intent.action.MAIN cat=[android.intent.category.LAUNCHER] flg=0x10008000 cmp=com.cpen321group.accountability/androidx.test.core.app.InstrumentationActivityInvoker$BootstrapActivity (has extras) }, activity=androidx.test.core.app.InstrumentationActivityInvoker$BootstrapActivity@65bc0d5
2022-08-03 12:56:34.083 5143-5143/com.cpen321group.accountability I/chatty: uid=10136(com.cpen321group.accountability) identical 2 lines
2022-08-03 12:56:34.083 5143-5143/com.cpen321group.accountability V/ActivityScenario: Activity lifecycle changed event received but ignored because the intent does not match. startActivityIntent=Intent { act=android.intent.action.MAIN cat=[android.intent.category.LAUNCHER] cmp=com.cpen321group.accountability/androidx.fragment.app.testing.FragmentScenario$EmptyFragmentActivity (has extras) }, activity.getIntent()=Intent { act=android.intent.action.MAIN cat=[android.intent.category.LAUNCHER] flg=0x10008000 cmp=com.cpen321group.accountability/androidx.test.core.app.InstrumentationActivityInvoker$BootstrapActivity (has extras) }, activity=androidx.test.core.app.InstrumentationActivityInvoker$BootstrapActivity@65bc0d5
2022-08-03 12:56:34.084 5143-5143/com.cpen321group.accountability D/LifecycleMonitor: Lifecycle status change: androidx.test.core.app.InstrumentationActivityInvoker$BootstrapActivity@65bc0d5 in: STARTED
2022-08-03 12:56:34.084 5143-5143/com.cpen321group.accountability V/ActivityScenario: Activity lifecycle changed event received but ignored because the intent does not match. startActivityIntent=Intent { act=android.intent.action.MAIN cat=[android.intent.category.LAUNCHER] cmp=com.cpen321group.accountability/androidx.fragment.app.testing.FragmentScenario$EmptyFragmentActivity (has extras) }, activity.getIntent()=Intent { act=android.intent.action.MAIN cat=[android.intent.category.LAUNCHER] flg=0x10008000 cmp=com.cpen321group.accountability/androidx.test.core.app.InstrumentationActivityInvoker$BootstrapActivity (has extras) }, activity=androidx.test.core.app.InstrumentationActivityInvoker$BootstrapActivity@65bc0d5
2022-08-03 12:56:34.085 5143-5143/com.cpen321group.accountability I/chatty: uid=10136(com.cpen321group.accountability) identical 2 lines
2022-08-03 12:56:34.085 5143-5143/com.cpen321group.accountability V/ActivityScenario: Activity lifecycle changed event received but ignored because the intent does not match. startActivityIntent=Intent { act=android.intent.action.MAIN cat=[android.intent.category.LAUNCHER] cmp=com.cpen321group.accountability/androidx.fragment.app.testing.FragmentScenario$EmptyFragmentActivity (has extras) }, activity.getIntent()=Intent { act=android.intent.action.MAIN cat=[android.intent.category.LAUNCHER] flg=0x10008000 cmp=com.cpen321group.accountability/androidx.test.core.app.InstrumentationActivityInvoker$BootstrapActivity (has extras) }, activity=androidx.test.core.app.InstrumentationActivityInvoker$BootstrapActivity@65bc0d5
2022-08-03 12:56:34.088 5143-5143/com.cpen321group.accountability D/LifecycleMonitor: Lifecycle status change: androidx.test.core.app.InstrumentationActivityInvoker$BootstrapActivity@65bc0d5 in: RESUMED
2022-08-03 12:56:34.088 5143-5143/com.cpen321group.accountability V/ActivityScenario: Activity lifecycle changed event received but ignored because the intent does not match. startActivityIntent=Intent { act=android.intent.action.MAIN cat=[android.intent.category.LAUNCHER] cmp=com.cpen321group.accountability/androidx.fragment.app.testing.FragmentScenario$EmptyFragmentActivity (has extras) }, activity.getIntent()=Intent { act=android.intent.action.MAIN cat=[android.intent.category.LAUNCHER] flg=0x10008000 cmp=com.cpen321group.accountability/androidx.test.core.app.InstrumentationActivityInvoker$BootstrapActivity (has extras) }, activity=androidx.test.core.app.InstrumentationActivityInvoker$BootstrapActivity@65bc0d5
