2022-08-03 12:57:17.494 5143-5143/com.cpen321group.accountability V/ActivityScenario: Activity lifecycle changed event received but ignored because the intent does not match. startActivityIntent=Intent { act=android.intent.action.MAIN cat=[android.intent.category.LAUNCHER] cmp=com.cpen321group.accountability/androidx.fragment.app.testing.FragmentScenario$EmptyFragmentActivity (has extras) }, activity.getIntent()=Intent { cmp=com.cpen321group.accountability/.mainscreen.chat.AddReviewActivity }, activity=com.cpen321group.accountability.mainscreen.chat.AddReviewActivity@add7e55
2022-08-03 12:57:17.495 5143-5143/com.cpen321group.accountability D/LifecycleMonitor: Lifecycle status change: com.cpen321group.accountability.mainscreen.chat.AddReviewActivity@add7e55 in: RESUMED
2022-08-03 12:57:17.495 5143-5143/com.cpen321group.accountability V/ActivityScenario: Activity lifecycle changed event received but ignored because the intent does not match. startActivityIntent=Intent { act=android.intent.action.MAIN cat=[android.intent.category.LAUNCHER] cmp=com.cpen321group.accountability/androidx.fragment.app.testing.FragmentScenario$EmptyFragmentActivity (has extras) }, activity.getIntent()=Intent { cmp=com.cpen321group.accountability/.mainscreen.chat.AddReviewActivity }, activity=com.cpen321group.accountability.mainscreen.chat.AddReviewActivity@add7e55
2022-08-03 12:57:17.535 5143-5201/com.cpen321group.accountability D/EGL_emulation: eglMakeCurrent: 0xe421aba0: ver 2 0 (tinfo 0xe420f920)
2022-08-03 12:57:17.539 5143-5201/com.cpen321group.accountability D/EGL_emulation: eglMakeCurrent: 0xe421aba0: ver 2 0 (tinfo 0xe420f920)
2022-08-03 12:57:17.545 5143-5201/com.cpen321group.accountability D/EGL_emulation: eglMakeCurrent: 0xe421aba0: ver 2 0 (tinfo 0xe420f920)
2022-08-03 12:57:17.589 5143-5143/com.cpen321group.accountability D/LifecycleMonitor: Lifecycle status change: com.cpen321group.accountability.mainscreen.chat.ReviewActivity@f65943d in: STOPPED
2022-08-03 12:57:17.589 5143-5143/com.cpen321group.accountability V/ActivityScenario: Activity lifecycle changed event received but ignored because the intent does not match. startActivityIntent=Intent { act=android.intent.action.MAIN cat=[android.intent.category.LAUNCHER] cmp=com.cpen321group.accountability/androidx.fragment.app.testing.FragmentScenario$EmptyFragmentActivity (has extras) }, activity.getIntent()=Intent { cmp=com.cpen321group.accountability/.mainscreen.chat.ReviewActivity }, activity=com.cpen321group.accountability.mainscreen.chat.ReviewActivity@f65943d
2022-08-03 12:57:17.804 5143-5143/com.cpen321group.accountability I/ViewInteraction: Performing 'type text(Happy with Accountant)' action on view view.getId() is <2131297069/com.cpen321group.accountability:id/title_text>
2022-08-03 12:57:17.866 5143-5143/com.cpen321group.accountability I/AssistStructure: Flattened final assist data: 2644 bytes, containing 1 windows, 20 views
2022-08-03 12:57:18.099 5143-5143/com.cpen321group.accountability D/UiControllerImpl: Injecting string: "Happy with Accountant"
2022-08-03 12:57:18.535 5143-5143/com.cpen321group.accountability I/ViewInteraction: Performing 'type text(Great!)' action on view view.getId() is <2131296905/com.cpen321group.accountability:id/reviewcontentInput>
2022-08-03 12:57:18.828 5143-5143/com.cpen321group.accountability D/UiControllerImpl: Injecting string: "Great!"
2022-08-03 12:57:19.000 5143-5143/com.cpen321group.accountability I/ViewInteraction: Performing 'close keyboard' action on view view.getId() is <2131296905/com.cpen321group.accountability:id/reviewcontentInput>
2022-08-03 12:57:22.314 5143-5143/com.cpen321group.accountability I/ViewInteraction: Performing 'single click' action on view view.getId() is <2131296493/com.cpen321group.accountability:id/create_button>
2022-08-03 12:57:22.395 5143-5201/com.cpen321group.accountability D/EGL_emulation: eglMakeCurrent: 0xe421aba0: ver 2 0 (tinfo 0xe420f920)
2022-08-03 12:57:22.487 5143-5201/com.cpen321group.accountability D/EGL_emulation: eglMakeCurrent: 0xe421aba0: ver 2 0 (tinfo 0xe420f920)
2022-08-03 12:57:22.616 5143-5143/com.cpen321group.accountability I/ViewInteraction: Checking 'com.cpen321group.accountability.FindAccountantTest$1@daf0f02' assertion on view view.getRootView() to equal view
2022-08-03 12:57:22.619 5143-5143/com.cpen321group.accountability I/ViewInteraction: Checking 'MatchesViewAssertion{viewMatcher=(view has effective visibility <VISIBLE> and view.getGlobalVisibleRect() to return non-empty rectangle)}' assertion on view an instance of android.widget.TextView and view.getText() with or without transformation to match: is "Some necessary information missing!"
2022-08-03 12:57:22.623 5143-5143/com.cpen321group.accountability D/LifecycleMonitor: Lifecycle status change: androidx.fragment.app.testing.FragmentScenario$EmptyFragmentActivity@659e0ab in: DESTROYED
2022-08-03 12:57:22.623 5143-5143/com.cpen321group.accountability V/ActivityScenario: Update currentActivityStage to DESTROYED, currentActivity=null
2022-08-03 12:57:22.626 5143-5195/com.cpen321group.accountability I/TestRunner: finished: _i_addWithNoRateTest(com.cpen321group.accountability.FindAccountantTest)
2022-08-03 12:57:22.628 5143-5143/com.cpen321group.accountability I/MonitoringInstr: Activities that are still in CREATED to STOPPED: 4
2022-08-03 12:57:22.628 5143-5143/com.cpen321group.accountability I/MonitoringInstr: Finishing activity: com.cpen321group.accountability.mainscreen.chat.AddReviewActivity@add7e55
2022-08-03 12:57:22.630 5143-5143/com.cpen321group.accountability I/MonitoringInstr: Finishing activity: androidx.fragment.app.testing.FragmentScenario$EmptyFragmentActivity@7d4d1bf
2022-08-03 12:57:22.632 5143-5143/com.cpen321group.accountability I/MonitoringInstr: Finishing activity: androidx.test.core.app.InstrumentationActivityInvoker$BootstrapActivity@139734a
2022-08-03 12:57:22.635 5143-5143/com.cpen321group.accountability I/MonitoringInstr: Finishing activity: com.cpen321group.accountability.mainscreen.chat.ReviewActivity@f65943d
2022-08-03 12:57:22.637 5143-5195/com.cpen321group.accountability I/MonitoringInstr: Unstopped activity count: 1
2022-08-03 12:57:22.639 5143-5143/com.cpen321group.accountability D/LifecycleMonitor: Lifecycle status change: com.cpen321group.accountability.mainscreen.chat.AddReviewActivity@add7e55 in: PAUSED
2022-08-03 12:57:22.639 5143-5143/com.cpen321group.accountability V/ActivityScenario: Activity lifecycle changed event received but ignored because the intent does not match. startActivityIntent=Intent { act=android.intent.action.MAIN cat=[android.intent.category.LAUNCHER] cmp=com.cpen321group.accountability/androidx.fragment.app.testing.FragmentScenario$EmptyFragmentActivity (has extras) }, activity.getIntent()=Intent { cmp=com.cpen321group.accountability/.mainscreen.chat.AddReviewActivity }, activity=com.cpen321group.accountability.mainscreen.chat.AddReviewActivity@add7e55
2022-08-03 12:57:22.643 5143-5143/com.cpen321group.accountability D/LifecycleMonitor: Lifecycle status change: androidx.fragment.app.testing.FragmentScenario$EmptyFragmentActivity@7d4d1bf in: DESTROYED
2022-08-03 12:57:22.643 5143-5143/com.cpen321group.accountability V/ActivityScenario: Activity lifecycle changed event received but ignored because the intent does not match. startActivityIntent=Intent { act=android.intent.action.MAIN cat=[android.intent.category.LAUNCHER] cmp=com.cpen321group.accountability/androidx.fragment.app.testing.FragmentScenario$EmptyFragmentActivity (has extras) }, activity.getIntent()=Intent { act=android.intent.action.MAIN flg=0x10000000 cmp=com.cpen321group.accountability/androidx.fragment.app.testing.FragmentScenario$EmptyFragmentActivity }, activity=androidx.fragment.app.testing.FragmentScenario$EmptyFragmentActivity@7d4d1bf
2022-08-03 12:57:22.647 5143-5143/com.cpen321group.accountability D/LifecycleMonitor: Lifecycle status change: androidx.test.core.app.InstrumentationActivityInvoker$BootstrapActivity@139734a in: DESTROYED
2022-08-03 12:57:22.647 5143-5143/com.cpen321group.accountability V/ActivityScenario: Activity lifecycle changed event received but ignored because the intent does not match. startActivityIntent=Intent { act=android.intent.action.MAIN cat=[android.intent.category.LAUNCHER] cmp=com.cpen321group.accountability/androidx.fragment.app.testing.FragmentScenario$EmptyFragmentActivity (has extras) }, activity.getIntent()=Intent { act=android.intent.action.MAIN cat=[android.intent.category.LAUNCHER] flg=0x10008000 cmp=com.cpen321group.accountability/androidx.test.core.app.InstrumentationActivityInvoker$BootstrapActivity (has extras) }, activity=androidx.test.core.app.InstrumentationActivityInvoker$BootstrapActivity@139734a
2022-08-03 12:57:22.648 5143-5143/com.cpen321group.accountability D/LifecycleMonitor: Lifecycle status change: com.cpen321group.accountability.mainscreen.chat.ReviewActivity@f65943d in: DESTROYED
2022-08-03 12:57:22.648 5143-5143/com.cpen321group.accountability V/ActivityScenario: Activity lifecycle changed event received but ignored because the intent does not match. startActivityIntent=Intent { act=android.intent.action.MAIN cat=[android.intent.category.LAUNCHER] cmp=com.cpen321group.accountability/androidx.fragment.app.testing.FragmentScenario$EmptyFragmentActivity (has extras) }, activity.getIntent()=Intent { cmp=com.cpen321group.accountability/.mainscreen.chat.ReviewActivity }, activity=com.cpen321group.accountability.mainscreen.chat.ReviewActivity@f65943d
2022-08-03 12:57:22.689 5143-5195/com.cpen321group.accountability I/MonitoringInstr: Unstopped activity count: 1
2022-08-03 12:57:22.719 5143-5201/com.cpen321group.accountability D/EGL_emulation: eglMakeCurrent: 0xe421aba0: ver 2 0 (tinfo 0xe420f920)
2022-08-03 12:57:22.730 5143-5143/com.cpen321group.accountability D/LifecycleMonitor: Lifecycle status change: com.cpen321group.accountability.mainscreen.chat.AddReviewActivity@add7e55 in: STOPPED
2022-08-03 12:57:22.731 5143-5143/com.cpen321group.accountability V/ActivityScenario: Activity lifecycle changed event received but ignored because the intent does not match. startActivityIntent=Intent { act=android.intent.action.MAIN cat=[android.intent.category.LAUNCHER] cmp=com.cpen321group.accountability/androidx.fragment.app.testing.FragmentScenario$EmptyFragmentActivity (has extras) }, activity.getIntent()=Intent { cmp=com.cpen321group.accountability/.mainscreen.chat.AddReviewActivity }, activity=com.cpen321group.accountability.mainscreen.chat.AddReviewActivity@add7e55
2022-08-03 12:57:22.737 5143-5143/com.cpen321group.accountability D/LifecycleMonitor: Lifecycle status change: com.cpen321group.accountability.mainscreen.chat.AddReviewActivity@add7e55 in: DESTROYED
2022-08-03 12:57:22.737 5143-5143/com.cpen321group.accountability V/ActivityScenario: Activity lifecycle changed event received but ignored because the intent does not match. startActivityIntent=Intent { act=android.intent.action.MAIN cat=[android.intent.category.LAUNCHER] cmp=com.cpen321group.accountability/androidx.fragment.app.testing.FragmentScenario$EmptyFragmentActivity (has extras) }, activity.getIntent()=Intent { cmp=com.cpen321group.accountability/.mainscreen.chat.AddReviewActivity }, activity=com.cpen321group.accountability.mainscreen.chat.AddReviewActivity@add7e55
2022-08-03 12:57:22.740 5143-5195/com.cpen321group.accountability I/TestRunner: started: _j_addWithNoContentTest(com.cpen321group.accountability.FindAccountantTest)
2022-08-03 12:57:22.746 5143-5195/com.cpen321group.accountability W/ActivityTestRule: getActivityIntent() returned null using default: Intent(Intent.ACTION_MAIN)
2022-08-03 12:57:22.768 5143-5143/com.cpen321group.accountability W/ActivityThread: handleWindowVisibility: no activity for token android.os.BinderProxy@4a758b0
2022-08-03 12:57:22.778 5143-5143/com.cpen321group.accountability D/LifecycleMonitor: Lifecycle status change: androidx.fragment.app.testing.FragmentScenario$EmptyFragmentActivity@ce18dc8 in: PRE_ON_CREATE
2022-08-03 12:57:22.778 5143-5143/com.cpen321group.accountability V/ActivityScenario: Activity lifecycle changed event received but ignored because the intent does not match. startActivityIntent=Intent { act=android.intent.action.MAIN cat=[android.intent.category.LAUNCHER] cmp=com.cpen321group.accountability/androidx.fragment.app.testing.FragmentScenario$EmptyFragmentActivity (has extras) }, activity.getIntent()=Intent { act=android.intent.action.MAIN flg=0x10000000 cmp=com.cpen321group.accountability/androidx.fragment.app.testing.FragmentScenario$EmptyFragmentActivity }, activity=androidx.fragment.app.testing.FragmentScenario$EmptyFragmentActivity@ce18dc8
2022-08-03 12:57:22.790 5143-5143/com.cpen321group.accountability D/LifecycleMonitor: Lifecycle status change: androidx.fragment.app.testing.FragmentScenario$EmptyFragmentActivity@ce18dc8 in: CREATED
2022-08-03 12:57:22.790 5143-5143/com.cpen321group.accountability V/ActivityScenario: Activity lifecycle changed event received but ignored because the intent does not match. startActivityIntent=Intent { act=android.intent.action.MAIN cat=[android.intent.category.LAUNCHER] cmp=com.cpen321group.accountability/androidx.fragment.app.testing.FragmentScenario$EmptyFragmentActivity (has extras) }, activity.getIntent()=Intent { act=android.intent.action.MAIN flg=0x10000000 cmp=com.cpen321group.accountability/androidx.fragment.app.testing.FragmentScenario$EmptyFragmentActivity }, activity=androidx.fragment.app.testing.FragmentScenario$EmptyFragmentActivity@ce18dc8
2022-08-03 12:57:22.791 5143-5143/com.cpen321group.accountability D/LifecycleMonitor: Lifecycle status change: androidx.fragment.app.testing.FragmentScenario$EmptyFragmentActivity@ce18dc8 in: STARTED
2022-08-03 12:57:22.791 5143-5143/com.cpen321group.accountability V/ActivityScenario: Activity lifecycle changed event received but ignored because the intent does not match. startActivityIntent=Intent { act=android.intent.action.MAIN cat=[android.intent.category.LAUNCHER] cmp=com.cpen321group.accountability/androidx.fragment.app.testing.FragmentScenario$EmptyFragmentActivity (has extras) }, activity.getIntent()=Intent { act=android.intent.action.MAIN flg=0x10000000 cmp=com.cpen321group.accountability/androidx.fragment.app.testing.FragmentScenario$EmptyFragmentActivity }, activity=androidx.fragment.app.testing.FragmentScenario$EmptyFragmentActivity@ce18dc8
2022-08-03 12:57:22.792 5143-5143/com.cpen321group.accountability D/LifecycleMonitor: Lifecycle status change: androidx.fragment.app.testing.FragmentScenario$EmptyFragmentActivity@ce18dc8 in: RESUMED
2022-08-03 12:57:22.792 5143-5143/com.cpen321group.accountability V/ActivityScenario: Activity lifecycle changed event received but ignored because the intent does not match. startActivityIntent=Intent { act=android.intent.action.MAIN cat=[android.intent.category.LAUNCHER] cmp=com.cpen321group.accountability/androidx.fragment.app.testing.FragmentScenario$EmptyFragmentActivity (has extras) }, activity.getIntent()=Intent { act=android.intent.action.MAIN flg=0x10000000 cmp=com.cpen321group.accountability/androidx.fragment.app.testing.FragmentScenario$EmptyFragmentActivity }, activity=androidx.fragment.app.testing.FragmentScenario$EmptyFragmentActivity@ce18dc8
2022-08-03 12:57:22.820 5143-5201/com.cpen321group.accountability D/EGL_emulation: eglMakeCurrent: 0xe421aba0: ver 2 0 (tinfo 0xe420f920)
2022-08-03 12:57:22.916 5143-5195/com.cpen321group.accountability W/Settings: Setting always_finish_activities has moved from android.provider.Settings.System to android.provider.Settings.Global, returning read-only value.
2022-08-03 12:57:22.929 5143-5143/com.cpen321group.accountability D/LifecycleMonitor: Lifecycle status change: androidx.fragment.app.testing.FragmentScenario$EmptyFragmentActivity@ce18dc8 in: PAUSED
2022-08-03 12:57:22.929 5143-5143/com.cpen321group.accountability V/ActivityScenario: Activity lifecycle changed event received but ignored because the intent does not match. startActivityIntent=Intent { act=android.intent.action.MAIN cat=[android.intent.category.LAUNCHER] cmp=com.cpen321group.accountability/androidx.fragment.app.testing.FragmentScenario$EmptyFragmentActivity (has extras) }, activity.getIntent()=Intent { act=android.intent.action.MAIN flg=0x10000000 cmp=com.cpen321group.accountability/androidx.fragment.app.testing.FragmentScenario$EmptyFragmentActivity }, activity=androidx.fragment.app.testing.FragmentScenario$EmptyFragmentActivity@ce18dc8
2022-08-03 12:57:22.929 5143-5143/com.cpen321group.accountability V/ActivityScenario: Activity lifecycle changed event received but ignored because the intent does not match. startActivityIntent=Intent { act=android.intent.action.MAIN cat=[android.intent.category.LAUNCHER] cmp=com.cpen321group.accountability/androidx.fragment.app.testing.FragmentScenario$EmptyFragmentActivity (has extras) }, activity.getIntent()=Intent { act=android.intent.action.MAIN flg=0x10000000 cmp=com.cpen321group.accountability/androidx.fragment.app.testing.FragmentScenario$EmptyFragmentActivity }, activity=androidx.fragment.app.testing.FragmentScenario$EmptyFragmentActivity@ce18dc8
2022-08-03 12:57:22.937 5143-5143/com.cpen321group.accountability W/ActivityThread: handleWindowVisibility: no activity for token android.os.BinderProxy@588ee2f
2022-08-03 12:57:22.942 5143-5143/com.cpen321group.accountability D/LifecycleMonitor: Lifecycle status change: androidx.test.core.app.InstrumentationActivityInvoker$BootstrapActivity@b39ec3c in: PRE_ON_CREATE
2022-08-03 12:57:22.942 5143-5143/com.cpen321group.accountability V/ActivityScenario: Activity lifecycle changed event received but ignored because the intent does not match. startActivityIntent=Intent { act=android.intent.action.MAIN cat=[android.intent.category.LAUNCHER] cmp=com.cpen321group.accountability/androidx.fragment.app.testing.FragmentScenario$EmptyFragmentActivity (has extras) }, activity.getIntent()=Intent { act=android.intent.action.MAIN cat=[android.intent.category.LAUNCHER] flg=0x10008000 cmp=com.cpen321group.accountability/androidx.test.core.app.InstrumentationActivityInvoker$BootstrapActivity (has extras) }, activity=androidx.test.core.app.InstrumentationActivityInvoker$BootstrapActivity@b39ec3c
2022-08-03 12:57:22.942 5143-5143/com.cpen321group.accountability V/ActivityScenario: Activity lifecycle changed event received but ignored because the intent does not match. startActivityIntent=Intent { act=android.intent.action.MAIN cat=[android.intent.category.LAUNCHER] cmp=com.cpen321group.accountability/androidx.fragment.app.testing.FragmentScenario$EmptyFragmentActivity (has extras) }, activity.getIntent()=Intent { act=android.intent.action.MAIN cat=[android.intent.category.LAUNCHER] flg=0x10008000 cmp=com.cpen321group.accountability/androidx.test.core.app.InstrumentationActivityInvoker$BootstrapActivity (has extras) }, activity=androidx.test.core.app.InstrumentationActivityInvoker$BootstrapActivity@b39ec3c
2022-08-03 12:57:22.946 5143-5143/com.cpen321group.accountability D/LifecycleMonitor: Lifecycle status change: androidx.test.core.app.InstrumentationActivityInvoker$BootstrapActivity@b39ec3c in: CREATED
2022-08-03 12:57:22.946 5143-5143/com.cpen321group.accountability V/ActivityScenario: Activity lifecycle changed event received but ignored because the intent does not match. startActivityIntent=Intent { act=android.intent.action.MAIN cat=[android.intent.category.LAUNCHER] cmp=com.cpen321group.accountability/androidx.fragment.app.testing.FragmentScenario$EmptyFragmentActivity (has extras) }, activity.getIntent()=Intent { act=android.intent.action.MAIN cat=[android.intent.category.LAUNCHER] flg=0x10008000 cmp=com.cpen321group.accountability/androidx.test.core.app.InstrumentationActivityInvoker$BootstrapActivity (has extras) }, activity=androidx.test.core.app.InstrumentationActivityInvoker$BootstrapActivity@b39ec3c
2022-08-03 12:57:22.946 5143-5143/com.cpen321group.accountability V/ActivityScenario: Activity lifecycle changed event received but ignored because the intent does not match. startActivityIntent=Intent { act=android.intent.action.MAIN cat=[android.intent.category.LAUNCHER] cmp=com.cpen321group.accountability/androidx.fragment.app.testing.FragmentScenario$EmptyFragmentActivity (has extras) }, activity.getIntent()=Intent { act=android.intent.action.MAIN cat=[android.intent.category.LAUNCHER] flg=0x10008000 cmp=com.cpen321group.accountability/androidx.test.core.app.InstrumentationActivityInvoker$BootstrapActivity (has extras) }, activity=androidx.test.core.app.InstrumentationActivityInvoker$BootstrapActivity@b39ec3c
2022-08-03 12:57:22.947 5143-5143/com.cpen321group.accountability D/LifecycleMonitor: Lifecycle status change: androidx.test.core.app.InstrumentationActivityInvoker$BootstrapActivity@b39ec3c in: STARTED
2022-08-03 12:57:22.947 5143-5143/com.cpen321group.accountability V/ActivityScenario: Activity lifecycle changed event received but ignored because the intent does not match. startActivityIntent=Intent { act=android.intent.action.MAIN cat=[android.intent.category.LAUNCHER] cmp=com.cpen321group.accountability/androidx.fragment.app.testing.FragmentScenario$EmptyFragmentActivity (has extras) }, activity.getIntent()=Intent { act=android.intent.action.MAIN cat=[android.intent.category.LAUNCHER] flg=0x10008000 cmp=com.cpen321group.accountability/androidx.test.core.app.InstrumentationActivityInvoker$BootstrapActivity (has extras) }, activity=androidx.test.core.app.InstrumentationActivityInvoker$BootstrapActivity@b39ec3c
2022-08-03 12:57:22.947 5143-5143/com.cpen321group.accountability V/ActivityScenario: Activity lifecycle changed event received but ignored because the intent does not match. startActivityIntent=Intent { act=android.intent.action.MAIN cat=[android.intent.category.LAUNCHER] cmp=com.cpen321group.accountability/androidx.fragment.app.testing.FragmentScenario$EmptyFragmentActivity (has extras) }, activity.getIntent()=Intent { act=android.intent.action.MAIN cat=[android.intent.category.LAUNCHER] flg=0x10008000 cmp=com.cpen321group.accountability/androidx.test.core.app.InstrumentationActivityInvoker$BootstrapActivity (has extras) }, activity=androidx.test.core.app.InstrumentationActivityInvoker$BootstrapActivity@b39ec3c
2022-08-03 12:57:22.950 5143-5143/com.cpen321group.accountability D/LifecycleMonitor: Lifecycle status change: androidx.test.core.app.InstrumentationActivityInvoker$BootstrapActivity@b39ec3c in: RESUMED
2022-08-03 12:57:22.950 5143-5143/com.cpen321group.accountability V/ActivityScenario: Activity lifecycle changed event received but ignored because the intent does not match. startActivityIntent=Intent { act=android.intent.action.MAIN cat=[android.intent.category.LAUNCHER] cmp=com.cpen321group.accountability/androidx.fragment.app.testing.FragmentScenario$EmptyFragmentActivity (has extras) }, activity.getIntent()=Intent { act=android.intent.action.MAIN cat=[android.intent.category.LAUNCHER] flg=0x10008000 cmp=com.cpen321group.accountability/androidx.test.core.app.InstrumentationActivityInvoker$BootstrapActivity (has extras) }, activity=androidx.test.core.app.InstrumentationActivityInvoker$BootstrapActivity@b39ec3c
2022-08-03 12:57:22.950 5143-5143/com.cpen321group.accountability V/ActivityScenario: Activity lifecycle changed event received but ignored because the intent does not match. startActivityIntent=Intent { act=android.intent.action.MAIN cat=[android.intent.category.LAUNCHER] cmp=com.cpen321group.accountability/androidx.fragment.app.testing.FragmentScenario$EmptyFragmentActivity (has extras) }, activity.getIntent()=Intent { act=android.intent.action.MAIN cat=[android.intent.category.LAUNCHER] flg=0x10008000 cmp=com.cpen321group.accountability/androidx.test.core.app.InstrumentationActivityInvoker$BootstrapActivity (has extras) }, activity=androidx.test.core.app.InstrumentationActivityInvoker$BootstrapActivity@b39ec3c
2022-08-03 12:57:22.955 5143-5143/com.cpen321group.accountability D/LifecycleMonitor: Lifecycle status change: androidx.test.core.app.InstrumentationActivityInvoker$BootstrapActivity@b39ec3c in: PAUSED
2022-08-03 12:57:22.955 5143-5143/com.cpen321group.accountability V/ActivityScenario: Activity lifecycle changed event received but ignored because the intent does not match. startActivityIntent=Intent { act=android.intent.action.MAIN cat=[android.intent.category.LAUNCHER] cmp=com.cpen321group.accountability/androidx.fragment.app.testing.FragmentScenario$EmptyFragmentActivity (has extras) }, activity.getIntent()=Intent { act=android.intent.action.MAIN cat=[android.intent.category.LAUNCHER] flg=0x10008000 cmp=com.cpen321group.accountability/androidx.test.core.app.InstrumentationActivityInvoker$BootstrapActivity (has extras) }, activity=androidx.test.core.app.InstrumentationActivityInvoker$BootstrapActivity@b39ec3c
2022-08-03 12:57:22.955 5143-5143/com.cpen321group.accountability V/ActivityScenario: Activity lifecycle changed event received but ignored because the intent does not match. startActivityIntent=Intent { act=android.intent.action.MAIN cat=[android.intent.category.LAUNCHER] cmp=com.cpen321group.accountability/androidx.fragment.app.testing.FragmentScenario$EmptyFragmentActivity (has extras) }, activity.getIntent()=Intent { act=android.intent.action.MAIN cat=[android.intent.category.LAUNCHER] flg=0x10008000 cmp=com.cpen321group.accountability/androidx.test.core.app.InstrumentationActivityInvoker$BootstrapActivity (has extras) }, activity=androidx.test.core.app.InstrumentationActivityInvoker$BootstrapActivity@b39ec3c
2022-08-03 12:57:22.974 5143-5143/com.cpen321group.accountability W/ActivityThread: handleWindowVisibility: no activity for token android.os.BinderProxy@cbb307d
2022-08-03 12:57:22.979 5143-5143/com.cpen321group.accountability D/LifecycleMonitor: Lifecycle status change: androidx.fragment.app.testing.FragmentScenario$EmptyFragmentActivity@f64f235 in: PRE_ON_CREATE
2022-08-03 12:57:22.979 5143-5143/com.cpen321group.accountability V/ActivityScenario: Activity lifecycle changed event received but ignored because the reported transition was not ON_CREATE while the last known transition was DESTROYED
2022-08-03 12:57:22.979 5143-5143/com.cpen321group.accountability V/ActivityScenario: Activity lifecycle changed event received but ignored because the reported transition was not ON_CREATE while the last known transition was PRE_ON_CREATE
2022-08-03 12:57:22.986 5143-5143/com.cpen321group.accountability D/LifecycleMonitor: Lifecycle status change: androidx.fragment.app.testing.FragmentScenario$EmptyFragmentActivity@f64f235 in: CREATED
2022-08-03 12:57:22.986 5143-5143/com.cpen321group.accountability V/ActivityScenario: Update currentActivityStage to CREATED, currentActivity=androidx.fragment.app.testing.FragmentScenario$EmptyFragmentActivity@f64f235
2022-08-03 12:57:22.986 5143-5143/com.cpen321group.accountability V/ActivityScenario: Update currentActivityStage to CREATED, currentActivity=androidx.fragment.app.testing.FragmentScenario$EmptyFragmentActivity@f64f235
2022-08-03 12:57:22.993 5143-5143/com.cpen321group.accountability D/LifecycleMonitor: Lifecycle status change: androidx.fragment.app.testing.FragmentScenario$EmptyFragmentActivity@f64f235 in: STARTED
2022-08-03 12:57:22.993 5143-5143/com.cpen321group.accountability V/ActivityScenario: Update currentActivityStage to STARTED, currentActivity=androidx.fragment.app.testing.FragmentScenario$EmptyFragmentActivity@f64f235
2022-08-03 12:57:22.993 5143-5143/com.cpen321group.accountability V/ActivityScenario: Update currentActivityStage to STARTED, currentActivity=androidx.fragment.app.testing.FragmentScenario$EmptyFragmentActivity@f64f235
2022-08-03 12:57:22.993 5143-5143/com.cpen321group.accountability D/LifecycleMonitor: Lifecycle status change: androidx.fragment.app.testing.FragmentScenario$EmptyFragmentActivity@f64f235 in: RESUMED
2022-08-03 12:57:22.994 5143-5143/com.cpen321group.accountability V/ActivityScenario: Update currentActivityStage to RESUMED, currentActivity=androidx.fragment.app.testing.FragmentScenario$EmptyFragmentActivity@f64f235
2022-08-03 12:57:22.994 5143-5143/com.cpen321group.accountability V/ActivityScenario: Update currentActivityStage to RESUMED, currentActivity=androidx.fragment.app.testing.FragmentScenario$EmptyFragmentActivity@f64f235
2022-08-03 12:57:23.029 5143-5201/com.cpen321group.accountability D/EGL_emulation: eglMakeCurrent: 0xe421aba0: ver 2 0 (tinfo 0xe420f920)
2022-08-03 12:57:23.060 5143-5143/com.cpen321group.accountability D/LifecycleMonitor: Lifecycle status change: androidx.test.core.app.InstrumentationActivityInvoker$BootstrapActivity@b39ec3c in: STOPPED
2022-08-03 12:57:23.060 5143-5143/com.cpen321group.accountability V/ActivityScenario: Activity lifecycle changed event received but ignored because the intent does not match. startActivityIntent=Intent { act=android.intent.action.MAIN cat=[android.intent.category.LAUNCHER] cmp=com.cpen321group.accountability/androidx.fragment.app.testing.FragmentScenario$EmptyFragmentActivity (has extras) }, activity.getIntent()=Intent { act=android.intent.action.MAIN cat=[android.intent.category.LAUNCHER] flg=0x10008000 cmp=com.cpen321group.accountability/androidx.test.core.app.InstrumentationActivityInvoker$BootstrapActivity (has extras) }, activity=androidx.test.core.app.InstrumentationActivityInvoker$BootstrapActivity@b39ec3c
2022-08-03 12:57:23.060 5143-5143/com.cpen321group.accountability V/ActivityScenario: Activity lifecycle changed event received but ignored because the intent does not match. startActivityIntent=Intent { act=android.intent.action.MAIN cat=[android.intent.category.LAUNCHER] cmp=com.cpen321group.accountability/androidx.fragment.app.testing.FragmentScenario$EmptyFragmentActivity (has extras) }, activity.getIntent()=Intent { act=android.intent.action.MAIN cat=[android.intent.category.LAUNCHER] flg=0x10008000 cmp=com.cpen321group.accountability/androidx.test.core.app.InstrumentationActivityInvoker$BootstrapActivity (has extras) }, activity=androidx.test.core.app.InstrumentationActivityInvoker$BootstrapActivity@b39ec3c
2022-08-03 12:57:23.063 5143-5143/com.cpen321group.accountability D/LifecycleMonitor: Lifecycle status change: androidx.fragment.app.testing.FragmentScenario$EmptyFragmentActivity@ce18dc8 in: STOPPED
2022-08-03 12:57:23.064 5143-5143/com.cpen321group.accountability V/ActivityScenario: Activity lifecycle changed event received but ignored because the intent does not match. startActivityIntent=Intent { act=android.intent.action.MAIN cat=[android.intent.category.LAUNCHER] cmp=com.cpen321group.accountability/androidx.fragment.app.testing.FragmentScenario$EmptyFragmentActivity (has extras) }, activity.getIntent()=Intent { act=android.intent.action.MAIN flg=0x10000000 cmp=com.cpen321group.accountability/androidx.fragment.app.testing.FragmentScenario$EmptyFragmentActivity }, activity=androidx.fragment.app.testing.FragmentScenario$EmptyFragmentActivity@ce18dc8
2022-08-03 12:57:23.064 5143-5143/com.cpen321group.accountability V/ActivityScenario: Activity lifecycle changed event received but ignored because the intent does not match. startActivityIntent=Intent { act=android.intent.action.MAIN cat=[android.intent.category.LAUNCHER] cmp=com.cpen321group.accountability/androidx.fragment.app.testing.FragmentScenario$EmptyFragmentActivity (has extras) }, activity.getIntent()=Intent { act=android.intent.action.MAIN flg=0x10000000 cmp=com.cpen321group.accountability/androidx.fragment.app.testing.FragmentScenario$EmptyFragmentActivity }, activity=androidx.fragment.app.testing.FragmentScenario$EmptyFragmentActivity@ce18dc8
2022-08-03 12:57:23.084 5143-5143/com.cpen321group.accountability I/ViewInteraction: Performing 'wait for 5000milliseconds' action on view view.getRootView() to equal view
2022-08-03 12:57:24.869 5143-5143/com.cpen321group.accountability D/getAccountant: "455937552go"
2022-08-03 12:57:24.869 5143-5143/com.cpen321group.accountability D/getAccountant: "David"
2022-08-03 12:57:24.869 5143-5143/com.cpen321group.accountability D/getAccountant: "111791232409232840405go"
2022-08-03 12:57:24.869 5143-5143/com.cpen321group.accountability D/getAccountant: "Wilson"
2022-08-03 12:57:24.869 5143-5143/com.cpen321group.accountability D/getAccountant: "12345678007fb"
2022-08-03 12:57:24.869 5143-5143/com.cpen321group.accountability D/getAccountant: "Harry"
2022-08-03 12:57:24.869 5143-5143/com.cpen321group.accountability D/getAccountant: "972516927478726fb"
2022-08-03 12:57:24.869 5143-5143/com.cpen321group.accountability D/getAccountant: "Vicky"
2022-08-03 12:57:28.089 5143-5143/com.cpen321group.accountability I/ViewInteraction: Performing 'scroll RecyclerView to position: 0' action on view view.getId() is <2131296440/com.cpen321group.accountability:id/chat_recycler>
2022-08-03 12:57:28.113 5143-5143/com.cpen321group.accountability I/ViewInteraction: Performing 'actionOnItemAtPosition performing ViewAction: Click on a child view with specified id. on item at position: 0' action on view view.getId() is <2131296440/com.cpen321group.accountability:id/chat_recycler>
2022-08-03 12:57:28.137 5143-5143/com.cpen321group.accountability D/LifecycleMonitor: Lifecycle status change: androidx.fragment.app.testing.FragmentScenario$EmptyFragmentActivity@f64f235 in: PAUSED
2022-08-03 12:57:28.137 5143-5143/com.cpen321group.accountability V/ActivityScenario: Update currentActivityStage to PAUSED, currentActivity=androidx.fragment.app.testing.FragmentScenario$EmptyFragmentActivity@f64f235
2022-08-03 12:57:28.137 5143-5143/com.cpen321group.accountability V/ActivityScenario: Update currentActivityStage to PAUSED, currentActivity=androidx.fragment.app.testing.FragmentScenario$EmptyFragmentActivity@f64f235
2022-08-03 12:57:28.141 5143-5143/com.cpen321group.accountability W/ActivityThread: handleWindowVisibility: no activity for token android.os.BinderProxy@9c92ef0
2022-08-03 12:57:28.146 5143-5143/com.cpen321group.accountability D/LifecycleMonitor: Lifecycle status change: com.cpen321group.accountability.mainscreen.chat.ReviewActivity@51fec08 in: PRE_ON_CREATE
2022-08-03 12:57:28.146 5143-5143/com.cpen321group.accountability V/ActivityScenario: Activity lifecycle changed event received but ignored because the intent does not match. startActivityIntent=Intent { act=android.intent.action.MAIN cat=[android.intent.category.LAUNCHER] cmp=com.cpen321group.accountability/androidx.fragment.app.testing.FragmentScenario$EmptyFragmentActivity (has extras) }, activity.getIntent()=Intent { cmp=com.cpen321group.accountability/.mainscreen.chat.ReviewActivity }, activity=com.cpen321group.accountability.mainscreen.chat.ReviewActivity@51fec08
2022-08-03 12:57:28.146 5143-5143/com.cpen321group.accountability V/ActivityScenario: Activity lifecycle changed event received but ignored because the intent does not match. startActivityIntent=Intent { act=android.intent.action.MAIN cat=[android.intent.category.LAUNCHER] cmp=com.cpen321group.accountability/androidx.fragment.app.testing.FragmentScenario$EmptyFragmentActivity (has extras) }, activity.getIntent()=Intent { cmp=com.cpen321group.accountability/.mainscreen.chat.ReviewActivity }, activity=com.cpen321group.accountability.mainscreen.chat.ReviewActivity@51fec08
2022-08-03 12:57:28.173 5143-5143/com.cpen321group.accountability D/LifecycleMonitor: Lifecycle status change: com.cpen321group.accountability.mainscreen.chat.ReviewActivity@51fec08 in: CREATED
2022-08-03 12:57:28.173 5143-5143/com.cpen321group.accountability V/ActivityScenario: Activity lifecycle changed event received but ignored because the intent does not match. startActivityIntent=Intent { act=android.intent.action.MAIN cat=[android.intent.category.LAUNCHER] cmp=com.cpen321group.accountability/androidx.fragment.app.testing.FragmentScenario$EmptyFragmentActivity (has extras) }, activity.getIntent()=Intent { cmp=com.cpen321group.accountability/.mainscreen.chat.ReviewActivity }, activity=com.cpen321group.accountability.mainscreen.chat.ReviewActivity@51fec08
2022-08-03 12:57:28.173 5143-5143/com.cpen321group.accountability V/ActivityScenario: Activity lifecycle changed event received but ignored because the intent does not match. startActivityIntent=Intent { act=android.intent.action.MAIN cat=[android.intent.category.LAUNCHER] cmp=com.cpen321group.accountability/androidx.fragment.app.testing.FragmentScenario$EmptyFragmentActivity (has extras) }, activity.getIntent()=Intent { cmp=com.cpen321group.accountability/.mainscreen.chat.ReviewActivity }, activity=com.cpen321group.accountability.mainscreen.chat.ReviewActivity@51fec08
2022-08-03 12:57:28.174 5143-5143/com.cpen321group.accountability D/LifecycleMonitor: Lifecycle status change: com.cpen321group.accountability.mainscreen.chat.ReviewActivity@51fec08 in: STARTED
2022-08-03 12:57:28.174 5143-5143/com.cpen321group.accountability V/ActivityScenario: Activity lifecycle changed event received but ignored because the intent does not match. startActivityIntent=Intent { act=android.intent.action.MAIN cat=[android.intent.category.LAUNCHER] cmp=com.cpen321group.accountability/androidx.fragment.app.testing.FragmentScenario$EmptyFragmentActivity (has extras) }, activity.getIntent()=Intent { cmp=com.cpen321group.accountability/.mainscreen.chat.ReviewActivity }, activity=com.cpen321group.accountability.mainscreen.chat.ReviewActivity@51fec08
2022-08-03 12:57:28.174 5143-5143/com.cpen321group.accountability V/ActivityScenario: Activity lifecycle changed event received but ignored because the intent does not match. startActivityIntent=Intent { act=android.intent.action.MAIN cat=[android.intent.category.LAUNCHER] cmp=com.cpen321group.accountability/androidx.fragment.app.testing.FragmentScenario$EmptyFragmentActivity (has extras) }, activity.getIntent()=Intent { cmp=com.cpen321group.accountability/.mainscreen.chat.ReviewActivity }, activity=com.cpen321group.accountability.mainscreen.chat.ReviewActivity@51fec08
2022-08-03 12:57:28.175 5143-5143/com.cpen321group.accountability D/LifecycleMonitor: Lifecycle status change: com.cpen321group.accountability.mainscreen.chat.ReviewActivity@51fec08 in: RESUMED
2022-08-03 12:57:28.175 5143-5143/com.cpen321group.accountability V/ActivityScenario: Activity lifecycle changed event received but ignored because the intent does not match. startActivityIntent=Intent { act=android.intent.action.MAIN cat=[android.intent.category.LAUNCHER] cmp=com.cpen321group.accountability/androidx.fragment.app.testing.FragmentScenario$EmptyFragmentActivity (has extras) }, activity.getIntent()=Intent { cmp=com.cpen321group.accountability/.mainscreen.chat.ReviewActivity }, activity=com.cpen321group.accountability.mainscreen.chat.ReviewActivity@51fec08
2022-08-03 12:57:28.175 5143-5143/com.cpen321group.accountability V/ActivityScenario: Activity lifecycle changed event received but ignored because the intent does not match. startActivityIntent=Intent { act=android.intent.action.MAIN cat=[android.intent.category.LAUNCHER] cmp=com.cpen321group.accountability/androidx.fragment.app.testing.FragmentScenario$EmptyFragmentActivity (has extras) }, activity.getIntent()=Intent { cmp=com.cpen321group.accountability/.mainscreen.chat.ReviewActivity }, activity=com.cpen321group.accountability.mainscreen.chat.ReviewActivity@51fec08
2022-08-03 12:57:28.199 5143-5201/com.cpen321group.accountability D/EGL_emulation: eglMakeCurrent: 0xe421aba0: ver 2 0 (tinfo 0xe420f920)
2022-08-03 12:57:28.207 5143-5201/com.cpen321group.accountability D/EGL_emulation: eglMakeCurrent: 0xe421aba0: ver 2 0 (tinfo 0xe420f920)
2022-08-03 12:57:28.213 5143-5201/com.cpen321group.accountability D/EGL_emulation: eglMakeCurrent: 0xe421aba0: ver 2 0 (tinfo 0xe420f920)
2022-08-03 12:57:28.249 5143-5143/com.cpen321group.accountability D/LifecycleMonitor: Lifecycle status change: androidx.fragment.app.testing.FragmentScenario$EmptyFragmentActivity@f64f235 in: STOPPED
2022-08-03 12:57:28.249 5143-5143/com.cpen321group.accountability V/ActivityScenario: Update currentActivityStage to STOPPED, currentActivity=androidx.fragment.app.testing.FragmentScenario$EmptyFragmentActivity@f64f235
2022-08-03 12:57:28.249 5143-5143/com.cpen321group.accountability V/ActivityScenario: Update currentActivityStage to STOPPED, currentActivity=androidx.fragment.app.testing.FragmentScenario$EmptyFragmentActivity@f64f235
2022-08-03 12:57:29.263 5143-5143/com.cpen321group.accountability D/review: Response{protocol=http/1.1, code=200, message=OK, url=http://20.104.57.27:8000/accounts/455937552go}
2022-08-03 12:57:29.263 5143-5143/com.cpen321group.accountability D/Review: Great
2022-08-03 12:57:29.263 5143-5143/com.cpen321group.accountability D/Review: Good
2022-08-03 12:57:29.263 5143-5143/com.cpen321group.accountability D/Review: 2022-07-20T02:13:12.000Z
2022-08-03 12:57:29.263 5143-5143/com.cpen321group.accountability D/Review: 4
2022-08-03 12:57:29.263 5143-5143/com.cpen321group.accountability D/Review: Great
2022-08-03 12:57:29.263 5143-5143/com.cpen321group.accountability D/Review: Good
2022-08-03 12:57:29.263 5143-5143/com.cpen321group.accountability D/Review: 2022-07-20T02:13:12.000Z
2022-08-03 12:57:29.263 5143-5143/com.cpen321group.accountability D/Review: 4
2022-08-03 12:57:29.263 5143-5143/com.cpen321group.accountability D/Review: testing from help!
2022-08-03 12:57:29.263 5143-5143/com.cpen321group.accountability D/Review: Test 1
2022-08-03 12:57:29.263 5143-5143/com.cpen321group.accountability D/Review: 2022-07-18T20:49:58.000Z
2022-08-03 12:57:29.263 5143-5143/com.cpen321group.accountability D/Review: 5
2022-08-03 12:57:29.263 5143-5143/com.cpen321group.accountability D/Review: 888
2022-08-03 12:57:29.263 5143-5143/com.cpen321group.accountability D/Review: test 2
2022-08-03 12:57:29.263 5143-5143/com.cpen321group.accountability D/Review: 2022-07-18T20:50:15.000Z
2022-08-03 12:57:29.263 5143-5143/com.cpen321group.accountability D/Review: 4
2022-08-03 12:57:29.263 5143-5143/com.cpen321group.accountability D/Review:  test 34
2022-08-03 12:57:29.263 5143-5143/com.cpen321group.accountability D/Review: test 3
2022-08-03 12:57:29.263 5143-5143/com.cpen321group.accountability D/Review: 2022-07-18T20:50:31.000Z
2022-08-03 12:57:29.263 5143-5143/com.cpen321group.accountability D/Review: 5
2022-08-03 12:57:29.263 5143-5143/com.cpen321group.accountability D/Review: test 4
2022-08-03 12:57:29.264 5143-5143/com.cpen321group.accountability D/Review: test 4
2022-08-03 12:57:29.264 5143-5143/com.cpen321group.accountability D/Review: 2022-07-18T20:50:59.000Z
2022-08-03 12:57:29.264 5143-5143/com.cpen321group.accountability D/Review: 5
2022-08-03 12:57:29.264 5143-5143/com.cpen321group.accountability D/Review: Happy with Accountant
2022-08-03 12:57:29.264 5143-5143/com.cpen321group.accountability D/Review: Happy with Accountant
2022-08-03 12:57:29.264 5143-5143/com.cpen321group.accountability D/Review: 2022-07-29T10:10:53.000Z
2022-08-03 12:57:29.264 5143-5143/com.cpen321group.accountability D/Review: 4
2022-08-03 12:57:29.264 5143-5143/com.cpen321group.accountability D/Review: Happy with Accountant
2022-08-03 12:57:29.264 5143-5143/com.cpen321group.accountability D/Review: Happy with Accountant
2022-08-03 12:57:29.264 5143-5143/com.cpen321group.accountability D/Review: 2022-07-29T10:13:18.000Z
2022-08-03 12:57:29.264 5143-5143/com.cpen321group.accountability D/Review: 4
2022-08-03 12:57:29.264 5143-5143/com.cpen321group.accountability D/Review: happy
2022-08-03 12:57:29.264 5143-5143/com.cpen321group.accountability D/Review: Very Good
2022-08-03 12:57:29.264 5143-5143/com.cpen321group.accountability D/Review: 2022-07-29T10:15:55.000Z
2022-08-03 12:57:29.264 5143-5143/com.cpen321group.accountability D/Review: 4
2022-08-03 12:57:29.264 5143-5143/com.cpen321group.accountability D/Review: Happy with Accountant
2022-08-03 12:57:29.264 5143-5143/com.cpen321group.accountability D/Review: Happy with Accountant
2022-08-03 12:57:29.264 5143-5143/com.cpen321group.accountability D/Review: 2022-07-29T10:22:48.000Z
2022-08-03 12:57:29.264 5143-5143/com.cpen321group.accountability D/Review: 4
2022-08-03 12:57:29.264 5143-5143/com.cpen321group.accountability D/Review: Happy!!!
2022-08-03 12:57:29.264 5143-5143/com.cpen321group.accountability D/Review: Great
2022-08-03 12:57:29.264 5143-5143/com.cpen321group.accountability D/Review: 2022-07-29T10:25:24.000Z
2022-08-03 12:57:29.264 5143-5143/com.cpen321group.accountability D/Review: 5
2022-08-03 12:57:29.264 5143-5143/com.cpen321group.accountability D/Review: Very Great
2022-08-03 12:57:29.264 5143-5143/com.cpen321group.accountability D/Review: Happy with Accountant
2022-08-03 12:57:29.264 5143-5143/com.cpen321group.accountability D/Review: 2022-07-29T10:30:16.000Z
2022-08-03 12:57:29.264 5143-5143/com.cpen321group.accountability D/Review: 4
2022-08-03 12:57:29.264 5143-5143/com.cpen321group.accountability D/Review: Very Great
2022-08-03 12:57:29.264 5143-5143/com.cpen321group.accountability D/Review: Happy with Accountant
2022-08-03 12:57:29.264 5143-5143/com.cpen321group.accountability D/Review: 2022-07-29T10:33:57.000Z
2022-08-03 12:57:29.264 5143-5143/com.cpen321group.accountability D/Review: 4
2022-08-03 12:57:29.264 5143-5143/com.cpen321group.accountability D/Review: Very Great
2022-08-03 12:57:29.264 5143-5143/com.cpen321group.accountability D/Review: Happy with Accountant
2022-08-03 12:57:29.264 5143-5143/com.cpen321group.accountability D/Review: 2022-07-29T10:36:11.000Z
2022-08-03 12:57:29.264 5143-5143/com.cpen321group.accountability D/Review: 4
2022-08-03 12:57:29.264 5143-5143/com.cpen321group.accountability D/Review: Very Great
2022-08-03 12:57:29.264 5143-5143/com.cpen321group.accountability D/Review: Happy with Accountant
2022-08-03 12:57:29.264 5143-5143/com.cpen321group.accountability D/Review: 2022-07-29T11:32:12.000Z
2022-08-03 12:57:29.264 5143-5143/com.cpen321group.accountability D/Review: 4
2022-08-03 12:57:29.264 5143-5143/com.cpen321group.accountability D/Review: She is very nice!
2022-08-03 12:57:29.264 5143-5143/com.cpen321group.accountability D/Review: Accountant
2022-08-03 12:57:29.264 5143-5143/com.cpen321group.accountability D/Review: 2022-07-29T11:36:00.000Z
2022-08-03 12:57:29.264 5143-5143/com.cpen321group.accountability D/Review: 5
2022-08-03 12:57:29.264 5143-5143/com.cpen321group.accountability D/Review: Very Great
2022-08-03 12:57:29.264 5143-5143/com.cpen321group.accountability D/Review: Happy with Accountant
2022-08-03 12:57:29.264 5143-5143/com.cpen321group.accountability D/Review: 2022-07-29T11:45:16.000Z
2022-08-03 12:57:29.264 5143-5143/com.cpen321group.accountability D/Review: 4
2022-08-03 12:57:29.264 5143-5143/com.cpen321group.accountability D/Review: Very nice accountant
2022-08-03 12:57:29.264 5143-5143/com.cpen321group.accountability D/Review: Happy with Accountant
2022-08-03 12:57:29.264 5143-5143/com.cpen321group.accountability D/Review: 2022-07-29T11:47:17.000Z
2022-08-03 12:57:29.264 5143-5143/com.cpen321group.accountability D/Review: 5
2022-08-03 12:57:29.264 5143-5143/com.cpen321group.accountability D/Review: Very nice accountant
2022-08-03 12:57:29.264 5143-5143/com.cpen321group.accountability D/Review: Happy with Accountant
2022-08-03 12:57:29.264 5143-5143/com.cpen321group.accountability D/Review: 2022-07-29T11:49:27.000Z
2022-08-03 12:57:29.264 5143-5143/com.cpen321group.accountability D/Review: 5
2022-08-03 12:57:29.264 5143-5143/com.cpen321group.accountability D/Review: Very nice accountant
2022-08-03 12:57:29.264 5143-5143/com.cpen321group.accountability D/Review: Happy with Accountant
2022-08-03 12:57:29.264 5143-5143/com.cpen321group.accountability D/Review: 2022-07-29T11:50:04.000Z
2022-08-03 12:57:29.264 5143-5143/com.cpen321group.accountability D/Review: 5
2022-08-03 12:57:29.264 5143-5143/com.cpen321group.accountability D/Review: Very nice accountant
2022-08-03 12:57:29.264 5143-5143/com.cpen321group.accountability D/Review: Happy with Accountant
2022-08-03 12:57:29.264 5143-5143/com.cpen321group.accountability D/Review: 2022-07-29T11:52:39.000Z
2022-08-03 12:57:29.264 5143-5143/com.cpen321group.accountability D/Review: 5
2022-08-03 12:57:29.264 5143-5143/com.cpen321group.accountability D/Review: Very nice accountant
2022-08-03 12:57:29.264 5143-5143/com.cpen321group.accountability D/Review: Happy with Accountant
2022-08-03 12:57:29.264 5143-5143/com.cpen321group.accountability D/Review: 2022-08-01T10:40:24.000Z
2022-08-03 12:57:29.264 5143-5143/com.cpen321group.accountability D/Review: 5
2022-08-03 12:57:29.265 5143-5143/com.cpen321group.accountability D/Review: Very nice accountant
2022-08-03 12:57:29.265 5143-5143/com.cpen321group.accountability D/Review: Happy with Accountant
2022-08-03 12:57:29.265 5143-5143/com.cpen321group.accountability D/Review: 2022-08-01T10:44:21.000Z
2022-08-03 12:57:29.265 5143-5143/com.cpen321group.accountability D/Review: 5
2022-08-03 12:57:29.265 5143-5143/com.cpen321group.accountability D/Review: Very nice accountant
2022-08-03 12:57:29.265 5143-5143/com.cpen321group.accountability D/Review: Test
2022-08-03 12:57:29.265 5143-5143/com.cpen321group.accountability D/Review: 2022-08-01T10:47:19.000Z
2022-08-03 12:57:29.265 5143-5143/com.cpen321group.accountability D/Review: 5
2022-08-03 12:57:29.265 5143-5143/com.cpen321group.accountability D/Review: Very nice accountant
2022-08-03 12:57:29.265 5143-5143/com.cpen321group.accountability D/Review: Test
2022-08-03 12:57:29.265 5143-5143/com.cpen321group.accountability D/Review: 2022-08-01T10:49:15.000Z
2022-08-03 12:57:29.265 5143-5143/com.cpen321group.accountability D/Review: 5
2022-08-03 12:57:29.265 5143-5143/com.cpen321group.accountability D/Review: Very nice accountant
2022-08-03 12:57:29.265 5143-5143/com.cpen321group.accountability D/Review: Test
2022-08-03 12:57:29.265 5143-5143/com.cpen321group.accountability D/Review: 2022-08-02T09:11:20.000Z
2022-08-03 12:57:29.265 5143-5143/com.cpen321group.accountability D/Review: 5
