2022-08-03 12:56:34.088 5143-5143/com.cpen321group.accountability I/chatty: uid=10136(com.cpen321group.accountability) identical 2 lines
2022-08-03 12:56:34.088 5143-5143/com.cpen321group.accountability V/ActivityScenario: Activity lifecycle changed event received but ignored because the intent does not match. startActivityIntent=Intent { act=android.intent.action.MAIN cat=[android.intent.category.LAUNCHER] cmp=com.cpen321group.accountability/androidx.fragment.app.testing.FragmentScenario$EmptyFragmentActivity (has extras) }, activity.getIntent()=Intent { act=android.intent.action.MAIN cat=[android.intent.category.LAUNCHER] flg=0x10008000 cmp=com.cpen321group.accountability/androidx.test.core.app.InstrumentationActivityInvoker$BootstrapActivity (has extras) }, activity=androidx.test.core.app.InstrumentationActivityInvoker$BootstrapActivity@65bc0d5
2022-08-03 12:56:34.092 5143-5143/com.cpen321group.accountability D/LifecycleMonitor: Lifecycle status change: androidx.test.core.app.InstrumentationActivityInvoker$BootstrapActivity@65bc0d5 in: PAUSED
2022-08-03 12:56:34.092 5143-5143/com.cpen321group.accountability V/ActivityScenario: Activity lifecycle changed event received but ignored because the intent does not match. startActivityIntent=Intent { act=android.intent.action.MAIN cat=[android.intent.category.LAUNCHER] cmp=com.cpen321group.accountability/androidx.fragment.app.testing.FragmentScenario$EmptyFragmentActivity (has extras) }, activity.getIntent()=Intent { act=android.intent.action.MAIN cat=[android.intent.category.LAUNCHER] flg=0x10008000 cmp=com.cpen321group.accountability/androidx.test.core.app.InstrumentationActivityInvoker$BootstrapActivity (has extras) }, activity=androidx.test.core.app.InstrumentationActivityInvoker$BootstrapActivity@65bc0d5
2022-08-03 12:56:34.092 5143-5143/com.cpen321group.accountability I/chatty: uid=10136(com.cpen321group.accountability) identical 2 lines
2022-08-03 12:56:34.092 5143-5143/com.cpen321group.accountability V/ActivityScenario: Activity lifecycle changed event received but ignored because the intent does not match. startActivityIntent=Intent { act=android.intent.action.MAIN cat=[android.intent.category.LAUNCHER] cmp=com.cpen321group.accountability/androidx.fragment.app.testing.FragmentScenario$EmptyFragmentActivity (has extras) }, activity.getIntent()=Intent { act=android.intent.action.MAIN cat=[android.intent.category.LAUNCHER] flg=0x10008000 cmp=com.cpen321group.accountability/androidx.test.core.app.InstrumentationActivityInvoker$BootstrapActivity (has extras) }, activity=androidx.test.core.app.InstrumentationActivityInvoker$BootstrapActivity@65bc0d5
2022-08-03 12:56:34.103 5143-5143/com.cpen321group.accountability W/ActivityThread: handleWindowVisibility: no activity for token android.os.BinderProxy@d51f342
2022-08-03 12:56:34.110 5143-5143/com.cpen321group.accountability D/LifecycleMonitor: Lifecycle status change: androidx.fragment.app.testing.FragmentScenario$EmptyFragmentActivity@58ea89a in: PRE_ON_CREATE
2022-08-03 12:56:34.110 5143-5143/com.cpen321group.accountability V/ActivityScenario: Activity lifecycle changed event received but ignored because the reported transition was not ON_CREATE while the last known transition was DESTROYED
2022-08-03 12:56:34.110 5143-5143/com.cpen321group.accountability I/chatty: uid=10136(com.cpen321group.accountability) identical 1 line
2022-08-03 12:56:34.110 5143-5143/com.cpen321group.accountability V/ActivityScenario: Activity lifecycle changed event received but ignored because the reported transition was not ON_CREATE while the last known transition was DESTROYED
2022-08-03 12:56:34.110 5143-5143/com.cpen321group.accountability V/ActivityScenario: Activity lifecycle changed event received but ignored because the reported transition was not ON_CREATE while the last known transition was PRE_ON_CREATE
2022-08-03 12:56:34.118 5143-5143/com.cpen321group.accountability D/LifecycleMonitor: Lifecycle status change: androidx.fragment.app.testing.FragmentScenario$EmptyFragmentActivity@58ea89a in: CREATED
2022-08-03 12:56:34.118 5143-5143/com.cpen321group.accountability V/ActivityScenario: Update currentActivityStage to CREATED, currentActivity=androidx.fragment.app.testing.FragmentScenario$EmptyFragmentActivity@58ea89a
2022-08-03 12:56:34.118 5143-5143/com.cpen321group.accountability I/chatty: uid=10136(com.cpen321group.accountability) identical 2 lines
2022-08-03 12:56:34.118 5143-5143/com.cpen321group.accountability V/ActivityScenario: Update currentActivityStage to CREATED, currentActivity=androidx.fragment.app.testing.FragmentScenario$EmptyFragmentActivity@58ea89a
2022-08-03 12:56:34.120 5143-5143/com.cpen321group.accountability D/LifecycleMonitor: Lifecycle status change: androidx.fragment.app.testing.FragmentScenario$EmptyFragmentActivity@58ea89a in: STARTED
2022-08-03 12:56:34.120 5143-5143/com.cpen321group.accountability V/ActivityScenario: Update currentActivityStage to STARTED, currentActivity=androidx.fragment.app.testing.FragmentScenario$EmptyFragmentActivity@58ea89a
2022-08-03 12:56:34.120 5143-5143/com.cpen321group.accountability I/chatty: uid=10136(com.cpen321group.accountability) identical 2 lines
2022-08-03 12:56:34.120 5143-5143/com.cpen321group.accountability V/ActivityScenario: Update currentActivityStage to STARTED, currentActivity=androidx.fragment.app.testing.FragmentScenario$EmptyFragmentActivity@58ea89a
2022-08-03 12:56:34.121 5143-5143/com.cpen321group.accountability D/LifecycleMonitor: Lifecycle status change: androidx.fragment.app.testing.FragmentScenario$EmptyFragmentActivity@58ea89a in: RESUMED
2022-08-03 12:56:34.121 5143-5143/com.cpen321group.accountability V/ActivityScenario: Update currentActivityStage to RESUMED, currentActivity=androidx.fragment.app.testing.FragmentScenario$EmptyFragmentActivity@58ea89a
2022-08-03 12:56:34.121 5143-5143/com.cpen321group.accountability I/chatty: uid=10136(com.cpen321group.accountability) identical 2 lines
2022-08-03 12:56:34.121 5143-5143/com.cpen321group.accountability V/ActivityScenario: Update currentActivityStage to RESUMED, currentActivity=androidx.fragment.app.testing.FragmentScenario$EmptyFragmentActivity@58ea89a
2022-08-03 12:56:34.127 5143-5201/com.cpen321group.accountability D/EGL_emulation: eglMakeCurrent: 0xe421aba0: ver 2 0 (tinfo 0xe420f920)
2022-08-03 12:56:34.144 5143-5201/com.cpen321group.accountability D/EGL_emulation: eglMakeCurrent: 0xe421aba0: ver 2 0 (tinfo 0xe420f920)
2022-08-03 12:56:34.210 5143-5143/com.cpen321group.accountability D/LifecycleMonitor: Lifecycle status change: androidx.test.core.app.InstrumentationActivityInvoker$BootstrapActivity@65bc0d5 in: STOPPED
2022-08-03 12:56:34.211 5143-5143/com.cpen321group.accountability V/ActivityScenario: Activity lifecycle changed event received but ignored because the intent does not match. startActivityIntent=Intent { act=android.intent.action.MAIN cat=[android.intent.category.LAUNCHER] cmp=com.cpen321group.accountability/androidx.fragment.app.testing.FragmentScenario$EmptyFragmentActivity (has extras) }, activity.getIntent()=Intent { act=android.intent.action.MAIN cat=[android.intent.category.LAUNCHER] flg=0x10008000 cmp=com.cpen321group.accountability/androidx.test.core.app.InstrumentationActivityInvoker$BootstrapActivity (has extras) }, activity=androidx.test.core.app.InstrumentationActivityInvoker$BootstrapActivity@65bc0d5
2022-08-03 12:56:34.212 5143-5143/com.cpen321group.accountability I/chatty: uid=10136(com.cpen321group.accountability) identical 2 lines
2022-08-03 12:56:34.213 5143-5143/com.cpen321group.accountability V/ActivityScenario: Activity lifecycle changed event received but ignored because the intent does not match. startActivityIntent=Intent { act=android.intent.action.MAIN cat=[android.intent.category.LAUNCHER] cmp=com.cpen321group.accountability/androidx.fragment.app.testing.FragmentScenario$EmptyFragmentActivity (has extras) }, activity.getIntent()=Intent { act=android.intent.action.MAIN cat=[android.intent.category.LAUNCHER] flg=0x10008000 cmp=com.cpen321group.accountability/androidx.test.core.app.InstrumentationActivityInvoker$BootstrapActivity (has extras) }, activity=androidx.test.core.app.InstrumentationActivityInvoker$BootstrapActivity@65bc0d5
2022-08-03 12:56:34.216 5143-5143/com.cpen321group.accountability D/LifecycleMonitor: Lifecycle status change: androidx.fragment.app.testing.FragmentScenario$EmptyFragmentActivity@78758d7 in: STOPPED
2022-08-03 12:56:34.216 5143-5143/com.cpen321group.accountability V/ActivityScenario: Activity lifecycle changed event received but ignored because the intent does not match. startActivityIntent=Intent { act=android.intent.action.MAIN cat=[android.intent.category.LAUNCHER] cmp=com.cpen321group.accountability/androidx.fragment.app.testing.FragmentScenario$EmptyFragmentActivity (has extras) }, activity.getIntent()=Intent { act=android.intent.action.MAIN flg=0x10000000 cmp=com.cpen321group.accountability/androidx.fragment.app.testing.FragmentScenario$EmptyFragmentActivity }, activity=androidx.fragment.app.testing.FragmentScenario$EmptyFragmentActivity@78758d7
2022-08-03 12:56:34.216 5143-5143/com.cpen321group.accountability I/chatty: uid=10136(com.cpen321group.accountability) identical 2 lines
2022-08-03 12:56:34.216 5143-5143/com.cpen321group.accountability V/ActivityScenario: Activity lifecycle changed event received but ignored because the intent does not match. startActivityIntent=Intent { act=android.intent.action.MAIN cat=[android.intent.category.LAUNCHER] cmp=com.cpen321group.accountability/androidx.fragment.app.testing.FragmentScenario$EmptyFragmentActivity (has extras) }, activity.getIntent()=Intent { act=android.intent.action.MAIN flg=0x10000000 cmp=com.cpen321group.accountability/androidx.fragment.app.testing.FragmentScenario$EmptyFragmentActivity }, activity=androidx.fragment.app.testing.FragmentScenario$EmptyFragmentActivity@78758d7
2022-08-03 12:56:34.234 5143-5143/com.cpen321group.accountability I/ViewInteraction: Performing 'wait for 5000milliseconds' action on view view.getRootView() to equal view
2022-08-03 12:56:36.075 5143-5143/com.cpen321group.accountability D/getAccountant: "455937552go"
2022-08-03 12:56:36.075 5143-5143/com.cpen321group.accountability D/getAccountant: "David"
2022-08-03 12:56:36.075 5143-5143/com.cpen321group.accountability D/getAccountant: "111791232409232840405go"
2022-08-03 12:56:36.075 5143-5143/com.cpen321group.accountability D/getAccountant: "Wilson"
2022-08-03 12:56:36.075 5143-5143/com.cpen321group.accountability D/getAccountant: "12345678007fb"
2022-08-03 12:56:36.075 5143-5143/com.cpen321group.accountability D/getAccountant: "Harry"
2022-08-03 12:56:36.076 5143-5143/com.cpen321group.accountability D/getAccountant: "972516927478726fb"
2022-08-03 12:56:36.076 5143-5143/com.cpen321group.accountability D/getAccountant: "Vicky"
2022-08-03 12:56:39.240 5143-5143/com.cpen321group.accountability I/ViewInteraction: Performing 'scroll RecyclerView to position: 0' action on view view.getId() is <2131296440/com.cpen321group.accountability:id/chat_recycler>
2022-08-03 12:56:39.266 5143-5143/com.cpen321group.accountability I/ViewInteraction: Performing 'actionOnItemAtPosition performing ViewAction: Click on a child view with specified id. on item at position: 0' action on view view.getId() is <2131296440/com.cpen321group.accountability:id/chat_recycler>
2022-08-03 12:56:39.291 5143-5143/com.cpen321group.accountability D/LifecycleMonitor: Lifecycle status change: androidx.fragment.app.testing.FragmentScenario$EmptyFragmentActivity@58ea89a in: PAUSED
2022-08-03 12:56:39.291 5143-5143/com.cpen321group.accountability V/ActivityScenario: Update currentActivityStage to PAUSED, currentActivity=androidx.fragment.app.testing.FragmentScenario$EmptyFragmentActivity@58ea89a
2022-08-03 12:56:39.296 5143-5143/com.cpen321group.accountability W/ActivityThread: handleWindowVisibility: no activity for token android.os.BinderProxy@20b3f7d
2022-08-03 12:56:39.312 5143-5143/com.cpen321group.accountability D/LifecycleMonitor: Lifecycle status change: com.cpen321group.accountability.mainscreen.chat.ReviewActivity@5b739ca in: PRE_ON_CREATE
2022-08-03 12:56:39.312 5143-5143/com.cpen321group.accountability V/ActivityScenario: Activity lifecycle changed event received but ignored because the intent does not match. startActivityIntent=Intent { act=android.intent.action.MAIN cat=[android.intent.category.LAUNCHER] cmp=com.cpen321group.accountability/androidx.fragment.app.testing.FragmentScenario$EmptyFragmentActivity (has extras) }, activity.getIntent()=Intent { cmp=com.cpen321group.accountability/.mainscreen.chat.ReviewActivity }, activity=com.cpen321group.accountability.mainscreen.chat.ReviewActivity@5b739ca
2022-08-03 12:56:39.384 5143-5143/com.cpen321group.accountability D/LifecycleMonitor: Lifecycle status change: com.cpen321group.accountability.mainscreen.chat.ReviewActivity@5b739ca in: CREATED
2022-08-03 12:56:39.384 5143-5143/com.cpen321group.accountability V/ActivityScenario: Activity lifecycle changed event received but ignored because the intent does not match. startActivityIntent=Intent { act=android.intent.action.MAIN cat=[android.intent.category.LAUNCHER] cmp=com.cpen321group.accountability/androidx.fragment.app.testing.FragmentScenario$EmptyFragmentActivity (has extras) }, activity.getIntent()=Intent { cmp=com.cpen321group.accountability/.mainscreen.chat.ReviewActivity }, activity=com.cpen321group.accountability.mainscreen.chat.ReviewActivity@5b739ca
2022-08-03 12:56:39.386 5143-5143/com.cpen321group.accountability D/LifecycleMonitor: Lifecycle status change: com.cpen321group.accountability.mainscreen.chat.ReviewActivity@5b739ca in: STARTED
2022-08-03 12:56:39.386 5143-5143/com.cpen321group.accountability V/ActivityScenario: Activity lifecycle changed event received but ignored because the intent does not match. startActivityIntent=Intent { act=android.intent.action.MAIN cat=[android.intent.category.LAUNCHER] cmp=com.cpen321group.accountability/androidx.fragment.app.testing.FragmentScenario$EmptyFragmentActivity (has extras) }, activity.getIntent()=Intent { cmp=com.cpen321group.accountability/.mainscreen.chat.ReviewActivity }, activity=com.cpen321group.accountability.mainscreen.chat.ReviewActivity@5b739ca
2022-08-03 12:56:39.387 5143-5143/com.cpen321group.accountability D/LifecycleMonitor: Lifecycle status change: com.cpen321group.accountability.mainscreen.chat.ReviewActivity@5b739ca in: RESUMED
2022-08-03 12:56:39.388 5143-5143/com.cpen321group.accountability V/ActivityScenario: Activity lifecycle changed event received but ignored because the intent does not match. startActivityIntent=Intent { act=android.intent.action.MAIN cat=[android.intent.category.LAUNCHER] cmp=com.cpen321group.accountability/androidx.fragment.app.testing.FragmentScenario$EmptyFragmentActivity (has extras) }, activity.getIntent()=Intent { cmp=com.cpen321group.accountability/.mainscreen.chat.ReviewActivity }, activity=com.cpen321group.accountability.mainscreen.chat.ReviewActivity@5b739ca
2022-08-03 12:56:39.433 5143-5201/com.cpen321group.accountability D/EGL_emulation: eglMakeCurrent: 0xe421aba0: ver 2 0 (tinfo 0xe420f920)
2022-08-03 12:56:39.485 5143-5143/com.cpen321group.accountability D/LifecycleMonitor: Lifecycle status change: androidx.fragment.app.testing.FragmentScenario$EmptyFragmentActivity@58ea89a in: STOPPED
2022-08-03 12:56:39.486 5143-5143/com.cpen321group.accountability V/ActivityScenario: Update currentActivityStage to STOPPED, currentActivity=androidx.fragment.app.testing.FragmentScenario$EmptyFragmentActivity@58ea89a
2022-08-03 12:56:40.588 5143-5143/com.cpen321group.accountability D/review: Response{protocol=http/1.1, code=200, message=OK, url=http://20.104.57.27:8000/accounts/455937552go}
2022-08-03 12:56:40.588 5143-5143/com.cpen321group.accountability D/Review: Great
2022-08-03 12:56:40.588 5143-5143/com.cpen321group.accountability D/Review: Good
2022-08-03 12:56:40.588 5143-5143/com.cpen321group.accountability D/Review: 2022-07-20T02:13:12.000Z
2022-08-03 12:56:40.588 5143-5143/com.cpen321group.accountability D/Review: 4
2022-08-03 12:56:40.589 5143-5143/com.cpen321group.accountability D/Review: Great
2022-08-03 12:56:40.589 5143-5143/com.cpen321group.accountability D/Review: Good
2022-08-03 12:56:40.589 5143-5143/com.cpen321group.accountability D/Review: 2022-07-20T02:13:12.000Z
2022-08-03 12:56:40.589 5143-5143/com.cpen321group.accountability D/Review: 4
2022-08-03 12:56:40.589 5143-5143/com.cpen321group.accountability D/Review: testing from help!
2022-08-03 12:56:40.589 5143-5143/com.cpen321group.accountability D/Review: Test 1
2022-08-03 12:56:40.589 5143-5143/com.cpen321group.accountability D/Review: 2022-07-18T20:49:58.000Z
2022-08-03 12:56:40.589 5143-5143/com.cpen321group.accountability D/Review: 5
2022-08-03 12:56:40.589 5143-5143/com.cpen321group.accountability D/Review: 888
2022-08-03 12:56:40.589 5143-5143/com.cpen321group.accountability D/Review: test 2
2022-08-03 12:56:40.590 5143-5143/com.cpen321group.accountability D/Review: 2022-07-18T20:50:15.000Z
2022-08-03 12:56:40.590 5143-5143/com.cpen321group.accountability D/Review: 4
2022-08-03 12:56:40.590 5143-5143/com.cpen321group.accountability D/Review:  test 34
2022-08-03 12:56:40.590 5143-5143/com.cpen321group.accountability D/Review: test 3
2022-08-03 12:56:40.590 5143-5143/com.cpen321group.accountability D/Review: 2022-07-18T20:50:31.000Z
2022-08-03 12:56:40.590 5143-5143/com.cpen321group.accountability D/Review: 5
2022-08-03 12:56:40.590 5143-5143/com.cpen321group.accountability D/Review: test 4
2022-08-03 12:56:40.590 5143-5143/com.cpen321group.accountability D/Review: test 4
2022-08-03 12:56:40.590 5143-5143/com.cpen321group.accountability D/Review: 2022-07-18T20:50:59.000Z
2022-08-03 12:56:40.590 5143-5143/com.cpen321group.accountability D/Review: 5
2022-08-03 12:56:40.590 5143-5143/com.cpen321group.accountability D/Review: Happy with Accountant
2022-08-03 12:56:40.590 5143-5143/com.cpen321group.accountability D/Review: Happy with Accountant
2022-08-03 12:56:40.590 5143-5143/com.cpen321group.accountability D/Review: 2022-07-29T10:10:53.000Z
2022-08-03 12:56:40.590 5143-5143/com.cpen321group.accountability D/Review: 4
2022-08-03 12:56:40.590 5143-5143/com.cpen321group.accountability D/Review: Happy with Accountant
2022-08-03 12:56:40.590 5143-5143/com.cpen321group.accountability D/Review: Happy with Accountant
2022-08-03 12:56:40.590 5143-5143/com.cpen321group.accountability D/Review: 2022-07-29T10:13:18.000Z
2022-08-03 12:56:40.590 5143-5143/com.cpen321group.accountability D/Review: 4
2022-08-03 12:56:40.590 5143-5143/com.cpen321group.accountability D/Review: happy
2022-08-03 12:56:40.590 5143-5143/com.cpen321group.accountability D/Review: Very Good
2022-08-03 12:56:40.590 5143-5143/com.cpen321group.accountability D/Review: 2022-07-29T10:15:55.000Z
2022-08-03 12:56:40.590 5143-5143/com.cpen321group.accountability D/Review: 4
2022-08-03 12:56:40.590 5143-5143/com.cpen321group.accountability D/Review: Happy with Accountant
2022-08-03 12:56:40.590 5143-5143/com.cpen321group.accountability D/Review: Happy with Accountant
2022-08-03 12:56:40.590 5143-5143/com.cpen321group.accountability D/Review: 2022-07-29T10:22:48.000Z
2022-08-03 12:56:40.590 5143-5143/com.cpen321group.accountability D/Review: 4
2022-08-03 12:56:40.590 5143-5143/com.cpen321group.accountability D/Review: Happy!!!
2022-08-03 12:56:40.590 5143-5143/com.cpen321group.accountability D/Review: Great
2022-08-03 12:56:40.590 5143-5143/com.cpen321group.accountability D/Review: 2022-07-29T10:25:24.000Z
2022-08-03 12:56:40.590 5143-5143/com.cpen321group.accountability D/Review: 5
2022-08-03 12:56:40.590 5143-5143/com.cpen321group.accountability D/Review: Very Great
2022-08-03 12:56:40.590 5143-5143/com.cpen321group.accountability D/Review: Happy with Accountant
2022-08-03 12:56:40.590 5143-5143/com.cpen321group.accountability D/Review: 2022-07-29T10:30:16.000Z
2022-08-03 12:56:40.590 5143-5143/com.cpen321group.accountability D/Review: 4
2022-08-03 12:56:40.590 5143-5143/com.cpen321group.accountability D/Review: Very Great
2022-08-03 12:56:40.590 5143-5143/com.cpen321group.accountability D/Review: Happy with Accountant
2022-08-03 12:56:40.590 5143-5143/com.cpen321group.accountability D/Review: 2022-07-29T10:33:57.000Z
2022-08-03 12:56:40.590 5143-5143/com.cpen321group.accountability D/Review: 4
2022-08-03 12:56:40.590 5143-5143/com.cpen321group.accountability D/Review: Very Great
2022-08-03 12:56:40.590 5143-5143/com.cpen321group.accountability D/Review: Happy with Accountant
2022-08-03 12:56:40.590 5143-5143/com.cpen321group.accountability D/Review: 2022-07-29T10:36:11.000Z
2022-08-03 12:56:40.590 5143-5143/com.cpen321group.accountability D/Review: 4
2022-08-03 12:56:40.590 5143-5143/com.cpen321group.accountability D/Review: Very Great
2022-08-03 12:56:40.590 5143-5143/com.cpen321group.accountability D/Review: Happy with Accountant
2022-08-03 12:56:40.590 5143-5143/com.cpen321group.accountability D/Review: 2022-07-29T11:32:12.000Z
2022-08-03 12:56:40.590 5143-5143/com.cpen321group.accountability D/Review: 4
2022-08-03 12:56:40.590 5143-5143/com.cpen321group.accountability D/Review: She is very nice!
2022-08-03 12:56:40.590 5143-5143/com.cpen321group.accountability D/Review: Accountant
2022-08-03 12:56:40.591 5143-5143/com.cpen321group.accountability D/Review: 2022-07-29T11:36:00.000Z
2022-08-03 12:56:40.591 5143-5143/com.cpen321group.accountability D/Review: 5
2022-08-03 12:56:40.591 5143-5143/com.cpen321group.accountability D/Review: Very Great
2022-08-03 12:56:40.591 5143-5143/com.cpen321group.accountability D/Review: Happy with Accountant
2022-08-03 12:56:40.591 5143-5143/com.cpen321group.accountability D/Review: 2022-07-29T11:45:16.000Z
2022-08-03 12:56:40.591 5143-5143/com.cpen321group.accountability D/Review: 4
2022-08-03 12:56:40.591 5143-5143/com.cpen321group.accountability D/Review: Very nice accountant
2022-08-03 12:56:40.591 5143-5143/com.cpen321group.accountability D/Review: Happy with Accountant
2022-08-03 12:56:40.591 5143-5143/com.cpen321group.accountability D/Review: 2022-07-29T11:47:17.000Z
2022-08-03 12:56:40.591 5143-5143/com.cpen321group.accountability D/Review: 5
2022-08-03 12:56:40.591 5143-5143/com.cpen321group.accountability D/Review: Very nice accountant
2022-08-03 12:56:40.591 5143-5143/com.cpen321group.accountability D/Review: Happy with Accountant
2022-08-03 12:56:40.591 5143-5143/com.cpen321group.accountability D/Review: 2022-07-29T11:49:27.000Z
2022-08-03 12:56:40.591 5143-5143/com.cpen321group.accountability D/Review: 5
2022-08-03 12:56:40.591 5143-5143/com.cpen321group.accountability D/Review: Very nice accountant
2022-08-03 12:56:40.591 5143-5143/com.cpen321group.accountability D/Review: Happy with Accountant
2022-08-03 12:56:40.591 5143-5143/com.cpen321group.accountability D/Review: 2022-07-29T11:50:04.000Z
2022-08-03 12:56:40.591 5143-5143/com.cpen321group.accountability D/Review: 5
2022-08-03 12:56:40.591 5143-5143/com.cpen321group.accountability D/Review: Very nice accountant
2022-08-03 12:56:40.591 5143-5143/com.cpen321group.accountability D/Review: Happy with Accountant
2022-08-03 12:56:40.591 5143-5143/com.cpen321group.accountability D/Review: 2022-07-29T11:52:39.000Z
2022-08-03 12:56:40.591 5143-5143/com.cpen321group.accountability D/Review: 5
2022-08-03 12:56:40.591 5143-5143/com.cpen321group.accountability D/Review: Very nice accountant
2022-08-03 12:56:40.591 5143-5143/com.cpen321group.accountability D/Review: Happy with Accountant
2022-08-03 12:56:40.591 5143-5143/com.cpen321group.accountability D/Review: 2022-08-01T10:40:24.000Z
2022-08-03 12:56:40.591 5143-5143/com.cpen321group.accountability D/Review: 5
2022-08-03 12:56:40.591 5143-5143/com.cpen321group.accountability D/Review: Very nice accountant
2022-08-03 12:56:40.591 5143-5143/com.cpen321group.accountability D/Review: Happy with Accountant
2022-08-03 12:56:40.591 5143-5143/com.cpen321group.accountability D/Review: 2022-08-01T10:44:21.000Z
2022-08-03 12:56:40.591 5143-5143/com.cpen321group.accountability D/Review: 5
2022-08-03 12:56:40.591 5143-5143/com.cpen321group.accountability D/Review: Very nice accountant
2022-08-03 12:56:40.591 5143-5143/com.cpen321group.accountability D/Review: Test
2022-08-03 12:56:40.591 5143-5143/com.cpen321group.accountability D/Review: 2022-08-01T10:47:19.000Z
2022-08-03 12:56:40.591 5143-5143/com.cpen321group.accountability D/Review: 5
2022-08-03 12:56:40.591 5143-5143/com.cpen321group.accountability D/Review: Very nice accountant
2022-08-03 12:56:40.591 5143-5143/com.cpen321group.accountability D/Review: Test
2022-08-03 12:56:40.591 5143-5143/com.cpen321group.accountability D/Review: 2022-08-01T10:49:15.000Z
2022-08-03 12:56:40.591 5143-5143/com.cpen321group.accountability D/Review: 5
2022-08-03 12:56:40.591 5143-5143/com.cpen321group.accountability D/Review: Very nice accountant
2022-08-03 12:56:40.592 5143-5143/com.cpen321group.accountability D/Review: Test
2022-08-03 12:56:40.592 5143-5143/com.cpen321group.accountability D/Review: 2022-08-02T09:11:20.000Z
2022-08-03 12:56:40.592 5143-5143/com.cpen321group.accountability D/Review: 5
2022-08-03 12:56:40.592 5143-5143/com.cpen321group.accountability D/Review: Very nice accountant
2022-08-03 12:56:40.592 5143-5143/com.cpen321group.accountability D/Review: Test
2022-08-03 12:56:40.592 5143-5143/com.cpen321group.accountability D/Review: 2022-08-02T09:13:32.000Z
2022-08-03 12:56:40.592 5143-5143/com.cpen321group.accountability D/Review: 5
2022-08-03 12:56:40.592 5143-5143/com.cpen321group.accountability D/Review: Very nice accountant
2022-08-03 12:56:40.592 5143-5143/com.cpen321group.accountability D/Review: Test
2022-08-03 12:56:40.592 5143-5143/com.cpen321group.accountability D/Review: 2022-08-02T09:22:08.000Z
2022-08-03 12:56:40.592 5143-5143/com.cpen321group.accountability D/Review: 5
2022-08-03 12:56:40.592 5143-5143/com.cpen321group.accountability D/Review: Very nice accountant
2022-08-03 12:56:40.592 5143-5143/com.cpen321group.accountability D/Review: Test
2022-08-03 12:56:40.592 5143-5143/com.cpen321group.accountability D/Review: 2022-08-02T09:30:48.000Z
2022-08-03 12:56:40.592 5143-5143/com.cpen321group.accountability D/Review: 5
2022-08-03 12:56:40.592 5143-5143/com.cpen321group.accountability D/Review: Very nice accountant
2022-08-03 12:56:40.592 5143-5143/com.cpen321group.accountability D/Review: Test
2022-08-03 12:56:40.592 5143-5143/com.cpen321group.accountability D/Review: 2022-08-02T09:36:00.000Z
2022-08-03 12:56:40.592 5143-5143/com.cpen321group.accountability D/Review: 5
2022-08-03 12:56:40.592 5143-5143/com.cpen321group.accountability D/Review: Very nice accountant
2022-08-03 12:56:40.592 5143-5143/com.cpen321group.accountability D/Review: Test
2022-08-03 12:56:40.592 5143-5143/com.cpen321group.accountability D/Review: 2022-08-02T10:11:14.000Z
2022-08-03 12:56:40.592 5143-5143/com.cpen321group.accountability D/Review: 5
2022-08-03 12:56:40.592 5143-5143/com.cpen321group.accountability D/Review: Very nice accountant
2022-08-03 12:56:40.592 5143-5143/com.cpen321group.accountability D/Review: Test
2022-08-03 12:56:40.592 5143-5143/com.cpen321group.accountability D/Review: 2022-08-02T10:26:59.000Z
2022-08-03 12:56:40.592 5143-5143/com.cpen321group.accountability D/Review: 5
2022-08-03 12:56:40.592 5143-5143/com.cpen321group.accountability D/Review: Very nice accountant
2022-08-03 12:56:40.592 5143-5143/com.cpen321group.accountability D/Review: Test
2022-08-03 12:56:40.592 5143-5143/com.cpen321group.accountability D/Review: 2022-08-02T10:36:42.000Z
2022-08-03 12:56:40.592 5143-5143/com.cpen321group.accountability D/Review: 5
2022-08-03 12:56:40.592 5143-5143/com.cpen321group.accountability D/Review: Very nice accountant
2022-08-03 12:56:40.592 5143-5143/com.cpen321group.accountability D/Review: Test
2022-08-03 12:56:40.592 5143-5143/com.cpen321group.accountability D/Review: 2022-08-03T02:12:17.000Z
2022-08-03 12:56:40.592 5143-5143/com.cpen321group.accountability D/Review: 5
2022-08-03 12:56:40.592 5143-5143/com.cpen321group.accountability D/Review: Very nice accountant
2022-08-03 12:56:40.592 5143-5143/com.cpen321group.accountability D/Review: Test
2022-08-03 12:56:40.592 5143-5143/com.cpen321group.accountability D/Review: 2022-08-03T02:20:37.000Z
2022-08-03 12:56:40.592 5143-5143/com.cpen321group.accountability D/Review: 5
2022-08-03 12:56:40.592 5143-5143/com.cpen321group.accountability D/Review: Very nice accountant
2022-08-03 12:56:40.592 5143-5143/com.cpen321group.accountability D/Review: Test
2022-08-03 12:56:40.592 5143-5143/com.cpen321group.accountability D/Review: 2022-08-03T02:52:07.000Z
2022-08-03 12:56:40.592 5143-5143/com.cpen321group.accountability D/Review: 5
2022-08-03 12:56:40.593 5143-5143/com.cpen321group.accountability D/Review: Very nice accountant
2022-08-03 12:56:40.593 5143-5143/com.cpen321group.accountability D/Review: Test
2022-08-03 12:56:40.593 5143-5143/com.cpen321group.accountability D/Review: 2022-08-03T03:01:53.000Z
2022-08-03 12:56:40.593 5143-5143/com.cpen321group.accountability D/Review: 5
2022-08-03 12:56:40.593 5143-5143/com.cpen321group.accountability D/Review: Very nice accountant
2022-08-03 12:56:40.593 5143-5143/com.cpen321group.accountability D/Review: Test
2022-08-03 12:56:40.593 5143-5143/com.cpen321group.accountability D/Review: 2022-08-03T03:04:29.000Z
2022-08-03 12:56:40.593 5143-5143/com.cpen321group.accountability D/Review: 5
2022-08-03 12:56:40.593 5143-5143/com.cpen321group.accountability D/Review: Very nice accountant
2022-08-03 12:56:40.593 5143-5143/com.cpen321group.accountability D/Review: Test
2022-08-03 12:56:40.593 5143-5143/com.cpen321group.accountability D/Review: 2022-08-03T03:09:24.000Z
2022-08-03 12:56:40.593 5143-5143/com.cpen321group.accountability D/Review: 5
2022-08-03 12:56:40.593 5143-5143/com.cpen321group.accountability D/Review: Very nice accountant
2022-08-03 12:56:40.593 5143-5143/com.cpen321group.accountability D/Review: Test
2022-08-03 12:56:40.593 5143-5143/com.cpen321group.accountability D/Review: 2022-08-03T03:26:51.000Z
2022-08-03 12:56:40.593 5143-5143/com.cpen321group.accountability D/Review: 5
2022-08-03 12:56:40.593 5143-5143/com.cpen321group.accountability D/Review: Very nice accountant
2022-08-03 12:56:40.593 5143-5143/com.cpen321group.accountability D/Review: Test
2022-08-03 12:56:40.593 5143-5143/com.cpen321group.accountability D/Review: 2022-08-03T03:39:57.000Z
2022-08-03 12:56:40.593 5143-5143/com.cpen321group.accountability D/Review: 5
2022-08-03 12:56:40.593 5143-5143/com.cpen321group.accountability D/Review: Very nice accountant
2022-08-03 12:56:40.593 5143-5143/com.cpen321group.accountability D/Review: Test
2022-08-03 12:56:40.593 5143-5143/com.cpen321group.accountability D/Review: 2022-08-03T03:45:45.000Z
2022-08-03 12:56:40.593 5143-5143/com.cpen321group.accountability D/Review: 5
2022-08-03 12:56:40.593 5143-5143/com.cpen321group.accountability D/Review: Very nice accountant
2022-08-03 12:56:40.593 5143-5143/com.cpen321group.accountability D/Review: Test
2022-08-03 12:56:40.593 5143-5143/com.cpen321group.accountability D/Review: 2022-08-03T03:49:27.000Z
2022-08-03 12:56:40.593 5143-5143/com.cpen321group.accountability D/Review: 5
2022-08-03 12:56:40.593 5143-5143/com.cpen321group.accountability D/Review: Very nice accountant
2022-08-03 12:56:40.593 5143-5143/com.cpen321group.accountability D/Review: Test
2022-08-03 12:56:40.593 5143-5143/com.cpen321group.accountability D/Review: 2022-08-03T04:42:23.000Z
2022-08-03 12:56:40.593 5143-5143/com.cpen321group.accountability D/Review: 5
2022-08-03 12:56:40.593 5143-5143/com.cpen321group.accountability D/Review: Very nice accountant
2022-08-03 12:56:40.593 5143-5143/com.cpen321group.accountability D/Review: Test
2022-08-03 12:56:40.593 5143-5143/com.cpen321group.accountability D/Review: 2022-08-03T04:50:52.000Z
2022-08-03 12:56:40.593 5143-5143/com.cpen321group.accountability D/Review: 5
2022-08-03 12:56:40.594 5143-5143/com.cpen321group.accountability D/Review: Very nice accountant
2022-08-03 12:56:40.594 5143-5143/com.cpen321group.accountability D/Review: Test
2022-08-03 12:56:40.594 5143-5143/com.cpen321group.accountability D/Review: 2022-08-03T04:53:24.000Z
2022-08-03 12:56:40.594 5143-5143/com.cpen321group.accountability D/Review: 5
2022-08-03 12:56:42.292 5143-5143/com.cpen321group.accountability I/ViewInteraction: Checking 'androidx.test.espresso.intent.Intents$2@dec4f20' assertion on view view.getRootView() to equal view
2022-08-03 12:56:45.295 5143-5143/com.cpen321group.accountability I/ViewInteraction: Checking 'MatchesViewAssertion{viewMatcher=not an instance of android.widget.TextView and view.getText() with or without transformation to match: is "NaN"}' assertion on view view.getId() is <2131297049/com.cpen321group.accountability:id/textView4>
2022-08-03 12:56:45.300 5143-5143/com.cpen321group.accountability D/LifecycleMonitor: Lifecycle status change: androidx.fragment.app.testing.FragmentScenario$EmptyFragmentActivity@58ea89a in: DESTROYED
2022-08-03 12:56:45.300 5143-5143/com.cpen321group.accountability V/ActivityScenario: Update currentActivityStage to DESTROYED, currentActivity=null
2022-08-03 12:56:45.304 5143-5195/com.cpen321group.accountability I/TestRunner: finished: _f_reviewTest(com.cpen321group.accountability.FindAccountantTest)
2022-08-03 12:56:45.308 5143-5143/com.cpen321group.accountability I/MonitoringInstr: Activities that are still in CREATED to STOPPED: 3
2022-08-03 12:56:45.308 5143-5143/com.cpen321group.accountability I/MonitoringInstr: Finishing activity: com.cpen321group.accountability.mainscreen.chat.ReviewActivity@5b739ca
2022-08-03 12:56:45.311 5143-5143/com.cpen321group.accountability I/MonitoringInstr: Finishing activity: androidx.fragment.app.testing.FragmentScenario$EmptyFragmentActivity@78758d7
2022-08-03 12:56:45.312 5143-5143/com.cpen321group.accountability I/MonitoringInstr: Finishing activity: androidx.test.core.app.InstrumentationActivityInvoker$BootstrapActivity@65bc0d5
2022-08-03 12:56:45.314 5143-5195/com.cpen321group.accountability I/MonitoringInstr: Unstopped activity count: 1
2022-08-03 12:56:45.314 5143-5143/com.cpen321group.accountability D/LifecycleMonitor: Lifecycle status change: com.cpen321group.accountability.mainscreen.chat.ReviewActivity@5b739ca in: PAUSED
2022-08-03 12:56:45.314 5143-5143/com.cpen321group.accountability V/ActivityScenario: Activity lifecycle changed event received but ignored because the intent does not match. startActivityIntent=Intent { act=android.intent.action.MAIN cat=[android.intent.category.LAUNCHER] cmp=com.cpen321group.accountability/androidx.fragment.app.testing.FragmentScenario$EmptyFragmentActivity (has extras) }, activity.getIntent()=Intent { cmp=com.cpen321group.accountability/.mainscreen.chat.ReviewActivity }, activity=com.cpen321group.accountability.mainscreen.chat.ReviewActivity@5b739ca
2022-08-03 12:56:45.318 5143-5143/com.cpen321group.accountability D/LifecycleMonitor: Lifecycle status change: androidx.fragment.app.testing.FragmentScenario$EmptyFragmentActivity@78758d7 in: DESTROYED
2022-08-03 12:56:45.318 5143-5143/com.cpen321group.accountability V/ActivityScenario: Activity lifecycle changed event received but ignored because the intent does not match. startActivityIntent=Intent { act=android.intent.action.MAIN cat=[android.intent.category.LAUNCHER] cmp=com.cpen321group.accountability/androidx.fragment.app.testing.FragmentScenario$EmptyFragmentActivity (has extras) }, activity.getIntent()=Intent { act=android.intent.action.MAIN flg=0x10000000 cmp=com.cpen321group.accountability/androidx.fragment.app.testing.FragmentScenario$EmptyFragmentActivity }, activity=androidx.fragment.app.testing.FragmentScenario$EmptyFragmentActivity@78758d7
2022-08-03 12:56:45.323 5143-5143/com.cpen321group.accountability D/LifecycleMonitor: Lifecycle status change: androidx.test.core.app.InstrumentationActivityInvoker$BootstrapActivity@65bc0d5 in: DESTROYED
2022-08-03 12:56:45.323 5143-5143/com.cpen321group.accountability V/ActivityScenario: Activity lifecycle changed event received but ignored because the intent does not match. startActivityIntent=Intent { act=android.intent.action.MAIN cat=[android.intent.category.LAUNCHER] cmp=com.cpen321group.accountability/androidx.fragment.app.testing.FragmentScenario$EmptyFragmentActivity (has extras) }, activity.getIntent()=Intent { act=android.intent.action.MAIN cat=[android.intent.category.LAUNCHER] flg=0x10008000 cmp=com.cpen321group.accountability/androidx.test.core.app.InstrumentationActivityInvoker$BootstrapActivity (has extras) }, activity=androidx.test.core.app.InstrumentationActivityInvoker$BootstrapActivity@65bc0d5
2022-08-03 12:56:45.411 5143-5195/com.cpen321group.accountability I/MonitoringInstr: Unstopped activity count: 1
2022-08-03 12:56:45.462 5143-5195/com.cpen321group.accountability I/MonitoringInstr: Unstopped activity count: 1
2022-08-03 12:56:45.473 5143-5201/com.cpen321group.accountability D/EGL_emulation: eglMakeCurrent: 0xe421aba0: ver 2 0 (tinfo 0xe420f920)
2022-08-03 12:56:45.489 5143-5143/com.cpen321group.accountability D/LifecycleMonitor: Lifecycle status change: com.cpen321group.accountability.mainscreen.chat.ReviewActivity@5b739ca in: STOPPED
2022-08-03 12:56:45.489 5143-5143/com.cpen321group.accountability V/ActivityScenario: Activity lifecycle changed event received but ignored because the intent does not match. startActivityIntent=Intent { act=android.intent.action.MAIN cat=[android.intent.category.LAUNCHER] cmp=com.cpen321group.accountability/androidx.fragment.app.testing.FragmentScenario$EmptyFragmentActivity (has extras) }, activity.getIntent()=Intent { cmp=com.cpen321group.accountability/.mainscreen.chat.ReviewActivity }, activity=com.cpen321group.accountability.mainscreen.chat.ReviewActivity@5b739ca
2022-08-03 12:56:45.490 5143-5143/com.cpen321group.accountability D/LifecycleMonitor: Lifecycle status change: com.cpen321group.accountability.mainscreen.chat.ReviewActivity@5b739ca in: DESTROYED
2022-08-03 12:56:45.490 5143-5143/com.cpen321group.accountability V/ActivityScenario: Activity lifecycle changed event received but ignored because the intent does not match. startActivityIntent=Intent { act=android.intent.action.MAIN cat=[android.intent.category.LAUNCHER] cmp=com.cpen321group.accountability/androidx.fragment.app.testing.FragmentScenario$EmptyFragmentActivity (has extras) }, activity.getIntent()=Intent { cmp=com.cpen321group.accountability/.mainscreen.chat.ReviewActivity }, activity=com.cpen321group.accountability.mainscreen.chat.ReviewActivity@5b739ca
2022-08-03 12:56:45.514 5143-5195/com.cpen321group.accountability I/TestRunner: started: _g_noReviewTest(com.cpen321group.accountability.FindAccountantTest)
2022-08-03 12:56:45.515 5143-5195/com.cpen321group.accountability W/ActivityTestRule: getActivityIntent() returned null using default: Intent(Intent.ACTION_MAIN)
2022-08-03 12:56:45.529 5143-5143/com.cpen321group.accountability W/ActivityThread: handleWindowVisibility: no activity for token android.os.BinderProxy@62ddd80
2022-08-03 12:56:45.540 5143-5143/com.cpen321group.accountability D/LifecycleMonitor: Lifecycle status change: androidx.fragment.app.testing.FragmentScenario$EmptyFragmentActivity@479dc98 in: PRE_ON_CREATE
2022-08-03 12:56:45.540 5143-5143/com.cpen321group.accountability V/ActivityScenario: Activity lifecycle changed event received but ignored because the intent does not match. startActivityIntent=Intent { act=android.intent.action.MAIN cat=[android.intent.category.LAUNCHER] cmp=com.cpen321group.accountability/androidx.fragment.app.testing.FragmentScenario$EmptyFragmentActivity (has extras) }, activity.getIntent()=Intent { act=android.intent.action.MAIN flg=0x10000000 cmp=com.cpen321group.accountability/androidx.fragment.app.testing.FragmentScenario$EmptyFragmentActivity }, activity=androidx.fragment.app.testing.FragmentScenario$EmptyFragmentActivity@479dc98
2022-08-03 12:56:45.555 5143-5143/com.cpen321group.accountability D/LifecycleMonitor: Lifecycle status change: androidx.fragment.app.testing.FragmentScenario$EmptyFragmentActivity@479dc98 in: CREATED
2022-08-03 12:56:45.555 5143-5143/com.cpen321group.accountability V/ActivityScenario: Activity lifecycle changed event received but ignored because the intent does not match. startActivityIntent=Intent { act=android.intent.action.MAIN cat=[android.intent.category.LAUNCHER] cmp=com.cpen321group.accountability/androidx.fragment.app.testing.FragmentScenario$EmptyFragmentActivity (has extras) }, activity.getIntent()=Intent { act=android.intent.action.MAIN flg=0x10000000 cmp=com.cpen321group.accountability/androidx.fragment.app.testing.FragmentScenario$EmptyFragmentActivity }, activity=androidx.fragment.app.testing.FragmentScenario$EmptyFragmentActivity@479dc98
2022-08-03 12:56:45.557 5143-5143/com.cpen321group.accountability D/LifecycleMonitor: Lifecycle status change: androidx.fragment.app.testing.FragmentScenario$EmptyFragmentActivity@479dc98 in: STARTED
2022-08-03 12:56:45.557 5143-5143/com.cpen321group.accountability V/ActivityScenario: Activity lifecycle changed event received but ignored because the intent does not match. startActivityIntent=Intent { act=android.intent.action.MAIN cat=[android.intent.category.LAUNCHER] cmp=com.cpen321group.accountability/androidx.fragment.app.testing.FragmentScenario$EmptyFragmentActivity (has extras) }, activity.getIntent()=Intent { act=android.intent.action.MAIN flg=0x10000000 cmp=com.cpen321group.accountability/androidx.fragment.app.testing.FragmentScenario$EmptyFragmentActivity }, activity=androidx.fragment.app.testing.FragmentScenario$EmptyFragmentActivity@479dc98
2022-08-03 12:56:45.559 5143-5143/com.cpen321group.accountability D/LifecycleMonitor: Lifecycle status change: androidx.fragment.app.testing.FragmentScenario$EmptyFragmentActivity@479dc98 in: RESUMED
2022-08-03 12:56:45.559 5143-5143/com.cpen321group.accountability V/ActivityScenario: Activity lifecycle changed event received but ignored because the intent does not match. startActivityIntent=Intent { act=android.intent.action.MAIN cat=[android.intent.category.LAUNCHER] cmp=com.cpen321group.accountability/androidx.fragment.app.testing.FragmentScenario$EmptyFragmentActivity (has extras) }, activity.getIntent()=Intent { act=android.intent.action.MAIN flg=0x10000000 cmp=com.cpen321group.accountability/androidx.fragment.app.testing.FragmentScenario$EmptyFragmentActivity }, activity=androidx.fragment.app.testing.FragmentScenario$EmptyFragmentActivity@479dc98
2022-08-03 12:56:45.589 5143-5201/com.cpen321group.accountability D/EGL_emulation: eglMakeCurrent: 0xe421aba0: ver 2 0 (tinfo 0xe420f920)
2022-08-03 12:56:45.650 5143-5195/com.cpen321group.accountability W/Settings: Setting always_finish_activities has moved from android.provider.Settings.System to android.provider.Settings.Global, returning read-only value.
2022-08-03 12:56:45.673 5143-5143/com.cpen321group.accountability D/LifecycleMonitor: Lifecycle status change: androidx.fragment.app.testing.FragmentScenario$EmptyFragmentActivity@479dc98 in: PAUSED
2022-08-03 12:56:45.674 5143-5143/com.cpen321group.accountability V/ActivityScenario: Activity lifecycle changed event received but ignored because the intent does not match. startActivityIntent=Intent { act=android.intent.action.MAIN cat=[android.intent.category.LAUNCHER] cmp=com.cpen321group.accountability/androidx.fragment.app.testing.FragmentScenario$EmptyFragmentActivity (has extras) }, activity.getIntent()=Intent { act=android.intent.action.MAIN flg=0x10000000 cmp=com.cpen321group.accountability/androidx.fragment.app.testing.FragmentScenario$EmptyFragmentActivity }, activity=androidx.fragment.app.testing.FragmentScenario$EmptyFragmentActivity@479dc98
2022-08-03 12:56:45.674 5143-5143/com.cpen321group.accountability V/ActivityScenario: Activity lifecycle changed event received but ignored because the intent does not match. startActivityIntent=Intent { act=android.intent.action.MAIN cat=[android.intent.category.LAUNCHER] cmp=com.cpen321group.accountability/androidx.fragment.app.testing.FragmentScenario$EmptyFragmentActivity (has extras) }, activity.getIntent()=Intent { act=android.intent.action.MAIN flg=0x10000000 cmp=com.cpen321group.accountability/androidx.fragment.app.testing.FragmentScenario$EmptyFragmentActivity }, activity=androidx.fragment.app.testing.FragmentScenario$EmptyFragmentActivity@479dc98
2022-08-03 12:56:45.678 5143-5143/com.cpen321group.accountability W/ActivityThread: handleWindowVisibility: no activity for token android.os.BinderProxy@6eba236
2022-08-03 12:56:45.697 5143-5143/com.cpen321group.accountability D/LifecycleMonitor: Lifecycle status change: androidx.test.core.app.InstrumentationActivityInvoker$BootstrapActivity@984b537 in: PRE_ON_CREATE
2022-08-03 12:56:45.698 5143-5143/com.cpen321group.accountability V/ActivityScenario: Activity lifecycle changed event received but ignored because the intent does not match. startActivityIntent=Intent { act=android.intent.action.MAIN cat=[android.intent.category.LAUNCHER] cmp=com.cpen321group.accountability/androidx.fragment.app.testing.FragmentScenario$EmptyFragmentActivity (has extras) }, activity.getIntent()=Intent { act=android.intent.action.MAIN cat=[android.intent.category.LAUNCHER] flg=0x10008000 cmp=com.cpen321group.accountability/androidx.test.core.app.InstrumentationActivityInvoker$BootstrapActivity (has extras) }, activity=androidx.test.core.app.InstrumentationActivityInvoker$BootstrapActivity@984b537
2022-08-03 12:56:45.698 5143-5143/com.cpen321group.accountability V/ActivityScenario: Activity lifecycle changed event received but ignored because the intent does not match. startActivityIntent=Intent { act=android.intent.action.MAIN cat=[android.intent.category.LAUNCHER] cmp=com.cpen321group.accountability/androidx.fragment.app.testing.FragmentScenario$EmptyFragmentActivity (has extras) }, activity.getIntent()=Intent { act=android.intent.action.MAIN cat=[android.intent.category.LAUNCHER] flg=0x10008000 cmp=com.cpen321group.accountability/androidx.test.core.app.InstrumentationActivityInvoker$BootstrapActivity (has extras) }, activity=androidx.test.core.app.InstrumentationActivityInvoker$BootstrapActivity@984b537
2022-08-03 12:56:45.702 5143-5143/com.cpen321group.accountability D/LifecycleMonitor: Lifecycle status change: androidx.test.core.app.InstrumentationActivityInvoker$BootstrapActivity@984b537 in: CREATED
2022-08-03 12:56:45.702 5143-5143/com.cpen321group.accountability V/ActivityScenario: Activity lifecycle changed event received but ignored because the intent does not match. startActivityIntent=Intent { act=android.intent.action.MAIN cat=[android.intent.category.LAUNCHER] cmp=com.cpen321group.accountability/androidx.fragment.app.testing.FragmentScenario$EmptyFragmentActivity (has extras) }, activity.getIntent()=Intent { act=android.intent.action.MAIN cat=[android.intent.category.LAUNCHER] flg=0x10008000 cmp=com.cpen321group.accountability/androidx.test.core.app.InstrumentationActivityInvoker$BootstrapActivity (has extras) }, activity=androidx.test.core.app.InstrumentationActivityInvoker$BootstrapActivity@984b537
2022-08-03 12:56:45.702 5143-5143/com.cpen321group.accountability V/ActivityScenario: Activity lifecycle changed event received but ignored because the intent does not match. startActivityIntent=Intent { act=android.intent.action.MAIN cat=[android.intent.category.LAUNCHER] cmp=com.cpen321group.accountability/androidx.fragment.app.testing.FragmentScenario$EmptyFragmentActivity (has extras) }, activity.getIntent()=Intent { act=android.intent.action.MAIN cat=[android.intent.category.LAUNCHER] flg=0x10008000 cmp=com.cpen321group.accountability/androidx.test.core.app.InstrumentationActivityInvoker$BootstrapActivity (has extras) }, activity=androidx.test.core.app.InstrumentationActivityInvoker$BootstrapActivity@984b537
2022-08-03 12:56:45.704 5143-5143/com.cpen321group.accountability D/LifecycleMonitor: Lifecycle status change: androidx.test.core.app.InstrumentationActivityInvoker$BootstrapActivity@984b537 in: STARTED
2022-08-03 12:56:45.704 5143-5143/com.cpen321group.accountability V/ActivityScenario: Activity lifecycle changed event received but ignored because the intent does not match. startActivityIntent=Intent { act=android.intent.action.MAIN cat=[android.intent.category.LAUNCHER] cmp=com.cpen321group.accountability/androidx.fragment.app.testing.FragmentScenario$EmptyFragmentActivity (has extras) }, activity.getIntent()=Intent { act=android.intent.action.MAIN cat=[android.intent.category.LAUNCHER] flg=0x10008000 cmp=com.cpen321group.accountability/androidx.test.core.app.InstrumentationActivityInvoker$BootstrapActivity (has extras) }, activity=androidx.test.core.app.InstrumentationActivityInvoker$BootstrapActivity@984b537
2022-08-03 12:56:45.704 5143-5143/com.cpen321group.accountability V/ActivityScenario: Activity lifecycle changed event received but ignored because the intent does not match. startActivityIntent=Intent { act=android.intent.action.MAIN cat=[android.intent.category.LAUNCHER] cmp=com.cpen321group.accountability/androidx.fragment.app.testing.FragmentScenario$EmptyFragmentActivity (has extras) }, activity.getIntent()=Intent { act=android.intent.action.MAIN cat=[android.intent.category.LAUNCHER] flg=0x10008000 cmp=com.cpen321group.accountability/androidx.test.core.app.InstrumentationActivityInvoker$BootstrapActivity (has extras) }, activity=androidx.test.core.app.InstrumentationActivityInvoker$BootstrapActivity@984b537
2022-08-03 12:56:45.709 5143-5143/com.cpen321group.accountability D/LifecycleMonitor: Lifecycle status change: androidx.test.core.app.InstrumentationActivityInvoker$BootstrapActivity@984b537 in: RESUMED
