2022-08-03 11:07:11.360 27948-27948/com.cpen321group.accountability V/ActivityScenario: Update currentActivityStage to STARTED, currentActivity=androidx.fragment.app.testing.FragmentScenario$EmptyFragmentActivity@cacb149
2022-08-03 11:07:11.361 27948-27948/com.cpen321group.accountability D/LifecycleMonitor: Lifecycle status change: androidx.fragment.app.testing.FragmentScenario$EmptyFragmentActivity@cacb149 in: RESUMED
2022-08-03 11:07:11.361 27948-27948/com.cpen321group.accountability V/ActivityScenario: Update currentActivityStage to RESUMED, currentActivity=androidx.fragment.app.testing.FragmentScenario$EmptyFragmentActivity@cacb149
2022-08-03 11:07:11.361 27948-27948/com.cpen321group.accountability V/ActivityScenario: Update currentActivityStage to RESUMED, currentActivity=androidx.fragment.app.testing.FragmentScenario$EmptyFragmentActivity@cacb149
2022-08-03 11:07:11.384 27948-27997/com.cpen321group.accountability D/EGL_emulation: eglMakeCurrent: 0xe421ae40: ver 2 0 (tinfo 0xe420f9f0)
2022-08-03 11:07:11.447 27948-27948/com.cpen321group.accountability D/LifecycleMonitor: Lifecycle status change: androidx.test.core.app.InstrumentationActivityInvoker$BootstrapActivity@38ae523 in: STOPPED
2022-08-03 11:07:11.448 27948-27948/com.cpen321group.accountability V/ActivityScenario: Activity lifecycle changed event received but ignored because the intent does not match. startActivityIntent=Intent { act=android.intent.action.MAIN cat=[android.intent.category.LAUNCHER] cmp=com.cpen321group.accountability/androidx.fragment.app.testing.FragmentScenario$EmptyFragmentActivity (has extras) }, activity.getIntent()=Intent { act=android.intent.action.MAIN cat=[android.intent.category.LAUNCHER] flg=0x10008000 cmp=com.cpen321group.accountability/androidx.test.core.app.InstrumentationActivityInvoker$BootstrapActivity (has extras) }, activity=androidx.test.core.app.InstrumentationActivityInvoker$BootstrapActivity@38ae523
2022-08-03 11:07:11.448 27948-27948/com.cpen321group.accountability V/ActivityScenario: Activity lifecycle changed event received but ignored because the intent does not match. startActivityIntent=Intent { act=android.intent.action.MAIN cat=[android.intent.category.LAUNCHER] cmp=com.cpen321group.accountability/androidx.fragment.app.testing.FragmentScenario$EmptyFragmentActivity (has extras) }, activity.getIntent()=Intent { act=android.intent.action.MAIN cat=[android.intent.category.LAUNCHER] flg=0x10008000 cmp=com.cpen321group.accountability/androidx.test.core.app.InstrumentationActivityInvoker$BootstrapActivity (has extras) }, activity=androidx.test.core.app.InstrumentationActivityInvoker$BootstrapActivity@38ae523
2022-08-03 11:07:11.449 27948-27948/com.cpen321group.accountability D/LifecycleMonitor: Lifecycle status change: androidx.fragment.app.testing.FragmentScenario$EmptyFragmentActivity@cec4ef2 in: STOPPED
2022-08-03 11:07:11.449 27948-27948/com.cpen321group.accountability V/ActivityScenario: Activity lifecycle changed event received but ignored because the intent does not match. startActivityIntent=Intent { act=android.intent.action.MAIN cat=[android.intent.category.LAUNCHER] cmp=com.cpen321group.accountability/androidx.fragment.app.testing.FragmentScenario$EmptyFragmentActivity (has extras) }, activity.getIntent()=Intent { act=android.intent.action.MAIN flg=0x10000000 cmp=com.cpen321group.accountability/androidx.fragment.app.testing.FragmentScenario$EmptyFragmentActivity }, activity=androidx.fragment.app.testing.FragmentScenario$EmptyFragmentActivity@cec4ef2
2022-08-03 11:07:11.449 27948-27948/com.cpen321group.accountability V/ActivityScenario: Activity lifecycle changed event received but ignored because the intent does not match. startActivityIntent=Intent { act=android.intent.action.MAIN cat=[android.intent.category.LAUNCHER] cmp=com.cpen321group.accountability/androidx.fragment.app.testing.FragmentScenario$EmptyFragmentActivity (has extras) }, activity.getIntent()=Intent { act=android.intent.action.MAIN flg=0x10000000 cmp=com.cpen321group.accountability/androidx.fragment.app.testing.FragmentScenario$EmptyFragmentActivity }, activity=androidx.fragment.app.testing.FragmentScenario$EmptyFragmentActivity@cec4ef2
2022-08-03 11:07:11.669 27948-27948/com.cpen321group.accountability D/getAccountant: "455937552go"
2022-08-03 11:07:11.669 27948-27948/com.cpen321group.accountability D/getAccountant: "David"
2022-08-03 11:07:11.669 27948-27948/com.cpen321group.accountability D/getAccountant: "111791232409232840405go"
2022-08-03 11:07:11.670 27948-27948/com.cpen321group.accountability D/getAccountant: "Wilson"
2022-08-03 11:07:11.670 27948-27948/com.cpen321group.accountability D/getAccountant: "12345678007fb"
2022-08-03 11:07:11.670 27948-27948/com.cpen321group.accountability D/getAccountant: "Harry"
2022-08-03 11:07:11.670 27948-27948/com.cpen321group.accountability D/getAccountant: "972516927478726fb"
2022-08-03 11:07:11.670 27948-27948/com.cpen321group.accountability D/getAccountant: "Vicky"
2022-08-03 11:07:12.468 27948-27991/com.cpen321group.accountability W/Settings: Setting always_finish_activities has moved from android.provider.Settings.System to android.provider.Settings.Global, returning read-only value.
2022-08-03 11:07:12.475 27948-27948/com.cpen321group.accountability D/LifecycleMonitor: Lifecycle status change: androidx.fragment.app.testing.FragmentScenario$EmptyFragmentActivity@cacb149 in: PAUSED
2022-08-03 11:07:12.475 27948-27948/com.cpen321group.accountability V/ActivityScenario: Update currentActivityStage to PAUSED, currentActivity=androidx.fragment.app.testing.FragmentScenario$EmptyFragmentActivity@cacb149
2022-08-03 11:07:12.475 27948-27948/com.cpen321group.accountability V/ActivityScenario: Update currentActivityStage to PAUSED, currentActivity=androidx.fragment.app.testing.FragmentScenario$EmptyFragmentActivity@cacb149
2022-08-03 11:07:12.475 27948-27948/com.cpen321group.accountability V/ActivityScenario: Activity lifecycle changed event received but ignored because the reported transition was not ON_CREATE while the last known transition was PRE_ON_CREATE
2022-08-03 11:07:12.478 27948-27948/com.cpen321group.accountability D/LifecycleMonitor: Lifecycle status change: androidx.test.core.app.InstrumentationActivityInvoker$BootstrapActivity@38ae523 in: DESTROYED
2022-08-03 11:07:12.478 27948-27948/com.cpen321group.accountability V/ActivityScenario: Activity lifecycle changed event received but ignored because the intent does not match. startActivityIntent=Intent { act=android.intent.action.MAIN cat=[android.intent.category.LAUNCHER] cmp=com.cpen321group.accountability/androidx.fragment.app.testing.FragmentScenario$EmptyFragmentActivity (has extras) }, activity.getIntent()=Intent { act=android.intent.action.MAIN cat=[android.intent.category.LAUNCHER] flg=0x10008000 cmp=com.cpen321group.accountability/androidx.test.core.app.InstrumentationActivityInvoker$BootstrapActivity (has extras) }, activity=androidx.test.core.app.InstrumentationActivityInvoker$BootstrapActivity@38ae523
2022-08-03 11:07:12.478 27948-27948/com.cpen321group.accountability I/chatty: uid=10136(com.cpen321group.accountability) identical 1 line
2022-08-03 11:07:12.478 27948-27948/com.cpen321group.accountability V/ActivityScenario: Activity lifecycle changed event received but ignored because the intent does not match. startActivityIntent=Intent { act=android.intent.action.MAIN cat=[android.intent.category.LAUNCHER] cmp=com.cpen321group.accountability/androidx.fragment.app.testing.FragmentScenario$EmptyFragmentActivity (has extras) }, activity.getIntent()=Intent { act=android.intent.action.MAIN cat=[android.intent.category.LAUNCHER] flg=0x10008000 cmp=com.cpen321group.accountability/androidx.test.core.app.InstrumentationActivityInvoker$BootstrapActivity (has extras) }, activity=androidx.test.core.app.InstrumentationActivityInvoker$BootstrapActivity@38ae523
2022-08-03 11:07:12.480 27948-27948/com.cpen321group.accountability D/LifecycleMonitor: Lifecycle status change: androidx.fragment.app.testing.FragmentScenario$EmptyFragmentActivity@cec4ef2 in: RESTARTED
2022-08-03 11:07:12.480 27948-27948/com.cpen321group.accountability V/ActivityScenario: Activity lifecycle changed event received but ignored because the intent does not match. startActivityIntent=Intent { act=android.intent.action.MAIN cat=[android.intent.category.LAUNCHER] cmp=com.cpen321group.accountability/androidx.fragment.app.testing.FragmentScenario$EmptyFragmentActivity (has extras) }, activity.getIntent()=Intent { act=android.intent.action.MAIN flg=0x10000000 cmp=com.cpen321group.accountability/androidx.fragment.app.testing.FragmentScenario$EmptyFragmentActivity }, activity=androidx.fragment.app.testing.FragmentScenario$EmptyFragmentActivity@cec4ef2
2022-08-03 11:07:12.480 27948-27948/com.cpen321group.accountability I/chatty: uid=10136(com.cpen321group.accountability) identical 1 line
2022-08-03 11:07:12.480 27948-27948/com.cpen321group.accountability V/ActivityScenario: Activity lifecycle changed event received but ignored because the intent does not match. startActivityIntent=Intent { act=android.intent.action.MAIN cat=[android.intent.category.LAUNCHER] cmp=com.cpen321group.accountability/androidx.fragment.app.testing.FragmentScenario$EmptyFragmentActivity (has extras) }, activity.getIntent()=Intent { act=android.intent.action.MAIN flg=0x10000000 cmp=com.cpen321group.accountability/androidx.fragment.app.testing.FragmentScenario$EmptyFragmentActivity }, activity=androidx.fragment.app.testing.FragmentScenario$EmptyFragmentActivity@cec4ef2
2022-08-03 11:07:12.482 27948-27948/com.cpen321group.accountability D/LifecycleMonitor: Lifecycle status change: androidx.fragment.app.testing.FragmentScenario$EmptyFragmentActivity@cec4ef2 in: STARTED
2022-08-03 11:07:12.482 27948-27948/com.cpen321group.accountability V/ActivityScenario: Activity lifecycle changed event received but ignored because the intent does not match. startActivityIntent=Intent { act=android.intent.action.MAIN cat=[android.intent.category.LAUNCHER] cmp=com.cpen321group.accountability/androidx.fragment.app.testing.FragmentScenario$EmptyFragmentActivity (has extras) }, activity.getIntent()=Intent { act=android.intent.action.MAIN flg=0x10000000 cmp=com.cpen321group.accountability/androidx.fragment.app.testing.FragmentScenario$EmptyFragmentActivity }, activity=androidx.fragment.app.testing.FragmentScenario$EmptyFragmentActivity@cec4ef2
2022-08-03 11:07:12.482 27948-27948/com.cpen321group.accountability I/chatty: uid=10136(com.cpen321group.accountability) identical 1 line
2022-08-03 11:07:12.483 27948-27948/com.cpen321group.accountability V/ActivityScenario: Activity lifecycle changed event received but ignored because the intent does not match. startActivityIntent=Intent { act=android.intent.action.MAIN cat=[android.intent.category.LAUNCHER] cmp=com.cpen321group.accountability/androidx.fragment.app.testing.FragmentScenario$EmptyFragmentActivity (has extras) }, activity.getIntent()=Intent { act=android.intent.action.MAIN flg=0x10000000 cmp=com.cpen321group.accountability/androidx.fragment.app.testing.FragmentScenario$EmptyFragmentActivity }, activity=androidx.fragment.app.testing.FragmentScenario$EmptyFragmentActivity@cec4ef2
2022-08-03 11:07:12.483 27948-27948/com.cpen321group.accountability D/LifecycleMonitor: Lifecycle status change: androidx.fragment.app.testing.FragmentScenario$EmptyFragmentActivity@cec4ef2 in: RESUMED
2022-08-03 11:07:12.483 27948-27948/com.cpen321group.accountability V/ActivityScenario: Activity lifecycle changed event received but ignored because the intent does not match. startActivityIntent=Intent { act=android.intent.action.MAIN cat=[android.intent.category.LAUNCHER] cmp=com.cpen321group.accountability/androidx.fragment.app.testing.FragmentScenario$EmptyFragmentActivity (has extras) }, activity.getIntent()=Intent { act=android.intent.action.MAIN flg=0x10000000 cmp=com.cpen321group.accountability/androidx.fragment.app.testing.FragmentScenario$EmptyFragmentActivity }, activity=androidx.fragment.app.testing.FragmentScenario$EmptyFragmentActivity@cec4ef2
2022-08-03 11:07:12.483 27948-27948/com.cpen321group.accountability I/chatty: uid=10136(com.cpen321group.accountability) identical 1 line
2022-08-03 11:07:12.483 27948-27948/com.cpen321group.accountability V/ActivityScenario: Activity lifecycle changed event received but ignored because the intent does not match. startActivityIntent=Intent { act=android.intent.action.MAIN cat=[android.intent.category.LAUNCHER] cmp=com.cpen321group.accountability/androidx.fragment.app.testing.FragmentScenario$EmptyFragmentActivity (has extras) }, activity.getIntent()=Intent { act=android.intent.action.MAIN flg=0x10000000 cmp=com.cpen321group.accountability/androidx.fragment.app.testing.FragmentScenario$EmptyFragmentActivity }, activity=androidx.fragment.app.testing.FragmentScenario$EmptyFragmentActivity@cec4ef2
2022-08-03 11:07:12.505 27948-27997/com.cpen321group.accountability D/EGL_emulation: eglMakeCurrent: 0xe421ae40: ver 2 0 (tinfo 0xe420f9f0)
2022-08-03 11:07:12.508 27948-27948/com.cpen321group.accountability D/LifecycleMonitor: Lifecycle status change: androidx.fragment.app.testing.FragmentScenario$EmptyFragmentActivity@cec4ef2 in: PAUSED
2022-08-03 11:07:12.508 27948-27948/com.cpen321group.accountability V/ActivityScenario: Activity lifecycle changed event received but ignored because the intent does not match. startActivityIntent=Intent { act=android.intent.action.MAIN cat=[android.intent.category.LAUNCHER] cmp=com.cpen321group.accountability/androidx.fragment.app.testing.FragmentScenario$EmptyFragmentActivity (has extras) }, activity.getIntent()=Intent { act=android.intent.action.MAIN flg=0x10000000 cmp=com.cpen321group.accountability/androidx.fragment.app.testing.FragmentScenario$EmptyFragmentActivity }, activity=androidx.fragment.app.testing.FragmentScenario$EmptyFragmentActivity@cec4ef2
2022-08-03 11:07:12.508 27948-27948/com.cpen321group.accountability I/chatty: uid=10136(com.cpen321group.accountability) identical 1 line
2022-08-03 11:07:12.509 27948-27948/com.cpen321group.accountability V/ActivityScenario: Activity lifecycle changed event received but ignored because the intent does not match. startActivityIntent=Intent { act=android.intent.action.MAIN cat=[android.intent.category.LAUNCHER] cmp=com.cpen321group.accountability/androidx.fragment.app.testing.FragmentScenario$EmptyFragmentActivity (has extras) }, activity.getIntent()=Intent { act=android.intent.action.MAIN flg=0x10000000 cmp=com.cpen321group.accountability/androidx.fragment.app.testing.FragmentScenario$EmptyFragmentActivity }, activity=androidx.fragment.app.testing.FragmentScenario$EmptyFragmentActivity@cec4ef2
2022-08-03 11:07:12.531 27948-27948/com.cpen321group.accountability W/ActivityThread: handleWindowVisibility: no activity for token android.os.BinderProxy@c82c32a
2022-08-03 11:07:12.540 27948-27948/com.cpen321group.accountability D/LifecycleMonitor: Lifecycle status change: androidx.test.core.app.InstrumentationActivityInvoker$BootstrapActivity@7a0151b in: PRE_ON_CREATE
2022-08-03 11:07:12.540 27948-27948/com.cpen321group.accountability V/ActivityScenario: Activity lifecycle changed event received but ignored because the intent does not match. startActivityIntent=Intent { act=android.intent.action.MAIN cat=[android.intent.category.LAUNCHER] cmp=com.cpen321group.accountability/androidx.fragment.app.testing.FragmentScenario$EmptyFragmentActivity (has extras) }, activity.getIntent()=Intent { act=android.intent.action.MAIN cat=[android.intent.category.LAUNCHER] flg=0x10008000 cmp=com.cpen321group.accountability/androidx.test.core.app.InstrumentationActivityInvoker$BootstrapActivity (has extras) }, activity=androidx.test.core.app.InstrumentationActivityInvoker$BootstrapActivity@7a0151b
2022-08-03 11:07:12.540 27948-27948/com.cpen321group.accountability I/chatty: uid=10136(com.cpen321group.accountability) identical 1 line
2022-08-03 11:07:12.540 27948-27948/com.cpen321group.accountability V/ActivityScenario: Activity lifecycle changed event received but ignored because the intent does not match. startActivityIntent=Intent { act=android.intent.action.MAIN cat=[android.intent.category.LAUNCHER] cmp=com.cpen321group.accountability/androidx.fragment.app.testing.FragmentScenario$EmptyFragmentActivity (has extras) }, activity.getIntent()=Intent { act=android.intent.action.MAIN cat=[android.intent.category.LAUNCHER] flg=0x10008000 cmp=com.cpen321group.accountability/androidx.test.core.app.InstrumentationActivityInvoker$BootstrapActivity (has extras) }, activity=androidx.test.core.app.InstrumentationActivityInvoker$BootstrapActivity@7a0151b
2022-08-03 11:07:12.544 27948-27948/com.cpen321group.accountability D/LifecycleMonitor: Lifecycle status change: androidx.test.core.app.InstrumentationActivityInvoker$BootstrapActivity@7a0151b in: CREATED
2022-08-03 11:07:12.545 27948-27948/com.cpen321group.accountability V/ActivityScenario: Activity lifecycle changed event received but ignored because the intent does not match. startActivityIntent=Intent { act=android.intent.action.MAIN cat=[android.intent.category.LAUNCHER] cmp=com.cpen321group.accountability/androidx.fragment.app.testing.FragmentScenario$EmptyFragmentActivity (has extras) }, activity.getIntent()=Intent { act=android.intent.action.MAIN cat=[android.intent.category.LAUNCHER] flg=0x10008000 cmp=com.cpen321group.accountability/androidx.test.core.app.InstrumentationActivityInvoker$BootstrapActivity (has extras) }, activity=androidx.test.core.app.InstrumentationActivityInvoker$BootstrapActivity@7a0151b
2022-08-03 11:07:12.545 27948-27948/com.cpen321group.accountability V/ActivityScenario: Activity lifecycle changed event received but ignored because the intent does not match. startActivityIntent=Intent { act=android.intent.action.MAIN cat=[android.intent.category.LAUNCHER] cmp=com.cpen321group.accountability/androidx.fragment.app.testing.FragmentScenario$EmptyFragmentActivity (has extras) }, activity.getIntent()=Intent { act=android.intent.action.MAIN cat=[android.intent.category.LAUNCHER] flg=0x10008000 cmp=com.cpen321group.accountability/androidx.test.core.app.InstrumentationActivityInvoker$BootstrapActivity (has extras) }, activity=androidx.test.core.app.InstrumentationActivityInvoker$BootstrapActivity@7a0151b
2022-08-03 11:07:12.550 27948-27948/com.cpen321group.accountability V/ActivityScenario: Activity lifecycle changed event received but ignored because the intent does not match. startActivityIntent=Intent { act=android.intent.action.MAIN cat=[android.intent.category.LAUNCHER] cmp=com.cpen321group.accountability/androidx.fragment.app.testing.FragmentScenario$EmptyFragmentActivity (has extras) }, activity.getIntent()=Intent { act=android.intent.action.MAIN cat=[android.intent.category.LAUNCHER] flg=0x10008000 cmp=com.cpen321group.accountability/androidx.test.core.app.InstrumentationActivityInvoker$BootstrapActivity (has extras) }, activity=androidx.test.core.app.InstrumentationActivityInvoker$BootstrapActivity@7a0151b
2022-08-03 11:07:12.552 27948-27948/com.cpen321group.accountability D/LifecycleMonitor: Lifecycle status change: androidx.test.core.app.InstrumentationActivityInvoker$BootstrapActivity@7a0151b in: STARTED
2022-08-03 11:07:12.552 27948-27948/com.cpen321group.accountability V/ActivityScenario: Activity lifecycle changed event received but ignored because the intent does not match. startActivityIntent=Intent { act=android.intent.action.MAIN cat=[android.intent.category.LAUNCHER] cmp=com.cpen321group.accountability/androidx.fragment.app.testing.FragmentScenario$EmptyFragmentActivity (has extras) }, activity.getIntent()=Intent { act=android.intent.action.MAIN cat=[android.intent.category.LAUNCHER] flg=0x10008000 cmp=com.cpen321group.accountability/androidx.test.core.app.InstrumentationActivityInvoker$BootstrapActivity (has extras) }, activity=androidx.test.core.app.InstrumentationActivityInvoker$BootstrapActivity@7a0151b
2022-08-03 11:07:12.552 27948-27948/com.cpen321group.accountability I/chatty: uid=10136(com.cpen321group.accountability) identical 1 line
2022-08-03 11:07:12.552 27948-27948/com.cpen321group.accountability V/ActivityScenario: Activity lifecycle changed event received but ignored because the intent does not match. startActivityIntent=Intent { act=android.intent.action.MAIN cat=[android.intent.category.LAUNCHER] cmp=com.cpen321group.accountability/androidx.fragment.app.testing.FragmentScenario$EmptyFragmentActivity (has extras) }, activity.getIntent()=Intent { act=android.intent.action.MAIN cat=[android.intent.category.LAUNCHER] flg=0x10008000 cmp=com.cpen321group.accountability/androidx.test.core.app.InstrumentationActivityInvoker$BootstrapActivity (has extras) }, activity=androidx.test.core.app.InstrumentationActivityInvoker$BootstrapActivity@7a0151b
2022-08-03 11:07:12.556 27948-27948/com.cpen321group.accountability D/LifecycleMonitor: Lifecycle status change: androidx.test.core.app.InstrumentationActivityInvoker$BootstrapActivity@7a0151b in: RESUMED
2022-08-03 11:07:12.556 27948-27948/com.cpen321group.accountability V/ActivityScenario: Activity lifecycle changed event received but ignored because the intent does not match. startActivityIntent=Intent { act=android.intent.action.MAIN cat=[android.intent.category.LAUNCHER] cmp=com.cpen321group.accountability/androidx.fragment.app.testing.FragmentScenario$EmptyFragmentActivity (has extras) }, activity.getIntent()=Intent { act=android.intent.action.MAIN cat=[android.intent.category.LAUNCHER] flg=0x10008000 cmp=com.cpen321group.accountability/androidx.test.core.app.InstrumentationActivityInvoker$BootstrapActivity (has extras) }, activity=androidx.test.core.app.InstrumentationActivityInvoker$BootstrapActivity@7a0151b
2022-08-03 11:07:12.557 27948-27948/com.cpen321group.accountability I/chatty: uid=10136(com.cpen321group.accountability) identical 1 line
2022-08-03 11:07:12.557 27948-27948/com.cpen321group.accountability V/ActivityScenario: Activity lifecycle changed event received but ignored because the intent does not match. startActivityIntent=Intent { act=android.intent.action.MAIN cat=[android.intent.category.LAUNCHER] cmp=com.cpen321group.accountability/androidx.fragment.app.testing.FragmentScenario$EmptyFragmentActivity (has extras) }, activity.getIntent()=Intent { act=android.intent.action.MAIN cat=[android.intent.category.LAUNCHER] flg=0x10008000 cmp=com.cpen321group.accountability/androidx.test.core.app.InstrumentationActivityInvoker$BootstrapActivity (has extras) }, activity=androidx.test.core.app.InstrumentationActivityInvoker$BootstrapActivity@7a0151b
2022-08-03 11:07:12.561 27948-27948/com.cpen321group.accountability D/LifecycleMonitor: Lifecycle status change: androidx.test.core.app.InstrumentationActivityInvoker$BootstrapActivity@7a0151b in: PAUSED
2022-08-03 11:07:12.561 27948-27948/com.cpen321group.accountability V/ActivityScenario: Activity lifecycle changed event received but ignored because the intent does not match. startActivityIntent=Intent { act=android.intent.action.MAIN cat=[android.intent.category.LAUNCHER] cmp=com.cpen321group.accountability/androidx.fragment.app.testing.FragmentScenario$EmptyFragmentActivity (has extras) }, activity.getIntent()=Intent { act=android.intent.action.MAIN cat=[android.intent.category.LAUNCHER] flg=0x10008000 cmp=com.cpen321group.accountability/androidx.test.core.app.InstrumentationActivityInvoker$BootstrapActivity (has extras) }, activity=androidx.test.core.app.InstrumentationActivityInvoker$BootstrapActivity@7a0151b
2022-08-03 11:07:12.561 27948-27948/com.cpen321group.accountability I/chatty: uid=10136(com.cpen321group.accountability) identical 1 line
2022-08-03 11:07:12.561 27948-27948/com.cpen321group.accountability V/ActivityScenario: Activity lifecycle changed event received but ignored because the intent does not match. startActivityIntent=Intent { act=android.intent.action.MAIN cat=[android.intent.category.LAUNCHER] cmp=com.cpen321group.accountability/androidx.fragment.app.testing.FragmentScenario$EmptyFragmentActivity (has extras) }, activity.getIntent()=Intent { act=android.intent.action.MAIN cat=[android.intent.category.LAUNCHER] flg=0x10008000 cmp=com.cpen321group.accountability/androidx.test.core.app.InstrumentationActivityInvoker$BootstrapActivity (has extras) }, activity=androidx.test.core.app.InstrumentationActivityInvoker$BootstrapActivity@7a0151b
2022-08-03 11:07:12.567 27948-27997/com.cpen321group.accountability D/EGL_emulation: eglMakeCurrent: 0xe421ae40: ver 2 0 (tinfo 0xe420f9f0)
2022-08-03 11:07:12.570 27948-27948/com.cpen321group.accountability W/ActivityThread: handleWindowVisibility: no activity for token android.os.BinderProxy@8720c93
2022-08-03 11:07:12.573 27948-27948/com.cpen321group.accountability D/LifecycleMonitor: Lifecycle status change: androidx.fragment.app.testing.FragmentScenario$EmptyFragmentActivity@4ac7b0b in: PRE_ON_CREATE
2022-08-03 11:07:12.573 27948-27948/com.cpen321group.accountability V/ActivityScenario: Activity lifecycle changed event received but ignored because the activity instance does not match. currentActivity=androidx.fragment.app.testing.FragmentScenario$EmptyFragmentActivity@cacb149, receivedActivity=androidx.fragment.app.testing.FragmentScenario$EmptyFragmentActivity@4ac7b0b
2022-08-03 11:07:12.573 27948-27948/com.cpen321group.accountability V/ActivityScenario: Activity lifecycle changed event received but ignored because the activity instance does not match. currentActivity=androidx.fragment.app.testing.FragmentScenario$EmptyFragmentActivity@cacb149, receivedActivity=androidx.fragment.app.testing.FragmentScenario$EmptyFragmentActivity@4ac7b0b
2022-08-03 11:07:12.574 27948-27948/com.cpen321group.accountability V/ActivityScenario: Activity lifecycle changed event received but ignored because the reported transition was not ON_CREATE while the last known transition was PRE_ON_CREATE
2022-08-03 11:07:12.583 27948-27948/com.cpen321group.accountability D/LifecycleMonitor: Lifecycle status change: androidx.fragment.app.testing.FragmentScenario$EmptyFragmentActivity@4ac7b0b in: CREATED
2022-08-03 11:07:12.583 27948-27948/com.cpen321group.accountability V/ActivityScenario: Activity lifecycle changed event received but ignored because the activity instance does not match. currentActivity=androidx.fragment.app.testing.FragmentScenario$EmptyFragmentActivity@cacb149, receivedActivity=androidx.fragment.app.testing.FragmentScenario$EmptyFragmentActivity@4ac7b0b
2022-08-03 11:07:12.584 27948-27948/com.cpen321group.accountability V/ActivityScenario: Activity lifecycle changed event received but ignored because the activity instance does not match. currentActivity=androidx.fragment.app.testing.FragmentScenario$EmptyFragmentActivity@cacb149, receivedActivity=androidx.fragment.app.testing.FragmentScenario$EmptyFragmentActivity@4ac7b0b
2022-08-03 11:07:12.584 27948-27948/com.cpen321group.accountability V/ActivityScenario: Update currentActivityStage to CREATED, currentActivity=androidx.fragment.app.testing.FragmentScenario$EmptyFragmentActivity@4ac7b0b
2022-08-03 11:07:12.590 27948-27948/com.cpen321group.accountability D/LifecycleMonitor: Lifecycle status change: androidx.fragment.app.testing.FragmentScenario$EmptyFragmentActivity@4ac7b0b in: STARTED
2022-08-03 11:07:12.590 27948-27948/com.cpen321group.accountability V/ActivityScenario: Activity lifecycle changed event received but ignored because the activity instance does not match. currentActivity=androidx.fragment.app.testing.FragmentScenario$EmptyFragmentActivity@cacb149, receivedActivity=androidx.fragment.app.testing.FragmentScenario$EmptyFragmentActivity@4ac7b0b
2022-08-03 11:07:12.591 27948-27948/com.cpen321group.accountability V/ActivityScenario: Activity lifecycle changed event received but ignored because the activity instance does not match. currentActivity=androidx.fragment.app.testing.FragmentScenario$EmptyFragmentActivity@cacb149, receivedActivity=androidx.fragment.app.testing.FragmentScenario$EmptyFragmentActivity@4ac7b0b
2022-08-03 11:07:12.591 27948-27948/com.cpen321group.accountability V/ActivityScenario: Update currentActivityStage to STARTED, currentActivity=androidx.fragment.app.testing.FragmentScenario$EmptyFragmentActivity@4ac7b0b
2022-08-03 11:07:12.591 27948-27948/com.cpen321group.accountability D/LifecycleMonitor: Lifecycle status change: androidx.fragment.app.testing.FragmentScenario$EmptyFragmentActivity@4ac7b0b in: RESUMED
2022-08-03 11:07:12.591 27948-27948/com.cpen321group.accountability V/ActivityScenario: Activity lifecycle changed event received but ignored because the activity instance does not match. currentActivity=androidx.fragment.app.testing.FragmentScenario$EmptyFragmentActivity@cacb149, receivedActivity=androidx.fragment.app.testing.FragmentScenario$EmptyFragmentActivity@4ac7b0b
2022-08-03 11:07:12.592 27948-27948/com.cpen321group.accountability V/ActivityScenario: Activity lifecycle changed event received but ignored because the activity instance does not match. currentActivity=androidx.fragment.app.testing.FragmentScenario$EmptyFragmentActivity@cacb149, receivedActivity=androidx.fragment.app.testing.FragmentScenario$EmptyFragmentActivity@4ac7b0b
2022-08-03 11:07:12.592 27948-27948/com.cpen321group.accountability V/ActivityScenario: Update currentActivityStage to RESUMED, currentActivity=androidx.fragment.app.testing.FragmentScenario$EmptyFragmentActivity@4ac7b0b
2022-08-03 11:07:12.595 27948-27948/com.cpen321group.accountability D/getAccountant: "455937552go"
2022-08-03 11:07:12.595 27948-27948/com.cpen321group.accountability D/getAccountant: "David"
2022-08-03 11:07:12.595 27948-27948/com.cpen321group.accountability D/getAccountant: "111791232409232840405go"
2022-08-03 11:07:12.595 27948-27948/com.cpen321group.accountability D/getAccountant: "Wilson"
2022-08-03 11:07:12.595 27948-27948/com.cpen321group.accountability D/getAccountant: "12345678007fb"
2022-08-03 11:07:12.595 27948-27948/com.cpen321group.accountability D/getAccountant: "Harry"
2022-08-03 11:07:12.596 27948-27948/com.cpen321group.accountability D/getAccountant: "972516927478726fb"
2022-08-03 11:07:12.596 27948-27948/com.cpen321group.accountability D/getAccountant: "Vicky"
2022-08-03 11:07:12.597 27948-27948/com.cpen321group.accountability D/LifecycleMonitor: Lifecycle status change: androidx.fragment.app.testing.FragmentScenario$EmptyFragmentActivity@cec4ef2 in: STOPPED
2022-08-03 11:07:12.597 27948-27948/com.cpen321group.accountability V/ActivityScenario: Activity lifecycle changed event received but ignored because the intent does not match. startActivityIntent=Intent { act=android.intent.action.MAIN cat=[android.intent.category.LAUNCHER] cmp=com.cpen321group.accountability/androidx.fragment.app.testing.FragmentScenario$EmptyFragmentActivity (has extras) }, activity.getIntent()=Intent { act=android.intent.action.MAIN flg=0x10000000 cmp=com.cpen321group.accountability/androidx.fragment.app.testing.FragmentScenario$EmptyFragmentActivity }, activity=androidx.fragment.app.testing.FragmentScenario$EmptyFragmentActivity@cec4ef2
2022-08-03 11:07:12.597 27948-27948/com.cpen321group.accountability I/chatty: uid=10136(com.cpen321group.accountability) identical 1 line
2022-08-03 11:07:12.597 27948-27948/com.cpen321group.accountability V/ActivityScenario: Activity lifecycle changed event received but ignored because the intent does not match. startActivityIntent=Intent { act=android.intent.action.MAIN cat=[android.intent.category.LAUNCHER] cmp=com.cpen321group.accountability/androidx.fragment.app.testing.FragmentScenario$EmptyFragmentActivity (has extras) }, activity.getIntent()=Intent { act=android.intent.action.MAIN flg=0x10000000 cmp=com.cpen321group.accountability/androidx.fragment.app.testing.FragmentScenario$EmptyFragmentActivity }, activity=androidx.fragment.app.testing.FragmentScenario$EmptyFragmentActivity@cec4ef2
2022-08-03 11:07:12.615 27948-27997/com.cpen321group.accountability D/EGL_emulation: eglMakeCurrent: 0xe421ae40: ver 2 0 (tinfo 0xe420f9f0)
2022-08-03 11:07:12.722 27948-27948/com.cpen321group.accountability D/LifecycleMonitor: Lifecycle status change: androidx.test.core.app.InstrumentationActivityInvoker$BootstrapActivity@7a0151b in: STOPPED
2022-08-03 11:07:12.722 27948-27948/com.cpen321group.accountability V/ActivityScenario: Activity lifecycle changed event received but ignored because the intent does not match. startActivityIntent=Intent { act=android.intent.action.MAIN cat=[android.intent.category.LAUNCHER] cmp=com.cpen321group.accountability/androidx.fragment.app.testing.FragmentScenario$EmptyFragmentActivity (has extras) }, activity.getIntent()=Intent { act=android.intent.action.MAIN cat=[android.intent.category.LAUNCHER] flg=0x10008000 cmp=com.cpen321group.accountability/androidx.test.core.app.InstrumentationActivityInvoker$BootstrapActivity (has extras) }, activity=androidx.test.core.app.InstrumentationActivityInvoker$BootstrapActivity@7a0151b
2022-08-03 11:07:12.722 27948-27948/com.cpen321group.accountability I/chatty: uid=10136(com.cpen321group.accountability) identical 1 line
2022-08-03 11:07:12.722 27948-27948/com.cpen321group.accountability V/ActivityScenario: Activity lifecycle changed event received but ignored because the intent does not match. startActivityIntent=Intent { act=android.intent.action.MAIN cat=[android.intent.category.LAUNCHER] cmp=com.cpen321group.accountability/androidx.fragment.app.testing.FragmentScenario$EmptyFragmentActivity (has extras) }, activity.getIntent()=Intent { act=android.intent.action.MAIN cat=[android.intent.category.LAUNCHER] flg=0x10008000 cmp=com.cpen321group.accountability/androidx.test.core.app.InstrumentationActivityInvoker$BootstrapActivity (has extras) }, activity=androidx.test.core.app.InstrumentationActivityInvoker$BootstrapActivity@7a0151b
2022-08-03 11:07:12.725 27948-27948/com.cpen321group.accountability D/LifecycleMonitor: Lifecycle status change: androidx.fragment.app.testing.FragmentScenario$EmptyFragmentActivity@cacb149 in: STOPPED
2022-08-03 11:07:12.725 27948-27948/com.cpen321group.accountability V/ActivityScenario: Update currentActivityStage to STOPPED, currentActivity=androidx.fragment.app.testing.FragmentScenario$EmptyFragmentActivity@cacb149
2022-08-03 11:07:12.725 27948-27948/com.cpen321group.accountability V/ActivityScenario: Update currentActivityStage to STOPPED, currentActivity=androidx.fragment.app.testing.FragmentScenario$EmptyFragmentActivity@cacb149
2022-08-03 11:07:12.725 27948-27948/com.cpen321group.accountability V/ActivityScenario: Activity lifecycle changed event received but ignored because the activity instance does not match. currentActivity=androidx.fragment.app.testing.FragmentScenario$EmptyFragmentActivity@4ac7b0b, receivedActivity=androidx.fragment.app.testing.FragmentScenario$EmptyFragmentActivity@cacb149
2022-08-03 11:07:12.728 27948-27948/com.cpen321group.accountability D/LifecycleMonitor: Lifecycle status change: androidx.fragment.app.testing.FragmentScenario$EmptyFragmentActivity@cacb149 in: DESTROYED
2022-08-03 11:07:12.728 27948-27948/com.cpen321group.accountability V/ActivityScenario: Update currentActivityStage to DESTROYED, currentActivity=null
2022-08-03 11:07:12.728 27948-27948/com.cpen321group.accountability V/ActivityScenario: Update currentActivityStage to DESTROYED, currentActivity=null
2022-08-03 11:07:12.728 27948-27948/com.cpen321group.accountability V/ActivityScenario: Activity lifecycle changed event received but ignored because the activity instance does not match. currentActivity=androidx.fragment.app.testing.FragmentScenario$EmptyFragmentActivity@4ac7b0b, receivedActivity=androidx.fragment.app.testing.FragmentScenario$EmptyFragmentActivity@cacb149
2022-08-03 11:07:12.766 27948-27997/com.cpen321group.accountability D/EGL_emulation: eglMakeCurrent: 0xe421ae40: ver 2 0 (tinfo 0xe420f9f0)
2022-08-03 11:07:12.773 27948-27997/com.cpen321group.accountability D/EGL_emulation: eglMakeCurrent: 0xe421ae40: ver 2 0 (tinfo 0xe420f9f0)
2022-08-03 11:07:12.778 27948-28042/com.cpen321group.accountability D/ProfileInstaller: Installing profile for com.cpen321group.accountability
2022-08-03 11:07:14.786 27948-27948/com.cpen321group.accountability I/ViewInteraction: Checking 'com.cpen321group.accountability.FindAccountantTest$1@ee8560d' assertion on view view.getRootView() to equal view
2022-08-03 11:07:14.787 27948-27948/com.cpen321group.accountability I/ViewInteraction: Checking 'MatchesViewAssertion{viewMatcher=(view has effective visibility <VISIBLE> and view.getGlobalVisibleRect() to return non-empty rectangle)}' assertion on view an instance of android.widget.TextView and view.getText() with or without transformation to match: is "You should subscribed first!"
2022-08-03 11:07:14.790 27948-27948/com.cpen321group.accountability D/LifecycleMonitor: Lifecycle status change: androidx.fragment.app.testing.FragmentScenario$EmptyFragmentActivity@4ac7b0b in: PAUSED
2022-08-03 11:07:14.790 27948-27948/com.cpen321group.accountability V/ActivityScenario: Activity lifecycle changed event received but ignored because the reported transition was not ON_CREATE while the last known transition was DESTROYED
2022-08-03 11:07:14.790 27948-27948/com.cpen321group.accountability V/ActivityScenario: Activity lifecycle changed event received but ignored because the reported transition was not ON_CREATE while the last known transition was DESTROYED
2022-08-03 11:07:14.790 27948-27948/com.cpen321group.accountability V/ActivityScenario: Update currentActivityStage to PAUSED, currentActivity=androidx.fragment.app.testing.FragmentScenario$EmptyFragmentActivity@4ac7b0b
2022-08-03 11:07:14.794 27948-27948/com.cpen321group.accountability D/LifecycleMonitor: Lifecycle status change: androidx.test.core.app.InstrumentationActivityInvoker$BootstrapActivity@7a0151b in: RESTARTED
2022-08-03 11:07:14.794 27948-27948/com.cpen321group.accountability V/ActivityScenario: Activity lifecycle changed event received but ignored because the intent does not match. startActivityIntent=Intent { act=android.intent.action.MAIN cat=[android.intent.category.LAUNCHER] cmp=com.cpen321group.accountability/androidx.fragment.app.testing.FragmentScenario$EmptyFragmentActivity (has extras) }, activity.getIntent()=Intent { act=android.intent.action.MAIN cat=[android.intent.category.LAUNCHER] flg=0x10008000 cmp=com.cpen321group.accountability/androidx.test.core.app.InstrumentationActivityInvoker$BootstrapActivity (has extras) }, activity=androidx.test.core.app.InstrumentationActivityInvoker$BootstrapActivity@7a0151b
2022-08-03 11:07:14.794 27948-27948/com.cpen321group.accountability I/chatty: uid=10136(com.cpen321group.accountability) identical 1 line
2022-08-03 11:07:14.794 27948-27948/com.cpen321group.accountability V/ActivityScenario: Activity lifecycle changed event received but ignored because the intent does not match. startActivityIntent=Intent { act=android.intent.action.MAIN cat=[android.intent.category.LAUNCHER] cmp=com.cpen321group.accountability/androidx.fragment.app.testing.FragmentScenario$EmptyFragmentActivity (has extras) }, activity.getIntent()=Intent { act=android.intent.action.MAIN cat=[android.intent.category.LAUNCHER] flg=0x10008000 cmp=com.cpen321group.accountability/androidx.test.core.app.InstrumentationActivityInvoker$BootstrapActivity (has extras) }, activity=androidx.test.core.app.InstrumentationActivityInvoker$BootstrapActivity@7a0151b
2022-08-03 11:07:14.813 27948-27948/com.cpen321group.accountability D/LifecycleMonitor: Lifecycle status change: androidx.fragment.app.testing.FragmentScenario$EmptyFragmentActivity@cec4ef2 in: RESTARTED
2022-08-03 11:07:14.814 27948-27948/com.cpen321group.accountability V/ActivityScenario: Activity lifecycle changed event received but ignored because the intent does not match. startActivityIntent=Intent { act=android.intent.action.MAIN cat=[android.intent.category.LAUNCHER] cmp=com.cpen321group.accountability/androidx.fragment.app.testing.FragmentScenario$EmptyFragmentActivity (has extras) }, activity.getIntent()=Intent { act=android.intent.action.MAIN flg=0x10000000 cmp=com.cpen321group.accountability/androidx.fragment.app.testing.FragmentScenario$EmptyFragmentActivity }, activity=androidx.fragment.app.testing.FragmentScenario$EmptyFragmentActivity@cec4ef2
2022-08-03 11:07:14.814 27948-27948/com.cpen321group.accountability I/chatty: uid=10136(com.cpen321group.accountability) identical 1 line
2022-08-03 11:07:14.814 27948-27948/com.cpen321group.accountability V/ActivityScenario: Activity lifecycle changed event received but ignored because the intent does not match. startActivityIntent=Intent { act=android.intent.action.MAIN cat=[android.intent.category.LAUNCHER] cmp=com.cpen321group.accountability/androidx.fragment.app.testing.FragmentScenario$EmptyFragmentActivity (has extras) }, activity.getIntent()=Intent { act=android.intent.action.MAIN flg=0x10000000 cmp=com.cpen321group.accountability/androidx.fragment.app.testing.FragmentScenario$EmptyFragmentActivity }, activity=androidx.fragment.app.testing.FragmentScenario$EmptyFragmentActivity@cec4ef2
2022-08-03 11:07:14.814 27948-27948/com.cpen321group.accountability D/LifecycleMonitor: Lifecycle status change: androidx.fragment.app.testing.FragmentScenario$EmptyFragmentActivity@cec4ef2 in: STARTED
2022-08-03 11:07:14.815 27948-27948/com.cpen321group.accountability V/ActivityScenario: Activity lifecycle changed event received but ignored because the intent does not match. startActivityIntent=Intent { act=android.intent.action.MAIN cat=[android.intent.category.LAUNCHER] cmp=com.cpen321group.accountability/androidx.fragment.app.testing.FragmentScenario$EmptyFragmentActivity (has extras) }, activity.getIntent()=Intent { act=android.intent.action.MAIN flg=0x10000000 cmp=com.cpen321group.accountability/androidx.fragment.app.testing.FragmentScenario$EmptyFragmentActivity }, activity=androidx.fragment.app.testing.FragmentScenario$EmptyFragmentActivity@cec4ef2
2022-08-03 11:07:14.815 27948-27948/com.cpen321group.accountability I/chatty: uid=10136(com.cpen321group.accountability) identical 1 line
2022-08-03 11:07:14.815 27948-27948/com.cpen321group.accountability V/ActivityScenario: Activity lifecycle changed event received but ignored because the intent does not match. startActivityIntent=Intent { act=android.intent.action.MAIN cat=[android.intent.category.LAUNCHER] cmp=com.cpen321group.accountability/androidx.fragment.app.testing.FragmentScenario$EmptyFragmentActivity (has extras) }, activity.getIntent()=Intent { act=android.intent.action.MAIN flg=0x10000000 cmp=com.cpen321group.accountability/androidx.fragment.app.testing.FragmentScenario$EmptyFragmentActivity }, activity=androidx.fragment.app.testing.FragmentScenario$EmptyFragmentActivity@cec4ef2
2022-08-03 11:07:14.816 27948-27948/com.cpen321group.accountability D/LifecycleMonitor: Lifecycle status change: androidx.fragment.app.testing.FragmentScenario$EmptyFragmentActivity@cec4ef2 in: RESUMED
2022-08-03 11:07:14.816 27948-27948/com.cpen321group.accountability V/ActivityScenario: Activity lifecycle changed event received but ignored because the intent does not match. startActivityIntent=Intent { act=android.intent.action.MAIN cat=[android.intent.category.LAUNCHER] cmp=com.cpen321group.accountability/androidx.fragment.app.testing.FragmentScenario$EmptyFragmentActivity (has extras) }, activity.getIntent()=Intent { act=android.intent.action.MAIN flg=0x10000000 cmp=com.cpen321group.accountability/androidx.fragment.app.testing.FragmentScenario$EmptyFragmentActivity }, activity=androidx.fragment.app.testing.FragmentScenario$EmptyFragmentActivity@cec4ef2
2022-08-03 11:07:14.816 27948-27948/com.cpen321group.accountability I/chatty: uid=10136(com.cpen321group.accountability) identical 1 line
2022-08-03 11:07:14.816 27948-27948/com.cpen321group.accountability V/ActivityScenario: Activity lifecycle changed event received but ignored because the intent does not match. startActivityIntent=Intent { act=android.intent.action.MAIN cat=[android.intent.category.LAUNCHER] cmp=com.cpen321group.accountability/androidx.fragment.app.testing.FragmentScenario$EmptyFragmentActivity (has extras) }, activity.getIntent()=Intent { act=android.intent.action.MAIN flg=0x10000000 cmp=com.cpen321group.accountability/androidx.fragment.app.testing.FragmentScenario$EmptyFragmentActivity }, activity=androidx.fragment.app.testing.FragmentScenario$EmptyFragmentActivity@cec4ef2
2022-08-03 11:07:14.835 27948-27997/com.cpen321group.accountability D/EGL_emulation: eglMakeCurrent: 0xe421ae40: ver 2 0 (tinfo 0xe420f9f0)
2022-08-03 11:07:14.867 27948-27991/com.cpen321group.accountability I/TestRunner: finished: _b_chatViewNotSubTest(com.cpen321group.accountability.FindAccountantTest)
2022-08-03 11:07:14.868 27948-27948/com.cpen321group.accountability D/LifecycleMonitor: Lifecycle status change: androidx.test.core.app.InstrumentationActivityInvoker$BootstrapActivity@7a0151b in: DESTROYED
2022-08-03 11:07:14.868 27948-27948/com.cpen321group.accountability V/ActivityScenario: Activity lifecycle changed event received but ignored because the intent does not match. startActivityIntent=Intent { act=android.intent.action.MAIN cat=[android.intent.category.LAUNCHER] cmp=com.cpen321group.accountability/androidx.fragment.app.testing.FragmentScenario$EmptyFragmentActivity (has extras) }, activity.getIntent()=Intent { act=android.intent.action.MAIN cat=[android.intent.category.LAUNCHER] flg=0x10008000 cmp=com.cpen321group.accountability/androidx.test.core.app.InstrumentationActivityInvoker$BootstrapActivity (has extras) }, activity=androidx.test.core.app.InstrumentationActivityInvoker$BootstrapActivity@7a0151b
2022-08-03 11:07:14.868 27948-27948/com.cpen321group.accountability I/chatty: uid=10136(com.cpen321group.accountability) identical 1 line
2022-08-03 11:07:14.868 27948-27948/com.cpen321group.accountability V/ActivityScenario: Activity lifecycle changed event received but ignored because the intent does not match. startActivityIntent=Intent { act=android.intent.action.MAIN cat=[android.intent.category.LAUNCHER] cmp=com.cpen321group.accountability/androidx.fragment.app.testing.FragmentScenario$EmptyFragmentActivity (has extras) }, activity.getIntent()=Intent { act=android.intent.action.MAIN cat=[android.intent.category.LAUNCHER] flg=0x10008000 cmp=com.cpen321group.accountability/androidx.test.core.app.InstrumentationActivityInvoker$BootstrapActivity (has extras) }, activity=androidx.test.core.app.InstrumentationActivityInvoker$BootstrapActivity@7a0151b
2022-08-03 11:07:14.870 27948-27948/com.cpen321group.accountability D/LifecycleMonitor: Lifecycle status change: androidx.fragment.app.testing.FragmentScenario$EmptyFragmentActivity@4ac7b0b in: STOPPED
2022-08-03 11:07:14.870 27948-27948/com.cpen321group.accountability V/ActivityScenario: Activity lifecycle changed event received but ignored because the reported transition was not ON_CREATE while the last known transition was DESTROYED
2022-08-03 11:07:14.870 27948-27948/com.cpen321group.accountability V/ActivityScenario: Activity lifecycle changed event received but ignored because the reported transition was not ON_CREATE while the last known transition was DESTROYED
2022-08-03 11:07:14.870 27948-27948/com.cpen321group.accountability V/ActivityScenario: Update currentActivityStage to STOPPED, currentActivity=androidx.fragment.app.testing.FragmentScenario$EmptyFragmentActivity@4ac7b0b
2022-08-03 11:07:14.874 27948-27948/com.cpen321group.accountability D/LifecycleMonitor: Lifecycle status change: androidx.fragment.app.testing.FragmentScenario$EmptyFragmentActivity@4ac7b0b in: DESTROYED
2022-08-03 11:07:14.874 27948-27948/com.cpen321group.accountability V/ActivityScenario: Activity lifecycle changed event received but ignored because the reported transition was not ON_CREATE while the last known transition was DESTROYED
2022-08-03 11:07:14.874 27948-27948/com.cpen321group.accountability V/ActivityScenario: Activity lifecycle changed event received but ignored because the reported transition was not ON_CREATE while the last known transition was DESTROYED
2022-08-03 11:07:14.874 27948-27948/com.cpen321group.accountability V/ActivityScenario: Update currentActivityStage to DESTROYED, currentActivity=null
2022-08-03 11:07:14.877 27948-27948/com.cpen321group.accountability I/MonitoringInstr: Activities that are still in CREATED to STOPPED: 1
2022-08-03 11:07:14.877 27948-27948/com.cpen321group.accountability I/MonitoringInstr: Finishing activity: androidx.fragment.app.testing.FragmentScenario$EmptyFragmentActivity@cec4ef2
2022-08-03 11:07:14.880 27948-27991/com.cpen321group.accountability I/MonitoringInstr: Unstopped activity count: 1
2022-08-03 11:07:14.882 27948-27948/com.cpen321group.accountability D/LifecycleMonitor: Lifecycle status change: androidx.fragment.app.testing.FragmentScenario$EmptyFragmentActivity@cec4ef2 in: PAUSED
2022-08-03 11:07:14.882 27948-27948/com.cpen321group.accountability V/ActivityScenario: Activity lifecycle changed event received but ignored because the intent does not match. startActivityIntent=Intent { act=android.intent.action.MAIN cat=[android.intent.category.LAUNCHER] cmp=com.cpen321group.accountability/androidx.fragment.app.testing.FragmentScenario$EmptyFragmentActivity (has extras) }, activity.getIntent()=Intent { act=android.intent.action.MAIN flg=0x10000000 cmp=com.cpen321group.accountability/androidx.fragment.app.testing.FragmentScenario$EmptyFragmentActivity }, activity=androidx.fragment.app.testing.FragmentScenario$EmptyFragmentActivity@cec4ef2
2022-08-03 11:07:14.882 27948-27948/com.cpen321group.accountability I/chatty: uid=10136(com.cpen321group.accountability) identical 1 line
