2022-08-03 11:08:28.718 27948-27948/com.cpen321group.accountability D/Review: 5
2022-08-03 11:08:28.718 27948-27948/com.cpen321group.accountability D/Review: test 4
2022-08-03 11:08:28.718 27948-27948/com.cpen321group.accountability D/Review: test 4
2022-08-03 11:08:28.718 27948-27948/com.cpen321group.accountability D/Review: 2022-07-18T20:50:59.000Z
2022-08-03 11:08:28.718 27948-27948/com.cpen321group.accountability D/Review: 5
2022-08-03 11:08:28.718 27948-27948/com.cpen321group.accountability D/Review: Happy with Accountant
2022-08-03 11:08:28.718 27948-27948/com.cpen321group.accountability D/Review: Happy with Accountant
2022-08-03 11:08:28.718 27948-27948/com.cpen321group.accountability D/Review: 2022-07-29T10:10:53.000Z
2022-08-03 11:08:28.718 27948-27948/com.cpen321group.accountability D/Review: 4
2022-08-03 11:08:28.718 27948-27948/com.cpen321group.accountability D/Review: Happy with Accountant
2022-08-03 11:08:28.718 27948-27948/com.cpen321group.accountability D/Review: Happy with Accountant
2022-08-03 11:08:28.718 27948-27948/com.cpen321group.accountability D/Review: 2022-07-29T10:13:18.000Z
2022-08-03 11:08:28.718 27948-27948/com.cpen321group.accountability D/Review: 4
2022-08-03 11:08:28.718 27948-27948/com.cpen321group.accountability D/Review: happy
2022-08-03 11:08:28.718 27948-27948/com.cpen321group.accountability D/Review: Very Good
2022-08-03 11:08:28.718 27948-27948/com.cpen321group.accountability D/Review: 2022-07-29T10:15:55.000Z
2022-08-03 11:08:28.718 27948-27948/com.cpen321group.accountability D/Review: 4
2022-08-03 11:08:28.718 27948-27948/com.cpen321group.accountability D/Review: Happy with Accountant
2022-08-03 11:08:28.718 27948-27948/com.cpen321group.accountability D/Review: Happy with Accountant
2022-08-03 11:08:28.718 27948-27948/com.cpen321group.accountability D/Review: 2022-07-29T10:22:48.000Z
2022-08-03 11:08:28.718 27948-27948/com.cpen321group.accountability D/Review: 4
2022-08-03 11:08:28.718 27948-27948/com.cpen321group.accountability D/Review: Happy!!!
2022-08-03 11:08:28.718 27948-27948/com.cpen321group.accountability D/Review: Great
2022-08-03 11:08:28.718 27948-27948/com.cpen321group.accountability D/Review: 2022-07-29T10:25:24.000Z
2022-08-03 11:08:28.718 27948-27948/com.cpen321group.accountability D/Review: 5
2022-08-03 11:08:28.718 27948-27948/com.cpen321group.accountability D/Review: Very Great
2022-08-03 11:08:28.718 27948-27948/com.cpen321group.accountability D/Review: Happy with Accountant
2022-08-03 11:08:28.718 27948-27948/com.cpen321group.accountability D/Review: 2022-07-29T10:30:16.000Z
2022-08-03 11:08:28.718 27948-27948/com.cpen321group.accountability D/Review: 4
2022-08-03 11:08:28.718 27948-27948/com.cpen321group.accountability D/Review: Very Great
2022-08-03 11:08:28.718 27948-27948/com.cpen321group.accountability D/Review: Happy with Accountant
2022-08-03 11:08:28.718 27948-27948/com.cpen321group.accountability D/Review: 2022-07-29T10:33:57.000Z
2022-08-03 11:08:28.718 27948-27948/com.cpen321group.accountability D/Review: 4
2022-08-03 11:08:28.718 27948-27948/com.cpen321group.accountability D/Review: Very Great
2022-08-03 11:08:28.718 27948-27948/com.cpen321group.accountability D/Review: Happy with Accountant
2022-08-03 11:08:28.718 27948-27948/com.cpen321group.accountability D/Review: 2022-07-29T10:36:11.000Z
2022-08-03 11:08:28.718 27948-27948/com.cpen321group.accountability D/Review: 4
2022-08-03 11:08:28.718 27948-27948/com.cpen321group.accountability D/Review: Very Great
2022-08-03 11:08:28.718 27948-27948/com.cpen321group.accountability D/Review: Happy with Accountant
2022-08-03 11:08:28.718 27948-27948/com.cpen321group.accountability D/Review: 2022-07-29T11:32:12.000Z
2022-08-03 11:08:28.718 27948-27948/com.cpen321group.accountability D/Review: 4
2022-08-03 11:08:28.718 27948-27948/com.cpen321group.accountability D/Review: She is very nice!
2022-08-03 11:08:28.718 27948-27948/com.cpen321group.accountability D/Review: Accountant
2022-08-03 11:08:28.718 27948-27948/com.cpen321group.accountability D/Review: 2022-07-29T11:36:00.000Z
2022-08-03 11:08:28.718 27948-27948/com.cpen321group.accountability D/Review: 5
2022-08-03 11:08:28.718 27948-27948/com.cpen321group.accountability D/Review: Very Great
2022-08-03 11:08:28.718 27948-27948/com.cpen321group.accountability D/Review: Happy with Accountant
2022-08-03 11:08:28.718 27948-27948/com.cpen321group.accountability D/Review: 2022-07-29T11:45:16.000Z
2022-08-03 11:08:28.718 27948-27948/com.cpen321group.accountability D/Review: 4
2022-08-03 11:08:28.718 27948-27948/com.cpen321group.accountability D/Review: Very nice accountant
2022-08-03 11:08:28.718 27948-27948/com.cpen321group.accountability D/Review: Happy with Accountant
2022-08-03 11:08:28.718 27948-27948/com.cpen321group.accountability D/Review: 2022-07-29T11:47:17.000Z
2022-08-03 11:08:28.718 27948-27948/com.cpen321group.accountability D/Review: 5
2022-08-03 11:08:28.718 27948-27948/com.cpen321group.accountability D/Review: Very nice accountant
2022-08-03 11:08:28.718 27948-27948/com.cpen321group.accountability D/Review: Happy with Accountant
2022-08-03 11:08:28.718 27948-27948/com.cpen321group.accountability D/Review: 2022-07-29T11:49:27.000Z
2022-08-03 11:08:28.718 27948-27948/com.cpen321group.accountability D/Review: 5
2022-08-03 11:08:28.718 27948-27948/com.cpen321group.accountability D/Review: Very nice accountant
2022-08-03 11:08:28.718 27948-27948/com.cpen321group.accountability D/Review: Happy with Accountant
2022-08-03 11:08:28.718 27948-27948/com.cpen321group.accountability D/Review: 2022-07-29T11:50:04.000Z
2022-08-03 11:08:28.718 27948-27948/com.cpen321group.accountability D/Review: 5
2022-08-03 11:08:28.718 27948-27948/com.cpen321group.accountability D/Review: Very nice accountant
2022-08-03 11:08:28.718 27948-27948/com.cpen321group.accountability D/Review: Happy with Accountant
2022-08-03 11:08:28.718 27948-27948/com.cpen321group.accountability D/Review: 2022-07-29T11:52:39.000Z
2022-08-03 11:08:28.718 27948-27948/com.cpen321group.accountability D/Review: 5
2022-08-03 11:08:28.718 27948-27948/com.cpen321group.accountability D/Review: Very nice accountant
2022-08-03 11:08:28.718 27948-27948/com.cpen321group.accountability D/Review: Happy with Accountant
2022-08-03 11:08:28.718 27948-27948/com.cpen321group.accountability D/Review: 2022-08-01T10:40:24.000Z
2022-08-03 11:08:28.718 27948-27948/com.cpen321group.accountability D/Review: 5
2022-08-03 11:08:28.718 27948-27948/com.cpen321group.accountability D/Review: Very nice accountant
2022-08-03 11:08:28.718 27948-27948/com.cpen321group.accountability D/Review: Happy with Accountant
2022-08-03 11:08:28.718 27948-27948/com.cpen321group.accountability D/Review: 2022-08-01T10:44:21.000Z
2022-08-03 11:08:28.718 27948-27948/com.cpen321group.accountability D/Review: 5
2022-08-03 11:08:28.718 27948-27948/com.cpen321group.accountability D/Review: Very nice accountant
2022-08-03 11:08:28.718 27948-27948/com.cpen321group.accountability D/Review: Test
2022-08-03 11:08:28.718 27948-27948/com.cpen321group.accountability D/Review: 2022-08-01T10:47:19.000Z
2022-08-03 11:08:28.718 27948-27948/com.cpen321group.accountability D/Review: 5
2022-08-03 11:08:28.718 27948-27948/com.cpen321group.accountability D/Review: Very nice accountant
2022-08-03 11:08:28.718 27948-27948/com.cpen321group.accountability D/Review: Test
2022-08-03 11:08:28.718 27948-27948/com.cpen321group.accountability D/Review: 2022-08-01T10:49:15.000Z
2022-08-03 11:08:28.718 27948-27948/com.cpen321group.accountability D/Review: 5
2022-08-03 11:08:28.718 27948-27948/com.cpen321group.accountability D/Review: Very nice accountant
2022-08-03 11:08:28.718 27948-27948/com.cpen321group.accountability D/Review: Test
2022-08-03 11:08:28.718 27948-27948/com.cpen321group.accountability D/Review: 2022-08-02T09:11:20.000Z
2022-08-03 11:08:28.718 27948-27948/com.cpen321group.accountability D/Review: 5
2022-08-03 11:08:28.718 27948-27948/com.cpen321group.accountability D/Review: Very nice accountant
2022-08-03 11:08:28.718 27948-27948/com.cpen321group.accountability D/Review: Test
2022-08-03 11:08:28.718 27948-27948/com.cpen321group.accountability D/Review: 2022-08-02T09:13:32.000Z
2022-08-03 11:08:28.718 27948-27948/com.cpen321group.accountability D/Review: 5
2022-08-03 11:08:28.718 27948-27948/com.cpen321group.accountability D/Review: Very nice accountant
2022-08-03 11:08:28.718 27948-27948/com.cpen321group.accountability D/Review: Test
2022-08-03 11:08:28.718 27948-27948/com.cpen321group.accountability D/Review: 2022-08-02T09:22:08.000Z
2022-08-03 11:08:28.718 27948-27948/com.cpen321group.accountability D/Review: 5
2022-08-03 11:08:28.718 27948-27948/com.cpen321group.accountability D/Review: Very nice accountant
2022-08-03 11:08:28.718 27948-27948/com.cpen321group.accountability D/Review: Test
2022-08-03 11:08:28.718 27948-27948/com.cpen321group.accountability D/Review: 2022-08-02T09:30:48.000Z
2022-08-03 11:08:28.718 27948-27948/com.cpen321group.accountability D/Review: 5
2022-08-03 11:08:28.718 27948-27948/com.cpen321group.accountability D/Review: Very nice accountant
2022-08-03 11:08:28.718 27948-27948/com.cpen321group.accountability D/Review: Test
2022-08-03 11:08:28.718 27948-27948/com.cpen321group.accountability D/Review: 2022-08-02T09:36:00.000Z
2022-08-03 11:08:28.718 27948-27948/com.cpen321group.accountability D/Review: 5
2022-08-03 11:08:28.718 27948-27948/com.cpen321group.accountability D/Review: Very nice accountant
2022-08-03 11:08:28.718 27948-27948/com.cpen321group.accountability D/Review: Test
2022-08-03 11:08:28.718 27948-27948/com.cpen321group.accountability D/Review: 2022-08-02T10:11:14.000Z
2022-08-03 11:08:28.718 27948-27948/com.cpen321group.accountability D/Review: 5
2022-08-03 11:08:28.718 27948-27948/com.cpen321group.accountability D/Review: Very nice accountant
2022-08-03 11:08:28.718 27948-27948/com.cpen321group.accountability D/Review: Test
2022-08-03 11:08:28.718 27948-27948/com.cpen321group.accountability D/Review: 2022-08-02T10:26:59.000Z
2022-08-03 11:08:28.718 27948-27948/com.cpen321group.accountability D/Review: 5
2022-08-03 11:08:28.718 27948-27948/com.cpen321group.accountability D/Review: Very nice accountant
2022-08-03 11:08:28.718 27948-27948/com.cpen321group.accountability D/Review: Test
2022-08-03 11:08:28.718 27948-27948/com.cpen321group.accountability D/Review: 2022-08-02T10:36:42.000Z
2022-08-03 11:08:28.718 27948-27948/com.cpen321group.accountability D/Review: 5
2022-08-03 11:08:28.718 27948-27948/com.cpen321group.accountability D/Review: Very nice accountant
2022-08-03 11:08:28.718 27948-27948/com.cpen321group.accountability D/Review: Test
2022-08-03 11:08:28.718 27948-27948/com.cpen321group.accountability D/Review: 2022-08-03T02:12:17.000Z
2022-08-03 11:08:28.718 27948-27948/com.cpen321group.accountability D/Review: 5
2022-08-03 11:08:28.718 27948-27948/com.cpen321group.accountability D/Review: Very nice accountant
2022-08-03 11:08:28.718 27948-27948/com.cpen321group.accountability D/Review: Test
2022-08-03 11:08:28.718 27948-27948/com.cpen321group.accountability D/Review: 2022-08-03T02:20:37.000Z
2022-08-03 11:08:28.718 27948-27948/com.cpen321group.accountability D/Review: 5
2022-08-03 11:08:28.718 27948-27948/com.cpen321group.accountability D/Review: Very nice accountant
2022-08-03 11:08:28.718 27948-27948/com.cpen321group.accountability D/Review: Test
2022-08-03 11:08:28.718 27948-27948/com.cpen321group.accountability D/Review: 2022-08-03T02:52:07.000Z
2022-08-03 11:08:28.718 27948-27948/com.cpen321group.accountability D/Review: 5
2022-08-03 11:08:28.718 27948-27948/com.cpen321group.accountability D/Review: Very nice accountant
2022-08-03 11:08:28.718 27948-27948/com.cpen321group.accountability D/Review: Test
2022-08-03 11:08:28.719 27948-27948/com.cpen321group.accountability D/Review: 2022-08-03T03:01:53.000Z
2022-08-03 11:08:28.719 27948-27948/com.cpen321group.accountability D/Review: 5
2022-08-03 11:08:28.719 27948-27948/com.cpen321group.accountability D/Review: Very nice accountant
2022-08-03 11:08:28.719 27948-27948/com.cpen321group.accountability D/Review: Test
2022-08-03 11:08:28.719 27948-27948/com.cpen321group.accountability D/Review: 2022-08-03T03:04:29.000Z
2022-08-03 11:08:28.719 27948-27948/com.cpen321group.accountability D/Review: 5
2022-08-03 11:08:32.802 27948-27948/com.cpen321group.accountability I/ViewInteraction: Performing 'single click' action on view view.getId() is <2131296615/com.cpen321group.accountability:id/floating_action_button_review>
2022-08-03 11:08:32.863 27948-27948/com.cpen321group.accountability D/LifecycleMonitor: Lifecycle status change: com.cpen321group.accountability.mainscreen.chat.accountant.review.ReviewActivity@78943ef in: PAUSED
2022-08-03 11:08:32.863 27948-27948/com.cpen321group.accountability V/ActivityScenario: Activity lifecycle changed event received but ignored because the intent does not match. startActivityIntent=Intent { act=android.intent.action.MAIN cat=[android.intent.category.LAUNCHER] cmp=com.cpen321group.accountability/androidx.fragment.app.testing.FragmentScenario$EmptyFragmentActivity (has extras) }, activity.getIntent()=Intent { cmp=com.cpen321group.accountability/.mainscreen.chat.ReviewActivity }, activity=com.cpen321group.accountability.mainscreen.chat.accountant.review.ReviewActivity@78943ef
2022-08-03 11:08:32.865 27948-27948/com.cpen321group.accountability W/ActivityThread: handleWindowVisibility: no activity for token android.os.BinderProxy@8386a57
2022-08-03 11:08:32.869 27948-27948/com.cpen321group.accountability D/LifecycleMonitor: Lifecycle status change: com.cpen321group.accountability.mainscreen.chat.accountant.review.AddReviewActivity@a692cdc in: PRE_ON_CREATE
2022-08-03 11:08:32.869 27948-27948/com.cpen321group.accountability V/ActivityScenario: Activity lifecycle changed event received but ignored because the intent does not match. startActivityIntent=Intent { act=android.intent.action.MAIN cat=[android.intent.category.LAUNCHER] cmp=com.cpen321group.accountability/androidx.fragment.app.testing.FragmentScenario$EmptyFragmentActivity (has extras) }, activity.getIntent()=Intent { cmp=com.cpen321group.accountability/.mainscreen.chat.AddReviewActivity }, activity=com.cpen321group.accountability.mainscreen.chat.accountant.review.AddReviewActivity@a692cdc
2022-08-03 11:08:32.902 27948-27948/com.cpen321group.accountability D/LifecycleMonitor: Lifecycle status change: com.cpen321group.accountability.mainscreen.chat.accountant.review.AddReviewActivity@a692cdc in: CREATED
2022-08-03 11:08:32.902 27948-27948/com.cpen321group.accountability V/ActivityScenario: Activity lifecycle changed event received but ignored because the intent does not match. startActivityIntent=Intent { act=android.intent.action.MAIN cat=[android.intent.category.LAUNCHER] cmp=com.cpen321group.accountability/androidx.fragment.app.testing.FragmentScenario$EmptyFragmentActivity (has extras) }, activity.getIntent()=Intent { cmp=com.cpen321group.accountability/.mainscreen.chat.AddReviewActivity }, activity=com.cpen321group.accountability.mainscreen.chat.accountant.review.AddReviewActivity@a692cdc
2022-08-03 11:08:32.904 27948-27948/com.cpen321group.accountability D/LifecycleMonitor: Lifecycle status change: com.cpen321group.accountability.mainscreen.chat.accountant.review.AddReviewActivity@a692cdc in: STARTED
2022-08-03 11:08:32.904 27948-27948/com.cpen321group.accountability V/ActivityScenario: Activity lifecycle changed event received but ignored because the intent does not match. startActivityIntent=Intent { act=android.intent.action.MAIN cat=[android.intent.category.LAUNCHER] cmp=com.cpen321group.accountability/androidx.fragment.app.testing.FragmentScenario$EmptyFragmentActivity (has extras) }, activity.getIntent()=Intent { cmp=com.cpen321group.accountability/.mainscreen.chat.AddReviewActivity }, activity=com.cpen321group.accountability.mainscreen.chat.accountant.review.AddReviewActivity@a692cdc
2022-08-03 11:08:32.904 27948-27948/com.cpen321group.accountability D/LifecycleMonitor: Lifecycle status change: com.cpen321group.accountability.mainscreen.chat.accountant.review.AddReviewActivity@a692cdc in: RESUMED
2022-08-03 11:08:32.904 27948-27948/com.cpen321group.accountability V/ActivityScenario: Activity lifecycle changed event received but ignored because the intent does not match. startActivityIntent=Intent { act=android.intent.action.MAIN cat=[android.intent.category.LAUNCHER] cmp=com.cpen321group.accountability/androidx.fragment.app.testing.FragmentScenario$EmptyFragmentActivity (has extras) }, activity.getIntent()=Intent { cmp=com.cpen321group.accountability/.mainscreen.chat.AddReviewActivity }, activity=com.cpen321group.accountability.mainscreen.chat.accountant.review.AddReviewActivity@a692cdc
2022-08-03 11:08:32.933 27948-27997/com.cpen321group.accountability D/EGL_emulation: eglMakeCurrent: 0xe421ae40: ver 2 0 (tinfo 0xe420f9f0)
2022-08-03 11:08:32.936 27948-27997/com.cpen321group.accountability I/chatty: uid=10136(com.cpen321group.accountability) RenderThread identical 1 line
2022-08-03 11:08:32.938 27948-27997/com.cpen321group.accountability D/EGL_emulation: eglMakeCurrent: 0xe421ae40: ver 2 0 (tinfo 0xe420f9f0)
2022-08-03 11:08:32.991 27948-27948/com.cpen321group.accountability D/LifecycleMonitor: Lifecycle status change: com.cpen321group.accountability.mainscreen.chat.accountant.review.ReviewActivity@78943ef in: STOPPED
2022-08-03 11:08:32.991 27948-27948/com.cpen321group.accountability V/ActivityScenario: Activity lifecycle changed event received but ignored because the intent does not match. startActivityIntent=Intent { act=android.intent.action.MAIN cat=[android.intent.category.LAUNCHER] cmp=com.cpen321group.accountability/androidx.fragment.app.testing.FragmentScenario$EmptyFragmentActivity (has extras) }, activity.getIntent()=Intent { cmp=com.cpen321group.accountability/.mainscreen.chat.ReviewActivity }, activity=com.cpen321group.accountability.mainscreen.chat.accountant.review.ReviewActivity@78943ef
2022-08-03 11:08:33.208 27948-27948/com.cpen321group.accountability I/ViewInteraction: Performing 'type text(Happy with Accountant)' action on view view.getId() is <2131297069/com.cpen321group.accountability:id/title_text>
2022-08-03 11:08:33.269 27948-27948/com.cpen321group.accountability I/AssistStructure: Flattened final assist data: 2644 bytes, containing 1 windows, 20 views
2022-08-03 11:08:33.500 27948-27948/com.cpen321group.accountability D/UiControllerImpl: Injecting string: "Happy with Accountant"
2022-08-03 11:08:33.947 27948-27948/com.cpen321group.accountability I/ViewInteraction: Performing 'type text(Great!)' action on view view.getId() is <2131296905/com.cpen321group.accountability:id/reviewcontentInput>
2022-08-03 11:08:34.230 27948-27948/com.cpen321group.accountability D/UiControllerImpl: Injecting string: "Great!"
2022-08-03 11:08:34.404 27948-27948/com.cpen321group.accountability I/ViewInteraction: Performing 'close keyboard' action on view view.getId() is <2131296905/com.cpen321group.accountability:id/reviewcontentInput>
2022-08-03 11:08:37.711 27948-27948/com.cpen321group.accountability I/ViewInteraction: Performing 'single click' action on view view.getId() is <2131296493/com.cpen321group.accountability:id/create_button>
2022-08-03 11:08:37.779 27948-27997/com.cpen321group.accountability D/EGL_emulation: eglMakeCurrent: 0xe421ae40: ver 2 0 (tinfo 0xe420f9f0)
2022-08-03 11:08:37.896 27948-27997/com.cpen321group.accountability D/EGL_emulation: eglMakeCurrent: 0xe421ae40: ver 2 0 (tinfo 0xe420f9f0)
2022-08-03 11:08:37.999 27948-27948/com.cpen321group.accountability I/ViewInteraction: Checking 'com.cpen321group.accountability.FindAccountantTest$1@eec4ddd' assertion on view view.getRootView() to equal view
2022-08-03 11:08:38.000 27948-27948/com.cpen321group.accountability I/ViewInteraction: Checking 'MatchesViewAssertion{viewMatcher=(view has effective visibility <VISIBLE> and view.getGlobalVisibleRect() to return non-empty rectangle)}' assertion on view an instance of android.widget.TextView and view.getText() with or without transformation to match: is "Some necessary information missing!"
2022-08-03 11:08:38.004 27948-27948/com.cpen321group.accountability D/LifecycleMonitor: Lifecycle status change: androidx.fragment.app.testing.FragmentScenario$EmptyFragmentActivity@2131b20 in: DESTROYED
2022-08-03 11:08:38.004 27948-27948/com.cpen321group.accountability V/ActivityScenario: Update currentActivityStage to DESTROYED, currentActivity=null
2022-08-03 11:08:38.007 27948-27991/com.cpen321group.accountability I/TestRunner: finished: _i_addWithNoRateTest(com.cpen321group.accountability.FindAccountantTest)
2022-08-03 11:08:38.008 27948-27948/com.cpen321group.accountability I/MonitoringInstr: Activities that are still in CREATED to STOPPED: 4
2022-08-03 11:08:38.008 27948-27948/com.cpen321group.accountability I/MonitoringInstr: Finishing activity: com.cpen321group.accountability.mainscreen.chat.accountant.review.AddReviewActivity@a692cdc
2022-08-03 11:08:38.009 27948-27948/com.cpen321group.accountability I/MonitoringInstr: Finishing activity: androidx.fragment.app.testing.FragmentScenario$EmptyFragmentActivity@2f98524
2022-08-03 11:08:38.010 27948-27948/com.cpen321group.accountability I/MonitoringInstr: Finishing activity: androidx.test.core.app.InstrumentationActivityInvoker$BootstrapActivity@94ade33
2022-08-03 11:08:38.011 27948-27948/com.cpen321group.accountability I/MonitoringInstr: Finishing activity: com.cpen321group.accountability.mainscreen.chat.accountant.review.ReviewActivity@78943ef
2022-08-03 11:08:38.012 27948-27991/com.cpen321group.accountability I/MonitoringInstr: Unstopped activity count: 1
2022-08-03 11:08:38.013 27948-27948/com.cpen321group.accountability D/LifecycleMonitor: Lifecycle status change: com.cpen321group.accountability.mainscreen.chat.accountant.review.AddReviewActivity@a692cdc in: PAUSED
2022-08-03 11:08:38.013 27948-27948/com.cpen321group.accountability V/ActivityScenario: Activity lifecycle changed event received but ignored because the intent does not match. startActivityIntent=Intent { act=android.intent.action.MAIN cat=[android.intent.category.LAUNCHER] cmp=com.cpen321group.accountability/androidx.fragment.app.testing.FragmentScenario$EmptyFragmentActivity (has extras) }, activity.getIntent()=Intent { cmp=com.cpen321group.accountability/.mainscreen.chat.AddReviewActivity }, activity=com.cpen321group.accountability.mainscreen.chat.accountant.review.AddReviewActivity@a692cdc
2022-08-03 11:08:38.015 27948-27948/com.cpen321group.accountability D/LifecycleMonitor: Lifecycle status change: androidx.fragment.app.testing.FragmentScenario$EmptyFragmentActivity@2f98524 in: DESTROYED
2022-08-03 11:08:38.015 27948-27948/com.cpen321group.accountability V/ActivityScenario: Activity lifecycle changed event received but ignored because the intent does not match. startActivityIntent=Intent { act=android.intent.action.MAIN cat=[android.intent.category.LAUNCHER] cmp=com.cpen321group.accountability/androidx.fragment.app.testing.FragmentScenario$EmptyFragmentActivity (has extras) }, activity.getIntent()=Intent { act=android.intent.action.MAIN flg=0x10000000 cmp=com.cpen321group.accountability/androidx.fragment.app.testing.FragmentScenario$EmptyFragmentActivity }, activity=androidx.fragment.app.testing.FragmentScenario$EmptyFragmentActivity@2f98524
2022-08-03 11:08:38.019 27948-27948/com.cpen321group.accountability D/LifecycleMonitor: Lifecycle status change: androidx.test.core.app.InstrumentationActivityInvoker$BootstrapActivity@94ade33 in: DESTROYED
2022-08-03 11:08:38.019 27948-27948/com.cpen321group.accountability V/ActivityScenario: Activity lifecycle changed event received but ignored because the intent does not match. startActivityIntent=Intent { act=android.intent.action.MAIN cat=[android.intent.category.LAUNCHER] cmp=com.cpen321group.accountability/androidx.fragment.app.testing.FragmentScenario$EmptyFragmentActivity (has extras) }, activity.getIntent()=Intent { act=android.intent.action.MAIN cat=[android.intent.category.LAUNCHER] flg=0x10008000 cmp=com.cpen321group.accountability/androidx.test.core.app.InstrumentationActivityInvoker$BootstrapActivity (has extras) }, activity=androidx.test.core.app.InstrumentationActivityInvoker$BootstrapActivity@94ade33
2022-08-03 11:08:38.020 27948-27948/com.cpen321group.accountability D/LifecycleMonitor: Lifecycle status change: com.cpen321group.accountability.mainscreen.chat.accountant.review.ReviewActivity@78943ef in: DESTROYED
2022-08-03 11:08:38.020 27948-27948/com.cpen321group.accountability V/ActivityScenario: Activity lifecycle changed event received but ignored because the intent does not match. startActivityIntent=Intent { act=android.intent.action.MAIN cat=[android.intent.category.LAUNCHER] cmp=com.cpen321group.accountability/androidx.fragment.app.testing.FragmentScenario$EmptyFragmentActivity (has extras) }, activity.getIntent()=Intent { cmp=com.cpen321group.accountability/.mainscreen.chat.ReviewActivity }, activity=com.cpen321group.accountability.mainscreen.chat.accountant.review.ReviewActivity@78943ef
2022-08-03 11:08:38.063 27948-27991/com.cpen321group.accountability I/MonitoringInstr: Unstopped activity count: 1
2022-08-03 11:08:38.099 27948-27997/com.cpen321group.accountability D/EGL_emulation: eglMakeCurrent: 0xe421ae40: ver 2 0 (tinfo 0xe420f9f0)
2022-08-03 11:08:38.107 27948-27948/com.cpen321group.accountability D/LifecycleMonitor: Lifecycle status change: com.cpen321group.accountability.mainscreen.chat.accountant.review.AddReviewActivity@a692cdc in: STOPPED
2022-08-03 11:08:38.107 27948-27948/com.cpen321group.accountability V/ActivityScenario: Activity lifecycle changed event received but ignored because the intent does not match. startActivityIntent=Intent { act=android.intent.action.MAIN cat=[android.intent.category.LAUNCHER] cmp=com.cpen321group.accountability/androidx.fragment.app.testing.FragmentScenario$EmptyFragmentActivity (has extras) }, activity.getIntent()=Intent { cmp=com.cpen321group.accountability/.mainscreen.chat.AddReviewActivity }, activity=com.cpen321group.accountability.mainscreen.chat.accountant.review.AddReviewActivity@a692cdc
2022-08-03 11:08:38.111 27948-27948/com.cpen321group.accountability D/LifecycleMonitor: Lifecycle status change: com.cpen321group.accountability.mainscreen.chat.accountant.review.AddReviewActivity@a692cdc in: DESTROYED
2022-08-03 11:08:38.111 27948-27948/com.cpen321group.accountability V/ActivityScenario: Activity lifecycle changed event received but ignored because the intent does not match. startActivityIntent=Intent { act=android.intent.action.MAIN cat=[android.intent.category.LAUNCHER] cmp=com.cpen321group.accountability/androidx.fragment.app.testing.FragmentScenario$EmptyFragmentActivity (has extras) }, activity.getIntent()=Intent { cmp=com.cpen321group.accountability/.mainscreen.chat.AddReviewActivity }, activity=com.cpen321group.accountability.mainscreen.chat.accountant.review.AddReviewActivity@a692cdc
2022-08-03 11:08:38.114 27948-27991/com.cpen321group.accountability I/TestRunner: started: _j_addWithNoContentTest(com.cpen321group.accountability.FindAccountantTest)
2022-08-03 11:08:38.124 27948-27991/com.cpen321group.accountability W/ActivityTestRule: getActivityIntent() returned null using default: Intent(Intent.ACTION_MAIN)
2022-08-03 11:08:38.137 27948-27948/com.cpen321group.accountability W/ActivityThread: handleWindowVisibility: no activity for token android.os.BinderProxy@4cd4403
2022-08-03 11:08:38.148 27948-27948/com.cpen321group.accountability D/LifecycleMonitor: Lifecycle status change: androidx.fragment.app.testing.FragmentScenario$EmptyFragmentActivity@d69307b in: PRE_ON_CREATE
2022-08-03 11:08:38.148 27948-27948/com.cpen321group.accountability V/ActivityScenario: Activity lifecycle changed event received but ignored because the intent does not match. startActivityIntent=Intent { act=android.intent.action.MAIN cat=[android.intent.category.LAUNCHER] cmp=com.cpen321group.accountability/androidx.fragment.app.testing.FragmentScenario$EmptyFragmentActivity (has extras) }, activity.getIntent()=Intent { act=android.intent.action.MAIN flg=0x10000000 cmp=com.cpen321group.accountability/androidx.fragment.app.testing.FragmentScenario$EmptyFragmentActivity }, activity=androidx.fragment.app.testing.FragmentScenario$EmptyFragmentActivity@d69307b
2022-08-03 11:08:38.157 27948-27948/com.cpen321group.accountability D/LifecycleMonitor: Lifecycle status change: androidx.fragment.app.testing.FragmentScenario$EmptyFragmentActivity@d69307b in: CREATED
2022-08-03 11:08:38.157 27948-27948/com.cpen321group.accountability V/ActivityScenario: Activity lifecycle changed event received but ignored because the intent does not match. startActivityIntent=Intent { act=android.intent.action.MAIN cat=[android.intent.category.LAUNCHER] cmp=com.cpen321group.accountability/androidx.fragment.app.testing.FragmentScenario$EmptyFragmentActivity (has extras) }, activity.getIntent()=Intent { act=android.intent.action.MAIN flg=0x10000000 cmp=com.cpen321group.accountability/androidx.fragment.app.testing.FragmentScenario$EmptyFragmentActivity }, activity=androidx.fragment.app.testing.FragmentScenario$EmptyFragmentActivity@d69307b
2022-08-03 11:08:38.158 27948-27948/com.cpen321group.accountability D/LifecycleMonitor: Lifecycle status change: androidx.fragment.app.testing.FragmentScenario$EmptyFragmentActivity@d69307b in: STARTED
2022-08-03 11:08:38.158 27948-27948/com.cpen321group.accountability V/ActivityScenario: Activity lifecycle changed event received but ignored because the intent does not match. startActivityIntent=Intent { act=android.intent.action.MAIN cat=[android.intent.category.LAUNCHER] cmp=com.cpen321group.accountability/androidx.fragment.app.testing.FragmentScenario$EmptyFragmentActivity (has extras) }, activity.getIntent()=Intent { act=android.intent.action.MAIN flg=0x10000000 cmp=com.cpen321group.accountability/androidx.fragment.app.testing.FragmentScenario$EmptyFragmentActivity }, activity=androidx.fragment.app.testing.FragmentScenario$EmptyFragmentActivity@d69307b
2022-08-03 11:08:38.159 27948-27948/com.cpen321group.accountability D/LifecycleMonitor: Lifecycle status change: androidx.fragment.app.testing.FragmentScenario$EmptyFragmentActivity@d69307b in: RESUMED
2022-08-03 11:08:38.159 27948-27948/com.cpen321group.accountability V/ActivityScenario: Activity lifecycle changed event received but ignored because the intent does not match. startActivityIntent=Intent { act=android.intent.action.MAIN cat=[android.intent.category.LAUNCHER] cmp=com.cpen321group.accountability/androidx.fragment.app.testing.FragmentScenario$EmptyFragmentActivity (has extras) }, activity.getIntent()=Intent { act=android.intent.action.MAIN flg=0x10000000 cmp=com.cpen321group.accountability/androidx.fragment.app.testing.FragmentScenario$EmptyFragmentActivity }, activity=androidx.fragment.app.testing.FragmentScenario$EmptyFragmentActivity@d69307b
2022-08-03 11:08:38.204 27948-27997/com.cpen321group.accountability D/EGL_emulation: eglMakeCurrent: 0xe421ae40: ver 2 0 (tinfo 0xe420f9f0)
2022-08-03 11:08:38.239 27948-27991/com.cpen321group.accountability W/Settings: Setting always_finish_activities has moved from android.provider.Settings.System to android.provider.Settings.Global, returning read-only value.
2022-08-03 11:08:38.257 27948-27948/com.cpen321group.accountability D/LifecycleMonitor: Lifecycle status change: androidx.fragment.app.testing.FragmentScenario$EmptyFragmentActivity@d69307b in: PAUSED
2022-08-03 11:08:38.257 27948-27948/com.cpen321group.accountability V/ActivityScenario: Activity lifecycle changed event received but ignored because the intent does not match. startActivityIntent=Intent { act=android.intent.action.MAIN cat=[android.intent.category.LAUNCHER] cmp=com.cpen321group.accountability/androidx.fragment.app.testing.FragmentScenario$EmptyFragmentActivity (has extras) }, activity.getIntent()=Intent { act=android.intent.action.MAIN flg=0x10000000 cmp=com.cpen321group.accountability/androidx.fragment.app.testing.FragmentScenario$EmptyFragmentActivity }, activity=androidx.fragment.app.testing.FragmentScenario$EmptyFragmentActivity@d69307b
2022-08-03 11:08:38.257 27948-27948/com.cpen321group.accountability V/ActivityScenario: Activity lifecycle changed event received but ignored because the intent does not match. startActivityIntent=Intent { act=android.intent.action.MAIN cat=[android.intent.category.LAUNCHER] cmp=com.cpen321group.accountability/androidx.fragment.app.testing.FragmentScenario$EmptyFragmentActivity (has extras) }, activity.getIntent()=Intent { act=android.intent.action.MAIN flg=0x10000000 cmp=com.cpen321group.accountability/androidx.fragment.app.testing.FragmentScenario$EmptyFragmentActivity }, activity=androidx.fragment.app.testing.FragmentScenario$EmptyFragmentActivity@d69307b
2022-08-03 11:08:38.260 27948-27948/com.cpen321group.accountability W/ActivityThread: handleWindowVisibility: no activity for token android.os.BinderProxy@af7f8f8
2022-08-03 11:08:38.284 27948-27948/com.cpen321group.accountability D/LifecycleMonitor: Lifecycle status change: androidx.test.core.app.InstrumentationActivityInvoker$BootstrapActivity@c466436 in: PRE_ON_CREATE
2022-08-03 11:08:38.284 27948-27948/com.cpen321group.accountability V/ActivityScenario: Activity lifecycle changed event received but ignored because the intent does not match. startActivityIntent=Intent { act=android.intent.action.MAIN cat=[android.intent.category.LAUNCHER] cmp=com.cpen321group.accountability/androidx.fragment.app.testing.FragmentScenario$EmptyFragmentActivity (has extras) }, activity.getIntent()=Intent { act=android.intent.action.MAIN cat=[android.intent.category.LAUNCHER] flg=0x10008000 cmp=com.cpen321group.accountability/androidx.test.core.app.InstrumentationActivityInvoker$BootstrapActivity (has extras) }, activity=androidx.test.core.app.InstrumentationActivityInvoker$BootstrapActivity@c466436
2022-08-03 11:08:38.284 27948-27948/com.cpen321group.accountability V/ActivityScenario: Activity lifecycle changed event received but ignored because the intent does not match. startActivityIntent=Intent { act=android.intent.action.MAIN cat=[android.intent.category.LAUNCHER] cmp=com.cpen321group.accountability/androidx.fragment.app.testing.FragmentScenario$EmptyFragmentActivity (has extras) }, activity.getIntent()=Intent { act=android.intent.action.MAIN cat=[android.intent.category.LAUNCHER] flg=0x10008000 cmp=com.cpen321group.accountability/androidx.test.core.app.InstrumentationActivityInvoker$BootstrapActivity (has extras) }, activity=androidx.test.core.app.InstrumentationActivityInvoker$BootstrapActivity@c466436
2022-08-03 11:08:38.287 27948-27948/com.cpen321group.accountability D/LifecycleMonitor: Lifecycle status change: androidx.test.core.app.InstrumentationActivityInvoker$BootstrapActivity@c466436 in: CREATED
2022-08-03 11:08:38.287 27948-27948/com.cpen321group.accountability V/ActivityScenario: Activity lifecycle changed event received but ignored because the intent does not match. startActivityIntent=Intent { act=android.intent.action.MAIN cat=[android.intent.category.LAUNCHER] cmp=com.cpen321group.accountability/androidx.fragment.app.testing.FragmentScenario$EmptyFragmentActivity (has extras) }, activity.getIntent()=Intent { act=android.intent.action.MAIN cat=[android.intent.category.LAUNCHER] flg=0x10008000 cmp=com.cpen321group.accountability/androidx.test.core.app.InstrumentationActivityInvoker$BootstrapActivity (has extras) }, activity=androidx.test.core.app.InstrumentationActivityInvoker$BootstrapActivity@c466436
2022-08-03 11:08:38.287 27948-27948/com.cpen321group.accountability V/ActivityScenario: Activity lifecycle changed event received but ignored because the intent does not match. startActivityIntent=Intent { act=android.intent.action.MAIN cat=[android.intent.category.LAUNCHER] cmp=com.cpen321group.accountability/androidx.fragment.app.testing.FragmentScenario$EmptyFragmentActivity (has extras) }, activity.getIntent()=Intent { act=android.intent.action.MAIN cat=[android.intent.category.LAUNCHER] flg=0x10008000 cmp=com.cpen321group.accountability/androidx.test.core.app.InstrumentationActivityInvoker$BootstrapActivity (has extras) }, activity=androidx.test.core.app.InstrumentationActivityInvoker$BootstrapActivity@c466436
2022-08-03 11:08:38.288 27948-27948/com.cpen321group.accountability D/LifecycleMonitor: Lifecycle status change: androidx.test.core.app.InstrumentationActivityInvoker$BootstrapActivity@c466436 in: STARTED
2022-08-03 11:08:38.288 27948-27948/com.cpen321group.accountability V/ActivityScenario: Activity lifecycle changed event received but ignored because the intent does not match. startActivityIntent=Intent { act=android.intent.action.MAIN cat=[android.intent.category.LAUNCHER] cmp=com.cpen321group.accountability/androidx.fragment.app.testing.FragmentScenario$EmptyFragmentActivity (has extras) }, activity.getIntent()=Intent { act=android.intent.action.MAIN cat=[android.intent.category.LAUNCHER] flg=0x10008000 cmp=com.cpen321group.accountability/androidx.test.core.app.InstrumentationActivityInvoker$BootstrapActivity (has extras) }, activity=androidx.test.core.app.InstrumentationActivityInvoker$BootstrapActivity@c466436
2022-08-03 11:08:38.288 27948-27948/com.cpen321group.accountability V/ActivityScenario: Activity lifecycle changed event received but ignored because the intent does not match. startActivityIntent=Intent { act=android.intent.action.MAIN cat=[android.intent.category.LAUNCHER] cmp=com.cpen321group.accountability/androidx.fragment.app.testing.FragmentScenario$EmptyFragmentActivity (has extras) }, activity.getIntent()=Intent { act=android.intent.action.MAIN cat=[android.intent.category.LAUNCHER] flg=0x10008000 cmp=com.cpen321group.accountability/androidx.test.core.app.InstrumentationActivityInvoker$BootstrapActivity (has extras) }, activity=androidx.test.core.app.InstrumentationActivityInvoker$BootstrapActivity@c466436
2022-08-03 11:08:38.294 27948-27948/com.cpen321group.accountability D/LifecycleMonitor: Lifecycle status change: androidx.test.core.app.InstrumentationActivityInvoker$BootstrapActivity@c466436 in: RESUMED
2022-08-03 11:08:38.294 27948-27948/com.cpen321group.accountability V/ActivityScenario: Activity lifecycle changed event received but ignored because the intent does not match. startActivityIntent=Intent { act=android.intent.action.MAIN cat=[android.intent.category.LAUNCHER] cmp=com.cpen321group.accountability/androidx.fragment.app.testing.FragmentScenario$EmptyFragmentActivity (has extras) }, activity.getIntent()=Intent { act=android.intent.action.MAIN cat=[android.intent.category.LAUNCHER] flg=0x10008000 cmp=com.cpen321group.accountability/androidx.test.core.app.InstrumentationActivityInvoker$BootstrapActivity (has extras) }, activity=androidx.test.core.app.InstrumentationActivityInvoker$BootstrapActivity@c466436
2022-08-03 11:08:38.294 27948-27948/com.cpen321group.accountability V/ActivityScenario: Activity lifecycle changed event received but ignored because the intent does not match. startActivityIntent=Intent { act=android.intent.action.MAIN cat=[android.intent.category.LAUNCHER] cmp=com.cpen321group.accountability/androidx.fragment.app.testing.FragmentScenario$EmptyFragmentActivity (has extras) }, activity.getIntent()=Intent { act=android.intent.action.MAIN cat=[android.intent.category.LAUNCHER] flg=0x10008000 cmp=com.cpen321group.accountability/androidx.test.core.app.InstrumentationActivityInvoker$BootstrapActivity (has extras) }, activity=androidx.test.core.app.InstrumentationActivityInvoker$BootstrapActivity@c466436
2022-08-03 11:08:38.297 27948-27948/com.cpen321group.accountability D/LifecycleMonitor: Lifecycle status change: androidx.test.core.app.InstrumentationActivityInvoker$BootstrapActivity@c466436 in: PAUSED
2022-08-03 11:08:38.297 27948-27948/com.cpen321group.accountability V/ActivityScenario: Activity lifecycle changed event received but ignored because the intent does not match. startActivityIntent=Intent { act=android.intent.action.MAIN cat=[android.intent.category.LAUNCHER] cmp=com.cpen321group.accountability/androidx.fragment.app.testing.FragmentScenario$EmptyFragmentActivity (has extras) }, activity.getIntent()=Intent { act=android.intent.action.MAIN cat=[android.intent.category.LAUNCHER] flg=0x10008000 cmp=com.cpen321group.accountability/androidx.test.core.app.InstrumentationActivityInvoker$BootstrapActivity (has extras) }, activity=androidx.test.core.app.InstrumentationActivityInvoker$BootstrapActivity@c466436
2022-08-03 11:08:38.297 27948-27948/com.cpen321group.accountability V/ActivityScenario: Activity lifecycle changed event received but ignored because the intent does not match. startActivityIntent=Intent { act=android.intent.action.MAIN cat=[android.intent.category.LAUNCHER] cmp=com.cpen321group.accountability/androidx.fragment.app.testing.FragmentScenario$EmptyFragmentActivity (has extras) }, activity.getIntent()=Intent { act=android.intent.action.MAIN cat=[android.intent.category.LAUNCHER] flg=0x10008000 cmp=com.cpen321group.accountability/androidx.test.core.app.InstrumentationActivityInvoker$BootstrapActivity (has extras) }, activity=androidx.test.core.app.InstrumentationActivityInvoker$BootstrapActivity@c466436
2022-08-03 11:08:38.305 27948-27948/com.cpen321group.accountability W/ActivityThread: handleWindowVisibility: no activity for token android.os.BinderProxy@588ee2f
2022-08-03 11:08:38.309 27948-27948/com.cpen321group.accountability D/LifecycleMonitor: Lifecycle status change: androidx.fragment.app.testing.FragmentScenario$EmptyFragmentActivity@ad27427 in: PRE_ON_CREATE
2022-08-03 11:08:38.309 27948-27948/com.cpen321group.accountability V/ActivityScenario: Activity lifecycle changed event received but ignored because the reported transition was not ON_CREATE while the last known transition was DESTROYED
2022-08-03 11:08:38.309 27948-27948/com.cpen321group.accountability V/ActivityScenario: Activity lifecycle changed event received but ignored because the reported transition was not ON_CREATE while the last known transition was PRE_ON_CREATE
2022-08-03 11:08:38.312 27948-27948/com.cpen321group.accountability D/LifecycleMonitor: Lifecycle status change: androidx.fragment.app.testing.FragmentScenario$EmptyFragmentActivity@ad27427 in: CREATED
2022-08-03 11:08:38.312 27948-27948/com.cpen321group.accountability V/ActivityScenario: Update currentActivityStage to CREATED, currentActivity=androidx.fragment.app.testing.FragmentScenario$EmptyFragmentActivity@ad27427
2022-08-03 11:08:38.312 27948-27948/com.cpen321group.accountability V/ActivityScenario: Update currentActivityStage to CREATED, currentActivity=androidx.fragment.app.testing.FragmentScenario$EmptyFragmentActivity@ad27427
2022-08-03 11:08:38.314 27948-27948/com.cpen321group.accountability D/LifecycleMonitor: Lifecycle status change: androidx.fragment.app.testing.FragmentScenario$EmptyFragmentActivity@ad27427 in: STARTED
2022-08-03 11:08:38.314 27948-27948/com.cpen321group.accountability V/ActivityScenario: Update currentActivityStage to STARTED, currentActivity=androidx.fragment.app.testing.FragmentScenario$EmptyFragmentActivity@ad27427
2022-08-03 11:08:38.314 27948-27948/com.cpen321group.accountability V/ActivityScenario: Update currentActivityStage to STARTED, currentActivity=androidx.fragment.app.testing.FragmentScenario$EmptyFragmentActivity@ad27427
2022-08-03 11:08:38.314 27948-27948/com.cpen321group.accountability D/LifecycleMonitor: Lifecycle status change: androidx.fragment.app.testing.FragmentScenario$EmptyFragmentActivity@ad27427 in: RESUMED
2022-08-03 11:08:38.314 27948-27948/com.cpen321group.accountability V/ActivityScenario: Update currentActivityStage to RESUMED, currentActivity=androidx.fragment.app.testing.FragmentScenario$EmptyFragmentActivity@ad27427
2022-08-03 11:08:38.314 27948-27948/com.cpen321group.accountability V/ActivityScenario: Update currentActivityStage to RESUMED, currentActivity=androidx.fragment.app.testing.FragmentScenario$EmptyFragmentActivity@ad27427
2022-08-03 11:08:38.319 27948-27948/com.cpen321group.accountability D/LifecycleMonitor: Lifecycle status change: androidx.test.core.app.InstrumentationActivityInvoker$BootstrapActivity@c466436 in: STOPPED
2022-08-03 11:08:38.322 27948-27948/com.cpen321group.accountability V/ActivityScenario: Activity lifecycle changed event received but ignored because the intent does not match. startActivityIntent=Intent { act=android.intent.action.MAIN cat=[android.intent.category.LAUNCHER] cmp=com.cpen321group.accountability/androidx.fragment.app.testing.FragmentScenario$EmptyFragmentActivity (has extras) }, activity.getIntent()=Intent { act=android.intent.action.MAIN cat=[android.intent.category.LAUNCHER] flg=0x10008000 cmp=com.cpen321group.accountability/androidx.test.core.app.InstrumentationActivityInvoker$BootstrapActivity (has extras) }, activity=androidx.test.core.app.InstrumentationActivityInvoker$BootstrapActivity@c466436
2022-08-03 11:08:38.323 27948-27948/com.cpen321group.accountability V/ActivityScenario: Activity lifecycle changed event received but ignored because the intent does not match. startActivityIntent=Intent { act=android.intent.action.MAIN cat=[android.intent.category.LAUNCHER] cmp=com.cpen321group.accountability/androidx.fragment.app.testing.FragmentScenario$EmptyFragmentActivity (has extras) }, activity.getIntent()=Intent { act=android.intent.action.MAIN cat=[android.intent.category.LAUNCHER] flg=0x10008000 cmp=com.cpen321group.accountability/androidx.test.core.app.InstrumentationActivityInvoker$BootstrapActivity (has extras) }, activity=androidx.test.core.app.InstrumentationActivityInvoker$BootstrapActivity@c466436
2022-08-03 11:08:38.326 27948-27997/com.cpen321group.accountability D/EGL_emulation: eglMakeCurrent: 0xe421ae40: ver 2 0 (tinfo 0xe420f9f0)
2022-08-03 11:08:38.327 27948-27948/com.cpen321group.accountability D/LifecycleMonitor: Lifecycle status change: androidx.fragment.app.testing.FragmentScenario$EmptyFragmentActivity@d69307b in: STOPPED
2022-08-03 11:08:38.327 27948-27948/com.cpen321group.accountability V/ActivityScenario: Activity lifecycle changed event received but ignored because the intent does not match. startActivityIntent=Intent { act=android.intent.action.MAIN cat=[android.intent.category.LAUNCHER] cmp=com.cpen321group.accountability/androidx.fragment.app.testing.FragmentScenario$EmptyFragmentActivity (has extras) }, activity.getIntent()=Intent { act=android.intent.action.MAIN flg=0x10000000 cmp=com.cpen321group.accountability/androidx.fragment.app.testing.FragmentScenario$EmptyFragmentActivity }, activity=androidx.fragment.app.testing.FragmentScenario$EmptyFragmentActivity@d69307b
2022-08-03 11:08:38.327 27948-27948/com.cpen321group.accountability V/ActivityScenario: Activity lifecycle changed event received but ignored because the intent does not match. startActivityIntent=Intent { act=android.intent.action.MAIN cat=[android.intent.category.LAUNCHER] cmp=com.cpen321group.accountability/androidx.fragment.app.testing.FragmentScenario$EmptyFragmentActivity (has extras) }, activity.getIntent()=Intent { act=android.intent.action.MAIN flg=0x10000000 cmp=com.cpen321group.accountability/androidx.fragment.app.testing.FragmentScenario$EmptyFragmentActivity }, activity=androidx.fragment.app.testing.FragmentScenario$EmptyFragmentActivity@d69307b
2022-08-03 11:08:38.341 27948-27997/com.cpen321group.accountability D/EGL_emulation: eglMakeCurrent: 0xe421ae40: ver 2 0 (tinfo 0xe420f9f0)
2022-08-03 11:08:38.398 27948-27948/com.cpen321group.accountability I/ViewInteraction: Performing 'wait for 5000milliseconds' action on view view.getRootView() to equal view
2022-08-03 11:08:40.653 27948-27948/com.cpen321group.accountability D/getAccountant: "455937552go"
2022-08-03 11:08:40.653 27948-27948/com.cpen321group.accountability D/getAccountant: "David"
2022-08-03 11:08:40.653 27948-27948/com.cpen321group.accountability D/getAccountant: "111791232409232840405go"
2022-08-03 11:08:40.653 27948-27948/com.cpen321group.accountability D/getAccountant: "Wilson"
2022-08-03 11:08:40.653 27948-27948/com.cpen321group.accountability D/getAccountant: "12345678007fb"
2022-08-03 11:08:40.653 27948-27948/com.cpen321group.accountability D/getAccountant: "Harry"
2022-08-03 11:08:40.654 27948-27948/com.cpen321group.accountability D/getAccountant: "972516927478726fb"
2022-08-03 11:08:40.654 27948-27948/com.cpen321group.accountability D/getAccountant: "Vicky"
2022-08-03 11:08:43.402 27948-27948/com.cpen321group.accountability I/ViewInteraction: Performing 'scroll RecyclerView to position: 0' action on view view.getId() is <2131296440/com.cpen321group.accountability:id/chat_recycler>
2022-08-03 11:08:43.413 27948-27948/com.cpen321group.accountability I/ViewInteraction: Performing 'actionOnItemAtPosition performing ViewAction: Click on a child view with specified id. on item at position: 0' action on view view.getId() is <2131296440/com.cpen321group.accountability:id/chat_recycler>
2022-08-03 11:08:43.436 27948-27948/com.cpen321group.accountability D/LifecycleMonitor: Lifecycle status change: androidx.fragment.app.testing.FragmentScenario$EmptyFragmentActivity@ad27427 in: PAUSED
2022-08-03 11:08:43.436 27948-27948/com.cpen321group.accountability V/ActivityScenario: Update currentActivityStage to PAUSED, currentActivity=androidx.fragment.app.testing.FragmentScenario$EmptyFragmentActivity@ad27427
2022-08-03 11:08:43.436 27948-27948/com.cpen321group.accountability V/ActivityScenario: Update currentActivityStage to PAUSED, currentActivity=androidx.fragment.app.testing.FragmentScenario$EmptyFragmentActivity@ad27427
2022-08-03 11:08:43.438 27948-27948/com.cpen321group.accountability W/ActivityThread: handleWindowVisibility: no activity for token android.os.BinderProxy@ccfc831
