2022-08-03 11:07:14.882 27948-27948/com.cpen321group.accountability V/ActivityScenario: Activity lifecycle changed event received but ignored because the intent does not match. startActivityIntent=Intent { act=android.intent.action.MAIN cat=[android.intent.category.LAUNCHER] cmp=com.cpen321group.accountability/androidx.fragment.app.testing.FragmentScenario$EmptyFragmentActivity (has extras) }, activity.getIntent()=Intent { act=android.intent.action.MAIN flg=0x10000000 cmp=com.cpen321group.accountability/androidx.fragment.app.testing.FragmentScenario$EmptyFragmentActivity }, activity=androidx.fragment.app.testing.FragmentScenario$EmptyFragmentActivity@cec4ef2
2022-08-03 11:07:14.932 27948-27991/com.cpen321group.accountability I/MonitoringInstr: Unstopped activity count: 1
2022-08-03 11:07:14.954 27948-27997/com.cpen321group.accountability D/EGL_emulation: eglMakeCurrent: 0xe421ae40: ver 2 0 (tinfo 0xe420f9f0)
2022-08-03 11:07:14.960 27948-27948/com.cpen321group.accountability D/LifecycleMonitor: Lifecycle status change: androidx.fragment.app.testing.FragmentScenario$EmptyFragmentActivity@cec4ef2 in: STOPPED
2022-08-03 11:07:14.960 27948-27948/com.cpen321group.accountability V/ActivityScenario: Activity lifecycle changed event received but ignored because the intent does not match. startActivityIntent=Intent { act=android.intent.action.MAIN cat=[android.intent.category.LAUNCHER] cmp=com.cpen321group.accountability/androidx.fragment.app.testing.FragmentScenario$EmptyFragmentActivity (has extras) }, activity.getIntent()=Intent { act=android.intent.action.MAIN flg=0x10000000 cmp=com.cpen321group.accountability/androidx.fragment.app.testing.FragmentScenario$EmptyFragmentActivity }, activity=androidx.fragment.app.testing.FragmentScenario$EmptyFragmentActivity@cec4ef2
2022-08-03 11:07:14.960 27948-27948/com.cpen321group.accountability I/chatty: uid=10136(com.cpen321group.accountability) identical 1 line
2022-08-03 11:07:14.960 27948-27948/com.cpen321group.accountability V/ActivityScenario: Activity lifecycle changed event received but ignored because the intent does not match. startActivityIntent=Intent { act=android.intent.action.MAIN cat=[android.intent.category.LAUNCHER] cmp=com.cpen321group.accountability/androidx.fragment.app.testing.FragmentScenario$EmptyFragmentActivity (has extras) }, activity.getIntent()=Intent { act=android.intent.action.MAIN flg=0x10000000 cmp=com.cpen321group.accountability/androidx.fragment.app.testing.FragmentScenario$EmptyFragmentActivity }, activity=androidx.fragment.app.testing.FragmentScenario$EmptyFragmentActivity@cec4ef2
2022-08-03 11:07:14.968 27948-27948/com.cpen321group.accountability D/LifecycleMonitor: Lifecycle status change: androidx.fragment.app.testing.FragmentScenario$EmptyFragmentActivity@cec4ef2 in: DESTROYED
2022-08-03 11:07:14.968 27948-27948/com.cpen321group.accountability V/ActivityScenario: Activity lifecycle changed event received but ignored because the intent does not match. startActivityIntent=Intent { act=android.intent.action.MAIN cat=[android.intent.category.LAUNCHER] cmp=com.cpen321group.accountability/androidx.fragment.app.testing.FragmentScenario$EmptyFragmentActivity (has extras) }, activity.getIntent()=Intent { act=android.intent.action.MAIN flg=0x10000000 cmp=com.cpen321group.accountability/androidx.fragment.app.testing.FragmentScenario$EmptyFragmentActivity }, activity=androidx.fragment.app.testing.FragmentScenario$EmptyFragmentActivity@cec4ef2
2022-08-03 11:07:14.968 27948-27948/com.cpen321group.accountability I/chatty: uid=10136(com.cpen321group.accountability) identical 1 line
2022-08-03 11:07:14.968 27948-27948/com.cpen321group.accountability V/ActivityScenario: Activity lifecycle changed event received but ignored because the intent does not match. startActivityIntent=Intent { act=android.intent.action.MAIN cat=[android.intent.category.LAUNCHER] cmp=com.cpen321group.accountability/androidx.fragment.app.testing.FragmentScenario$EmptyFragmentActivity (has extras) }, activity.getIntent()=Intent { act=android.intent.action.MAIN flg=0x10000000 cmp=com.cpen321group.accountability/androidx.fragment.app.testing.FragmentScenario$EmptyFragmentActivity }, activity=androidx.fragment.app.testing.FragmentScenario$EmptyFragmentActivity@cec4ef2
2022-08-03 11:07:14.984 27948-27991/com.cpen321group.accountability I/TestRunner: started: _c_sendRequestTest(com.cpen321group.accountability.FindAccountantTest)
2022-08-03 11:07:14.985 27948-27991/com.cpen321group.accountability W/ActivityTestRule: getActivityIntent() returned null using default: Intent(Intent.ACTION_MAIN)
2022-08-03 11:07:15.003 27948-27948/com.cpen321group.accountability W/ActivityThread: handleWindowVisibility: no activity for token android.os.BinderProxy@a6cfe1e
2022-08-03 11:07:15.005 27948-27948/com.cpen321group.accountability D/LifecycleMonitor: Lifecycle status change: androidx.fragment.app.testing.FragmentScenario$EmptyFragmentActivity@86cb2f6 in: PRE_ON_CREATE
2022-08-03 11:07:15.005 27948-27948/com.cpen321group.accountability V/ActivityScenario: Activity lifecycle changed event received but ignored because the intent does not match. startActivityIntent=Intent { act=android.intent.action.MAIN cat=[android.intent.category.LAUNCHER] cmp=com.cpen321group.accountability/androidx.fragment.app.testing.FragmentScenario$EmptyFragmentActivity (has extras) }, activity.getIntent()=Intent { act=android.intent.action.MAIN flg=0x10000000 cmp=com.cpen321group.accountability/androidx.fragment.app.testing.FragmentScenario$EmptyFragmentActivity }, activity=androidx.fragment.app.testing.FragmentScenario$EmptyFragmentActivity@86cb2f6
2022-08-03 11:07:15.005 27948-27948/com.cpen321group.accountability I/chatty: uid=10136(com.cpen321group.accountability) identical 1 line
2022-08-03 11:07:15.006 27948-27948/com.cpen321group.accountability V/ActivityScenario: Activity lifecycle changed event received but ignored because the intent does not match. startActivityIntent=Intent { act=android.intent.action.MAIN cat=[android.intent.category.LAUNCHER] cmp=com.cpen321group.accountability/androidx.fragment.app.testing.FragmentScenario$EmptyFragmentActivity (has extras) }, activity.getIntent()=Intent { act=android.intent.action.MAIN flg=0x10000000 cmp=com.cpen321group.accountability/androidx.fragment.app.testing.FragmentScenario$EmptyFragmentActivity }, activity=androidx.fragment.app.testing.FragmentScenario$EmptyFragmentActivity@86cb2f6
2022-08-03 11:07:15.034 27948-27948/com.cpen321group.accountability D/LifecycleMonitor: Lifecycle status change: androidx.fragment.app.testing.FragmentScenario$EmptyFragmentActivity@86cb2f6 in: CREATED
2022-08-03 11:07:15.034 27948-27948/com.cpen321group.accountability V/ActivityScenario: Activity lifecycle changed event received but ignored because the intent does not match. startActivityIntent=Intent { act=android.intent.action.MAIN cat=[android.intent.category.LAUNCHER] cmp=com.cpen321group.accountability/androidx.fragment.app.testing.FragmentScenario$EmptyFragmentActivity (has extras) }, activity.getIntent()=Intent { act=android.intent.action.MAIN flg=0x10000000 cmp=com.cpen321group.accountability/androidx.fragment.app.testing.FragmentScenario$EmptyFragmentActivity }, activity=androidx.fragment.app.testing.FragmentScenario$EmptyFragmentActivity@86cb2f6
2022-08-03 11:07:15.034 27948-27948/com.cpen321group.accountability I/chatty: uid=10136(com.cpen321group.accountability) identical 1 line
2022-08-03 11:07:15.034 27948-27948/com.cpen321group.accountability V/ActivityScenario: Activity lifecycle changed event received but ignored because the intent does not match. startActivityIntent=Intent { act=android.intent.action.MAIN cat=[android.intent.category.LAUNCHER] cmp=com.cpen321group.accountability/androidx.fragment.app.testing.FragmentScenario$EmptyFragmentActivity (has extras) }, activity.getIntent()=Intent { act=android.intent.action.MAIN flg=0x10000000 cmp=com.cpen321group.accountability/androidx.fragment.app.testing.FragmentScenario$EmptyFragmentActivity }, activity=androidx.fragment.app.testing.FragmentScenario$EmptyFragmentActivity@86cb2f6
2022-08-03 11:07:15.040 27948-27948/com.cpen321group.accountability D/LifecycleMonitor: Lifecycle status change: androidx.fragment.app.testing.FragmentScenario$EmptyFragmentActivity@86cb2f6 in: STARTED
2022-08-03 11:07:15.040 27948-27948/com.cpen321group.accountability V/ActivityScenario: Activity lifecycle changed event received but ignored because the intent does not match. startActivityIntent=Intent { act=android.intent.action.MAIN cat=[android.intent.category.LAUNCHER] cmp=com.cpen321group.accountability/androidx.fragment.app.testing.FragmentScenario$EmptyFragmentActivity (has extras) }, activity.getIntent()=Intent { act=android.intent.action.MAIN flg=0x10000000 cmp=com.cpen321group.accountability/androidx.fragment.app.testing.FragmentScenario$EmptyFragmentActivity }, activity=androidx.fragment.app.testing.FragmentScenario$EmptyFragmentActivity@86cb2f6
2022-08-03 11:07:15.040 27948-27948/com.cpen321group.accountability I/chatty: uid=10136(com.cpen321group.accountability) identical 1 line
2022-08-03 11:07:15.040 27948-27948/com.cpen321group.accountability V/ActivityScenario: Activity lifecycle changed event received but ignored because the intent does not match. startActivityIntent=Intent { act=android.intent.action.MAIN cat=[android.intent.category.LAUNCHER] cmp=com.cpen321group.accountability/androidx.fragment.app.testing.FragmentScenario$EmptyFragmentActivity (has extras) }, activity.getIntent()=Intent { act=android.intent.action.MAIN flg=0x10000000 cmp=com.cpen321group.accountability/androidx.fragment.app.testing.FragmentScenario$EmptyFragmentActivity }, activity=androidx.fragment.app.testing.FragmentScenario$EmptyFragmentActivity@86cb2f6
2022-08-03 11:07:15.041 27948-27948/com.cpen321group.accountability D/LifecycleMonitor: Lifecycle status change: androidx.fragment.app.testing.FragmentScenario$EmptyFragmentActivity@86cb2f6 in: RESUMED
2022-08-03 11:07:15.041 27948-27948/com.cpen321group.accountability V/ActivityScenario: Activity lifecycle changed event received but ignored because the intent does not match. startActivityIntent=Intent { act=android.intent.action.MAIN cat=[android.intent.category.LAUNCHER] cmp=com.cpen321group.accountability/androidx.fragment.app.testing.FragmentScenario$EmptyFragmentActivity (has extras) }, activity.getIntent()=Intent { act=android.intent.action.MAIN flg=0x10000000 cmp=com.cpen321group.accountability/androidx.fragment.app.testing.FragmentScenario$EmptyFragmentActivity }, activity=androidx.fragment.app.testing.FragmentScenario$EmptyFragmentActivity@86cb2f6
2022-08-03 11:07:15.041 27948-27948/com.cpen321group.accountability I/chatty: uid=10136(com.cpen321group.accountability) identical 1 line
2022-08-03 11:07:15.041 27948-27948/com.cpen321group.accountability V/ActivityScenario: Activity lifecycle changed event received but ignored because the intent does not match. startActivityIntent=Intent { act=android.intent.action.MAIN cat=[android.intent.category.LAUNCHER] cmp=com.cpen321group.accountability/androidx.fragment.app.testing.FragmentScenario$EmptyFragmentActivity (has extras) }, activity.getIntent()=Intent { act=android.intent.action.MAIN flg=0x10000000 cmp=com.cpen321group.accountability/androidx.fragment.app.testing.FragmentScenario$EmptyFragmentActivity }, activity=androidx.fragment.app.testing.FragmentScenario$EmptyFragmentActivity@86cb2f6
2022-08-03 11:07:15.090 27948-27997/com.cpen321group.accountability D/EGL_emulation: eglMakeCurrent: 0xe421ae40: ver 2 0 (tinfo 0xe420f9f0)
2022-08-03 11:07:15.125 27948-27991/com.cpen321group.accountability W/Settings: Setting always_finish_activities has moved from android.provider.Settings.System to android.provider.Settings.Global, returning read-only value.
2022-08-03 11:07:15.136 27948-27948/com.cpen321group.accountability D/LifecycleMonitor: Lifecycle status change: androidx.fragment.app.testing.FragmentScenario$EmptyFragmentActivity@86cb2f6 in: PAUSED
2022-08-03 11:07:15.136 27948-27948/com.cpen321group.accountability V/ActivityScenario: Activity lifecycle changed event received but ignored because the intent does not match. startActivityIntent=Intent { act=android.intent.action.MAIN cat=[android.intent.category.LAUNCHER] cmp=com.cpen321group.accountability/androidx.fragment.app.testing.FragmentScenario$EmptyFragmentActivity (has extras) }, activity.getIntent()=Intent { act=android.intent.action.MAIN flg=0x10000000 cmp=com.cpen321group.accountability/androidx.fragment.app.testing.FragmentScenario$EmptyFragmentActivity }, activity=androidx.fragment.app.testing.FragmentScenario$EmptyFragmentActivity@86cb2f6
2022-08-03 11:07:15.136 27948-27948/com.cpen321group.accountability I/chatty: uid=10136(com.cpen321group.accountability) identical 2 lines
2022-08-03 11:07:15.137 27948-27948/com.cpen321group.accountability V/ActivityScenario: Activity lifecycle changed event received but ignored because the intent does not match. startActivityIntent=Intent { act=android.intent.action.MAIN cat=[android.intent.category.LAUNCHER] cmp=com.cpen321group.accountability/androidx.fragment.app.testing.FragmentScenario$EmptyFragmentActivity (has extras) }, activity.getIntent()=Intent { act=android.intent.action.MAIN flg=0x10000000 cmp=com.cpen321group.accountability/androidx.fragment.app.testing.FragmentScenario$EmptyFragmentActivity }, activity=androidx.fragment.app.testing.FragmentScenario$EmptyFragmentActivity@86cb2f6
2022-08-03 11:07:15.139 27948-27948/com.cpen321group.accountability W/ActivityThread: handleWindowVisibility: no activity for token android.os.BinderProxy@d5670df
2022-08-03 11:07:15.143 27948-27948/com.cpen321group.accountability D/LifecycleMonitor: Lifecycle status change: androidx.test.core.app.InstrumentationActivityInvoker$BootstrapActivity@75487f5 in: PRE_ON_CREATE
2022-08-03 11:07:15.143 27948-27948/com.cpen321group.accountability V/ActivityScenario: Activity lifecycle changed event received but ignored because the intent does not match. startActivityIntent=Intent { act=android.intent.action.MAIN cat=[android.intent.category.LAUNCHER] cmp=com.cpen321group.accountability/androidx.fragment.app.testing.FragmentScenario$EmptyFragmentActivity (has extras) }, activity.getIntent()=Intent { act=android.intent.action.MAIN cat=[android.intent.category.LAUNCHER] flg=0x10008000 cmp=com.cpen321group.accountability/androidx.test.core.app.InstrumentationActivityInvoker$BootstrapActivity (has extras) }, activity=androidx.test.core.app.InstrumentationActivityInvoker$BootstrapActivity@75487f5
2022-08-03 11:07:15.144 27948-27948/com.cpen321group.accountability I/chatty: uid=10136(com.cpen321group.accountability) identical 2 lines
2022-08-03 11:07:15.144 27948-27948/com.cpen321group.accountability V/ActivityScenario: Activity lifecycle changed event received but ignored because the intent does not match. startActivityIntent=Intent { act=android.intent.action.MAIN cat=[android.intent.category.LAUNCHER] cmp=com.cpen321group.accountability/androidx.fragment.app.testing.FragmentScenario$EmptyFragmentActivity (has extras) }, activity.getIntent()=Intent { act=android.intent.action.MAIN cat=[android.intent.category.LAUNCHER] flg=0x10008000 cmp=com.cpen321group.accountability/androidx.test.core.app.InstrumentationActivityInvoker$BootstrapActivity (has extras) }, activity=androidx.test.core.app.InstrumentationActivityInvoker$BootstrapActivity@75487f5
2022-08-03 11:07:15.147 27948-27948/com.cpen321group.accountability D/LifecycleMonitor: Lifecycle status change: androidx.test.core.app.InstrumentationActivityInvoker$BootstrapActivity@75487f5 in: CREATED
2022-08-03 11:07:15.147 27948-27948/com.cpen321group.accountability V/ActivityScenario: Activity lifecycle changed event received but ignored because the intent does not match. startActivityIntent=Intent { act=android.intent.action.MAIN cat=[android.intent.category.LAUNCHER] cmp=com.cpen321group.accountability/androidx.fragment.app.testing.FragmentScenario$EmptyFragmentActivity (has extras) }, activity.getIntent()=Intent { act=android.intent.action.MAIN cat=[android.intent.category.LAUNCHER] flg=0x10008000 cmp=com.cpen321group.accountability/androidx.test.core.app.InstrumentationActivityInvoker$BootstrapActivity (has extras) }, activity=androidx.test.core.app.InstrumentationActivityInvoker$BootstrapActivity@75487f5
2022-08-03 11:07:15.147 27948-27948/com.cpen321group.accountability I/chatty: uid=10136(com.cpen321group.accountability) identical 2 lines
2022-08-03 11:07:15.147 27948-27948/com.cpen321group.accountability V/ActivityScenario: Activity lifecycle changed event received but ignored because the intent does not match. startActivityIntent=Intent { act=android.intent.action.MAIN cat=[android.intent.category.LAUNCHER] cmp=com.cpen321group.accountability/androidx.fragment.app.testing.FragmentScenario$EmptyFragmentActivity (has extras) }, activity.getIntent()=Intent { act=android.intent.action.MAIN cat=[android.intent.category.LAUNCHER] flg=0x10008000 cmp=com.cpen321group.accountability/androidx.test.core.app.InstrumentationActivityInvoker$BootstrapActivity (has extras) }, activity=androidx.test.core.app.InstrumentationActivityInvoker$BootstrapActivity@75487f5
2022-08-03 11:07:15.158 27948-27948/com.cpen321group.accountability D/LifecycleMonitor: Lifecycle status change: androidx.test.core.app.InstrumentationActivityInvoker$BootstrapActivity@75487f5 in: STARTED
2022-08-03 11:07:15.158 27948-27948/com.cpen321group.accountability V/ActivityScenario: Activity lifecycle changed event received but ignored because the intent does not match. startActivityIntent=Intent { act=android.intent.action.MAIN cat=[android.intent.category.LAUNCHER] cmp=com.cpen321group.accountability/androidx.fragment.app.testing.FragmentScenario$EmptyFragmentActivity (has extras) }, activity.getIntent()=Intent { act=android.intent.action.MAIN cat=[android.intent.category.LAUNCHER] flg=0x10008000 cmp=com.cpen321group.accountability/androidx.test.core.app.InstrumentationActivityInvoker$BootstrapActivity (has extras) }, activity=androidx.test.core.app.InstrumentationActivityInvoker$BootstrapActivity@75487f5
2022-08-03 11:07:15.158 27948-27948/com.cpen321group.accountability I/chatty: uid=10136(com.cpen321group.accountability) identical 2 lines
2022-08-03 11:07:15.158 27948-27948/com.cpen321group.accountability V/ActivityScenario: Activity lifecycle changed event received but ignored because the intent does not match. startActivityIntent=Intent { act=android.intent.action.MAIN cat=[android.intent.category.LAUNCHER] cmp=com.cpen321group.accountability/androidx.fragment.app.testing.FragmentScenario$EmptyFragmentActivity (has extras) }, activity.getIntent()=Intent { act=android.intent.action.MAIN cat=[android.intent.category.LAUNCHER] flg=0x10008000 cmp=com.cpen321group.accountability/androidx.test.core.app.InstrumentationActivityInvoker$BootstrapActivity (has extras) }, activity=androidx.test.core.app.InstrumentationActivityInvoker$BootstrapActivity@75487f5
2022-08-03 11:07:15.161 27948-27948/com.cpen321group.accountability D/LifecycleMonitor: Lifecycle status change: androidx.test.core.app.InstrumentationActivityInvoker$BootstrapActivity@75487f5 in: RESUMED
2022-08-03 11:07:15.161 27948-27948/com.cpen321group.accountability V/ActivityScenario: Activity lifecycle changed event received but ignored because the intent does not match. startActivityIntent=Intent { act=android.intent.action.MAIN cat=[android.intent.category.LAUNCHER] cmp=com.cpen321group.accountability/androidx.fragment.app.testing.FragmentScenario$EmptyFragmentActivity (has extras) }, activity.getIntent()=Intent { act=android.intent.action.MAIN cat=[android.intent.category.LAUNCHER] flg=0x10008000 cmp=com.cpen321group.accountability/androidx.test.core.app.InstrumentationActivityInvoker$BootstrapActivity (has extras) }, activity=androidx.test.core.app.InstrumentationActivityInvoker$BootstrapActivity@75487f5
2022-08-03 11:07:15.161 27948-27948/com.cpen321group.accountability I/chatty: uid=10136(com.cpen321group.accountability) identical 2 lines
2022-08-03 11:07:15.161 27948-27948/com.cpen321group.accountability V/ActivityScenario: Activity lifecycle changed event received but ignored because the intent does not match. startActivityIntent=Intent { act=android.intent.action.MAIN cat=[android.intent.category.LAUNCHER] cmp=com.cpen321group.accountability/androidx.fragment.app.testing.FragmentScenario$EmptyFragmentActivity (has extras) }, activity.getIntent()=Intent { act=android.intent.action.MAIN cat=[android.intent.category.LAUNCHER] flg=0x10008000 cmp=com.cpen321group.accountability/androidx.test.core.app.InstrumentationActivityInvoker$BootstrapActivity (has extras) }, activity=androidx.test.core.app.InstrumentationActivityInvoker$BootstrapActivity@75487f5
2022-08-03 11:07:15.163 27948-27948/com.cpen321group.accountability D/LifecycleMonitor: Lifecycle status change: androidx.test.core.app.InstrumentationActivityInvoker$BootstrapActivity@75487f5 in: PAUSED
2022-08-03 11:07:15.163 27948-27948/com.cpen321group.accountability V/ActivityScenario: Activity lifecycle changed event received but ignored because the intent does not match. startActivityIntent=Intent { act=android.intent.action.MAIN cat=[android.intent.category.LAUNCHER] cmp=com.cpen321group.accountability/androidx.fragment.app.testing.FragmentScenario$EmptyFragmentActivity (has extras) }, activity.getIntent()=Intent { act=android.intent.action.MAIN cat=[android.intent.category.LAUNCHER] flg=0x10008000 cmp=com.cpen321group.accountability/androidx.test.core.app.InstrumentationActivityInvoker$BootstrapActivity (has extras) }, activity=androidx.test.core.app.InstrumentationActivityInvoker$BootstrapActivity@75487f5
2022-08-03 11:07:15.163 27948-27948/com.cpen321group.accountability I/chatty: uid=10136(com.cpen321group.accountability) identical 2 lines
2022-08-03 11:07:15.163 27948-27948/com.cpen321group.accountability V/ActivityScenario: Activity lifecycle changed event received but ignored because the intent does not match. startActivityIntent=Intent { act=android.intent.action.MAIN cat=[android.intent.category.LAUNCHER] cmp=com.cpen321group.accountability/androidx.fragment.app.testing.FragmentScenario$EmptyFragmentActivity (has extras) }, activity.getIntent()=Intent { act=android.intent.action.MAIN cat=[android.intent.category.LAUNCHER] flg=0x10008000 cmp=com.cpen321group.accountability/androidx.test.core.app.InstrumentationActivityInvoker$BootstrapActivity (has extras) }, activity=androidx.test.core.app.InstrumentationActivityInvoker$BootstrapActivity@75487f5
2022-08-03 11:07:15.165 27948-27948/com.cpen321group.accountability W/ActivityThread: handleWindowVisibility: no activity for token android.os.BinderProxy@2deefe2
2022-08-03 11:07:15.183 27948-27948/com.cpen321group.accountability D/LifecycleMonitor: Lifecycle status change: androidx.fragment.app.testing.FragmentScenario$EmptyFragmentActivity@2ea993a in: PRE_ON_CREATE
2022-08-03 11:07:15.183 27948-27948/com.cpen321group.accountability V/ActivityScenario: Activity lifecycle changed event received but ignored because the reported transition was not ON_CREATE while the last known transition was DESTROYED
2022-08-03 11:07:15.183 27948-27948/com.cpen321group.accountability I/chatty: uid=10136(com.cpen321group.accountability) identical 1 line
2022-08-03 11:07:15.183 27948-27948/com.cpen321group.accountability V/ActivityScenario: Activity lifecycle changed event received but ignored because the reported transition was not ON_CREATE while the last known transition was DESTROYED
2022-08-03 11:07:15.183 27948-27948/com.cpen321group.accountability V/ActivityScenario: Activity lifecycle changed event received but ignored because the reported transition was not ON_CREATE while the last known transition was PRE_ON_CREATE
2022-08-03 11:07:15.191 27948-27948/com.cpen321group.accountability D/LifecycleMonitor: Lifecycle status change: androidx.fragment.app.testing.FragmentScenario$EmptyFragmentActivity@2ea993a in: CREATED
2022-08-03 11:07:15.192 27948-27948/com.cpen321group.accountability V/ActivityScenario: Update currentActivityStage to CREATED, currentActivity=androidx.fragment.app.testing.FragmentScenario$EmptyFragmentActivity@2ea993a
2022-08-03 11:07:15.192 27948-27948/com.cpen321group.accountability I/chatty: uid=10136(com.cpen321group.accountability) identical 2 lines
2022-08-03 11:07:15.192 27948-27948/com.cpen321group.accountability V/ActivityScenario: Update currentActivityStage to CREATED, currentActivity=androidx.fragment.app.testing.FragmentScenario$EmptyFragmentActivity@2ea993a
2022-08-03 11:07:15.193 27948-27948/com.cpen321group.accountability D/LifecycleMonitor: Lifecycle status change: androidx.fragment.app.testing.FragmentScenario$EmptyFragmentActivity@2ea993a in: STARTED
2022-08-03 11:07:15.193 27948-27948/com.cpen321group.accountability V/ActivityScenario: Update currentActivityStage to STARTED, currentActivity=androidx.fragment.app.testing.FragmentScenario$EmptyFragmentActivity@2ea993a
2022-08-03 11:07:15.193 27948-27948/com.cpen321group.accountability I/chatty: uid=10136(com.cpen321group.accountability) identical 2 lines
2022-08-03 11:07:15.193 27948-27948/com.cpen321group.accountability V/ActivityScenario: Update currentActivityStage to STARTED, currentActivity=androidx.fragment.app.testing.FragmentScenario$EmptyFragmentActivity@2ea993a
2022-08-03 11:07:15.194 27948-27948/com.cpen321group.accountability D/LifecycleMonitor: Lifecycle status change: androidx.fragment.app.testing.FragmentScenario$EmptyFragmentActivity@2ea993a in: RESUMED
2022-08-03 11:07:15.194 27948-27948/com.cpen321group.accountability V/ActivityScenario: Update currentActivityStage to RESUMED, currentActivity=androidx.fragment.app.testing.FragmentScenario$EmptyFragmentActivity@2ea993a
2022-08-03 11:07:15.194 27948-27948/com.cpen321group.accountability I/chatty: uid=10136(com.cpen321group.accountability) identical 2 lines
2022-08-03 11:07:15.194 27948-27948/com.cpen321group.accountability V/ActivityScenario: Update currentActivityStage to RESUMED, currentActivity=androidx.fragment.app.testing.FragmentScenario$EmptyFragmentActivity@2ea993a
2022-08-03 11:07:15.236 27948-27997/com.cpen321group.accountability D/EGL_emulation: eglMakeCurrent: 0xe421ae40: ver 2 0 (tinfo 0xe420f9f0)
2022-08-03 11:07:15.282 27948-27948/com.cpen321group.accountability D/LifecycleMonitor: Lifecycle status change: androidx.test.core.app.InstrumentationActivityInvoker$BootstrapActivity@75487f5 in: STOPPED
2022-08-03 11:07:15.282 27948-27948/com.cpen321group.accountability V/ActivityScenario: Activity lifecycle changed event received but ignored because the intent does not match. startActivityIntent=Intent { act=android.intent.action.MAIN cat=[android.intent.category.LAUNCHER] cmp=com.cpen321group.accountability/androidx.fragment.app.testing.FragmentScenario$EmptyFragmentActivity (has extras) }, activity.getIntent()=Intent { act=android.intent.action.MAIN cat=[android.intent.category.LAUNCHER] flg=0x10008000 cmp=com.cpen321group.accountability/androidx.test.core.app.InstrumentationActivityInvoker$BootstrapActivity (has extras) }, activity=androidx.test.core.app.InstrumentationActivityInvoker$BootstrapActivity@75487f5
2022-08-03 11:07:15.282 27948-27948/com.cpen321group.accountability I/chatty: uid=10136(com.cpen321group.accountability) identical 2 lines
2022-08-03 11:07:15.282 27948-27948/com.cpen321group.accountability V/ActivityScenario: Activity lifecycle changed event received but ignored because the intent does not match. startActivityIntent=Intent { act=android.intent.action.MAIN cat=[android.intent.category.LAUNCHER] cmp=com.cpen321group.accountability/androidx.fragment.app.testing.FragmentScenario$EmptyFragmentActivity (has extras) }, activity.getIntent()=Intent { act=android.intent.action.MAIN cat=[android.intent.category.LAUNCHER] flg=0x10008000 cmp=com.cpen321group.accountability/androidx.test.core.app.InstrumentationActivityInvoker$BootstrapActivity (has extras) }, activity=androidx.test.core.app.InstrumentationActivityInvoker$BootstrapActivity@75487f5
2022-08-03 11:07:15.285 27948-27948/com.cpen321group.accountability D/LifecycleMonitor: Lifecycle status change: androidx.fragment.app.testing.FragmentScenario$EmptyFragmentActivity@86cb2f6 in: STOPPED
2022-08-03 11:07:15.287 27948-27948/com.cpen321group.accountability V/ActivityScenario: Activity lifecycle changed event received but ignored because the intent does not match. startActivityIntent=Intent { act=android.intent.action.MAIN cat=[android.intent.category.LAUNCHER] cmp=com.cpen321group.accountability/androidx.fragment.app.testing.FragmentScenario$EmptyFragmentActivity (has extras) }, activity.getIntent()=Intent { act=android.intent.action.MAIN flg=0x10000000 cmp=com.cpen321group.accountability/androidx.fragment.app.testing.FragmentScenario$EmptyFragmentActivity }, activity=androidx.fragment.app.testing.FragmentScenario$EmptyFragmentActivity@86cb2f6
2022-08-03 11:07:15.287 27948-27948/com.cpen321group.accountability I/chatty: uid=10136(com.cpen321group.accountability) identical 2 lines
2022-08-03 11:07:15.287 27948-27948/com.cpen321group.accountability V/ActivityScenario: Activity lifecycle changed event received but ignored because the intent does not match. startActivityIntent=Intent { act=android.intent.action.MAIN cat=[android.intent.category.LAUNCHER] cmp=com.cpen321group.accountability/androidx.fragment.app.testing.FragmentScenario$EmptyFragmentActivity (has extras) }, activity.getIntent()=Intent { act=android.intent.action.MAIN flg=0x10000000 cmp=com.cpen321group.accountability/androidx.fragment.app.testing.FragmentScenario$EmptyFragmentActivity }, activity=androidx.fragment.app.testing.FragmentScenario$EmptyFragmentActivity@86cb2f6
2022-08-03 11:07:15.301 27948-27948/com.cpen321group.accountability I/ViewInteraction: Performing 'wait for 5000milliseconds' action on view view.getRootView() to equal view
2022-08-03 11:07:17.927 27948-27948/com.cpen321group.accountability D/getAccountant: "455937552go"
2022-08-03 11:07:17.927 27948-27948/com.cpen321group.accountability D/getAccountant: "David"
2022-08-03 11:07:17.927 27948-27948/com.cpen321group.accountability D/getAccountant: "111791232409232840405go"
2022-08-03 11:07:17.927 27948-27948/com.cpen321group.accountability D/getAccountant: "Wilson"
2022-08-03 11:07:17.927 27948-27948/com.cpen321group.accountability D/getAccountant: "12345678007fb"
2022-08-03 11:07:17.927 27948-27948/com.cpen321group.accountability D/getAccountant: "Harry"
2022-08-03 11:07:17.927 27948-27948/com.cpen321group.accountability D/getAccountant: "972516927478726fb"
2022-08-03 11:07:17.927 27948-27948/com.cpen321group.accountability D/getAccountant: "Vicky"
2022-08-03 11:07:20.307 27948-27948/com.cpen321group.accountability I/ViewInteraction: Performing 'scroll RecyclerView to position: 0' action on view view.getId() is <2131296440/com.cpen321group.accountability:id/chat_recycler>
2022-08-03 11:07:20.317 27948-27948/com.cpen321group.accountability I/ViewInteraction: Performing 'actionOnItemAtPosition performing ViewAction: Click on a child view with specified id. on item at position: 0' action on view view.getId() is <2131296440/com.cpen321group.accountability:id/chat_recycler>
2022-08-03 11:07:21.939 27948-27948/com.cpen321group.accountability D/AccountantSetting: Response{protocol=http/1.1, code=400, message=Bad Request, url=http://20.104.57.27:8000/messaging/conversation?account1Id=113718834621290930015go&account2Id=455937552go}
2022-08-03 11:07:22.234 27948-27948/com.cpen321group.accountability D/getRoomId: "62d75d9c6ad3fbb4407dc6c0"
2022-08-03 11:07:23.359 27948-27948/com.cpen321group.accountability D/LifecycleMonitor: Lifecycle status change: androidx.fragment.app.testing.FragmentScenario$EmptyFragmentActivity@2ea993a in: PAUSED
2022-08-03 11:07:23.360 27948-27948/com.cpen321group.accountability V/ActivityScenario: Update currentActivityStage to PAUSED, currentActivity=androidx.fragment.app.testing.FragmentScenario$EmptyFragmentActivity@2ea993a
2022-08-03 11:07:23.360 27948-27948/com.cpen321group.accountability I/chatty: uid=10136(com.cpen321group.accountability) identical 2 lines
2022-08-03 11:07:23.360 27948-27948/com.cpen321group.accountability V/ActivityScenario: Update currentActivityStage to PAUSED, currentActivity=androidx.fragment.app.testing.FragmentScenario$EmptyFragmentActivity@2ea993a
2022-08-03 11:07:23.362 27948-27948/com.cpen321group.accountability W/ActivityThread: handleWindowVisibility: no activity for token android.os.BinderProxy@8fdaa1a
2022-08-03 11:07:23.374 27948-27948/com.cpen321group.accountability D/LifecycleMonitor: Lifecycle status change: com.cpen321group.accountability.mainscreen.chat.chatroom.ChattingActivity@497d6c3 in: PRE_ON_CREATE
2022-08-03 11:07:23.374 27948-27948/com.cpen321group.accountability V/ActivityScenario: Activity lifecycle changed event received but ignored because the intent does not match. startActivityIntent=Intent { act=android.intent.action.MAIN cat=[android.intent.category.LAUNCHER] cmp=com.cpen321group.accountability/androidx.fragment.app.testing.FragmentScenario$EmptyFragmentActivity (has extras) }, activity.getIntent()=Intent { cmp=com.cpen321group.accountability/.mainscreen.chat.ChattingActivity }, activity=com.cpen321group.accountability.mainscreen.chat.chatroom.ChattingActivity@497d6c3
2022-08-03 11:07:23.374 27948-27948/com.cpen321group.accountability I/chatty: uid=10136(com.cpen321group.accountability) identical 2 lines
2022-08-03 11:07:23.374 27948-27948/com.cpen321group.accountability V/ActivityScenario: Activity lifecycle changed event received but ignored because the intent does not match. startActivityIntent=Intent { act=android.intent.action.MAIN cat=[android.intent.category.LAUNCHER] cmp=com.cpen321group.accountability/androidx.fragment.app.testing.FragmentScenario$EmptyFragmentActivity (has extras) }, activity.getIntent()=Intent { cmp=com.cpen321group.accountability/.mainscreen.chat.ChattingActivity }, activity=com.cpen321group.accountability.mainscreen.chat.chatroom.ChattingActivity@497d6c3
2022-08-03 11:07:23.381 27948-27948/com.cpen321group.accountability W/.accountabilit: Accessing hidden method Landroid/view/View;->computeFitSystemWindows(Landroid/graphics/Rect;Landroid/graphics/Rect;)Z (greylist, reflection, allowed)
2022-08-03 11:07:23.382 27948-27948/com.cpen321group.accountability W/.accountabilit: Accessing hidden method Landroid/view/ViewGroup;->makeOptionalFitsSystemWindows()V (greylist, reflection, allowed)
2022-08-03 11:07:23.411 27948-27948/com.cpen321group.accountability D/LifecycleMonitor: Lifecycle status change: com.cpen321group.accountability.mainscreen.chat.chatroom.ChattingActivity@497d6c3 in: CREATED
2022-08-03 11:07:23.411 27948-27948/com.cpen321group.accountability V/ActivityScenario: Activity lifecycle changed event received but ignored because the intent does not match. startActivityIntent=Intent { act=android.intent.action.MAIN cat=[android.intent.category.LAUNCHER] cmp=com.cpen321group.accountability/androidx.fragment.app.testing.FragmentScenario$EmptyFragmentActivity (has extras) }, activity.getIntent()=Intent { cmp=com.cpen321group.accountability/.mainscreen.chat.ChattingActivity }, activity=com.cpen321group.accountability.mainscreen.chat.chatroom.ChattingActivity@497d6c3
2022-08-03 11:07:23.411 27948-27948/com.cpen321group.accountability I/chatty: uid=10136(com.cpen321group.accountability) identical 2 lines
2022-08-03 11:07:23.411 27948-27948/com.cpen321group.accountability V/ActivityScenario: Activity lifecycle changed event received but ignored because the intent does not match. startActivityIntent=Intent { act=android.intent.action.MAIN cat=[android.intent.category.LAUNCHER] cmp=com.cpen321group.accountability/androidx.fragment.app.testing.FragmentScenario$EmptyFragmentActivity (has extras) }, activity.getIntent()=Intent { cmp=com.cpen321group.accountability/.mainscreen.chat.ChattingActivity }, activity=com.cpen321group.accountability.mainscreen.chat.chatroom.ChattingActivity@497d6c3
2022-08-03 11:07:23.412 27948-27948/com.cpen321group.accountability D/LifecycleMonitor: Lifecycle status change: com.cpen321group.accountability.mainscreen.chat.chatroom.ChattingActivity@497d6c3 in: STARTED
2022-08-03 11:07:23.412 27948-27948/com.cpen321group.accountability V/ActivityScenario: Activity lifecycle changed event received but ignored because the intent does not match. startActivityIntent=Intent { act=android.intent.action.MAIN cat=[android.intent.category.LAUNCHER] cmp=com.cpen321group.accountability/androidx.fragment.app.testing.FragmentScenario$EmptyFragmentActivity (has extras) }, activity.getIntent()=Intent { cmp=com.cpen321group.accountability/.mainscreen.chat.ChattingActivity }, activity=com.cpen321group.accountability.mainscreen.chat.chatroom.ChattingActivity@497d6c3
2022-08-03 11:07:23.412 27948-27948/com.cpen321group.accountability I/chatty: uid=10136(com.cpen321group.accountability) identical 2 lines
2022-08-03 11:07:23.412 27948-27948/com.cpen321group.accountability V/ActivityScenario: Activity lifecycle changed event received but ignored because the intent does not match. startActivityIntent=Intent { act=android.intent.action.MAIN cat=[android.intent.category.LAUNCHER] cmp=com.cpen321group.accountability/androidx.fragment.app.testing.FragmentScenario$EmptyFragmentActivity (has extras) }, activity.getIntent()=Intent { cmp=com.cpen321group.accountability/.mainscreen.chat.ChattingActivity }, activity=com.cpen321group.accountability.mainscreen.chat.chatroom.ChattingActivity@497d6c3
2022-08-03 11:07:23.413 27948-27948/com.cpen321group.accountability D/LifecycleMonitor: Lifecycle status change: com.cpen321group.accountability.mainscreen.chat.chatroom.ChattingActivity@497d6c3 in: RESUMED
2022-08-03 11:07:23.413 27948-27948/com.cpen321group.accountability V/ActivityScenario: Activity lifecycle changed event received but ignored because the intent does not match. startActivityIntent=Intent { act=android.intent.action.MAIN cat=[android.intent.category.LAUNCHER] cmp=com.cpen321group.accountability/androidx.fragment.app.testing.FragmentScenario$EmptyFragmentActivity (has extras) }, activity.getIntent()=Intent { cmp=com.cpen321group.accountability/.mainscreen.chat.ChattingActivity }, activity=com.cpen321group.accountability.mainscreen.chat.chatroom.ChattingActivity@497d6c3
2022-08-03 11:07:23.414 27948-27948/com.cpen321group.accountability I/chatty: uid=10136(com.cpen321group.accountability) identical 2 lines
2022-08-03 11:07:23.414 27948-27948/com.cpen321group.accountability V/ActivityScenario: Activity lifecycle changed event received but ignored because the intent does not match. startActivityIntent=Intent { act=android.intent.action.MAIN cat=[android.intent.category.LAUNCHER] cmp=com.cpen321group.accountability/androidx.fragment.app.testing.FragmentScenario$EmptyFragmentActivity (has extras) }, activity.getIntent()=Intent { cmp=com.cpen321group.accountability/.mainscreen.chat.ChattingActivity }, activity=com.cpen321group.accountability.mainscreen.chat.chatroom.ChattingActivity@497d6c3
2022-08-03 11:07:23.428 27948-27948/com.cpen321group.accountability W/.accountabilit: Accessing hidden method Landroid/view/View;->getViewRootImpl()Landroid/view/ViewRootImpl; (greylist, reflection, allowed)
2022-08-03 11:07:23.428 27948-27948/com.cpen321group.accountability W/.accountabilit: Accessing hidden field Landroid/view/View$AttachInfo;->mVisibleInsets:Landroid/graphics/Rect; (greylist, reflection, allowed)
2022-08-03 11:07:23.428 27948-27948/com.cpen321group.accountability W/.accountabilit: Accessing hidden field Landroid/view/ViewRootImpl;->mAttachInfo:Landroid/view/View$AttachInfo; (greylist, reflection, allowed)
2022-08-03 11:07:23.447 27948-27997/com.cpen321group.accountability D/EGL_emulation: eglMakeCurrent: 0xe421ae40: ver 2 0 (tinfo 0xe420f9f0)
2022-08-03 11:07:23.454 27948-27997/com.cpen321group.accountability D/EGL_emulation: eglMakeCurrent: 0xe421ae40: ver 2 0 (tinfo 0xe420f9f0)
2022-08-03 11:07:23.457 27948-27997/com.cpen321group.accountability D/EGL_emulation: eglMakeCurrent: 0xe421ae40: ver 2 0 (tinfo 0xe420f9f0)
2022-08-03 11:07:23.498 27948-27948/com.cpen321group.accountability D/LifecycleMonitor: Lifecycle status change: androidx.fragment.app.testing.FragmentScenario$EmptyFragmentActivity@2ea993a in: STOPPED
2022-08-03 11:07:23.499 27948-27948/com.cpen321group.accountability V/ActivityScenario: Update currentActivityStage to STOPPED, currentActivity=androidx.fragment.app.testing.FragmentScenario$EmptyFragmentActivity@2ea993a
2022-08-03 11:07:23.499 27948-27948/com.cpen321group.accountability I/chatty: uid=10136(com.cpen321group.accountability) identical 2 lines
2022-08-03 11:07:23.499 27948-27948/com.cpen321group.accountability V/ActivityScenario: Update currentActivityStage to STOPPED, currentActivity=androidx.fragment.app.testing.FragmentScenario$EmptyFragmentActivity@2ea993a
2022-08-03 11:07:24.214 27948-27948/com.cpen321group.accountability D/updateFinish: java.lang.IllegalStateException: Expected a string but was BEGIN_OBJECT at line 1 column 2 path $
2022-08-03 11:07:24.286 27948-27948/com.cpen321group.accountability D/history: Response{protocol=http/1.1, code=200, message=OK, url=http://20.104.57.27:8000/messaging/message/62d75d9c6ad3fbb4407dc6c0}
2022-08-03 11:07:24.286 27948-27948/com.cpen321group.accountability D/history: "hi "
2022-08-03 11:07:24.286 27948-27948/com.cpen321group.accountability D/hisId: "113718834621290930015go"
2022-08-03 11:07:25.346 27948-27948/com.cpen321group.accountability I/ViewInteraction: Checking 'androidx.test.espresso.intent.Intents$2@8fd49a2' assertion on view view.getRootView() to equal view
2022-08-03 11:07:25.348 27948-27948/com.cpen321group.accountability I/ViewInteraction: Checking 'MatchesViewAssertion{viewMatcher=(view has effective visibility <VISIBLE> and view.getGlobalVisibleRect() to return non-empty rectangle)}' assertion on view view.getId() is <2131296952/com.cpen321group.accountability:id/send_button>
2022-08-03 11:07:25.350 27948-27948/com.cpen321group.accountability I/ViewInteraction: Checking 'MatchesViewAssertion{viewMatcher=(view has effective visibility <VISIBLE> and view.getGlobalVisibleRect() to return non-empty rectangle)}' assertion on view view.getId() is <2131297058/com.cpen321group.accountability:id/text_view>
2022-08-03 11:07:25.355 27948-27948/com.cpen321group.accountability D/LifecycleMonitor: Lifecycle status change: androidx.fragment.app.testing.FragmentScenario$EmptyFragmentActivity@2ea993a in: DESTROYED
2022-08-03 11:07:25.355 27948-27948/com.cpen321group.accountability V/ActivityScenario: Update currentActivityStage to DESTROYED, currentActivity=null
2022-08-03 11:07:25.355 27948-27948/com.cpen321group.accountability I/chatty: uid=10136(com.cpen321group.accountability) identical 2 lines
2022-08-03 11:07:25.355 27948-27948/com.cpen321group.accountability V/ActivityScenario: Update currentActivityStage to DESTROYED, currentActivity=null
2022-08-03 11:07:25.358 27948-27991/com.cpen321group.accountability I/TestRunner: finished: _c_sendRequestTest(com.cpen321group.accountability.FindAccountantTest)
2022-08-03 11:07:25.360 27948-27948/com.cpen321group.accountability I/MonitoringInstr: Activities that are still in CREATED to STOPPED: 3
2022-08-03 11:07:25.360 27948-27948/com.cpen321group.accountability I/MonitoringInstr: Finishing activity: com.cpen321group.accountability.mainscreen.chat.chatroom.ChattingActivity@497d6c3
2022-08-03 11:07:25.363 27948-27948/com.cpen321group.accountability I/MonitoringInstr: Finishing activity: androidx.fragment.app.testing.FragmentScenario$EmptyFragmentActivity@86cb2f6
2022-08-03 11:07:25.364 27948-27948/com.cpen321group.accountability I/MonitoringInstr: Finishing activity: androidx.test.core.app.InstrumentationActivityInvoker$BootstrapActivity@75487f5
2022-08-03 11:07:25.366 27948-27991/com.cpen321group.accountability I/MonitoringInstr: Unstopped activity count: 1
2022-08-03 11:07:25.367 27948-27948/com.cpen321group.accountability D/LifecycleMonitor: Lifecycle status change: com.cpen321group.accountability.mainscreen.chat.chatroom.ChattingActivity@497d6c3 in: PAUSED
2022-08-03 11:07:25.367 27948-27948/com.cpen321group.accountability V/ActivityScenario: Activity lifecycle changed event received but ignored because the intent does not match. startActivityIntent=Intent { act=android.intent.action.MAIN cat=[android.intent.category.LAUNCHER] cmp=com.cpen321group.accountability/androidx.fragment.app.testing.FragmentScenario$EmptyFragmentActivity (has extras) }, activity.getIntent()=Intent { cmp=com.cpen321group.accountability/.mainscreen.chat.ChattingActivity }, activity=com.cpen321group.accountability.mainscreen.chat.chatroom.ChattingActivity@497d6c3
2022-08-03 11:07:25.367 27948-27948/com.cpen321group.accountability I/chatty: uid=10136(com.cpen321group.accountability) identical 2 lines
2022-08-03 11:07:25.367 27948-27948/com.cpen321group.accountability V/ActivityScenario: Activity lifecycle changed event received but ignored because the intent does not match. startActivityIntent=Intent { act=android.intent.action.MAIN cat=[android.intent.category.LAUNCHER] cmp=com.cpen321group.accountability/androidx.fragment.app.testing.FragmentScenario$EmptyFragmentActivity (has extras) }, activity.getIntent()=Intent { cmp=com.cpen321group.accountability/.mainscreen.chat.ChattingActivity }, activity=com.cpen321group.accountability.mainscreen.chat.chatroom.ChattingActivity@497d6c3
2022-08-03 11:07:25.369 27948-27948/com.cpen321group.accountability D/LifecycleMonitor: Lifecycle status change: androidx.fragment.app.testing.FragmentScenario$EmptyFragmentActivity@86cb2f6 in: DESTROYED
2022-08-03 11:07:25.371 27948-27948/com.cpen321group.accountability V/ActivityScenario: Activity lifecycle changed event received but ignored because the intent does not match. startActivityIntent=Intent { act=android.intent.action.MAIN cat=[android.intent.category.LAUNCHER] cmp=com.cpen321group.accountability/androidx.fragment.app.testing.FragmentScenario$EmptyFragmentActivity (has extras) }, activity.getIntent()=Intent { act=android.intent.action.MAIN flg=0x10000000 cmp=com.cpen321group.accountability/androidx.fragment.app.testing.FragmentScenario$EmptyFragmentActivity }, activity=androidx.fragment.app.testing.FragmentScenario$EmptyFragmentActivity@86cb2f6
2022-08-03 11:07:25.371 27948-27948/com.cpen321group.accountability I/chatty: uid=10136(com.cpen321group.accountability) identical 2 lines
2022-08-03 11:07:25.371 27948-27948/com.cpen321group.accountability V/ActivityScenario: Activity lifecycle changed event received but ignored because the intent does not match. startActivityIntent=Intent { act=android.intent.action.MAIN cat=[android.intent.category.LAUNCHER] cmp=com.cpen321group.accountability/androidx.fragment.app.testing.FragmentScenario$EmptyFragmentActivity (has extras) }, activity.getIntent()=Intent { act=android.intent.action.MAIN flg=0x10000000 cmp=com.cpen321group.accountability/androidx.fragment.app.testing.FragmentScenario$EmptyFragmentActivity }, activity=androidx.fragment.app.testing.FragmentScenario$EmptyFragmentActivity@86cb2f6
2022-08-03 11:07:25.374 27948-27948/com.cpen321group.accountability D/LifecycleMonitor: Lifecycle status change: androidx.test.core.app.InstrumentationActivityInvoker$BootstrapActivity@75487f5 in: DESTROYED
2022-08-03 11:07:25.374 27948-27948/com.cpen321group.accountability V/ActivityScenario: Activity lifecycle changed event received but ignored because the intent does not match. startActivityIntent=Intent { act=android.intent.action.MAIN cat=[android.intent.category.LAUNCHER] cmp=com.cpen321group.accountability/androidx.fragment.app.testing.FragmentScenario$EmptyFragmentActivity (has extras) }, activity.getIntent()=Intent { act=android.intent.action.MAIN cat=[android.intent.category.LAUNCHER] flg=0x10008000 cmp=com.cpen321group.accountability/androidx.test.core.app.InstrumentationActivityInvoker$BootstrapActivity (has extras) }, activity=androidx.test.core.app.InstrumentationActivityInvoker$BootstrapActivity@75487f5
2022-08-03 11:07:25.374 27948-27948/com.cpen321group.accountability I/chatty: uid=10136(com.cpen321group.accountability) identical 2 lines
2022-08-03 11:07:25.374 27948-27948/com.cpen321group.accountability V/ActivityScenario: Activity lifecycle changed event received but ignored because the intent does not match. startActivityIntent=Intent { act=android.intent.action.MAIN cat=[android.intent.category.LAUNCHER] cmp=com.cpen321group.accountability/androidx.fragment.app.testing.FragmentScenario$EmptyFragmentActivity (has extras) }, activity.getIntent()=Intent { act=android.intent.action.MAIN cat=[android.intent.category.LAUNCHER] flg=0x10008000 cmp=com.cpen321group.accountability/androidx.test.core.app.InstrumentationActivityInvoker$BootstrapActivity (has extras) }, activity=androidx.test.core.app.InstrumentationActivityInvoker$BootstrapActivity@75487f5
2022-08-03 11:07:25.418 27948-27991/com.cpen321group.accountability I/MonitoringInstr: Unstopped activity count: 1
2022-08-03 11:07:25.430 27948-27997/com.cpen321group.accountability D/EGL_emulation: eglMakeCurrent: 0xe421ae40: ver 2 0 (tinfo 0xe420f9f0)
2022-08-03 11:07:25.441 27948-27948/com.cpen321group.accountability D/LifecycleMonitor: Lifecycle status change: com.cpen321group.accountability.mainscreen.chat.chatroom.ChattingActivity@497d6c3 in: STOPPED
