2022-08-03 11:07:06.969 27948-27948/? I/.accountabilit: Late-enabling -Xcheck:jni
2022-08-03 11:07:06.978 27948-27948/com.cpen321group.accountability E/.accountabilit: Unknown bits set in runtime_flags: 0x8000
2022-08-03 11:07:06.978 27948-27948/com.cpen321group.accountability W/.accountabilit: Unexpected CPU variant for X86 using defaults: x86
2022-08-03 11:07:07.000 27948-27948/com.cpen321group.accountability I/.accountabilit: The ClassLoaderContext is a special shared library.
2022-08-03 11:07:07.318 27948-27948/com.cpen321group.accountability I/chatty: uid=10136(com.cpen321group.accountability) identical 3 lines
2022-08-03 11:07:07.318 27948-27948/com.cpen321group.accountability I/.accountabilit: The ClassLoaderContext is a special shared library.
2022-08-03 11:07:07.613 27948-27948/com.cpen321group.accountability W/.accountabilit: Accessing hidden method Landroid/app/Instrumentation;->execStartActivity(Landroid/content/Context;Landroid/os/IBinder;Landroid/os/IBinder;Landroid/app/Activity;Landroid/content/Intent;ILandroid/os/Bundle;)Landroid/app/Instrumentation$ActivityResult; (greylist, linking, allowed)
2022-08-03 11:07:07.613 27948-27948/com.cpen321group.accountability W/.accountabilit: Accessing hidden method Landroid/app/Instrumentation;->execStartActivity(Landroid/content/Context;Landroid/os/IBinder;Landroid/os/IBinder;Ljava/lang/String;Landroid/content/Intent;ILandroid/os/Bundle;)Landroid/app/Instrumentation$ActivityResult; (greylist, linking, allowed)
2022-08-03 11:07:07.635 27948-27948/com.cpen321group.accountability W/com.facebook.UserSettingsManager: Please set a value for AutoLogAppEventsEnabled. Set the flag to TRUE if you want to collect app install, app launch and in-app purchase events automatically. To request user consent before collecting data, set the flag value to FALSE, then change to TRUE once user consent is received. Learn more: https://developers.facebook.com/docs/app-events/getting-started-app-events-android#disable-auto-events.
2022-08-03 11:07:07.635 27948-27948/com.cpen321group.accountability W/com.facebook.UserSettingsManager: You haven't set a value for AdvertiserIDCollectionEnabled. Set the flag to TRUE if you want to collect Advertiser ID for better advertising and analytics results. To request user consent before collecting data, set the flag value to FALSE, then change to TRUE once user consent is received. Learn more: https://developers.facebook.com/docs/app-events/getting-started-app-events-android#disable-auto-events.
2022-08-03 11:07:07.654 27948-27948/com.cpen321group.accountability I/MonitoringInstr: Instrumentation started!
2022-08-03 11:07:07.663 27948-27948/com.cpen321group.accountability V/TestEventClient: No service name argument was given (testDiscoveryService, testRunEventService or orchestratorService)
2022-08-03 11:07:07.666 27948-27984/com.cpen321group.accountability D/NetworkSecurityConfig: No Network Security Config specified, using platform default
2022-08-03 11:07:07.675 27948-27948/com.cpen321group.accountability I/MonitoringInstr: No JSBridge.
2022-08-03 11:07:07.687 27948-27991/com.cpen321group.accountability I/UsageTrackerFacilitator: Usage tracking enabled
2022-08-03 11:07:07.694 27948-27991/com.cpen321group.accountability D/TestExecutor: Adding listener androidx.test.internal.runner.listener.LogRunListener
2022-08-03 11:07:07.694 27948-27991/com.cpen321group.accountability D/TestExecutor: Adding listener androidx.test.internal.runner.listener.InstrumentationResultPrinter
2022-08-03 11:07:07.694 27948-27991/com.cpen321group.accountability D/TestExecutor: Adding listener androidx.test.internal.runner.listener.ActivityFinisherRunListener
2022-08-03 11:07:07.695 27948-27991/com.cpen321group.accountability I/TestRunner: run started: 12 tests
2022-08-03 11:07:07.698 27948-27991/com.cpen321group.accountability I/TestRunner: started: _a_chatViewTest(com.cpen321group.accountability.FindAccountantTest)
2022-08-03 11:07:07.699 27948-27991/com.cpen321group.accountability W/ActivityTestRule: getActivityIntent() returned null using default: Intent(Intent.ACTION_MAIN)
2022-08-03 11:07:07.709 27948-27948/com.cpen321group.accountability W/ActivityThread: handleWindowVisibility: no activity for token android.os.BinderProxy@68fb0c8
2022-08-03 11:07:07.718 27948-27998/com.cpen321group.accountability D/libEGL: Emulator has host GPU support, qemu.gles is set to 1.
2022-08-03 11:07:07.719 27948-27998/com.cpen321group.accountability W/libc: Unable to set property "qemu.gles" to "1": connection failed; errno=13 (Permission denied)
2022-08-03 11:07:07.757 27948-27998/com.cpen321group.accountability D/libEGL: loaded /vendor/lib/egl/libEGL_emulation.so
2022-08-03 11:07:07.758 27948-27998/com.cpen321group.accountability D/libEGL: loaded /vendor/lib/egl/libGLESv1_CM_emulation.so
2022-08-03 11:07:07.758 27948-27998/com.cpen321group.accountability D/libEGL: loaded /vendor/lib/egl/libGLESv2_emulation.so
2022-08-03 11:07:07.783 27948-27948/com.cpen321group.accountability D/LifecycleMonitor: Lifecycle status change: androidx.fragment.app.testing.FragmentScenario$EmptyFragmentActivity@42b1b0c in: PRE_ON_CREATE
2022-08-03 11:07:07.816 27948-27948/com.cpen321group.accountability D/LifecycleMonitor: Lifecycle status change: androidx.fragment.app.testing.FragmentScenario$EmptyFragmentActivity@42b1b0c in: CREATED
2022-08-03 11:07:07.822 27948-27948/com.cpen321group.accountability D/LifecycleMonitor: Lifecycle status change: androidx.fragment.app.testing.FragmentScenario$EmptyFragmentActivity@42b1b0c in: STARTED
2022-08-03 11:07:07.824 27948-27948/com.cpen321group.accountability D/LifecycleMonitor: Lifecycle status change: androidx.fragment.app.testing.FragmentScenario$EmptyFragmentActivity@42b1b0c in: RESUMED
2022-08-03 11:07:08.858 27948-27948/com.cpen321group.accountability I/Choreographer: Skipped 61 frames!  The application may be doing too much work on its main thread.
2022-08-03 11:07:08.872 27948-27997/com.cpen321group.accountability D/HostConnection: HostConnection::get() New Host Connection established 0xe424d6e0, tid 27997
2022-08-03 11:07:08.872 27948-27997/com.cpen321group.accountability D/HostConnection: HostComposition ext ANDROID_EMU_CHECKSUM_HELPER_v1 ANDROID_EMU_dma_v1 ANDROID_EMU_direct_mem ANDROID_EMU_host_composition_v1 ANDROID_EMU_host_composition_v2 ANDROID_EMU_vulkan ANDROID_EMU_deferred_vulkan_commands ANDROID_EMU_vulkan_null_optional_strings ANDROID_EMU_vulkan_create_resources_with_requirements ANDROID_EMU_YUV420_888_to_NV21 ANDROID_EMU_YUV_Cache ANDROID_EMU_vulkan_free_memory_sync ANDROID_EMU_vulkan_shader_float16_int8 ANDROID_EMU_vulkan_async_queue_submit ANDROID_EMU_sync_buffer_data GL_OES_vertex_array_object GL_KHR_texture_compression_astc_ldr ANDROID_EMU_host_side_tracing ANDROID_EMU_gles_max_version_2 
2022-08-03 11:07:08.874 27948-27997/com.cpen321group.accountability W/OpenGLRenderer: Failed to choose config with EGL_SWAP_BEHAVIOR_PRESERVED, retrying without...
2022-08-03 11:07:08.880 27948-27997/com.cpen321group.accountability D/eglCodecCommon: setVertexArrayObject: set vao to 0 (0) 0 0
2022-08-03 11:07:08.880 27948-27997/com.cpen321group.accountability D/EGL_emulation: eglCreateContext: 0xe421ae40: maj 2 min 0 rcv 2
2022-08-03 11:07:08.899 27948-27997/com.cpen321group.accountability D/EGL_emulation: eglMakeCurrent: 0xe421ae40: ver 2 0 (tinfo 0xe420f9f0)
2022-08-03 11:07:08.903 27948-27997/com.cpen321group.accountability W/Gralloc3: mapper 3.x is not supported
2022-08-03 11:07:08.904 27948-27997/com.cpen321group.accountability D/HostConnection: createUnique: call
2022-08-03 11:07:08.904 27948-27997/com.cpen321group.accountability D/HostConnection: HostConnection::get() New Host Connection established 0xe424d820, tid 27997
2022-08-03 11:07:08.904 27948-27997/com.cpen321group.accountability D/HostConnection: HostComposition ext ANDROID_EMU_CHECKSUM_HELPER_v1 ANDROID_EMU_dma_v1 ANDROID_EMU_direct_mem ANDROID_EMU_host_composition_v1 ANDROID_EMU_host_composition_v2 ANDROID_EMU_vulkan ANDROID_EMU_deferred_vulkan_commands ANDROID_EMU_vulkan_null_optional_strings ANDROID_EMU_vulkan_create_resources_with_requirements ANDROID_EMU_YUV420_888_to_NV21 ANDROID_EMU_YUV_Cache ANDROID_EMU_vulkan_free_memory_sync ANDROID_EMU_vulkan_shader_float16_int8 ANDROID_EMU_vulkan_async_queue_submit ANDROID_EMU_sync_buffer_data GL_OES_vertex_array_object GL_KHR_texture_compression_astc_ldr ANDROID_EMU_host_side_tracing ANDROID_EMU_gles_max_version_2 
2022-08-03 11:07:08.904 27948-27997/com.cpen321group.accountability D/eglCodecCommon: allocate: Ask for block of size 0x1000
2022-08-03 11:07:08.904 27948-27997/com.cpen321group.accountability D/eglCodecCommon: allocate: ioctl allocate returned offset 0x3ff70a000 size 0x2000
2022-08-03 11:07:08.911 27948-27997/com.cpen321group.accountability D/EGL_emulation: eglMakeCurrent: 0xe421ae40: ver 2 0 (tinfo 0xe420f9f0)
2022-08-03 11:07:08.912 27948-27997/com.cpen321group.accountability D/eglCodecCommon: setVertexArrayObject: set vao to 0 (0) 1 0
2022-08-03 11:07:08.931 27948-27997/com.cpen321group.accountability I/OpenGLRenderer: Davey! duration=1092ms; Flags=1, IntendedVsync=48153419978144, Vsync=48154436644770, OldestInputEvent=9223372036854775807, NewestInputEvent=0, HandleInputStart=48154443377988, AnimationStart=48154443426286, PerformTraversalsStart=48154443427809, DrawStart=48154490734061, SyncQueued=48154492418212, SyncStart=48154496099101, IssueDrawCommandsStart=48154496150473, SwapBuffers=48154512948488, FrameCompleted=48154515744321, DequeueBufferDuration=266000, QueueBufferDuration=348000, 
2022-08-03 11:07:08.967 27948-27991/com.cpen321group.accountability W/Settings: Setting always_finish_activities has moved from android.provider.Settings.System to android.provider.Settings.Global, returning read-only value.
2022-08-03 11:07:09.033 27948-27948/com.cpen321group.accountability D/LifecycleMonitor: Lifecycle status change: androidx.fragment.app.testing.FragmentScenario$EmptyFragmentActivity@42b1b0c in: PAUSED
2022-08-03 11:07:09.033 27948-27948/com.cpen321group.accountability V/ActivityScenario: Activity lifecycle changed event received but ignored because the intent does not match. startActivityIntent=Intent { act=android.intent.action.MAIN cat=[android.intent.category.LAUNCHER] cmp=com.cpen321group.accountability/androidx.fragment.app.testing.FragmentScenario$EmptyFragmentActivity (has extras) }, activity.getIntent()=Intent { act=android.intent.action.MAIN flg=0x14000000 cmp=com.cpen321group.accountability/androidx.fragment.app.testing.FragmentScenario$EmptyFragmentActivity }, activity=androidx.fragment.app.testing.FragmentScenario$EmptyFragmentActivity@42b1b0c
2022-08-03 11:07:09.042 27948-27948/com.cpen321group.accountability W/ActivityThread: handleWindowVisibility: no activity for token android.os.BinderProxy@1feb7de
2022-08-03 11:07:09.048 27948-27948/com.cpen321group.accountability D/LifecycleMonitor: Lifecycle status change: androidx.test.core.app.InstrumentationActivityInvoker$BootstrapActivity@66d0c8c in: PRE_ON_CREATE
2022-08-03 11:07:09.048 27948-27948/com.cpen321group.accountability V/ActivityScenario: Activity lifecycle changed event received but ignored because the intent does not match. startActivityIntent=Intent { act=android.intent.action.MAIN cat=[android.intent.category.LAUNCHER] cmp=com.cpen321group.accountability/androidx.fragment.app.testing.FragmentScenario$EmptyFragmentActivity (has extras) }, activity.getIntent()=Intent { act=android.intent.action.MAIN cat=[android.intent.category.LAUNCHER] flg=0x10008000 cmp=com.cpen321group.accountability/androidx.test.core.app.InstrumentationActivityInvoker$BootstrapActivity (has extras) }, activity=androidx.test.core.app.InstrumentationActivityInvoker$BootstrapActivity@66d0c8c
2022-08-03 11:07:09.063 27948-27948/com.cpen321group.accountability D/LifecycleMonitor: Lifecycle status change: androidx.test.core.app.InstrumentationActivityInvoker$BootstrapActivity@66d0c8c in: CREATED
2022-08-03 11:07:09.063 27948-27948/com.cpen321group.accountability V/ActivityScenario: Activity lifecycle changed event received but ignored because the intent does not match. startActivityIntent=Intent { act=android.intent.action.MAIN cat=[android.intent.category.LAUNCHER] cmp=com.cpen321group.accountability/androidx.fragment.app.testing.FragmentScenario$EmptyFragmentActivity (has extras) }, activity.getIntent()=Intent { act=android.intent.action.MAIN cat=[android.intent.category.LAUNCHER] flg=0x10008000 cmp=com.cpen321group.accountability/androidx.test.core.app.InstrumentationActivityInvoker$BootstrapActivity (has extras) }, activity=androidx.test.core.app.InstrumentationActivityInvoker$BootstrapActivity@66d0c8c
2022-08-03 11:07:09.065 27948-27948/com.cpen321group.accountability D/LifecycleMonitor: Lifecycle status change: androidx.test.core.app.InstrumentationActivityInvoker$BootstrapActivity@66d0c8c in: STARTED
2022-08-03 11:07:09.065 27948-27948/com.cpen321group.accountability V/ActivityScenario: Activity lifecycle changed event received but ignored because the intent does not match. startActivityIntent=Intent { act=android.intent.action.MAIN cat=[android.intent.category.LAUNCHER] cmp=com.cpen321group.accountability/androidx.fragment.app.testing.FragmentScenario$EmptyFragmentActivity (has extras) }, activity.getIntent()=Intent { act=android.intent.action.MAIN cat=[android.intent.category.LAUNCHER] flg=0x10008000 cmp=com.cpen321group.accountability/androidx.test.core.app.InstrumentationActivityInvoker$BootstrapActivity (has extras) }, activity=androidx.test.core.app.InstrumentationActivityInvoker$BootstrapActivity@66d0c8c
2022-08-03 11:07:09.068 27948-27948/com.cpen321group.accountability D/LifecycleMonitor: Lifecycle status change: androidx.test.core.app.InstrumentationActivityInvoker$BootstrapActivity@66d0c8c in: RESUMED
2022-08-03 11:07:09.068 27948-27948/com.cpen321group.accountability V/ActivityScenario: Activity lifecycle changed event received but ignored because the intent does not match. startActivityIntent=Intent { act=android.intent.action.MAIN cat=[android.intent.category.LAUNCHER] cmp=com.cpen321group.accountability/androidx.fragment.app.testing.FragmentScenario$EmptyFragmentActivity (has extras) }, activity.getIntent()=Intent { act=android.intent.action.MAIN cat=[android.intent.category.LAUNCHER] flg=0x10008000 cmp=com.cpen321group.accountability/androidx.test.core.app.InstrumentationActivityInvoker$BootstrapActivity (has extras) }, activity=androidx.test.core.app.InstrumentationActivityInvoker$BootstrapActivity@66d0c8c
2022-08-03 11:07:09.074 27948-27948/com.cpen321group.accountability D/LifecycleMonitor: Lifecycle status change: androidx.test.core.app.InstrumentationActivityInvoker$BootstrapActivity@66d0c8c in: PAUSED
2022-08-03 11:07:09.074 27948-27948/com.cpen321group.accountability V/ActivityScenario: Activity lifecycle changed event received but ignored because the intent does not match. startActivityIntent=Intent { act=android.intent.action.MAIN cat=[android.intent.category.LAUNCHER] cmp=com.cpen321group.accountability/androidx.fragment.app.testing.FragmentScenario$EmptyFragmentActivity (has extras) }, activity.getIntent()=Intent { act=android.intent.action.MAIN cat=[android.intent.category.LAUNCHER] flg=0x10008000 cmp=com.cpen321group.accountability/androidx.test.core.app.InstrumentationActivityInvoker$BootstrapActivity (has extras) }, activity=androidx.test.core.app.InstrumentationActivityInvoker$BootstrapActivity@66d0c8c
2022-08-03 11:07:09.087 27948-27948/com.cpen321group.accountability W/ActivityThread: handleWindowVisibility: no activity for token android.os.BinderProxy@6214653
2022-08-03 11:07:09.095 27948-27948/com.cpen321group.accountability D/LifecycleMonitor: Lifecycle status change: androidx.fragment.app.testing.FragmentScenario$EmptyFragmentActivity@6512ccb in: PRE_ON_CREATE
2022-08-03 11:07:09.095 27948-27948/com.cpen321group.accountability V/ActivityScenario: Activity lifecycle changed event received but ignored because the reported transition was not ON_CREATE while the last known transition was PRE_ON_CREATE
2022-08-03 11:07:09.110 27948-27948/com.cpen321group.accountability D/LifecycleMonitor: Lifecycle status change: androidx.fragment.app.testing.FragmentScenario$EmptyFragmentActivity@6512ccb in: CREATED
2022-08-03 11:07:09.111 27948-27948/com.cpen321group.accountability V/ActivityScenario: Update currentActivityStage to CREATED, currentActivity=androidx.fragment.app.testing.FragmentScenario$EmptyFragmentActivity@6512ccb
2022-08-03 11:07:09.113 27948-27948/com.cpen321group.accountability D/LifecycleMonitor: Lifecycle status change: androidx.fragment.app.testing.FragmentScenario$EmptyFragmentActivity@6512ccb in: STARTED
2022-08-03 11:07:09.113 27948-27948/com.cpen321group.accountability V/ActivityScenario: Update currentActivityStage to STARTED, currentActivity=androidx.fragment.app.testing.FragmentScenario$EmptyFragmentActivity@6512ccb
2022-08-03 11:07:09.114 27948-27948/com.cpen321group.accountability D/LifecycleMonitor: Lifecycle status change: androidx.fragment.app.testing.FragmentScenario$EmptyFragmentActivity@6512ccb in: RESUMED
2022-08-03 11:07:09.114 27948-27948/com.cpen321group.accountability V/ActivityScenario: Update currentActivityStage to RESUMED, currentActivity=androidx.fragment.app.testing.FragmentScenario$EmptyFragmentActivity@6512ccb
2022-08-03 11:07:09.134 27948-27997/com.cpen321group.accountability D/EGL_emulation: eglMakeCurrent: 0xe421ae40: ver 2 0 (tinfo 0xe420f9f0)
2022-08-03 11:07:09.262 27948-27948/com.cpen321group.accountability W/.accountabilit: Accessing hidden method Ljava/lang/invoke/MethodHandles$Lookup;-><init>(Ljava/lang/Class;I)V (greylist, reflection, allowed)
2022-08-03 11:07:09.273 27948-27948/com.cpen321group.accountability W/.accountabilit: Accessing hidden method Ldalvik/system/CloseGuard;->get()Ldalvik/system/CloseGuard; (greylist,core-platform-api, reflection, allowed)
2022-08-03 11:07:09.273 27948-27948/com.cpen321group.accountability W/.accountabilit: Accessing hidden method Ldalvik/system/CloseGuard;->open(Ljava/lang/String;)V (greylist,core-platform-api, reflection, allowed)
2022-08-03 11:07:09.273 27948-27948/com.cpen321group.accountability W/.accountabilit: Accessing hidden method Ldalvik/system/CloseGuard;->warnIfOpen()V (greylist,core-platform-api, reflection, allowed)
2022-08-03 11:07:09.289 27948-27948/com.cpen321group.accountability D/LifecycleMonitor: Lifecycle status change: androidx.test.core.app.InstrumentationActivityInvoker$BootstrapActivity@66d0c8c in: STOPPED
2022-08-03 11:07:09.289 27948-27948/com.cpen321group.accountability V/ActivityScenario: Activity lifecycle changed event received but ignored because the intent does not match. startActivityIntent=Intent { act=android.intent.action.MAIN cat=[android.intent.category.LAUNCHER] cmp=com.cpen321group.accountability/androidx.fragment.app.testing.FragmentScenario$EmptyFragmentActivity (has extras) }, activity.getIntent()=Intent { act=android.intent.action.MAIN cat=[android.intent.category.LAUNCHER] flg=0x10008000 cmp=com.cpen321group.accountability/androidx.test.core.app.InstrumentationActivityInvoker$BootstrapActivity (has extras) }, activity=androidx.test.core.app.InstrumentationActivityInvoker$BootstrapActivity@66d0c8c
2022-08-03 11:07:09.290 27948-27948/com.cpen321group.accountability D/LifecycleMonitor: Lifecycle status change: androidx.fragment.app.testing.FragmentScenario$EmptyFragmentActivity@42b1b0c in: STOPPED
2022-08-03 11:07:09.290 27948-27948/com.cpen321group.accountability V/ActivityScenario: Activity lifecycle changed event received but ignored because the intent does not match. startActivityIntent=Intent { act=android.intent.action.MAIN cat=[android.intent.category.LAUNCHER] cmp=com.cpen321group.accountability/androidx.fragment.app.testing.FragmentScenario$EmptyFragmentActivity (has extras) }, activity.getIntent()=Intent { act=android.intent.action.MAIN flg=0x14000000 cmp=com.cpen321group.accountability/androidx.fragment.app.testing.FragmentScenario$EmptyFragmentActivity }, activity=androidx.fragment.app.testing.FragmentScenario$EmptyFragmentActivity@42b1b0c
2022-08-03 11:07:09.320 27948-27991/com.cpen321group.accountability D/EventInjectionStrategy: Creating injection strategy with input manager.
2022-08-03 11:07:09.321 27948-27991/com.cpen321group.accountability W/.accountabilit: Accessing hidden method Landroid/hardware/input/InputManager;->getInstance()Landroid/hardware/input/InputManager; (greylist, reflection, allowed)
2022-08-03 11:07:09.321 27948-27991/com.cpen321group.accountability W/.accountabilit: Accessing hidden method Landroid/hardware/input/InputManager;->injectInputEvent(Landroid/view/InputEvent;I)Z (greylist, reflection, allowed)
2022-08-03 11:07:09.321 27948-27991/com.cpen321group.accountability W/.accountabilit: Accessing hidden field Landroid/hardware/input/InputManager;->INJECT_INPUT_EVENT_MODE_WAIT_FOR_FINISH:I (greylist, reflection, allowed)
2022-08-03 11:07:09.326 27948-27948/com.cpen321group.accountability W/.accountabilit: Accessing hidden method Landroid/os/MessageQueue;->next()Landroid/os/Message; (greylist, reflection, allowed)
2022-08-03 11:07:09.327 27948-27948/com.cpen321group.accountability W/.accountabilit: Accessing hidden field Landroid/os/MessageQueue;->mMessages:Landroid/os/Message; (greylist, reflection, allowed)
2022-08-03 11:07:09.327 27948-27948/com.cpen321group.accountability W/.accountabilit: Accessing hidden method Landroid/os/Message;->recycleUnchecked()V (greylist, reflection, allowed)
2022-08-03 11:07:09.327 27948-27991/com.cpen321group.accountability W/.accountabilit: Accessing hidden method Lsun/misc/Unsafe;->getUnsafe()Lsun/misc/Unsafe; (greylist,core-platform-api, linking, allowed)
2022-08-03 11:07:09.327 27948-27991/com.cpen321group.accountability W/.accountabilit: Accessing hidden method Lsun/misc/Unsafe;->objectFieldOffset(Ljava/lang/reflect/Field;)J (greylist,core-platform-api, linking, allowed)
2022-08-03 11:07:09.327 27948-27991/com.cpen321group.accountability W/.accountabilit: Accessing hidden method Lsun/misc/Unsafe;->putObject(Ljava/lang/Object;JLjava/lang/Object;)V (greylist, linking, allowed)
2022-08-03 11:07:09.328 27948-27991/com.cpen321group.accountability W/.accountabilit: Accessing hidden method Lsun/misc/Unsafe;->compareAndSwapObject(Ljava/lang/Object;JLjava/lang/Object;Ljava/lang/Object;)Z (greylist, linking, allowed)
2022-08-03 11:07:09.328 27948-27991/com.cpen321group.accountability W/.accountabilit: Accessing hidden method Lsun/misc/Unsafe;->getObject(Ljava/lang/Object;J)Ljava/lang/Object; (greylist, linking, allowed)
2022-08-03 11:07:10.965 27948-27987/com.cpen321group.accountability E/GraphResponse: {HttpStatus: 400, errorCode: 100, subErrorCode: 33, errorType: GraphMethodException, errorMessage: Unsupported get request. Object with ID '2630296930440945' does not exist, cannot be loaded due to missing permissions, or does not support this operation. Please read the Graph API documentation at https://developers.facebook.com/docs/graph-api}
2022-08-03 11:07:10.967 27948-27948/com.cpen321group.accountability W/.accountabilit: Accessing hidden method Landroid/view/WindowManagerGlobal;->getInstance()Landroid/view/WindowManagerGlobal; (greylist, reflection, allowed)
2022-08-03 11:07:10.967 27948-27948/com.cpen321group.accountability W/.accountabilit: Accessing hidden field Landroid/view/WindowManagerGlobal;->mViews:Ljava/util/ArrayList; (greylist, reflection, allowed)
2022-08-03 11:07:10.967 27948-27948/com.cpen321group.accountability W/.accountabilit: Accessing hidden field Landroid/view/WindowManagerGlobal;->mParams:Ljava/util/ArrayList; (greylist, reflection, allowed)
2022-08-03 11:07:10.969 27948-27948/com.cpen321group.accountability I/ViewInteraction: Checking 'MatchesViewAssertion{viewMatcher=an instance of android.widget.TextView and view.getText() with or without transformation to match: is "Find An Accountant"}' assertion on view view.getId() is <2131297050/com.cpen321group.accountability:id/textView_name>
2022-08-03 11:07:10.972 27948-27948/com.cpen321group.accountability W/.accountabilit: Accessing hidden field Landroid/app/Activity;->mResultCode:I (greylist, reflection, allowed)
2022-08-03 11:07:10.972 27948-27948/com.cpen321group.accountability W/.accountabilit: Accessing hidden field Landroid/app/Activity;->mResultData:Landroid/content/Intent; (greylist, reflection, allowed)
2022-08-03 11:07:10.974 27948-27948/com.cpen321group.accountability D/LifecycleMonitor: Lifecycle status change: androidx.fragment.app.testing.FragmentScenario$EmptyFragmentActivity@6512ccb in: PAUSED
2022-08-03 11:07:10.974 27948-27948/com.cpen321group.accountability V/ActivityScenario: Update currentActivityStage to PAUSED, currentActivity=androidx.fragment.app.testing.FragmentScenario$EmptyFragmentActivity@6512ccb
2022-08-03 11:07:10.979 27948-27948/com.cpen321group.accountability D/LifecycleMonitor: Lifecycle status change: androidx.test.core.app.InstrumentationActivityInvoker$BootstrapActivity@66d0c8c in: RESTARTED
2022-08-03 11:07:10.979 27948-27948/com.cpen321group.accountability V/ActivityScenario: Activity lifecycle changed event received but ignored because the intent does not match. startActivityIntent=Intent { act=android.intent.action.MAIN cat=[android.intent.category.LAUNCHER] cmp=com.cpen321group.accountability/androidx.fragment.app.testing.FragmentScenario$EmptyFragmentActivity (has extras) }, activity.getIntent()=Intent { act=android.intent.action.MAIN cat=[android.intent.category.LAUNCHER] flg=0x10008000 cmp=com.cpen321group.accountability/androidx.test.core.app.InstrumentationActivityInvoker$BootstrapActivity (has extras) }, activity=androidx.test.core.app.InstrumentationActivityInvoker$BootstrapActivity@66d0c8c
2022-08-03 11:07:10.988 27948-27948/com.cpen321group.accountability D/LifecycleMonitor: Lifecycle status change: androidx.fragment.app.testing.FragmentScenario$EmptyFragmentActivity@42b1b0c in: RESTARTED
2022-08-03 11:07:10.988 27948-27948/com.cpen321group.accountability V/ActivityScenario: Activity lifecycle changed event received but ignored because the intent does not match. startActivityIntent=Intent { act=android.intent.action.MAIN cat=[android.intent.category.LAUNCHER] cmp=com.cpen321group.accountability/androidx.fragment.app.testing.FragmentScenario$EmptyFragmentActivity (has extras) }, activity.getIntent()=Intent { act=android.intent.action.MAIN flg=0x14000000 cmp=com.cpen321group.accountability/androidx.fragment.app.testing.FragmentScenario$EmptyFragmentActivity }, activity=androidx.fragment.app.testing.FragmentScenario$EmptyFragmentActivity@42b1b0c
2022-08-03 11:07:10.989 27948-27948/com.cpen321group.accountability D/LifecycleMonitor: Lifecycle status change: androidx.fragment.app.testing.FragmentScenario$EmptyFragmentActivity@42b1b0c in: STARTED
2022-08-03 11:07:10.989 27948-27948/com.cpen321group.accountability V/ActivityScenario: Activity lifecycle changed event received but ignored because the intent does not match. startActivityIntent=Intent { act=android.intent.action.MAIN cat=[android.intent.category.LAUNCHER] cmp=com.cpen321group.accountability/androidx.fragment.app.testing.FragmentScenario$EmptyFragmentActivity (has extras) }, activity.getIntent()=Intent { act=android.intent.action.MAIN flg=0x14000000 cmp=com.cpen321group.accountability/androidx.fragment.app.testing.FragmentScenario$EmptyFragmentActivity }, activity=androidx.fragment.app.testing.FragmentScenario$EmptyFragmentActivity@42b1b0c
2022-08-03 11:07:10.990 27948-27948/com.cpen321group.accountability D/LifecycleMonitor: Lifecycle status change: androidx.fragment.app.testing.FragmentScenario$EmptyFragmentActivity@42b1b0c in: RESUMED
2022-08-03 11:07:10.990 27948-27948/com.cpen321group.accountability V/ActivityScenario: Activity lifecycle changed event received but ignored because the intent does not match. startActivityIntent=Intent { act=android.intent.action.MAIN cat=[android.intent.category.LAUNCHER] cmp=com.cpen321group.accountability/androidx.fragment.app.testing.FragmentScenario$EmptyFragmentActivity (has extras) }, activity.getIntent()=Intent { act=android.intent.action.MAIN flg=0x14000000 cmp=com.cpen321group.accountability/androidx.fragment.app.testing.FragmentScenario$EmptyFragmentActivity }, activity=androidx.fragment.app.testing.FragmentScenario$EmptyFragmentActivity@42b1b0c
2022-08-03 11:07:11.004 27948-27997/com.cpen321group.accountability D/EGL_emulation: eglMakeCurrent: 0xe421ae40: ver 2 0 (tinfo 0xe420f9f0)
2022-08-03 11:07:11.040 27948-27991/com.cpen321group.accountability I/TestRunner: finished: _a_chatViewTest(com.cpen321group.accountability.FindAccountantTest)
2022-08-03 11:07:11.040 27948-27948/com.cpen321group.accountability D/LifecycleMonitor: Lifecycle status change: androidx.test.core.app.InstrumentationActivityInvoker$BootstrapActivity@66d0c8c in: DESTROYED
2022-08-03 11:07:11.041 27948-27948/com.cpen321group.accountability V/ActivityScenario: Activity lifecycle changed event received but ignored because the intent does not match. startActivityIntent=Intent { act=android.intent.action.MAIN cat=[android.intent.category.LAUNCHER] cmp=com.cpen321group.accountability/androidx.fragment.app.testing.FragmentScenario$EmptyFragmentActivity (has extras) }, activity.getIntent()=Intent { act=android.intent.action.MAIN cat=[android.intent.category.LAUNCHER] flg=0x10008000 cmp=com.cpen321group.accountability/androidx.test.core.app.InstrumentationActivityInvoker$BootstrapActivity (has extras) }, activity=androidx.test.core.app.InstrumentationActivityInvoker$BootstrapActivity@66d0c8c
2022-08-03 11:07:11.043 27948-27948/com.cpen321group.accountability D/LifecycleMonitor: Lifecycle status change: androidx.fragment.app.testing.FragmentScenario$EmptyFragmentActivity@6512ccb in: STOPPED
2022-08-03 11:07:11.043 27948-27948/com.cpen321group.accountability V/ActivityScenario: Update currentActivityStage to STOPPED, currentActivity=androidx.fragment.app.testing.FragmentScenario$EmptyFragmentActivity@6512ccb
2022-08-03 11:07:11.053 27948-27948/com.cpen321group.accountability D/LifecycleMonitor: Lifecycle status change: androidx.fragment.app.testing.FragmentScenario$EmptyFragmentActivity@6512ccb in: DESTROYED
2022-08-03 11:07:11.053 27948-27948/com.cpen321group.accountability V/ActivityScenario: Update currentActivityStage to DESTROYED, currentActivity=null
2022-08-03 11:07:11.058 27948-27948/com.cpen321group.accountability I/MonitoringInstr: Activities that are still in CREATED to STOPPED: 1
2022-08-03 11:07:11.059 27948-27948/com.cpen321group.accountability I/MonitoringInstr: Finishing activity: androidx.fragment.app.testing.FragmentScenario$EmptyFragmentActivity@42b1b0c
2022-08-03 11:07:11.061 27948-27991/com.cpen321group.accountability I/MonitoringInstr: Unstopped activity count: 1
2022-08-03 11:07:11.062 27948-27948/com.cpen321group.accountability D/LifecycleMonitor: Lifecycle status change: androidx.fragment.app.testing.FragmentScenario$EmptyFragmentActivity@42b1b0c in: PAUSED
2022-08-03 11:07:11.062 27948-27948/com.cpen321group.accountability V/ActivityScenario: Activity lifecycle changed event received but ignored because the intent does not match. startActivityIntent=Intent { act=android.intent.action.MAIN cat=[android.intent.category.LAUNCHER] cmp=com.cpen321group.accountability/androidx.fragment.app.testing.FragmentScenario$EmptyFragmentActivity (has extras) }, activity.getIntent()=Intent { act=android.intent.action.MAIN flg=0x14000000 cmp=com.cpen321group.accountability/androidx.fragment.app.testing.FragmentScenario$EmptyFragmentActivity }, activity=androidx.fragment.app.testing.FragmentScenario$EmptyFragmentActivity@42b1b0c
2022-08-03 11:07:11.113 27948-27991/com.cpen321group.accountability I/MonitoringInstr: Unstopped activity count: 1
2022-08-03 11:07:11.147 27948-27997/com.cpen321group.accountability D/EGL_emulation: eglMakeCurrent: 0xe421ae40: ver 2 0 (tinfo 0xe420f9f0)
2022-08-03 11:07:11.156 27948-27948/com.cpen321group.accountability D/LifecycleMonitor: Lifecycle status change: androidx.fragment.app.testing.FragmentScenario$EmptyFragmentActivity@42b1b0c in: STOPPED
2022-08-03 11:07:11.157 27948-27948/com.cpen321group.accountability V/ActivityScenario: Activity lifecycle changed event received but ignored because the intent does not match. startActivityIntent=Intent { act=android.intent.action.MAIN cat=[android.intent.category.LAUNCHER] cmp=com.cpen321group.accountability/androidx.fragment.app.testing.FragmentScenario$EmptyFragmentActivity (has extras) }, activity.getIntent()=Intent { act=android.intent.action.MAIN flg=0x14000000 cmp=com.cpen321group.accountability/androidx.fragment.app.testing.FragmentScenario$EmptyFragmentActivity }, activity=androidx.fragment.app.testing.FragmentScenario$EmptyFragmentActivity@42b1b0c
2022-08-03 11:07:11.159 27948-27948/com.cpen321group.accountability D/LifecycleMonitor: Lifecycle status change: androidx.fragment.app.testing.FragmentScenario$EmptyFragmentActivity@42b1b0c in: DESTROYED
2022-08-03 11:07:11.159 27948-27948/com.cpen321group.accountability V/ActivityScenario: Activity lifecycle changed event received but ignored because the intent does not match. startActivityIntent=Intent { act=android.intent.action.MAIN cat=[android.intent.category.LAUNCHER] cmp=com.cpen321group.accountability/androidx.fragment.app.testing.FragmentScenario$EmptyFragmentActivity (has extras) }, activity.getIntent()=Intent { act=android.intent.action.MAIN flg=0x14000000 cmp=com.cpen321group.accountability/androidx.fragment.app.testing.FragmentScenario$EmptyFragmentActivity }, activity=androidx.fragment.app.testing.FragmentScenario$EmptyFragmentActivity@42b1b0c
2022-08-03 11:07:11.163 27948-27991/com.cpen321group.accountability I/TestRunner: started: _b_chatViewNotSubTest(com.cpen321group.accountability.FindAccountantTest)
2022-08-03 11:07:11.165 27948-27991/com.cpen321group.accountability W/ActivityTestRule: getActivityIntent() returned null using default: Intent(Intent.ACTION_MAIN)
2022-08-03 11:07:11.173 27948-27948/com.cpen321group.accountability W/ActivityThread: handleWindowVisibility: no activity for token android.os.BinderProxy@72b869a
2022-08-03 11:07:11.178 27948-27948/com.cpen321group.accountability D/LifecycleMonitor: Lifecycle status change: androidx.fragment.app.testing.FragmentScenario$EmptyFragmentActivity@cec4ef2 in: PRE_ON_CREATE
2022-08-03 11:07:11.179 27948-27948/com.cpen321group.accountability V/ActivityScenario: Activity lifecycle changed event received but ignored because the intent does not match. startActivityIntent=Intent { act=android.intent.action.MAIN cat=[android.intent.category.LAUNCHER] cmp=com.cpen321group.accountability/androidx.fragment.app.testing.FragmentScenario$EmptyFragmentActivity (has extras) }, activity.getIntent()=Intent { act=android.intent.action.MAIN flg=0x10000000 cmp=com.cpen321group.accountability/androidx.fragment.app.testing.FragmentScenario$EmptyFragmentActivity }, activity=androidx.fragment.app.testing.FragmentScenario$EmptyFragmentActivity@cec4ef2
2022-08-03 11:07:11.211 27948-27948/com.cpen321group.accountability D/LifecycleMonitor: Lifecycle status change: androidx.fragment.app.testing.FragmentScenario$EmptyFragmentActivity@cec4ef2 in: CREATED
2022-08-03 11:07:11.212 27948-27948/com.cpen321group.accountability V/ActivityScenario: Activity lifecycle changed event received but ignored because the intent does not match. startActivityIntent=Intent { act=android.intent.action.MAIN cat=[android.intent.category.LAUNCHER] cmp=com.cpen321group.accountability/androidx.fragment.app.testing.FragmentScenario$EmptyFragmentActivity (has extras) }, activity.getIntent()=Intent { act=android.intent.action.MAIN flg=0x10000000 cmp=com.cpen321group.accountability/androidx.fragment.app.testing.FragmentScenario$EmptyFragmentActivity }, activity=androidx.fragment.app.testing.FragmentScenario$EmptyFragmentActivity@cec4ef2
2022-08-03 11:07:11.218 27948-27948/com.cpen321group.accountability D/LifecycleMonitor: Lifecycle status change: androidx.fragment.app.testing.FragmentScenario$EmptyFragmentActivity@cec4ef2 in: STARTED
2022-08-03 11:07:11.219 27948-27948/com.cpen321group.accountability V/ActivityScenario: Activity lifecycle changed event received but ignored because the intent does not match. startActivityIntent=Intent { act=android.intent.action.MAIN cat=[android.intent.category.LAUNCHER] cmp=com.cpen321group.accountability/androidx.fragment.app.testing.FragmentScenario$EmptyFragmentActivity (has extras) }, activity.getIntent()=Intent { act=android.intent.action.MAIN flg=0x10000000 cmp=com.cpen321group.accountability/androidx.fragment.app.testing.FragmentScenario$EmptyFragmentActivity }, activity=androidx.fragment.app.testing.FragmentScenario$EmptyFragmentActivity@cec4ef2
2022-08-03 11:07:11.220 27948-27948/com.cpen321group.accountability D/LifecycleMonitor: Lifecycle status change: androidx.fragment.app.testing.FragmentScenario$EmptyFragmentActivity@cec4ef2 in: RESUMED
2022-08-03 11:07:11.221 27948-27948/com.cpen321group.accountability V/ActivityScenario: Activity lifecycle changed event received but ignored because the intent does not match. startActivityIntent=Intent { act=android.intent.action.MAIN cat=[android.intent.category.LAUNCHER] cmp=com.cpen321group.accountability/androidx.fragment.app.testing.FragmentScenario$EmptyFragmentActivity (has extras) }, activity.getIntent()=Intent { act=android.intent.action.MAIN flg=0x10000000 cmp=com.cpen321group.accountability/androidx.fragment.app.testing.FragmentScenario$EmptyFragmentActivity }, activity=androidx.fragment.app.testing.FragmentScenario$EmptyFragmentActivity@cec4ef2
2022-08-03 11:07:11.253 27948-27997/com.cpen321group.accountability D/EGL_emulation: eglMakeCurrent: 0xe421ae40: ver 2 0 (tinfo 0xe420f9f0)
2022-08-03 11:07:11.288 27948-27991/com.cpen321group.accountability W/Settings: Setting always_finish_activities has moved from android.provider.Settings.System to android.provider.Settings.Global, returning read-only value.
2022-08-03 11:07:11.305 27948-27948/com.cpen321group.accountability D/LifecycleMonitor: Lifecycle status change: androidx.fragment.app.testing.FragmentScenario$EmptyFragmentActivity@cec4ef2 in: PAUSED
2022-08-03 11:07:11.305 27948-27948/com.cpen321group.accountability V/ActivityScenario: Activity lifecycle changed event received but ignored because the intent does not match. startActivityIntent=Intent { act=android.intent.action.MAIN cat=[android.intent.category.LAUNCHER] cmp=com.cpen321group.accountability/androidx.fragment.app.testing.FragmentScenario$EmptyFragmentActivity (has extras) }, activity.getIntent()=Intent { act=android.intent.action.MAIN flg=0x10000000 cmp=com.cpen321group.accountability/androidx.fragment.app.testing.FragmentScenario$EmptyFragmentActivity }, activity=androidx.fragment.app.testing.FragmentScenario$EmptyFragmentActivity@cec4ef2
2022-08-03 11:07:11.305 27948-27948/com.cpen321group.accountability V/ActivityScenario: Activity lifecycle changed event received but ignored because the intent does not match. startActivityIntent=Intent { act=android.intent.action.MAIN cat=[android.intent.category.LAUNCHER] cmp=com.cpen321group.accountability/androidx.fragment.app.testing.FragmentScenario$EmptyFragmentActivity (has extras) }, activity.getIntent()=Intent { act=android.intent.action.MAIN flg=0x10000000 cmp=com.cpen321group.accountability/androidx.fragment.app.testing.FragmentScenario$EmptyFragmentActivity }, activity=androidx.fragment.app.testing.FragmentScenario$EmptyFragmentActivity@cec4ef2
2022-08-03 11:07:11.310 27948-27948/com.cpen321group.accountability W/ActivityThread: handleWindowVisibility: no activity for token android.os.BinderProxy@2e62e52
2022-08-03 11:07:11.313 27948-27948/com.cpen321group.accountability D/LifecycleMonitor: Lifecycle status change: androidx.test.core.app.InstrumentationActivityInvoker$BootstrapActivity@38ae523 in: PRE_ON_CREATE
2022-08-03 11:07:11.313 27948-27948/com.cpen321group.accountability V/ActivityScenario: Activity lifecycle changed event received but ignored because the intent does not match. startActivityIntent=Intent { act=android.intent.action.MAIN cat=[android.intent.category.LAUNCHER] cmp=com.cpen321group.accountability/androidx.fragment.app.testing.FragmentScenario$EmptyFragmentActivity (has extras) }, activity.getIntent()=Intent { act=android.intent.action.MAIN cat=[android.intent.category.LAUNCHER] flg=0x10008000 cmp=com.cpen321group.accountability/androidx.test.core.app.InstrumentationActivityInvoker$BootstrapActivity (has extras) }, activity=androidx.test.core.app.InstrumentationActivityInvoker$BootstrapActivity@38ae523
2022-08-03 11:07:11.313 27948-27948/com.cpen321group.accountability V/ActivityScenario: Activity lifecycle changed event received but ignored because the intent does not match. startActivityIntent=Intent { act=android.intent.action.MAIN cat=[android.intent.category.LAUNCHER] cmp=com.cpen321group.accountability/androidx.fragment.app.testing.FragmentScenario$EmptyFragmentActivity (has extras) }, activity.getIntent()=Intent { act=android.intent.action.MAIN cat=[android.intent.category.LAUNCHER] flg=0x10008000 cmp=com.cpen321group.accountability/androidx.test.core.app.InstrumentationActivityInvoker$BootstrapActivity (has extras) }, activity=androidx.test.core.app.InstrumentationActivityInvoker$BootstrapActivity@38ae523
2022-08-03 11:07:11.317 27948-27948/com.cpen321group.accountability D/LifecycleMonitor: Lifecycle status change: androidx.test.core.app.InstrumentationActivityInvoker$BootstrapActivity@38ae523 in: CREATED
2022-08-03 11:07:11.318 27948-27948/com.cpen321group.accountability V/ActivityScenario: Activity lifecycle changed event received but ignored because the intent does not match. startActivityIntent=Intent { act=android.intent.action.MAIN cat=[android.intent.category.LAUNCHER] cmp=com.cpen321group.accountability/androidx.fragment.app.testing.FragmentScenario$EmptyFragmentActivity (has extras) }, activity.getIntent()=Intent { act=android.intent.action.MAIN cat=[android.intent.category.LAUNCHER] flg=0x10008000 cmp=com.cpen321group.accountability/androidx.test.core.app.InstrumentationActivityInvoker$BootstrapActivity (has extras) }, activity=androidx.test.core.app.InstrumentationActivityInvoker$BootstrapActivity@38ae523
2022-08-03 11:07:11.318 27948-27948/com.cpen321group.accountability V/ActivityScenario: Activity lifecycle changed event received but ignored because the intent does not match. startActivityIntent=Intent { act=android.intent.action.MAIN cat=[android.intent.category.LAUNCHER] cmp=com.cpen321group.accountability/androidx.fragment.app.testing.FragmentScenario$EmptyFragmentActivity (has extras) }, activity.getIntent()=Intent { act=android.intent.action.MAIN cat=[android.intent.category.LAUNCHER] flg=0x10008000 cmp=com.cpen321group.accountability/androidx.test.core.app.InstrumentationActivityInvoker$BootstrapActivity (has extras) }, activity=androidx.test.core.app.InstrumentationActivityInvoker$BootstrapActivity@38ae523
2022-08-03 11:07:11.319 27948-27948/com.cpen321group.accountability D/LifecycleMonitor: Lifecycle status change: androidx.test.core.app.InstrumentationActivityInvoker$BootstrapActivity@38ae523 in: STARTED
2022-08-03 11:07:11.320 27948-27948/com.cpen321group.accountability V/ActivityScenario: Activity lifecycle changed event received but ignored because the intent does not match. startActivityIntent=Intent { act=android.intent.action.MAIN cat=[android.intent.category.LAUNCHER] cmp=com.cpen321group.accountability/androidx.fragment.app.testing.FragmentScenario$EmptyFragmentActivity (has extras) }, activity.getIntent()=Intent { act=android.intent.action.MAIN cat=[android.intent.category.LAUNCHER] flg=0x10008000 cmp=com.cpen321group.accountability/androidx.test.core.app.InstrumentationActivityInvoker$BootstrapActivity (has extras) }, activity=androidx.test.core.app.InstrumentationActivityInvoker$BootstrapActivity@38ae523
2022-08-03 11:07:11.320 27948-27948/com.cpen321group.accountability V/ActivityScenario: Activity lifecycle changed event received but ignored because the intent does not match. startActivityIntent=Intent { act=android.intent.action.MAIN cat=[android.intent.category.LAUNCHER] cmp=com.cpen321group.accountability/androidx.fragment.app.testing.FragmentScenario$EmptyFragmentActivity (has extras) }, activity.getIntent()=Intent { act=android.intent.action.MAIN cat=[android.intent.category.LAUNCHER] flg=0x10008000 cmp=com.cpen321group.accountability/androidx.test.core.app.InstrumentationActivityInvoker$BootstrapActivity (has extras) }, activity=androidx.test.core.app.InstrumentationActivityInvoker$BootstrapActivity@38ae523
2022-08-03 11:07:11.327 27948-27948/com.cpen321group.accountability D/LifecycleMonitor: Lifecycle status change: androidx.test.core.app.InstrumentationActivityInvoker$BootstrapActivity@38ae523 in: RESUMED
2022-08-03 11:07:11.327 27948-27948/com.cpen321group.accountability V/ActivityScenario: Activity lifecycle changed event received but ignored because the intent does not match. startActivityIntent=Intent { act=android.intent.action.MAIN cat=[android.intent.category.LAUNCHER] cmp=com.cpen321group.accountability/androidx.fragment.app.testing.FragmentScenario$EmptyFragmentActivity (has extras) }, activity.getIntent()=Intent { act=android.intent.action.MAIN cat=[android.intent.category.LAUNCHER] flg=0x10008000 cmp=com.cpen321group.accountability/androidx.test.core.app.InstrumentationActivityInvoker$BootstrapActivity (has extras) }, activity=androidx.test.core.app.InstrumentationActivityInvoker$BootstrapActivity@38ae523
2022-08-03 11:07:11.328 27948-27948/com.cpen321group.accountability V/ActivityScenario: Activity lifecycle changed event received but ignored because the intent does not match. startActivityIntent=Intent { act=android.intent.action.MAIN cat=[android.intent.category.LAUNCHER] cmp=com.cpen321group.accountability/androidx.fragment.app.testing.FragmentScenario$EmptyFragmentActivity (has extras) }, activity.getIntent()=Intent { act=android.intent.action.MAIN cat=[android.intent.category.LAUNCHER] flg=0x10008000 cmp=com.cpen321group.accountability/androidx.test.core.app.InstrumentationActivityInvoker$BootstrapActivity (has extras) }, activity=androidx.test.core.app.InstrumentationActivityInvoker$BootstrapActivity@38ae523
2022-08-03 11:07:11.329 27948-27948/com.cpen321group.accountability D/LifecycleMonitor: Lifecycle status change: androidx.test.core.app.InstrumentationActivityInvoker$BootstrapActivity@38ae523 in: PAUSED
2022-08-03 11:07:11.329 27948-27948/com.cpen321group.accountability V/ActivityScenario: Activity lifecycle changed event received but ignored because the intent does not match. startActivityIntent=Intent { act=android.intent.action.MAIN cat=[android.intent.category.LAUNCHER] cmp=com.cpen321group.accountability/androidx.fragment.app.testing.FragmentScenario$EmptyFragmentActivity (has extras) }, activity.getIntent()=Intent { act=android.intent.action.MAIN cat=[android.intent.category.LAUNCHER] flg=0x10008000 cmp=com.cpen321group.accountability/androidx.test.core.app.InstrumentationActivityInvoker$BootstrapActivity (has extras) }, activity=androidx.test.core.app.InstrumentationActivityInvoker$BootstrapActivity@38ae523
2022-08-03 11:07:11.329 27948-27948/com.cpen321group.accountability V/ActivityScenario: Activity lifecycle changed event received but ignored because the intent does not match. startActivityIntent=Intent { act=android.intent.action.MAIN cat=[android.intent.category.LAUNCHER] cmp=com.cpen321group.accountability/androidx.fragment.app.testing.FragmentScenario$EmptyFragmentActivity (has extras) }, activity.getIntent()=Intent { act=android.intent.action.MAIN cat=[android.intent.category.LAUNCHER] flg=0x10008000 cmp=com.cpen321group.accountability/androidx.test.core.app.InstrumentationActivityInvoker$BootstrapActivity (has extras) }, activity=androidx.test.core.app.InstrumentationActivityInvoker$BootstrapActivity@38ae523
2022-08-03 11:07:11.342 27948-27948/com.cpen321group.accountability W/ActivityThread: handleWindowVisibility: no activity for token android.os.BinderProxy@325f111
2022-08-03 11:07:11.349 27948-27948/com.cpen321group.accountability D/LifecycleMonitor: Lifecycle status change: androidx.fragment.app.testing.FragmentScenario$EmptyFragmentActivity@cacb149 in: PRE_ON_CREATE
2022-08-03 11:07:11.349 27948-27948/com.cpen321group.accountability V/ActivityScenario: Activity lifecycle changed event received but ignored because the reported transition was not ON_CREATE while the last known transition was DESTROYED
2022-08-03 11:07:11.350 27948-27948/com.cpen321group.accountability V/ActivityScenario: Activity lifecycle changed event received but ignored because the reported transition was not ON_CREATE while the last known transition was PRE_ON_CREATE
2022-08-03 11:07:11.359 27948-27948/com.cpen321group.accountability D/LifecycleMonitor: Lifecycle status change: androidx.fragment.app.testing.FragmentScenario$EmptyFragmentActivity@cacb149 in: CREATED
2022-08-03 11:07:11.359 27948-27948/com.cpen321group.accountability V/ActivityScenario: Update currentActivityStage to CREATED, currentActivity=androidx.fragment.app.testing.FragmentScenario$EmptyFragmentActivity@cacb149
2022-08-03 11:07:11.359 27948-27948/com.cpen321group.accountability V/ActivityScenario: Update currentActivityStage to CREATED, currentActivity=androidx.fragment.app.testing.FragmentScenario$EmptyFragmentActivity@cacb149
2022-08-03 11:07:11.360 27948-27948/com.cpen321group.accountability D/LifecycleMonitor: Lifecycle status change: androidx.fragment.app.testing.FragmentScenario$EmptyFragmentActivity@cacb149 in: STARTED
2022-08-03 11:07:11.360 27948-27948/com.cpen321group.accountability V/ActivityScenario: Update currentActivityStage to STARTED, currentActivity=androidx.fragment.app.testing.FragmentScenario$EmptyFragmentActivity@cacb149
